                                                                                     
                              ABACUS v3.10.0

               Atomic-orbital Based Ab-initio Computation at UStc                    

                     Website: http://abacus.ustc.edu.cn/                             
               Documentation: https://abacus.deepmodeling.com/                       
                  Repository: https://github.com/abacusmodeling/abacus-develop       
                              https://github.com/deepmodeling/abacus-develop         
                      Commit: e84abb4 (Sat Jun 28 13:06:46 2025 +0800)

    Start Time is Wed Sep  2 21:10:10 2026
                                                                                     
 ------------------------------------------------------------------------------------

 READING GENERAL INFORMATION
                           global_out_dir = OUT.MOLAPT_HSE/
                           global_in_card = INPUT
                               pseudo_dir = ./
                              orbital_dir = ./
                                    DRANK = 1
                                    DSIZE = 1
                                   DCOLOR = 1
                                    GRANK = 1
                                    GSIZE = 1




 >>>>>>>>>>>>>>>>>>>>>>>>>>>>>>>>>>>>>>>>>>>>>>>>>>>>>>>>>>>>>>>>>>>>>>
 |                                                                    |
 | Reading atom information in unitcell:                              |
 | From the input file and the structure file we know the number of   |
 | different elments in this unitcell, then we list the detail        |
 | information for each element, especially the zeta and polar atomic |
 | orbital number for each element. The total atom number is counted. |
 | We calculate the nearest atom distance for each atom and show the  |
 | Cartesian and Direct coordinates for each atom. We list the file   |
 | address for atomic orbitals. The volume and the lattice vectors    |
 | in real and reciprocal space is also shown.                        |
 |                                                                    |
 <<<<<<<<<<<<<<<<<<<<<<<<<<<<<<<<<<<<<<<<<<<<<<<<<<<<<<<<<<<<<<<<<<<<<<




 READING UNITCELL INFORMATION
                                    ntype = 2
                  lattice constant (Bohr) = 1.88973
              lattice constant (Angstrom) = 1

 READING ATOM TYPE 1
                               atom label = O
                      L=0, number of zeta = 3
                      L=1, number of zeta = 3
                      L=2, number of zeta = 2
             number of atom for this type = 1

 READING ATOM TYPE 2
                               atom label = H
                      L=0, number of zeta = 3
                      L=1, number of zeta = 2
             number of atom for this type = 2

                        TOTAL ATOM NUMBER = 3
DIRECT COORDINATES
    atom                   x                   y                   z     mag                  vx                  vy                  vz
taud_O1            0.5000000000        0.4995000000        0.5058895000  0.0000        0.0000000000        0.0000000000        0.0000000000
taud_H1            0.5000000000        0.5377726500        0.4764419500  0.0000        0.0000000000        0.0000000000        0.0000000000
taud_H2            0.5000000000        0.4622273500        0.4764419500  0.0000        0.0000000000        0.0000000000        0.0000000000



                          Volume (Bohr^3) = 53986.7
                             Volume (A^3) = 7999.99

 Lattice vectors: (Cartesian coordinate: in unit of a_0)
                  +20                  +0                  +0
                   +0                 +20                  +0
                   +0                  +0                 +20
 Reciprocal vectors: (Cartesian coordinate: in unit of 2 pi/a_0)
                +0.05                  -0                  +0
                   -0               +0.05                  -0
                   +0                  -0               +0.05
 The esolver type has been set to : ksdft_lcao

 RUNNING WITH DEVICE  : CPU / Intel(R) Xeon(R) Gold 6248 CPU @ 2.50GHz




 >>>>>>>>>>>>>>>>>>>>>>>>>>>>>>>>>>>>>>>>>>>>>>>>>>>>>>>>>>>>>>>>>>>>>>
 |                                                                    |
 | Reading pseudopotentials files:                                    |
 | The pseudopotential file is in UPF format. The 'NC' indicates that |
 | the type of pseudopotential is 'norm conserving'. Functional of    |
 | exchange and correlation is decided by 4 given parameters in UPF   |
 | file.  We also read in the 'core correction' if there exists.      |
 | Also we can read the valence electrons number and the maximal      |
 | angular momentum used in this pseudopotential. We also read in the |
 | trail wave function, trail atomic density and local-pseudopotential|
 | on logrithmic grid. The non-local pseudopotential projector is also|
 | read in if there is any.                                           |
 |                                                                    |
 <<<<<<<<<<<<<<<<<<<<<<<<<<<<<<<<<<<<<<<<<<<<<<<<<<<<<<<<<<<<<<<<<<<<<<




                PAO radial cut off (Bohr) = 15

 Read in pseudopotential file is O.upf
                     pseudopotential type = NC
          exchange-correlation functional = PBE
                 nonlocal core correction = 1
                        valence electrons = 6
                                     lmax = 2
                           number of zeta = 2
                     number of projectors = 5
                           L of projector = 0
                           L of projector = 0
                           L of projector = 1
                           L of projector = 1
                           L of projector = 2
 XC functional updated to : hse
          exchange-correlation functional = HSE
                PAO radial cut off (Bohr) = 15

 Read in pseudopotential file is H.upf
                     pseudopotential type = NC
          exchange-correlation functional = PBE
                 nonlocal core correction = 0
                        valence electrons = 1
                                     lmax = 1
                           number of zeta = 1
                     number of projectors = 3
                           L of projector = 0
                           L of projector = 0
                           L of projector = 1
 XC functional updated to : hse
          exchange-correlation functional = HSE
     initial pseudo atomic orbital number = 6

 SETUP THE ELECTRONS NUMBER
             electron number of element O = 6
       total electron number of element O = 6
             electron number of element H = 1
       total electron number of element H = 2
            AUTOSET number of electrons:  = 8
                           occupied bands = 4
                                   NLOCAL = 40
                                   NBANDS = 14
                                   NBANDS = 14
                                   NLOCAL = 40




 >>>>>>>>>>>>>>>>>>>>>>>>>>>>>>>>>>>>>>>>>>>>>>>>>>>>>>>>>>>>>>>>>>>>>>
 |                                                                    |
 | Setup plane waves of charge/potential:                             |
 | Use the energy cutoff and the lattice vectors to generate the      |
 | dimensions of FFT grid. The number of FFT grid on each processor   |
 | is 'nrxx'. The number of plane wave basis in reciprocal space is   |
 | different for charege/potential and wave functions. We also set    |
 | the 'sticks' for the parallel of FFT. The number of plane waves    |
 | is 'npw' in each processor.                                        |
 <<<<<<<<<<<<<<<<<<<<<<<<<<<<<<<<<<<<<<<<<<<<<<<<<<<<<<<<<<<<<<<<<<<<<<





 SETUP THE PLANE WAVE BASIS
 energy cutoff for charge/potential (unit:Ry) = 400
            fft grid for charge/potential = [ 243, 243, 243 ]
                        fft grid division = [ 3, 3, 3 ]
        big fft grid for charge/potential = [ 81, 81, 81 ]
                                     nbxx = 531441
                                     nrxx = 14348907

 SETUP PLANE WAVES FOR CHARGE/POTENTIAL
                    number of plane waves = 7292125
                         number of sticks = 45461

 PARALLEL PW FOR CHARGE/POTENTIAL
     PROC   COLUMNS(POT)             PW
        1          45461        7292125
 --------------- sum -------------------
        1          45461        7292125
                            number of |g| = 12063
                                  max |g| = 36.18
                                  min |g| = 0
 DONE : SETUP UNITCELL Time : 2.4087 (SEC)


----------- Double Check Mixing Parameters Begin ------------
mixing_type: pulay
mixing_beta: 0.4
mixing_gg0: 1
mixing_gg0_min: 0.1
mixing_ndim: 20
----------- Double Check Mixing Parameters End ------------




 >>>>>>>>>>>>>>>>>>>>>>>>>>>>>>>>>>>>>>>>>>>>>>>>>>>>>>>>>>>>>>>>>>>>>>
 |                                                                    |
 | Setup K-points                                                     |
 | We setup the k-points according to input parameters.               |
 | The reduced k-points are set according to symmetry operations.     |
 | We treat the spin as another set of k-points.                      |
 |                                                                    |
 <<<<<<<<<<<<<<<<<<<<<<<<<<<<<<<<<<<<<<<<<<<<<<<<<<<<<<<<<<<<<<<<<<<<<<





 SETUP K-POINTS
                                    nspin = 1
                   Input type of k points = Monkhorst-Pack(Gamma)
                                   nkstot = 1
                               nkstot_ibz = 1
K-POINTS REDUCTION ACCORDING TO SYMMETRY
     IBZ    DIRECT_X    DIRECT_Y    DIRECT_Z  WEIGHT  ibz2bz
       1  0.00000000  0.00000000  0.00000000  1.0000       0

                               nkstot now = 1
K-POINTS DIRECT COORDINATES
 KPOINTS    DIRECT_X    DIRECT_Y    DIRECT_Z  WEIGHT
       1  0.00000000  0.00000000  0.00000000  1.0000


           k-point number in this process = 1
       minimum distributed K point number = 1

K-POINTS CARTESIAN COORDINATES
 KPOINTS CARTESIAN_X CARTESIAN_Y CARTESIAN_Z  WEIGHT
       1  0.00000000  0.00000000  0.00000000  2.0000


K-POINTS DIRECT COORDINATES
 KPOINTS    DIRECT_X    DIRECT_Y    DIRECT_Z  WEIGHT
       1  0.00000000  0.00000000  0.00000000  2.0000

 DONE : INIT K-POINTS Time : 2.413 (SEC)


 Warning_Memory_Consuming allocated:  PW_B_K::gk2 6.95734 MB

 Warning_Memory_Consuming allocated:  PW_B_K::gcar 20.872 MB




 >>>>>>>>>>>>>>>>>>>>>>>>>>>>>>>>>>>>>>>>>>>>>>>>>>>>>>>>>>>>>>>>>>>>>>
 |                                                                    |
 | Setup plane waves of wave functions:                               |
 | Use the energy cutoff and the lattice vectors to generate the      |
 | dimensions of FFT grid. The number of FFT grid on each processor   |
 | is 'nrxx'. The number of plane wave basis in reciprocal space is   |
 | different for charege/potential and wave functions. We also set    |
 | the 'sticks' for the parallel of FFT. The number of plane wave of  |
 | each k-point is 'npwk[ik]' in each processor                       |
 <<<<<<<<<<<<<<<<<<<<<<<<<<<<<<<<<<<<<<<<<<<<<<<<<<<<<<<<<<<<<<<<<<<<<<





 SETUP PLANE WAVES FOR WAVE FUNCTIONS
     energy cutoff for wavefunc (unit:Ry) = 100
              fft grid for wave functions = [ 243, 243, 243 ]
                    number of plane waves = 911913
                         number of sticks = 11369

 PARALLEL PW FOR WAVE FUNCTIONS
     PROC   COLUMNS(POT)             PW
        1          11369         911913
 --------------- sum -------------------
        1          11369         911913
 DONE : INIT PLANEWAVE Time : 2.5699 (SEC)


 Warning_Memory_Consuming allocated:  SF::strucFac 222.538 MB
 SET NONLOCAL PSEUDOPOTENTIAL PROJECTORS
 SET NONLOCAL PSEUDOPOTENTIAL PROJECTORS
 max number of nonlocal projetors among all species is 5

 Warning_Memory_Consuming allocated:  ORB::Jl(x) 921.868 MB
 Auxiliary basis functions
		O		9 s		7 p		7 d		5 f		3 g		
		H		6 s		4 p		3 d		

 Warning_Memory_Consuming allocated:  ORB::Jl(x) 5063.37 MB
 DONE : LOCAL POTENTIAL Time : 62.9265 (SEC)


 Warning_Memory_Consuming allocated:  Chg::rho 109.473 MB

 Warning_Memory_Consuming allocated:  Chg::rho_save 109.473 MB

 Warning_Memory_Consuming allocated:  Chg::rhog 55.6345 MB

 Warning_Memory_Consuming allocated:  Chg::rhog_save 55.6345 MB

 Warning_Memory_Consuming allocated:  Chg::rho_core 109.473 MB

 Warning_Memory_Consuming allocated:  Chg::rhog_core 55.6345 MB

 Warning_Memory_Consuming allocated:  Pot::veff_fix 109.473 MB

 Warning_Memory_Consuming allocated:  Pot::veff 109.473 MB

 Warning_Memory_Consuming allocated:  Pot::veff_smooth 109.473 MB

 -------------------------------------------
 SELF-CONSISTENT
 -------------------------------------------




 >>>>>>>>>>>>>>>>>>>>>>>>>>>>>>>>>>>>>>>>>>>>>>>>>>>>>>>>>>>>>>>>>>>>>>
 |                                                                    |
 | Search adjacent atoms:                                             |
 | Set the adjacent atoms for each atom and set the periodic boundary |
 | condition for the atoms on real space FFT grid. For k-dependent    |
 | algorithm, we also need to set the sparse H and S matrix element   |
 | for each atom.                                                     |
 |                                                                    |
 <<<<<<<<<<<<<<<<<<<<<<<<<<<<<<<<<<<<<<<<<<<<<<<<<<<<<<<<<<<<<<<<<<<<<<





 SETUP SEARCHING RADIUS FOR PROGRAM TO SEARCH ADJACENT ATOMS
                  longest orb rcut (Bohr) = 9
   longest nonlocal projector rcut (Bohr) = 1.5
                     search radius (Bohr) = 21
              searching radius is (Bohr)) = 21
         searching radius unit is (Bohr)) = 1.89
                         PeriodicBoundary = 1
                        Radius(unit:lat0) = 11.1
                                   glayer = [ 2, 2, 2 ]
                             glayer_minus = [ 1, 1, 1 ]

Find the coordinate range of the input atom(unit:lat0).
                                  min_tau = [ -10, -10.8, -10.5 ]
                                  max_tau = [ 30, 30.8, 30.1 ]
                                BoxNumber = [ 3, 3, 3 ]

 SETUP EXTENDED REAL SPACE GRID FOR GRID INTEGRATION
                          real space grid = [ 243, 243, 243 ]
                 big cell numbers in grid = [ 81, 81, 81 ]
             meshcell numbers in big cell = [ 3, 3, 3 ]
                        extended fft grid = [ 20, 20, 20 ]
                dimension of extened grid = [ 122, 122, 122 ]
                            UnitCellTotal = 27

 Warning_Memory_Consuming allocated:  GT::ind_bigcell 6.93 MB

 Warning_Memory_Consuming allocated:  GT::in_this_processor 6.93 MB

 Warning_Memory_Consuming allocated:  GT::index2normal 6.93 MB

 Warning_Memory_Consuming allocated:  GT::index2ucell 6.93 MB
              Atom number in sub-FFT-grid = 3
    Local orbitals number in sub-FFT-grid = 40
                                ParaV.nnr = 1600
                                 init_chg = file
 try to read charge from file
 Read in the charge density: OUT.MOLAPT_HSE//MOLAPT_HSE-CHARGE-DENSITY.restart
 DONE : INIT SCF Time : 67.3879 (SEC)


 LCAO ALGORITHM --------------- ION=   1  ELEC=   1--------------------------------

 Density error is 0.033325599435
----------------------------------------------------------
     Energy           Rydberg                 eV          
----------------------------------------------------------
 E_KohnSham     -35.4272933767       -482.0130546403      
 E_Harris       -35.5028066702       -483.0404657071      
 E_Fermi        -0.5210881464        -7.0897679508        
----------------------------------------------------------


 LCAO ALGORITHM --------------- ION=   1  ELEC=   2--------------------------------

 Density error is 0.0169888785744
----------------------------------------------------------
     Energy           Rydberg                 eV          
----------------------------------------------------------
 E_KohnSham     -35.4266411383       -482.0041804814      
 E_Harris       -35.4753758711       -482.6672505390      
 E_Fermi        -0.5229634679        -7.1152830089        
----------------------------------------------------------


 LCAO ALGORITHM --------------- ION=   1  ELEC=   3--------------------------------

 Density error is 0.00652308475597
----------------------------------------------------------
     Energy           Rydberg                 eV          
----------------------------------------------------------
 E_KohnSham     -35.4269996979       -482.0090589362      
 E_Harris       -35.4540297541       -482.3768217179      
 E_Fermi        -0.5253696921        -7.1480213696        
----------------------------------------------------------


 LCAO ALGORITHM --------------- ION=   1  ELEC=   4--------------------------------

 Density error is 0.00334939628977
----------------------------------------------------------
     Energy           Rydberg                 eV          
----------------------------------------------------------
 E_KohnSham     -35.4270004526       -482.0090692040      
 E_Harris       -35.4326581594       -482.0860462535      
 E_Fermi        -0.5274341843        -7.1761102260        
----------------------------------------------------------


 LCAO ALGORITHM --------------- ION=   1  ELEC=   5--------------------------------

 Density error is 0.00298360311944
----------------------------------------------------------
     Energy           Rydberg                 eV          
----------------------------------------------------------
 E_KohnSham     -35.4269979056       -482.0090345506      
 E_Harris       -35.4333061185       -482.0948621899      
 E_Fermi        -0.5274877139        -7.1768385343        
----------------------------------------------------------


 LCAO ALGORITHM --------------- ION=   1  ELEC=   6--------------------------------

 Density error is 0.00199635582266
----------------------------------------------------------
     Energy           Rydberg                 eV          
----------------------------------------------------------
 E_KohnSham     -35.4269958507       -482.0090065924      
 E_Harris       -35.4315773086       -482.0713405240      
 E_Fermi        -0.5278069493        -7.1811819543        
----------------------------------------------------------


 LCAO ALGORITHM --------------- ION=   1  ELEC=   7--------------------------------

 Density error is 0.00152045619485
----------------------------------------------------------
     Energy           Rydberg                 eV          
----------------------------------------------------------
 E_KohnSham     -35.4269930344       -482.0089682746      
 E_Harris       -35.4286399392       -482.0313755636      
 E_Fermi        -0.5280473407        -7.1844526472        
----------------------------------------------------------


 LCAO ALGORITHM --------------- ION=   1  ELEC=   8--------------------------------

 Density error is 0.000942447723805
----------------------------------------------------------
     Energy           Rydberg                 eV          
----------------------------------------------------------
 E_KohnSham     -35.4269913471       -482.0089453173      
 E_Harris       -35.4275931150       -482.0171327901      
 E_Fermi        -0.5281747202        -7.1861857347        
----------------------------------------------------------


 LCAO ALGORITHM --------------- ION=   1  ELEC=   9--------------------------------

 Density error is 0.000543227598372
----------------------------------------------------------
     Energy           Rydberg                 eV          
----------------------------------------------------------
 E_KohnSham     -35.4269908810       -482.0089389750      
 E_Harris       -35.4272891378       -482.0129969672      
 E_Fermi        -0.5282000213        -7.1865299735        
----------------------------------------------------------


 LCAO ALGORITHM --------------- ION=   1  ELEC=  10--------------------------------

 Density error is 0.000366071979727
----------------------------------------------------------
     Energy           Rydberg                 eV          
----------------------------------------------------------
 E_KohnSham     -35.4269908305       -482.0089382887      
 E_Harris       -35.4271892092       -482.0116373695      
 E_Fermi        -0.5282121579        -7.1866951008        
----------------------------------------------------------


 LCAO ALGORITHM --------------- ION=   1  ELEC=  11--------------------------------

 Density error is 0.000185324507834
----------------------------------------------------------
     Energy           Rydberg                 eV          
----------------------------------------------------------
 E_KohnSham     -35.4269908551       -482.0089386231      
 E_Harris       -35.4270338742       -482.0095239282      
 E_Fermi        -0.5282265969        -7.1868915533        
----------------------------------------------------------


 LCAO ALGORITHM --------------- ION=   1  ELEC=  12--------------------------------

 Density error is 0.000130044758376
----------------------------------------------------------
     Energy           Rydberg                 eV          
----------------------------------------------------------
 E_KohnSham     -35.4269908773       -482.0089389257      
 E_Harris       -35.4270065042       -482.0091515407      
 E_Fermi        -0.5282290614        -7.1869250836        
----------------------------------------------------------


 LCAO ALGORITHM --------------- ION=   1  ELEC=  13--------------------------------

 Density error is 6.90698212735e-05
----------------------------------------------------------
     Energy           Rydberg                 eV          
----------------------------------------------------------
 E_KohnSham     -35.4269908896       -482.0089390932      
 E_Harris       -35.4270108956       -482.0092112886      
 E_Fermi        -0.5282287630        -7.1869210245        
----------------------------------------------------------


 LCAO ALGORITHM --------------- ION=   1  ELEC=  14--------------------------------

 Density error is 2.02115764513e-05
----------------------------------------------------------
     Energy           Rydberg                 eV          
----------------------------------------------------------
 E_KohnSham     -35.4269908897       -482.0089390941      
 E_Harris       -35.4269970906       -482.0090234612      
 E_Fermi        -0.5282307476        -7.1869480263        
----------------------------------------------------------


 LCAO ALGORITHM --------------- ION=   1  ELEC=  15--------------------------------

 Density error is 1.45503493727e-05
----------------------------------------------------------
     Energy           Rydberg                 eV          
----------------------------------------------------------
 E_KohnSham     -35.4269908888       -482.0089390813      
 E_Harris       -35.4269963173       -482.0090129403      
 E_Fermi        -0.5282308774        -7.1869497922        
----------------------------------------------------------


 LCAO ALGORITHM --------------- ION=   1  ELEC=  16--------------------------------

 Density error is 4.90134052183e-06
----------------------------------------------------------
     Energy           Rydberg                 eV          
----------------------------------------------------------
 E_KohnSham     -35.4269908885       -482.0089390776      
 E_Harris       -35.4269903572       -482.0089318485      
 E_Fermi        -0.5282313784        -7.1869566083        
----------------------------------------------------------


 LCAO ALGORITHM --------------- ION=   1  ELEC=  17--------------------------------

 Density error is 2.28267440387e-06
----------------------------------------------------------
     Energy           Rydberg                 eV          
----------------------------------------------------------
 E_KohnSham     -35.4269908888       -482.0089390819      
 E_Harris       -35.4269912773       -482.0089443677      
 E_Fermi        -0.5282313206        -7.1869558225        
----------------------------------------------------------


 LCAO ALGORITHM --------------- ION=   1  ELEC=  18--------------------------------

 Density error is 1.54301245381e-06
----------------------------------------------------------
     Energy           Rydberg                 eV          
----------------------------------------------------------
 E_KohnSham     -35.4269908885       -482.0089390782      
 E_Harris       -35.4269911554       -482.0089427097      
 E_Fermi        -0.5282313331        -7.1869559917        
----------------------------------------------------------


 LCAO ALGORITHM --------------- ION=   1  ELEC=  19--------------------------------

 Density error is 6.94047041769e-07
----------------------------------------------------------
     Energy           Rydberg                 eV          
----------------------------------------------------------
 E_KohnSham     -35.4269908884       -482.0089390759      
 E_Harris       -35.4269909842       -482.0089403800      
 E_Fermi        -0.5282313514        -7.1869562408        
----------------------------------------------------------


 LCAO ALGORITHM --------------- ION=   1  ELEC=  20--------------------------------

 Density error is 3.81746581594e-07
----------------------------------------------------------
     Energy           Rydberg                 eV          
----------------------------------------------------------
 E_KohnSham     -35.4269908883       -482.0089390754      
 E_Harris       -35.4269909369       -482.0089397361      
 E_Fermi        -0.5282313524        -7.1869562548        
----------------------------------------------------------


 LCAO ALGORITHM --------------- ION=   1  ELEC=  21--------------------------------

 Density error is 1.82697194476e-07
----------------------------------------------------------
     Energy           Rydberg                 eV          
----------------------------------------------------------
 E_KohnSham     -35.4269908883       -482.0089390753      
 E_Harris       -35.4269908601       -482.0089386915      
 E_Fermi        -0.5282313593        -7.1869563487        
----------------------------------------------------------


 LCAO ALGORITHM --------------- ION=   1  ELEC=  22--------------------------------

 Density error is 8.01062376754e-08
----------------------------------------------------------
     Energy           Rydberg                 eV          
----------------------------------------------------------
 E_KohnSham     -35.4269908883       -482.0089390753      
 E_KS(sigma->0) -35.4269908883       -482.0089390753      
 E_Harris       -35.4269909058       -482.0089393127      
 E_band         -8.1047568272        -110.2708737541      
 E_one_elec     -72.6859213385       -988.9426945830      
 E_Hartree      37.8664979364        515.2001352400       
 E_xc           -9.7662031780        -132.8760110471      
 E_Ewald        9.1586356918         124.6096313149       
 E_entropy(-TS) 0.0000000000         0.0000000000         
 E_descf        0.0000000000         0.0000000000         
 E_exx          0.0000000000         0.0000000000         
 E_Fermi        -0.5282313569        -7.1869563166        
----------------------------------------------------------


 LCAO ALGORITHM --------------- ION=   1  ELEC=   1--------------------------------

 Density error is 0.100259312447
----------------------------------------------------------
     Energy           Rydberg                 eV          
----------------------------------------------------------
 E_KohnSham     -34.9996186425       -476.1942413656      
 E_Harris       -36.1919854143       -492.4172235667      
 E_Fermi        -0.9426642067        -12.8256045114       
----------------------------------------------------------


 LCAO ALGORITHM --------------- ION=   1  ELEC=   2--------------------------------

 Density error is 0.0965997197096
----------------------------------------------------------
     Energy           Rydberg                 eV          
----------------------------------------------------------
 E_KohnSham     -35.1182653799       -477.8085130422      
 E_Harris       -37.2592377560       -506.9379366186      
 E_Fermi        -0.5295424958        -7.2047952762        
----------------------------------------------------------


 LCAO ALGORITHM --------------- ION=   1  ELEC=   3--------------------------------

 Density error is 0.0503035607948
----------------------------------------------------------
     Energy           Rydberg                 eV          
----------------------------------------------------------
 E_KohnSham     -35.1131837087       -477.7393733589      
 E_Harris       -36.1990326440       -492.5131060459      
 E_Fermi        -0.5778071292        -7.8614693027        
----------------------------------------------------------


 LCAO ALGORITHM --------------- ION=   1  ELEC=   4--------------------------------

 Density error is 0.017607959767
----------------------------------------------------------
     Energy           Rydberg                 eV          
----------------------------------------------------------
 E_KohnSham     -35.1143595016       -477.7553708422      
 E_Harris       -35.4794530110       -482.7227228723      
 E_Fermi        -0.6128688978        -8.3385091375        
----------------------------------------------------------


 LCAO ALGORITHM --------------- ION=   1  ELEC=   5--------------------------------

 Density error is 0.00721334925077
----------------------------------------------------------
     Energy           Rydberg                 eV          
----------------------------------------------------------
 E_KohnSham     -35.1143350920       -477.7550387328      
 E_Harris       -35.2549455230       -479.6681417928      
 E_Fermi        -0.6239480761        -8.4892490911        
----------------------------------------------------------


 LCAO ALGORITHM --------------- ION=   1  ELEC=   6--------------------------------

 Density error is 0.000734615105144
----------------------------------------------------------
     Energy           Rydberg                 eV          
----------------------------------------------------------
 E_KohnSham     -35.1144327875       -477.7563679485      
 E_Harris       -35.1096807446       -477.6917130869      
 E_Fermi        -0.6313027502        -8.5893145651        
----------------------------------------------------------


 LCAO ALGORITHM --------------- ION=   1  ELEC=   7--------------------------------

 Density error is 0.000473285756266
----------------------------------------------------------
     Energy           Rydberg                 eV          
----------------------------------------------------------
 E_KohnSham     -35.1144334143       -477.7563764763      
 E_Harris       -35.1136688428       -477.7459739469      
 E_Fermi        -0.6310698082        -8.5861452276        
----------------------------------------------------------


 LCAO ALGORITHM --------------- ION=   1  ELEC=   8--------------------------------

 Density error is 0.000394222982781
----------------------------------------------------------
     Energy           Rydberg                 eV          
----------------------------------------------------------
 E_KohnSham     -35.1144339028       -477.7563831220      
 E_Harris       -35.1113903905       -477.7149740133      
 E_Fermi        -0.6311619482        -8.5873988559        
----------------------------------------------------------


 LCAO ALGORITHM --------------- ION=   1  ELEC=   9--------------------------------

 Density error is 0.000291364735324
----------------------------------------------------------
     Energy           Rydberg                 eV          
----------------------------------------------------------
 E_KohnSham     -35.1144346777       -477.7563936650      
 E_Harris       -35.1141693165       -477.7527832416      
 E_Fermi        -0.6310043101        -8.5852540794        
----------------------------------------------------------


 LCAO ALGORITHM --------------- ION=   1  ELEC=  10--------------------------------

 Density error is 0.000159564514534
----------------------------------------------------------
     Energy           Rydberg                 eV          
----------------------------------------------------------
 E_KohnSham     -35.1144351356       -477.7563998958      
 E_Harris       -35.1142963797       -477.7545120245      
 E_Fermi        -0.6309709336        -8.5847999694        
----------------------------------------------------------


 LCAO ALGORITHM --------------- ION=   1  ELEC=  11--------------------------------

 Density error is 8.13832753129e-05
----------------------------------------------------------
     Energy           Rydberg                 eV          
----------------------------------------------------------
 E_KohnSham     -35.1144352587       -477.7564015710      
 E_Harris       -35.1142127855       -477.7533746679      
 E_Fermi        -0.6309640871        -8.5847068184        
----------------------------------------------------------


 LCAO ALGORITHM --------------- ION=   1  ELEC=  12--------------------------------

 Density error is 5.2263520051e-05
----------------------------------------------------------
     Energy           Rydberg                 eV          
----------------------------------------------------------
 E_KohnSham     -35.1144353607       -477.7564029577      
 E_Harris       -35.1143073352       -477.7546610814      
 E_Fermi        -0.6309567221        -8.5846066116        
----------------------------------------------------------


 LCAO ALGORITHM --------------- ION=   1  ELEC=  13--------------------------------

 Density error is 2.83115318526e-05
----------------------------------------------------------
     Energy           Rydberg                 eV          
----------------------------------------------------------
 E_KohnSham     -35.1144353999       -477.7564034920      
 E_Harris       -35.1144537547       -477.7566532212      
 E_Fermi        -0.6309472778        -8.5844781160        
----------------------------------------------------------


 LCAO ALGORITHM --------------- ION=   1  ELEC=  14--------------------------------

 Density error is 1.39804135923e-05
----------------------------------------------------------
     Energy           Rydberg                 eV          
----------------------------------------------------------
 E_KohnSham     -35.1144354145       -477.7564036904      
 E_Harris       -35.1144326772       -477.7563664475      
 E_Fermi        -0.6309474621        -8.5844806231        
----------------------------------------------------------


 LCAO ALGORITHM --------------- ION=   1  ELEC=  15--------------------------------

 Density error is 7.3533128159e-06
----------------------------------------------------------
     Energy           Rydberg                 eV          
----------------------------------------------------------
 E_KohnSham     -35.1144354180       -477.7564037382      
 E_Harris       -35.1144101683       -477.7560601974      
 E_Fermi        -0.6309481592        -8.5844901083        
----------------------------------------------------------


 LCAO ALGORITHM --------------- ION=   1  ELEC=  16--------------------------------

 Density error is 3.41197849413e-06
----------------------------------------------------------
     Energy           Rydberg                 eV          
----------------------------------------------------------
 E_KohnSham     -35.1144354216       -477.7564037863      
 E_Harris       -35.1144291954       -477.7563190752      
 E_Fermi        -0.6309470385        -8.5844748595        
----------------------------------------------------------


 LCAO ALGORITHM --------------- ION=   1  ELEC=  17--------------------------------

 Density error is 1.4368373997e-06
----------------------------------------------------------
     Energy           Rydberg                 eV          
----------------------------------------------------------
 E_KohnSham     -35.1144354216       -477.7564037863      
 E_Harris       -35.1144382513       -477.7564422866      
 E_Fermi        -0.6309464915        -8.5844674175        
----------------------------------------------------------


 LCAO ALGORITHM --------------- ION=   1  ELEC=  18--------------------------------

 Density error is 6.10911479327e-07
----------------------------------------------------------
     Energy           Rydberg                 eV          
----------------------------------------------------------
 E_KohnSham     -35.1144354206       -477.7564037725      
 E_Harris       -35.1144358486       -477.7564095970      
 E_Fermi        -0.6309465751        -8.5844685550        
----------------------------------------------------------


 LCAO ALGORITHM --------------- ION=   1  ELEC=  19--------------------------------

 Density error is 3.81466570222e-07
----------------------------------------------------------
     Energy           Rydberg                 eV          
----------------------------------------------------------
 E_KohnSham     -35.1144354211       -477.7564037794      
 E_Harris       -35.1144351805       -477.7564005069      
 E_Fermi        -0.6309466017        -8.5844689174        
----------------------------------------------------------


 LCAO ALGORITHM --------------- ION=   1  ELEC=  20--------------------------------

 Density error is 1.99032510957e-07
----------------------------------------------------------
     Energy           Rydberg                 eV          
----------------------------------------------------------
 E_KohnSham     -35.1144354216       -477.7564037863      
 E_Harris       -35.1144354235       -477.7564038120      
 E_Fermi        -0.6309465847        -8.5844686860        
----------------------------------------------------------


 LCAO ALGORITHM --------------- ION=   1  ELEC=  21--------------------------------

 Density error is 1.61245730171e-07
----------------------------------------------------------
     Energy           Rydberg                 eV          
----------------------------------------------------------
 E_KohnSham     -35.1144354216       -477.7564037863      
 E_Harris       -35.1144350431       -477.7563986373      
 E_Fermi        -0.6309466031        -8.5844689357        
----------------------------------------------------------


 LCAO ALGORITHM --------------- ION=   1  ELEC=  22--------------------------------

 Density error is 7.80695919096e-08
----------------------------------------------------------
     Energy           Rydberg                 eV          
----------------------------------------------------------
 E_KohnSham     -35.1144354216       -477.7564037863      
 E_KS(sigma->0) -35.1144354216       -477.7564037863      
 E_Harris       -35.1144353977       -477.7564034613      
 E_band         -9.1239054146        -124.1371016509      
 E_one_elec     -72.7417892242       -989.7028161637      
 E_Hartree      37.9256611485        516.0050920367       
 E_xc           -7.7398211701        -105.3056694138      
 E_Ewald        9.1586356918         124.6096313149       
 E_entropy(-TS) 0.0000000000         0.0000000000         
 E_descf        0.0000000000         0.0000000000         
 E_exx          -1.7171218677        -23.3626415605       
 E_Fermi        -0.6309465849        -8.5844686878        
----------------------------------------------------------


 LCAO ALGORITHM --------------- ION=   1  ELEC=   1--------------------------------

 Density error is 0.000588075803607
----------------------------------------------------------
     Energy           Rydberg                 eV          
----------------------------------------------------------
 E_KohnSham     -35.1145252042       -477.7576253414      
 E_Harris       -35.1173421170       -477.7959514062      
 E_Fermi        -0.6317976404        -8.5960478920        
----------------------------------------------------------


 LCAO ALGORITHM --------------- ION=   1  ELEC=   2--------------------------------

 Density error is 0.0003624762137
----------------------------------------------------------
     Energy           Rydberg                 eV          
----------------------------------------------------------
 E_KohnSham     -35.1145251091       -477.7576240474      
 E_Harris       -35.1112763358       -477.7134222192      
 E_Fermi        -0.6316086307        -8.5934762836        
----------------------------------------------------------


 LCAO ALGORITHM --------------- ION=   1  ELEC=   3--------------------------------

 Density error is 8.77947844294e-05
----------------------------------------------------------
     Energy           Rydberg                 eV          
----------------------------------------------------------
 E_KohnSham     -35.1145248699       -477.7576207940      
 E_Harris       -35.1137086109       -477.7465150193      
 E_Fermi        -0.6313365917        -8.5897750027        
----------------------------------------------------------


 LCAO ALGORITHM --------------- ION=   1  ELEC=   4--------------------------------

 Density error is 6.45065247727e-05
----------------------------------------------------------
     Energy           Rydberg                 eV          
----------------------------------------------------------
 E_KohnSham     -35.1145246270       -477.7576174879      
 E_Harris       -35.1138836106       -477.7488960136      
 E_Fermi        -0.6313136693        -8.5894631278        
----------------------------------------------------------


 LCAO ALGORITHM --------------- ION=   1  ELEC=   5--------------------------------

 Density error is 4.80765030366e-05
----------------------------------------------------------
     Energy           Rydberg                 eV          
----------------------------------------------------------
 E_KohnSham     -35.1145243280       -477.7576134198      
 E_Harris       -35.1141427345       -477.7524215740      
 E_Fermi        -0.6312842024        -8.5890622105        
----------------------------------------------------------


 LCAO ALGORITHM --------------- ION=   1  ELEC=   6--------------------------------

 Density error is 3.12393845986e-05
----------------------------------------------------------
     Energy           Rydberg                 eV          
----------------------------------------------------------
 E_KohnSham     -35.1145242450       -477.7576122912      
 E_Harris       -35.1143564046       -477.7553287056      
 E_Fermi        -0.6312587020        -8.5887152590        
----------------------------------------------------------


 LCAO ALGORITHM --------------- ION=   1  ELEC=   7--------------------------------

 Density error is 1.99119845971e-05
----------------------------------------------------------
     Energy           Rydberg                 eV          
----------------------------------------------------------
 E_KohnSham     -35.1145242867       -477.7576128586      
 E_Harris       -35.1144511558       -477.7566178621      
 E_Fermi        -0.6312478116        -8.5885670883        
----------------------------------------------------------


 LCAO ALGORITHM --------------- ION=   1  ELEC=   8--------------------------------

 Density error is 1.32690203235e-05
----------------------------------------------------------
     Energy           Rydberg                 eV          
----------------------------------------------------------
 E_KohnSham     -35.1145243210       -477.7576133251      
 E_Harris       -35.1144771747       -477.7569718675      
 E_Fermi        -0.6312449433        -8.5885280625        
----------------------------------------------------------


 LCAO ALGORITHM --------------- ION=   1  ELEC=   9--------------------------------

 Density error is 8.26011283836e-06
----------------------------------------------------------
     Energy           Rydberg                 eV          
----------------------------------------------------------
 E_KohnSham     -35.1145243594       -477.7576138477      
 E_Harris       -35.1145058657       -477.7573622277      
 E_Fermi        -0.6312420815        -8.5884891258        
----------------------------------------------------------


 LCAO ALGORITHM --------------- ION=   1  ELEC=  10--------------------------------

 Density error is 3.94805920354e-06
----------------------------------------------------------
     Energy           Rydberg                 eV          
----------------------------------------------------------
 E_KohnSham     -35.1145243634       -477.7576139026      
 E_Harris       -35.1145166559       -477.7575090360      
 E_Fermi        -0.6312410319        -8.5884748451        
----------------------------------------------------------


 LCAO ALGORITHM --------------- ION=   1  ELEC=  11--------------------------------

 Density error is 3.19369065434e-06
----------------------------------------------------------
     Energy           Rydberg                 eV          
----------------------------------------------------------
 E_KohnSham     -35.1145243705       -477.7576139987      
 E_Harris       -35.1145191706       -477.7575432509      
 E_Fermi        -0.6312407749        -8.5884713480        
----------------------------------------------------------


 LCAO ALGORITHM --------------- ION=   1  ELEC=  12--------------------------------

 Density error is 1.61283555314e-06
----------------------------------------------------------
     Energy           Rydberg                 eV          
----------------------------------------------------------
 E_KohnSham     -35.1145243725       -477.7576140261      
 E_Harris       -35.1145220020       -477.7575817737      
 E_Fermi        -0.6312404687        -8.5884671819        
----------------------------------------------------------


 LCAO ALGORITHM --------------- ION=   1  ELEC=  13--------------------------------

 Density error is 7.41776149135e-07
----------------------------------------------------------
     Energy           Rydberg                 eV          
----------------------------------------------------------
 E_KohnSham     -35.1145243740       -477.7576140466      
 E_Harris       -35.1145236647       -477.7576043952      
 E_Fermi        -0.6312402889        -8.5884647362        
----------------------------------------------------------


 LCAO ALGORITHM --------------- ION=   1  ELEC=  14--------------------------------

 Density error is 4.93914524821e-07
----------------------------------------------------------
     Energy           Rydberg                 eV          
----------------------------------------------------------
 E_KohnSham     -35.1145243740       -477.7576140466      
 E_Harris       -35.1145238959       -477.7576075416      
 E_Fermi        -0.6312402657        -8.5884644206        
----------------------------------------------------------


 LCAO ALGORITHM --------------- ION=   1  ELEC=  15--------------------------------

 Density error is 1.88403161628e-07
----------------------------------------------------------
     Energy           Rydberg                 eV          
----------------------------------------------------------
 E_KohnSham     -35.1145243740       -477.7576140466      
 E_Harris       -35.1145242433       -477.7576122678      
 E_Fermi        -0.6312402268        -8.5884638915        
----------------------------------------------------------


 LCAO ALGORITHM --------------- ION=   1  ELEC=  16--------------------------------

 Density error is 1.12454761679e-07
----------------------------------------------------------
     Energy           Rydberg                 eV          
----------------------------------------------------------
 E_KohnSham     -35.1145243740       -477.7576140466      
 E_Harris       -35.1145242989       -477.7576130242      
 E_Fermi        -0.6312402197        -8.5884637953        
----------------------------------------------------------


 LCAO ALGORITHM --------------- ION=   1  ELEC=  17--------------------------------

 Density error is 5.3230644681e-08
----------------------------------------------------------
     Energy           Rydberg                 eV          
----------------------------------------------------------
 E_KohnSham     -35.1145243740       -477.7576140466      
 E_KS(sigma->0) -35.1145243740       -477.7576140466      
 E_Harris       -35.1145243286       -477.7576134292      
 E_band         -9.1237888886        -124.1355162334      
 E_one_elec     -72.7417999459       -989.7029620401      
 E_Hartree      37.9300342544        516.0645911950       
 E_xc           -7.7402952810        -105.3121200238      
 E_Ewald        9.1586356918         124.6096313149       
 E_entropy(-TS) 0.0000000000         0.0000000000         
 E_descf        0.0000000000         0.0000000000         
 E_exx          -1.7210990934        -23.4167544925       
 E_Fermi        -0.6312402161        -8.5884637456        
----------------------------------------------------------


 LCAO ALGORITHM --------------- ION=   1  ELEC=   1--------------------------------

 Density error is 4.66065794762e-05
----------------------------------------------------------
     Energy           Rydberg                 eV          
----------------------------------------------------------
 E_KohnSham     -35.1145248139       -477.7576200312      
 E_Harris       -35.1146822295       -477.7597617805      
 E_Fermi        -0.6313169288        -8.5895074749        
----------------------------------------------------------


 LCAO ALGORITHM --------------- ION=   1  ELEC=   2--------------------------------

 Density error is 2.8295914138e-05
----------------------------------------------------------
     Energy           Rydberg                 eV          
----------------------------------------------------------
 E_KohnSham     -35.1145248206       -477.7576201222      
 E_Harris       -35.1142805128       -477.7542961440      
 E_Fermi        -0.6313007033        -8.5892867156        
----------------------------------------------------------


 LCAO ALGORITHM --------------- ION=   1  ELEC=   3--------------------------------

 Density error is 6.7684939211e-06
----------------------------------------------------------
     Energy           Rydberg                 eV          
----------------------------------------------------------
 E_KohnSham     -35.1145248001       -477.7576198440      
 E_Harris       -35.1144605972       -477.7567463187      
 E_Fermi        -0.6312804089        -8.5890105972        
----------------------------------------------------------


 LCAO ALGORITHM --------------- ION=   1  ELEC=   4--------------------------------

 Density error is 5.00344713441e-06
----------------------------------------------------------
     Energy           Rydberg                 eV          
----------------------------------------------------------
 E_KohnSham     -35.1145247795       -477.7576195638      
 E_Harris       -35.1144738245       -477.7569262845      
 E_Fermi        -0.6312785722        -8.5889856078        
----------------------------------------------------------


 LCAO ALGORITHM --------------- ION=   1  ELEC=   5--------------------------------

 Density error is 3.62813792957e-06
----------------------------------------------------------
     Energy           Rydberg                 eV          
----------------------------------------------------------
 E_KohnSham     -35.1145247589       -477.7576192837      
 E_Harris       -35.1144950695       -477.7572153386      
 E_Fermi        -0.6312761750        -8.5889529916        
----------------------------------------------------------


 LCAO ALGORITHM --------------- ION=   1  ELEC=   6--------------------------------

 Density error is 2.3472016868e-06
----------------------------------------------------------
     Energy           Rydberg                 eV          
----------------------------------------------------------
 E_KohnSham     -35.1145247534       -477.7576192086      
 E_Harris       -35.1145120741       -477.7574466982      
 E_Fermi        -0.6312741786        -8.5889258287        
----------------------------------------------------------


 LCAO ALGORITHM --------------- ION=   1  ELEC=   7--------------------------------

 Density error is 1.58510851375e-06
----------------------------------------------------------
     Energy           Rydberg                 eV          
----------------------------------------------------------
 E_KohnSham     -35.1145247519       -477.7576191881      
 E_Harris       -35.1145178258       -477.7575249541      
 E_Fermi        -0.6312734971        -8.5889165569        
----------------------------------------------------------


 LCAO ALGORITHM --------------- ION=   1  ELEC=   8--------------------------------

 Density error is 1.21955066983e-06
----------------------------------------------------------
     Energy           Rydberg                 eV          
----------------------------------------------------------
 E_KohnSham     -35.1145247529       -477.7576192019      
 E_Harris       -35.1145203535       -477.7575593443      
 E_Fermi        -0.6312732150        -8.5889127181        
----------------------------------------------------------


 LCAO ALGORITHM --------------- ION=   1  ELEC=   9--------------------------------

 Density error is 7.17782637369e-07
----------------------------------------------------------
     Energy           Rydberg                 eV          
----------------------------------------------------------
 E_KohnSham     -35.1145247539       -477.7576192155      
 E_Harris       -35.1145228981       -477.7575939655      
 E_Fermi        -0.6312729419        -8.5889090033        
----------------------------------------------------------


 LCAO ALGORITHM --------------- ION=   1  ELEC=  10--------------------------------

 Density error is 5.46615721535e-07
----------------------------------------------------------
     Energy           Rydberg                 eV          
----------------------------------------------------------
 E_KohnSham     -35.1145247570       -477.7576192566      
 E_Harris       -35.1145235099       -477.7576022900      
 E_Fermi        -0.6312728768        -8.5889081176        
----------------------------------------------------------


 LCAO ALGORITHM --------------- ION=   1  ELEC=  11--------------------------------

 Density error is 2.8148592989e-07
----------------------------------------------------------
     Energy           Rydberg                 eV          
----------------------------------------------------------
 E_KohnSham     -35.1145247570       -477.7576192567      
 E_Harris       -35.1145243083       -477.7576131521      
 E_Fermi        -0.6312728049        -8.5889071397        
----------------------------------------------------------


 LCAO ALGORITHM --------------- ION=   1  ELEC=  12--------------------------------

 Density error is 2.14459159651e-07
----------------------------------------------------------
     Energy           Rydberg                 eV          
----------------------------------------------------------
 E_KohnSham     -35.1145247575       -477.7576192636      
 E_Harris       -35.1145243765       -477.7576140809      
 E_Fermi        -0.6312727949        -8.5889070028        
----------------------------------------------------------


 LCAO ALGORITHM --------------- ION=   1  ELEC=  13--------------------------------

 Density error is 1.35932420926e-07
----------------------------------------------------------
     Energy           Rydberg                 eV          
----------------------------------------------------------
 E_KohnSham     -35.1145247575       -477.7576192635      
 E_Harris       -35.1145245769       -477.7576168075      
 E_Fermi        -0.6312727747        -8.5889067282        
----------------------------------------------------------


 LCAO ALGORITHM --------------- ION=   1  ELEC=  14--------------------------------

 Density error is 8.57082910885e-08
----------------------------------------------------------
     Energy           Rydberg                 eV          
----------------------------------------------------------
 E_KohnSham     -35.1145247580       -477.7576192704      
 E_KS(sigma->0) -35.1145247580       -477.7576192704      
 E_Harris       -35.1145246515       -477.7576178219      
 E_band         -9.1237419861        -124.1348780927      
 E_one_elec     -72.7418165353       -989.7031877508      
 E_Hartree      37.9303855613        516.0693709707       
 E_xc           -7.7403430814        -105.3127703822      
 E_Ewald        9.1586356918         124.6096313149       
 E_entropy(-TS) 0.0000000000         0.0000000000         
 E_descf        0.0000000000         0.0000000000         
 E_exx          -1.7213863944        -23.4206634229       
 E_Fermi        -0.6312727653        -8.5889065996        
----------------------------------------------------------


 LCAO ALGORITHM --------------- ION=   1  ELEC=   1--------------------------------

 Density error is 5.19101039013e-06
----------------------------------------------------------
     Energy           Rydberg                 eV          
----------------------------------------------------------
 E_KohnSham     -35.1145247627       -477.7576193350      
 E_Harris       -35.1145402339       -477.7578298313      
 E_Fermi        -0.6312809730        -8.5890182712        
----------------------------------------------------------


 LCAO ALGORITHM --------------- ION=   1  ELEC=   2--------------------------------

 Density error is 3.10654470912e-06
----------------------------------------------------------
     Energy           Rydberg                 eV          
----------------------------------------------------------
 E_KohnSham     -35.1145247627       -477.7576193349      
 E_Harris       -35.1145039208       -477.7573357657      
 E_Fermi        -0.6312796758        -8.5890006229        
----------------------------------------------------------


 LCAO ALGORITHM --------------- ION=   1  ELEC=   3--------------------------------

 Density error is 6.27723213569e-07
----------------------------------------------------------
     Energy           Rydberg                 eV          
----------------------------------------------------------
 E_KohnSham     -35.1145247622       -477.7576193281      
 E_Harris       -35.1145190175       -477.7575411679      
 E_Fermi        -0.6312778864        -8.5889762760        
----------------------------------------------------------


 LCAO ALGORITHM --------------- ION=   1  ELEC=   4--------------------------------

 Density error is 3.88146333417e-07
----------------------------------------------------------
     Energy           Rydberg                 eV          
----------------------------------------------------------
 E_KohnSham     -35.1145247612       -477.7576193144      
 E_Harris       -35.1145213745       -477.7575732353      
 E_Fermi        -0.6312776219        -8.5889726783        
----------------------------------------------------------


 LCAO ALGORITHM --------------- ION=   1  ELEC=   5--------------------------------

 Density error is 3.09577418889e-07
----------------------------------------------------------
     Energy           Rydberg                 eV          
----------------------------------------------------------
 E_KohnSham     -35.1145247597       -477.7576192938      
 E_Harris       -35.1145223568       -477.7575866008      
 E_Fermi        -0.6312775097        -8.5889711518        
----------------------------------------------------------


 LCAO ALGORITHM --------------- ION=   1  ELEC=   6--------------------------------

 Density error is 1.99572709424e-07
----------------------------------------------------------
     Energy           Rydberg                 eV          
----------------------------------------------------------
 E_KohnSham     -35.1145247587       -477.7576192801      
 E_Harris       -35.1145236639       -477.7576043846      
 E_Fermi        -0.6312773581        -8.5889690884        
----------------------------------------------------------


 LCAO ALGORITHM --------------- ION=   1  ELEC=   7--------------------------------

 Density error is 1.34335043242e-07
----------------------------------------------------------
     Energy           Rydberg                 eV          
----------------------------------------------------------
 E_KohnSham     -35.1145247582       -477.7576192732      
 E_Harris       -35.1145240966       -477.7576102726      
 E_Fermi        -0.6312773011        -8.5889683133        
----------------------------------------------------------


 LCAO ALGORITHM --------------- ION=   1  ELEC=   8--------------------------------

 Density error is 1.07245464102e-07
----------------------------------------------------------
     Energy           Rydberg                 eV          
----------------------------------------------------------
 E_KohnSham     -35.1145247582       -477.7576192732      
 E_Harris       -35.1145243274       -477.7576134121      
 E_Fermi        -0.6312772751        -8.5889679592        
----------------------------------------------------------


 LCAO ALGORITHM --------------- ION=   1  ELEC=   9--------------------------------

 Density error is 7.28655875871e-08
----------------------------------------------------------
     Energy           Rydberg                 eV          
----------------------------------------------------------
 E_KohnSham     -35.1145247592       -477.7576192870      
 E_KS(sigma->0) -35.1145247592       -477.7576192870      
 E_Harris       -35.1145245746       -477.7576167751      
 E_band         -9.1237374223        -124.1348159988      
 E_one_elec     -72.7418176565       -989.7032030048      
 E_Hartree      37.9304157486        516.0697816898       
 E_xc           -7.7403482150        -105.3128402281      
 E_Ewald        9.1586356918         124.6096313149       
 E_entropy(-TS) 0.0000000000         0.0000000000         
 E_descf        0.0000000000         0.0000000000         
 E_exx          -1.7214103281        -23.4209890587       
 E_Fermi        -0.6312772495        -8.5889676113        
----------------------------------------------------------


 LCAO ALGORITHM --------------- ION=   1  ELEC=   1--------------------------------

 Density error is 7.46021739969e-07
----------------------------------------------------------
     Energy           Rydberg                 eV          
----------------------------------------------------------
 E_KohnSham     -35.1145247592       -477.7576192879      
 E_Harris       -35.1145270554       -477.7576505287      
 E_Fermi        -0.6312782465        -8.5889811761        
----------------------------------------------------------


 LCAO ALGORITHM --------------- ION=   1  ELEC=   2--------------------------------

 Density error is 4.48355276709e-07
----------------------------------------------------------
     Energy           Rydberg                 eV          
----------------------------------------------------------
 E_KohnSham     -35.1145247587       -477.7576192810      
 E_Harris       -35.1145227034       -477.7575913165      
 E_Fermi        -0.6312781549        -8.5889799291        
----------------------------------------------------------


 LCAO ALGORITHM --------------- ION=   1  ELEC=   3--------------------------------

 Density error is 7.86078981877e-08
----------------------------------------------------------
     Energy           Rydberg                 eV          
----------------------------------------------------------
 E_KohnSham     -35.1145247587       -477.7576192810      
 E_KS(sigma->0) -35.1145247587       -477.7576192810      
 E_Harris       -35.1145241349       -477.7576107936      
 E_band         -9.1237374198        -124.1348159645      
 E_one_elec     -72.7418177004       -989.7032036021      
 E_Hartree      37.9304186947        516.0698217737       
 E_xc           -7.7403488388        -105.3128487157      
 E_Ewald        9.1586356918         124.6096313149       
 E_entropy(-TS) 0.0000000000         0.0000000000         
 E_descf        0.0000000000         0.0000000000         
 E_exx          -1.7214126061        -23.4210200518       
 E_Fermi        -0.6312779672        -8.5889773754        
----------------------------------------------------------


 LCAO ALGORITHM --------------- ION=   1  ELEC=   1--------------------------------

 Density error is 1.15428236985e-07
----------------------------------------------------------
     Energy           Rydberg                 eV          
----------------------------------------------------------
 E_KohnSham     -35.1145247587       -477.7576192809      
 E_Harris       -35.1145254035       -477.7576280532      
 E_Fermi        -0.6312780271        -8.5889781909        
----------------------------------------------------------


 LCAO ALGORITHM --------------- ION=   1  ELEC=   2--------------------------------

 Density error is 7.02844419038e-08
----------------------------------------------------------
     Energy           Rydberg                 eV          
----------------------------------------------------------
 E_KohnSham     -35.1145247587       -477.7576192809      
 E_KS(sigma->0) -35.1145247587       -477.7576192809      
 E_Harris       -35.1145245608       -477.7576165878      
 E_band         -9.1237370565        -124.1348110225      
 E_one_elec     -72.7418175811       -989.7032019800      
 E_Hartree      37.9304189015        516.0698245873       
 E_xc           -7.7403489091        -105.3128496723      
 E_Ewald        9.1586356918         124.6096313149       
 E_entropy(-TS) 0.0000000000         0.0000000000         
 E_descf        0.0000000000         0.0000000000         
 E_exx          -1.7214128618        -23.4210235309       
 E_Fermi        -0.6312780337        -8.5889782800        
----------------------------------------------------------


 LCAO ALGORITHM --------------- ION=   1  ELEC=   1--------------------------------

 Density error is 1.22708543996e-08
----------------------------------------------------------
     Energy           Rydberg                 eV          
----------------------------------------------------------
 E_KohnSham     -35.1145247587       -477.7576192809      
 E_KS(sigma->0) -35.1145247587       -477.7576192809      
 E_Harris       -35.1145248620       -477.7576206861      
 E_band         -9.1237368428        -124.1348081145      
 E_one_elec     -72.7418175062       -989.7032009601      
 E_Hartree      37.9304188509        516.0698238987       
 E_xc           -7.7403489052        -105.3128496182      
 E_Ewald        9.1586356918         124.6096313149       
 E_entropy(-TS) 0.0000000000         0.0000000000         
 E_descf        0.0000000000         0.0000000000         
 E_exx          -1.7214128901        -23.4210239162       
 E_Fermi        -0.6312780243        -8.5889781527        
----------------------------------------------------------


 charge density convergence is achieved
 final etot is -477.75761928 eV
 EFERMI = -8.5889781527 eV

 STATE ENERGY(eV) AND OCCUPATIONS    NSPIN == 1
 1/1 kpoint (Cartesian) = 0.0000 0.0000 0.0000 (911913 pws)
       1       -28.0908        2.00000
       2       -14.6332        2.00000
       3       -10.7544        2.00000
       4       -8.58898        2.00000
       5     0.00202756        0.00000
       6        1.77984        0.00000
       7        3.07199        0.00000
       8        3.28358        0.00000
       9        5.83789        0.00000
      10        6.27965        0.00000
      11        7.62673        0.00000
      12        10.1444        0.00000
      13        10.4364        0.00000
      14        13.1963        0.00000



 --------------------------------------------
 !FINAL_ETOT_IS -477.7576192809468 eV
 --------------------------------------------


TIME STATISTICS
--------------------------------------------------------------------------------------
     CLASS_NAME                     NAME                TIME/s  CALLS   AVG/s  PER/%  
--------------------------------------------------------------------------------------
                     total                              456.35 11       41.49  100.00 
 Driver              reading                            0.04   1        0.04   0.01   
 Input_Conv          Convert                            0.00   1        0.00   0.00   
 Driver              driver_line                        456.31 1        456.31 99.99  
 UnitCell            check_tau                          0.00   1        0.00   0.00   
 ESolver_KS_LCAO     before_all_runners                 63.39  1        63.39  13.89  
 PW_Basis_Sup        setuptransform                     0.09   1        0.09   0.02   
 PW_Basis_Sup        distributeg                        0.09   1        0.09   0.02   
 mymath              heapsort                           1.43   3        0.48   0.31   
 Charge_Mixing       init_mixing                        0.00   1        0.00   0.00   
 PW_Basis_K          setuptransform                     0.08   1        0.08   0.02   
 PW_Basis_K          distributeg                        0.06   1        0.06   0.01   
 PW_Basis            setup_struc_factor                 0.23   1        0.23   0.05   
 NOrbital_Lm         extra_uniform                      3.42   14339    0.00   0.75   
 Mathzone_Add1       SplineD2                           0.25   14339    0.00   0.05   
 Mathzone_Add1       Cubic_Spline_Interpolation         0.63   14339    0.00   0.14   
 Exx_LRI             init                               59.98  1        59.98  13.14  
 Matrix_Orbs21       init                               2.41   2        1.20   0.53   
 ORB_gaunt_table     init_Gaunt_CH                      0.15   3        0.05   0.03   
 ORB_gaunt_table     Calc_Gaunt_CH                      0.07   82305    0.00   0.02   
 ORB_gaunt_table     init_Gaunt                         1.47   3        0.49   0.32   
 ORB_gaunt_table     Get_Gaunt_SH                       26.05  3635313  0.00   5.71   
 Matrix_Orbs21       init_radial                        0.00   2        0.00   0.00   
 Matrix_Orbs21       init_radial_table                  27.10  2        13.55  5.94   
 Center2_Orb         cal_ST_Phi12_R                     42.71  25523    0.00   9.36   
 LRI_CV              set_orbitals                       48.62  1        48.62  10.65  
 Matrix_Orbs11       init                               2.40   1        2.40   0.53   
 Matrix_Orbs11       init_radial                        0.00   1        0.00   0.00   
 Matrix_Orbs11       init_radial_table                  25.23  1        25.23  5.53   
 ppcell_vl           init_vloc                          0.01   1        0.01   0.00   
 Ions                opt_ions                           392.38 1        392.38 85.98  
 ESolver_KS_LCAO     runner                             392.38 1        392.38 85.98  
 ESolver_KS_LCAO     before_scf                         3.95   1        3.95   0.87   
 atom_arrange        search                             0.00   1        0.00   0.00   
 atom_arrange        grid_d.init                        0.00   1        0.00   0.00   
 Grid                Construct_Adjacent_expand          0.00   1        0.00   0.00   
 Grid                Construct_Adjacent_expand_periodic 0.00   3        0.00   0.00   
 Grid_Technique      init                               0.10   1        0.10   0.02   
 Grid_BigCell        grid_expansion_index               0.04   2        0.02   0.01   
 Grid_Driver         Find_atom                          0.00   18       0.00   0.00   
 Record_adj          for_2d                             0.00   1        0.00   0.00   
 LCAO_domain         grid_prepare                       0.00   1        0.00   0.00   
 Veff                initialize_HR                      0.00   1        0.00   0.00   
 OverlapNew          initialize_SR                      0.00   1        0.00   0.00   
 EkineticNew         initialize_HR                      0.00   1        0.00   0.00   
 NonlocalNew         initialize_HR                      0.00   1        0.00   0.00   
 Exx_LRI             cal_exx_ions                       0.19   1        0.19   0.04   
 LRI_CV              cal_datas                          0.13   2        0.07   0.03   
 Charge              set_rho_core                       0.28   1        0.28   0.06   
 PW_Basis_Sup        recip2real                         21.50  541      0.04   4.71   
 PW_Basis_Sup        gathers_scatterp                   4.23   541      0.01   0.93   
 ModuleIO            read_rhog                          1.00   1        1.00   0.22   
 Potential           init_pot                           1.93   1        1.93   0.42   
 Potential           update_from_charge                 295.98 91       3.25   64.86  
 Potential           cal_fixed_v                        0.20   1        0.20   0.04   
 PotLocal            cal_fixed_v                        0.19   1        0.19   0.04   
 Potential           cal_v_eff                          293.44 91       3.22   64.30  
 H_Hartree_pw        v_hartree                          28.98  91       0.32   6.35   
 PW_Basis_Sup        real2recip                         18.07  569      0.03   3.96   
 PW_Basis_Sup        gatherp_scatters                   2.30   569      0.00   0.50   
 PotXC               cal_v_eff                          258.02 91       2.84   56.54  
 XC_Functional       v_xc                               192.65 57       3.38   42.22  
 Potential           interpolate_vrs                    2.35   91       0.03   0.51   
 H_Ewald_pw          compute_ewald                      0.30   1        0.30   0.06   
 HSolverLCAO         solve                              18.90  90       0.21   4.14   
 HamiltLCAO          updateHk                           3.55   90       0.04   0.78   
 OperatorLCAO        init                               3.54   360      0.01   0.78   
 Veff                contributeHR                       3.53   90       0.04   0.77   
 Gint_interface      cal_gint                           10.64  180      0.06   2.33   
 Gint_interface      cal_gint_vlocal                    3.53   90       0.04   0.77   
 Gint_Tools          cal_psir_ylm                       4.71   158922   0.00   1.03   
 Gint_k              transfer_pvpR                      0.00   90       0.00   0.00   
 OverlapNew          calculate_SR                       0.00   1        0.00   0.00   
 OverlapNew          contributeHk                       0.00   90       0.00   0.00   
 EkineticNew         contributeHR                       0.00   90       0.00   0.00   
 EkineticNew         calculate_HR                       0.00   1        0.00   0.00   
 NonlocalNew         contributeHR                       0.01   90       0.00   0.00   
 NonlocalNew         calculate_HR                       0.00   1        0.00   0.00   
 OperatorLCAO        contributeHk                       0.00   90       0.00   0.00   
 HSolverLCAO         hamiltSolvePsiK                    0.26   90       0.00   0.06   
 DiagoElpa           elpa_solve                         0.23   90       0.00   0.05   
 elecstate           cal_dm                             0.00   90       0.00   0.00   
 psiMulPsiMpi        pdgemm                             0.00   90       0.00   0.00   
 DensityMatrix       cal_DMR                            0.00   90       0.00   0.00   
 ElecStateLCAO       psiToRho                           15.08  90       0.17   3.30   
 Gint                transfer_DMR                       0.01   90       0.00   0.00   
 Gint_interface      cal_gint_rho                       7.10   90       0.08   1.56   
 Charge_Mixing       get_drho                           0.33   90       0.00   0.07   
 Charge              mix_rho                            39.93  82       0.49   8.75   
 Charge              Pulay_mixing                       2.70   82       0.03   0.59   
 ModuleIO            write_rhog                         8.54   8        1.07   1.87   
 RI_2D_Comm          split_m2D_ktoR                     0.00   7        0.00   0.00   
 Exx_LRI             cal_exx_elec                       0.76   7        0.11   0.17   
 RI_2D_Comm          add_HexxR                          0.00   68       0.00   0.00   
 XC_Functional_Libxc v_xc_libxc                         223.03 68       3.28   48.87  
 ESolver_KS_LCAO     after_scf                          4.57   1        4.57   1.00   
 Charge              atomic_rho                         0.29   1        0.29   0.06   
 ModuleIO            save_sparse                        0.00   1        0.00   0.00   
 ESolver_KS_LCAO     after_all_runners                  0.00   1        0.00   0.00   
 ModuleIO            write_istate_info                  0.00   1        0.00   0.00   
--------------------------------------------------------------------------------------


 NAME-------------------------|MEMORY(MB)--------
                         total          6186.
                    ORB::Jl(x)          5063.
                  SF::strucFac          222.5
                      Chg::rho          109.5
                 Chg::rho_save          109.5
                 Chg::rho_core          109.5
                 Pot::veff_fix          109.5
                     Pot::veff          109.5
              Pot::veff_smooth          109.5
                     Chg::rhog          55.63
                Chg::rhog_save          55.63
                Chg::rhog_core          55.63
                  PW_B_K::gcar          20.87
                   PW_B_K::gk2          6.957
               GT::ind_bigcell          6.927
         GT::in_this_processor          6.927
              GT::index2normal          6.927
               GT::index2ucell          6.927
       TwoCenterTable: Kinetic          3.071
       TwoCenterTable: Overlap          3.071
                 GT::start_ind          2.027
            GT::how_many_atoms          2.027
               GT::bcell_start          2.027
            GT::how many atoms          2.027
      TwoCenterTable: Nonlocal          1.857
      GT::bigcell_on_processor          1.732
 -------------   < 1.0 MB has been ignored ----------------
 ----------------------------------------------------------

 Start  Time  : Wed Sep  2 21:10:10 2026
 Finish Time  : Wed Sep  2 21:17:46 2026
 Total  Time  : 0 h 7 mins 36 secs 
