                                                                                     
                              ABACUS v3.10.0

               Atomic-orbital Based Ab-initio Computation at UStc                    

                     Website: http://abacus.ustc.edu.cn/                             
               Documentation: https://abacus.deepmodeling.com/                       
                  Repository: https://github.com/abacusmodeling/abacus-develop       
                              https://github.com/deepmodeling/abacus-develop         
                      Commit: e84abb4 (Sat Jun 28 13:06:46 2025 +0800)

    Start Time is Fri Sep  4 17:26:26 2026
                                                                                     
 ------------------------------------------------------------------------------------

 READING GENERAL INFORMATION
                           global_out_dir = OUT.CH4/
                           global_in_card = INPUT
                               pseudo_dir = ./
                              orbital_dir = ./
                                    DRANK = 1
                                    DSIZE = 1
                                   DCOLOR = 1
                                    GRANK = 1
                                    GSIZE = 1




 >>>>>>>>>>>>>>>>>>>>>>>>>>>>>>>>>>>>>>>>>>>>>>>>>>>>>>>>>>>>>>>>>>>>>>
 |                                                                    |
 | Reading atom information in unitcell:                              |
 | From the input file and the structure file we know the number of   |
 | different elments in this unitcell, then we list the detail        |
 | information for each element, especially the zeta and polar atomic |
 | orbital number for each element. The total atom number is counted. |
 | We calculate the nearest atom distance for each atom and show the  |
 | Cartesian and Direct coordinates for each atom. We list the file   |
 | address for atomic orbitals. The volume and the lattice vectors    |
 | in real and reciprocal space is also shown.                        |
 |                                                                    |
 <<<<<<<<<<<<<<<<<<<<<<<<<<<<<<<<<<<<<<<<<<<<<<<<<<<<<<<<<<<<<<<<<<<<<<




 READING UNITCELL INFORMATION
                                    ntype = 2
                  lattice constant (Bohr) = 1.88973
              lattice constant (Angstrom) = 1

 READING ATOM TYPE 1
                               atom label = C
                      L=0, number of zeta = 3
                      L=1, number of zeta = 3
                      L=2, number of zeta = 2
             number of atom for this type = 1

 READING ATOM TYPE 2
                               atom label = H
                      L=0, number of zeta = 3
                      L=1, number of zeta = 2
             number of atom for this type = 4

                        TOTAL ATOM NUMBER = 5
DIRECT COORDINATES
    atom                   x                   y                   z     mag                  vx                  vy                  vz
taud_C1            0.5000000002        0.5000000002        0.5000000002  0.0000        0.0000000000        0.0000000000        0.0000000000
taud_H1            0.5313789842        0.5313789842        0.5313789842  0.0000        0.0000000000        0.0000000000        0.0000000000
taud_H2            0.5313789842        0.4686210162        0.4686210162  0.0000        0.0000000000        0.0000000000        0.0000000000
taud_H3            0.4686210162        0.5313789842        0.4686210162  0.0000        0.0000000000        0.0000000000        0.0000000000
taud_H4            0.4686210162        0.4686210162        0.5313789842  0.0000        0.0000000000        0.0000000000        0.0000000000



                          Volume (Bohr^3) = 53986.7
                             Volume (A^3) = 7999.99

 Lattice vectors: (Cartesian coordinate: in unit of a_0)
                  +20                  +0                  +0
                   +0                 +20                  +0
                   +0                  +0                 +20
 Reciprocal vectors: (Cartesian coordinate: in unit of 2 pi/a_0)
                +0.05                  -0                  +0
                   -0               +0.05                  -0
                   +0                  -0               +0.05
 The esolver type has been set to : ksdft_lcao

 RUNNING WITH DEVICE  : CPU / Intel(R) Xeon(R) Gold 6248 CPU @ 2.50GHz




 >>>>>>>>>>>>>>>>>>>>>>>>>>>>>>>>>>>>>>>>>>>>>>>>>>>>>>>>>>>>>>>>>>>>>>
 |                                                                    |
 | Reading pseudopotentials files:                                    |
 | The pseudopotential file is in UPF format. The 'NC' indicates that |
 | the type of pseudopotential is 'norm conserving'. Functional of    |
 | exchange and correlation is decided by 4 given parameters in UPF   |
 | file.  We also read in the 'core correction' if there exists.      |
 | Also we can read the valence electrons number and the maximal      |
 | angular momentum used in this pseudopotential. We also read in the |
 | trail wave function, trail atomic density and local-pseudopotential|
 | on logrithmic grid. The non-local pseudopotential projector is also|
 | read in if there is any.                                           |
 |                                                                    |
 <<<<<<<<<<<<<<<<<<<<<<<<<<<<<<<<<<<<<<<<<<<<<<<<<<<<<<<<<<<<<<<<<<<<<<




                PAO radial cut off (Bohr) = 15

 Read in pseudopotential file is C.upf
                     pseudopotential type = NC
          exchange-correlation functional = PBE
                 nonlocal core correction = 1
                        valence electrons = 4
                                     lmax = 1
                           number of zeta = 2
                     number of projectors = 4
                           L of projector = 0
                           L of projector = 0
                           L of projector = 1
                           L of projector = 1
                PAO radial cut off (Bohr) = 15

 Read in pseudopotential file is H.upf
                     pseudopotential type = NC
          exchange-correlation functional = PBE
                 nonlocal core correction = 0
                        valence electrons = 1
                                     lmax = 1
                           number of zeta = 1
                     number of projectors = 3
                           L of projector = 0
                           L of projector = 0
                           L of projector = 1
     initial pseudo atomic orbital number = 8

 SETUP THE ELECTRONS NUMBER
             electron number of element C = 4
       total electron number of element C = 4
             electron number of element H = 1
       total electron number of element H = 4
            AUTOSET number of electrons:  = 8
                           occupied bands = 4
                                   NLOCAL = 58
                                   NBANDS = 14
                                   NBANDS = 14
                                   NLOCAL = 58




 >>>>>>>>>>>>>>>>>>>>>>>>>>>>>>>>>>>>>>>>>>>>>>>>>>>>>>>>>>>>>>>>>>>>>>
 |                                                                    |
 | Setup plane waves of charge/potential:                             |
 | Use the energy cutoff and the lattice vectors to generate the      |
 | dimensions of FFT grid. The number of FFT grid on each processor   |
 | is 'nrxx'. The number of plane wave basis in reciprocal space is   |
 | different for charege/potential and wave functions. We also set    |
 | the 'sticks' for the parallel of FFT. The number of plane waves    |
 | is 'npw' in each processor.                                        |
 <<<<<<<<<<<<<<<<<<<<<<<<<<<<<<<<<<<<<<<<<<<<<<<<<<<<<<<<<<<<<<<<<<<<<<





 SETUP THE PLANE WAVE BASIS
 energy cutoff for charge/potential (unit:Ry) = 400
            fft grid for charge/potential = [ 243, 243, 243 ]
                        fft grid division = [ 3, 3, 3 ]
        big fft grid for charge/potential = [ 81, 81, 81 ]
                                     nbxx = 531441
                                     nrxx = 14348907

 SETUP PLANE WAVES FOR CHARGE/POTENTIAL
                    number of plane waves = 7292125
                         number of sticks = 45461

 PARALLEL PW FOR CHARGE/POTENTIAL
     PROC   COLUMNS(POT)             PW
        1          45461        7292125
 --------------- sum -------------------
        1          45461        7292125
                            number of |g| = 12063
                                  max |g| = 36.18
                                  min |g| = 0
 DONE : SETUP UNITCELL Time : 2.13487 (SEC)


----------- Double Check Mixing Parameters Begin ------------
mixing_type: pulay
mixing_beta: 0.2
mixing_gg0: 1
mixing_gg0_min: 0.1
mixing_ndim: 20
----------- Double Check Mixing Parameters End ------------




 >>>>>>>>>>>>>>>>>>>>>>>>>>>>>>>>>>>>>>>>>>>>>>>>>>>>>>>>>>>>>>>>>>>>>>
 |                                                                    |
 | Doing symmetry analysis:                                           |
 | We calculate the norm of 3 vectors and the angles between them,    |
 | the type of Bravais lattice is given. We can judge if the unticell |
 | is a primitive cell. Finally we give the point group operation for |
 | this unitcell. We use the point group operations to do symmetry |
 | analysis on given k-point mesh and the charge density.             |
 |                                                                    |
 <<<<<<<<<<<<<<<<<<<<<<<<<<<<<<<<<<<<<<<<<<<<<<<<<<<<<<<<<<<<<<<<<<<<<<




 LATTICE VECTORS: (CARTESIAN COORDINATE: IN UNIT OF A0)
                  +20                  +0                  +0
                   +0                 +20                  +0
                   +0                  +0                 +20
                       right hand lattice = 1
                                   NORM_A = 20
                                   NORM_B = 20
                                   NORM_C = 20
                           ALPHA (DEGREE) = 90
                           BETA  (DEGREE) = 90
                           GAMMA (DEGREE) = 90

 The lattice vectors have been changed (STRU_SIMPLE.cif)

(for optimal symmetric configuration:)
                             BRAVAIS TYPE = 1
                     BRAVAIS LATTICE NAME = 01. Cubic P (simple)
                                    ibrav = 1
                                    IBRAV = 1
                                  BRAVAIS = SIMPLE CUBIC
                       LATTICE CONSTANT A = 20
Original cell was already a primitive cell.
                        ROTATION MATRICES = 48
              PURE POINT GROUP OPERATIONS = 24
                   SPACE GROUP OPERATIONS = 24
                                       C2 = 3
                                       C3 = 8
                                       C4 = 0
                                       C6 = 0
                                       S1 = 6
                                       S3 = 0
                                       S4 = 6
                                       S6 = 0
                              POINT GROUP = T_d
                                       C2 = 3
                                       C3 = 8
                                       C4 = 0
                                       C6 = 0
                                       S1 = 6
                                       S3 = 0
                                       S4 = 6
                                       S6 = 0
               POINT GROUP IN SPACE GROUP = T_d
 DONE : SYMMETRY Time : 2.15977 (SEC)





 >>>>>>>>>>>>>>>>>>>>>>>>>>>>>>>>>>>>>>>>>>>>>>>>>>>>>>>>>>>>>>>>>>>>>>
 |                                                                    |
 | Setup K-points                                                     |
 | We setup the k-points according to input parameters.               |
 | The reduced k-points are set according to symmetry operations.     |
 | We treat the spin as another set of k-points.                      |
 |                                                                    |
 <<<<<<<<<<<<<<<<<<<<<<<<<<<<<<<<<<<<<<<<<<<<<<<<<<<<<<<<<<<<<<<<<<<<<<





 SETUP K-POINTS
                                    nspin = 1
                   Input type of k points = Monkhorst-Pack(Gamma)
                                   nkstot = 1
                               nkstot_ibz = 1
K-POINTS REDUCTION ACCORDING TO SYMMETRY
     IBZ    DIRECT_X    DIRECT_Y    DIRECT_Z  WEIGHT  ibz2bz
       1  0.00000000  0.00000000  0.00000000  1.0000       0

                               nkstot now = 1
K-POINTS DIRECT COORDINATES
 KPOINTS    DIRECT_X    DIRECT_Y    DIRECT_Z  WEIGHT
       1  0.00000000  0.00000000  0.00000000  1.0000


           k-point number in this process = 1
       minimum distributed K point number = 1

K-POINTS CARTESIAN COORDINATES
 KPOINTS CARTESIAN_X CARTESIAN_Y CARTESIAN_Z  WEIGHT
       1  0.00000000  0.00000000  0.00000000  2.0000


K-POINTS DIRECT COORDINATES
 KPOINTS    DIRECT_X    DIRECT_Y    DIRECT_Z  WEIGHT
       1  0.00000000  0.00000000  0.00000000  2.0000

 DONE : INIT K-POINTS Time : 2.16164 (SEC)


 Warning_Memory_Consuming allocated:  PW_B_K::gk2 6.95734 MB

 Warning_Memory_Consuming allocated:  PW_B_K::gcar 20.872 MB




 >>>>>>>>>>>>>>>>>>>>>>>>>>>>>>>>>>>>>>>>>>>>>>>>>>>>>>>>>>>>>>>>>>>>>>
 |                                                                    |
 | Setup plane waves of wave functions:                               |
 | Use the energy cutoff and the lattice vectors to generate the      |
 | dimensions of FFT grid. The number of FFT grid on each processor   |
 | is 'nrxx'. The number of plane wave basis in reciprocal space is   |
 | different for charege/potential and wave functions. We also set    |
 | the 'sticks' for the parallel of FFT. The number of plane wave of  |
 | each k-point is 'npwk[ik]' in each processor                       |
 <<<<<<<<<<<<<<<<<<<<<<<<<<<<<<<<<<<<<<<<<<<<<<<<<<<<<<<<<<<<<<<<<<<<<<





 SETUP PLANE WAVES FOR WAVE FUNCTIONS
     energy cutoff for wavefunc (unit:Ry) = 100
              fft grid for wave functions = [ 243, 243, 243 ]
                    number of plane waves = 911913
                         number of sticks = 11369

 PARALLEL PW FOR WAVE FUNCTIONS
     PROC   COLUMNS(POT)             PW
        1          11369         911913
 --------------- sum -------------------
        1          11369         911913
 DONE : INIT PLANEWAVE Time : 2.30995 (SEC)


 Warning_Memory_Consuming allocated:  SF::strucFac 222.538 MB
 SET NONLOCAL PSEUDOPOTENTIAL PROJECTORS
 SET NONLOCAL PSEUDOPOTENTIAL PROJECTORS
 max number of nonlocal projetors among all species is 4
 DONE : LOCAL POTENTIAL Time : 2.60029 (SEC)


 Warning_Memory_Consuming allocated:  Chg::rho 109.473 MB

 Warning_Memory_Consuming allocated:  Chg::rho_save 109.473 MB

 Warning_Memory_Consuming allocated:  Chg::rhog 55.6345 MB

 Warning_Memory_Consuming allocated:  Chg::rhog_save 55.6345 MB

 Warning_Memory_Consuming allocated:  Chg::rho_core 109.473 MB

 Warning_Memory_Consuming allocated:  Chg::rhog_core 55.6345 MB

 Warning_Memory_Consuming allocated:  Pot::veff_fix 109.473 MB

 Warning_Memory_Consuming allocated:  Pot::veff 109.473 MB

 Warning_Memory_Consuming allocated:  Pot::veff_smooth 109.473 MB

 -------------------------------------------
 STEP OF RELAXATION : 1
 -------------------------------------------




 >>>>>>>>>>>>>>>>>>>>>>>>>>>>>>>>>>>>>>>>>>>>>>>>>>>>>>>>>>>>>>>>>>>>>>
 |                                                                    |
 | Search adjacent atoms:                                             |
 | Set the adjacent atoms for each atom and set the periodic boundary |
 | condition for the atoms on real space FFT grid. For k-dependent    |
 | algorithm, we also need to set the sparse H and S matrix element   |
 | for each atom.                                                     |
 |                                                                    |
 <<<<<<<<<<<<<<<<<<<<<<<<<<<<<<<<<<<<<<<<<<<<<<<<<<<<<<<<<<<<<<<<<<<<<<





 SETUP SEARCHING RADIUS FOR PROGRAM TO SEARCH ADJACENT ATOMS
                  longest orb rcut (Bohr) = 9
   longest nonlocal projector rcut (Bohr) = 1.3
                     search radius (Bohr) = 20.6
              searching radius is (Bohr)) = 20.6
         searching radius unit is (Bohr)) = 1.89
                         PeriodicBoundary = 1
                        Radius(unit:lat0) = 10.9
                                   glayer = [ 2, 2, 2 ]
                             glayer_minus = [ 1, 1, 1 ]

Find the coordinate range of the input atom(unit:lat0).
                                  min_tau = [ -10.6, -10.6, -10.6 ]
                                  max_tau = [ 30.6, 30.6, 30.6 ]
                                BoxNumber = [ 3, 3, 3 ]

 SETUP EXTENDED REAL SPACE GRID FOR GRID INTEGRATION
                          real space grid = [ 243, 243, 243 ]
                 big cell numbers in grid = [ 81, 81, 81 ]
             meshcell numbers in big cell = [ 3, 3, 3 ]
                        extended fft grid = [ 20, 20, 20 ]
                dimension of extened grid = [ 122, 122, 122 ]
                            UnitCellTotal = 27

 Warning_Memory_Consuming allocated:  GT::ind_bigcell 6.93 MB

 Warning_Memory_Consuming allocated:  GT::in_this_processor 6.93 MB

 Warning_Memory_Consuming allocated:  GT::index2normal 6.93 MB

 Warning_Memory_Consuming allocated:  GT::index2ucell 6.93 MB
              Atom number in sub-FFT-grid = 5
    Local orbitals number in sub-FFT-grid = 58
                                ParaV.nnr = 3364
                                 init_chg = auto
 try to read charge from file
!!! Couldn't find the file: OUT.CH4//SPIN1_CHG.cube
 DONE : INIT SCF Time : 5.37246 (SEC)


 LCAO ALGORITHM --------------- ION=   1  ELEC=   1--------------------------------

 Density error is 0.354259826535
----------------------------------------------------------
     Energy           Rydberg                 eV          
----------------------------------------------------------
 E_KohnSham     -16.9169977539       -230.1675625060      
 E_Harris       -12.8091018757       -174.2767717724      
 E_Fermi        -1.0811453355        -14.7097369283       
----------------------------------------------------------


 LCAO ALGORITHM --------------- ION=   1  ELEC=   2--------------------------------

 Density error is 0.257255511137
----------------------------------------------------------
     Energy           Rydberg                 eV          
----------------------------------------------------------
 E_KohnSham     -16.7894646266       -228.4323852917      
 E_Harris       -13.7799570413       -187.4859339571      
 E_Fermi        -0.9779334630        -13.3054673616       
----------------------------------------------------------


 LCAO ALGORITHM --------------- ION=   1  ELEC=   3--------------------------------

 Density error is 0.125465167269
----------------------------------------------------------
     Energy           Rydberg                 eV          
----------------------------------------------------------
 E_KohnSham     -16.8049551723       -228.6431449782      
 E_Harris       -15.8288956082       -215.3631733187      
 E_Fermi        -0.8116808050        -11.0434839051       
----------------------------------------------------------


 LCAO ALGORITHM --------------- ION=   1  ELEC=   4--------------------------------

 Density error is 0.0478501318306
----------------------------------------------------------
     Energy           Rydberg                 eV          
----------------------------------------------------------
 E_KohnSham     -16.8050203302       -228.6440314967      
 E_Harris       -16.3804535017       -222.8675034477      
 E_Fermi        -0.7412987931        -10.0858875066       
----------------------------------------------------------


 LCAO ALGORITHM --------------- ION=   1  ELEC=   5--------------------------------

 Density error is 0.0352162959131
----------------------------------------------------------
     Energy           Rydberg                 eV          
----------------------------------------------------------
 E_KohnSham     -16.8046263709       -228.6386714059      
 E_Harris       -16.5252697967       -224.8378302225      
 E_Fermi        -0.7241328446        -9.8523327952        
----------------------------------------------------------


 LCAO ALGORITHM --------------- ION=   1  ELEC=   6--------------------------------

 Density error is 0.0148332274591
----------------------------------------------------------
     Energy           Rydberg                 eV          
----------------------------------------------------------
 E_KohnSham     -16.8047935608       -228.6409461402      
 E_Harris       -16.7338323947       -227.6754699443      
 E_Fermi        -0.7022139350        -9.5541107316        
----------------------------------------------------------


 LCAO ALGORITHM --------------- ION=   1  ELEC=   7--------------------------------

 Density error is 0.012648125525
----------------------------------------------------------
     Energy           Rydberg                 eV          
----------------------------------------------------------
 E_KohnSham     -16.8050014222       -228.6437742396      
 E_Harris       -16.7914858705       -228.4598857259      
 E_Fermi        -0.6966002123        -9.4777321157        
----------------------------------------------------------


 LCAO ALGORITHM --------------- ION=   1  ELEC=   8--------------------------------

 Density error is 0.00395275971633
----------------------------------------------------------
     Energy           Rydberg                 eV          
----------------------------------------------------------
 E_KohnSham     -16.8050533382       -228.6444805931      
 E_Harris       -16.7988906451       -228.5606328523      
 E_Fermi        -0.6952310251        -9.4591033671        
----------------------------------------------------------


 LCAO ALGORITHM --------------- ION=   1  ELEC=   9--------------------------------

 Density error is 0.0016909106581
----------------------------------------------------------
     Energy           Rydberg                 eV          
----------------------------------------------------------
 E_KohnSham     -16.8050660682       -228.6446537944      
 E_Harris       -16.8005217689       -228.5828254300      
 E_Fermi        -0.6950161908        -9.4561803969        
----------------------------------------------------------


 LCAO ALGORITHM --------------- ION=   1  ELEC=  10--------------------------------

 Density error is 0.000771819588748
----------------------------------------------------------
     Energy           Rydberg                 eV          
----------------------------------------------------------
 E_KohnSham     -16.8050707426       -228.6447173922      
 E_Harris       -16.8047008343       -228.6396845324      
 E_Fermi        -0.6945781570        -9.4502206413        
----------------------------------------------------------


 LCAO ALGORITHM --------------- ION=   1  ELEC=  11--------------------------------

 Density error is 0.000253677927196
----------------------------------------------------------
     Energy           Rydberg                 eV          
----------------------------------------------------------
 E_KohnSham     -16.8050714866       -228.6447275149      
 E_Harris       -16.8053772410       -228.6488875167      
 E_Fermi        -0.6945159929        -9.4493748557        
----------------------------------------------------------


 LCAO ALGORITHM --------------- ION=   1  ELEC=  12--------------------------------

 Density error is 0.000123063330855
----------------------------------------------------------
     Energy           Rydberg                 eV          
----------------------------------------------------------
 E_KohnSham     -16.8050718370       -228.6447322828      
 E_Harris       -16.8049919339       -228.6436451446      
 E_Fermi        -0.6945549562        -9.4499049788        
----------------------------------------------------------


 LCAO ALGORITHM --------------- ION=   1  ELEC=  13--------------------------------

 Density error is 2.19997162568e-05
----------------------------------------------------------
     Energy           Rydberg                 eV          
----------------------------------------------------------
 E_KohnSham     -16.8050718359       -228.6447322672      
 E_Harris       -16.8050530168       -228.6444762207      
 E_Fermi        -0.6945482955        -9.4498143544        
----------------------------------------------------------


 LCAO ALGORITHM --------------- ION=   1  ELEC=  14--------------------------------

 Density error is 1.99723936478e-05
----------------------------------------------------------
     Energy           Rydberg                 eV          
----------------------------------------------------------
 E_KohnSham     -16.8050718514       -228.6447324790      
 E_Harris       -16.8050609536       -228.6445842067      
 E_Fermi        -0.6945476770        -9.4498059398        
----------------------------------------------------------


 LCAO ALGORITHM --------------- ION=   1  ELEC=  15--------------------------------

 Density error is 3.0594766307e-06
----------------------------------------------------------
     Energy           Rydberg                 eV          
----------------------------------------------------------
 E_KohnSham     -16.8050718515       -228.6447324802      
 E_Harris       -16.8050712983       -228.6447249534      
 E_Fermi        -0.6945466854        -9.4497924491        
----------------------------------------------------------


 LCAO ALGORITHM --------------- ION=   1  ELEC=  16--------------------------------

 Density error is 7.76172678527e-07
----------------------------------------------------------
     Energy           Rydberg                 eV          
----------------------------------------------------------
 E_KohnSham     -16.8050718516       -228.6447324811      
 E_Harris       -16.8050730693       -228.6447490492      
 E_Fermi        -0.6945465485        -9.4497905861        
----------------------------------------------------------


 LCAO ALGORITHM --------------- ION=   1  ELEC=  17--------------------------------

 Density error is 4.30012226653e-07
----------------------------------------------------------
     Energy           Rydberg                 eV          
----------------------------------------------------------
 E_KohnSham     -16.8050718517       -228.6447324829      
 E_Harris       -16.8050717838       -228.6447315591      
 E_Fermi        -0.6945466162        -9.4497915066        
----------------------------------------------------------


 LCAO ALGORITHM --------------- ION=   1  ELEC=  18--------------------------------

 Density error is 8.24249068172e-08
----------------------------------------------------------
     Energy           Rydberg                 eV          
----------------------------------------------------------
 E_KohnSham     -16.8050718517       -228.6447324828      
 E_Harris       -16.8050717871       -228.6447316037      
 E_Fermi        -0.6945466284        -9.4497916733        
----------------------------------------------------------


 LCAO ALGORITHM --------------- ION=   1  ELEC=  19--------------------------------

 Density error is 5.10979640613e-08
----------------------------------------------------------
     Energy           Rydberg                 eV          
----------------------------------------------------------
 E_KohnSham     -16.8050718517       -228.6447324828      
 E_Harris       -16.8050717743       -228.6447314288      
 E_Fermi        -0.6945466255        -9.4497916337        
----------------------------------------------------------


 LCAO ALGORITHM --------------- ION=   1  ELEC=  20--------------------------------

 Density error is 1.15878141061e-08
----------------------------------------------------------
     Energy           Rydberg                 eV          
----------------------------------------------------------
 E_KohnSham     -16.8050718517       -228.6447324829      
 E_Harris       -16.8050718714       -228.6447327500      
 E_Fermi        -0.6945466190        -9.4497915448        
----------------------------------------------------------


 LCAO ALGORITHM --------------- ION=   1  ELEC=  21--------------------------------

 Density error is 2.17791492978e-09
----------------------------------------------------------
     Energy           Rydberg                 eV          
----------------------------------------------------------
 E_KohnSham     -16.8050718517       -228.6447324829      
 E_KS(sigma->0) -16.8050718517       -228.6447324829      
 E_Harris       -16.8050718438       -228.6447323748      
 E_band         -6.6779461185        -90.8581181483       
 E_one_elec     -49.7237799612       -676.5267335700      
 E_Hartree      25.7079627652        349.7747775788       
 E_xc           -7.1508779168        -97.2926853715       
 E_Ewald        14.3616232611        195.3999088798       
 E_entropy(-TS) 0.0000000000         0.0000000000         
 E_descf        0.0000000000         0.0000000000         
 E_exx          0.0000000000         0.0000000000         
 E_Fermi        -0.6945466214        -9.4497915772        
----------------------------------------------------------


 charge density convergence is achieved
 final etot is -228.64473248 eV
 EFERMI = -9.4497915772 eV

 STATE ENERGY(eV) AND OCCUPATIONS    NSPIN == 1
 1/1 kpoint (Cartesian) = 0.0000 0.0000 0.0000 (911913 pws)
       1       -17.0797        2.00000
       2       -9.44979        2.00000
       3       -9.44979        2.00000
       4       -9.44979        2.00000
       5       0.670352        0.00000
       6        2.08971        0.00000
       7        2.08971        0.00000
       8        2.08971        0.00000
       9        3.14690        0.00000
      10        3.14690        0.00000
      11        3.14690        0.00000
      12        4.55014        0.00000
      13        4.55014        0.00000
      14        8.78035        0.00000

 correction force for each atom along direction 1 is -3.79695e-14
 correction force for each atom along direction 2 is -3.70419e-14
 correction force for each atom along direction 3 is -1.90263e-14
------------------------------------------------------------------------------------------
 TOTAL-FORCE (eV/Angstrom)                                                                
------------------------------------------------------------------------------------------
                        C1         0.0000000000         0.0000000000         0.0000000000 
                        H1         0.1463856790         0.1463856790         0.1463856790 
                        H2         0.1463856783        -0.1463856782        -0.1463856782 
                        H3        -0.1463856782         0.1463856783        -0.1463856782 
                        H4        -0.1463856782        -0.1463856782         0.1463856783 
------------------------------------------------------------------------------------------


 Largest gradient in force is 0.146386 eV/A.
 Threshold is 0.00300000 eV/A.

 Relaxation is not converged yet!
DIRECT COORDINATES
    atom                   x                   y                   z     mag                  vx                  vy                  vz
taud_C1            0.5000000002        0.5000000002        0.5000000002  0.0000        0.0000000000        0.0000000000        0.0000000000
taud_H1            0.5317449486        0.5317449486        0.5317449486  0.0000        0.0000000000        0.0000000000        0.0000000000
taud_H2            0.5317449486        0.4682550519        0.4682550519  0.0000        0.0000000000        0.0000000000        0.0000000000
taud_H3            0.4682550519        0.5317449486        0.4682550519  0.0000        0.0000000000        0.0000000000        0.0000000000
taud_H4            0.4682550519        0.4682550519        0.5317449486  0.0000        0.0000000000        0.0000000000        0.0000000000



 -------------------------------------------
 STEP OF RELAXATION : 2
 -------------------------------------------
 NEW-OLD atomic charge density approx. for the potential !




 >>>>>>>>>>>>>>>>>>>>>>>>>>>>>>>>>>>>>>>>>>>>>>>>>>>>>>>>>>>>>>>>>>>>>>
 |                                                                    |
 | Search adjacent atoms:                                             |
 | Set the adjacent atoms for each atom and set the periodic boundary |
 | condition for the atoms on real space FFT grid. For k-dependent    |
 | algorithm, we also need to set the sparse H and S matrix element   |
 | for each atom.                                                     |
 |                                                                    |
 <<<<<<<<<<<<<<<<<<<<<<<<<<<<<<<<<<<<<<<<<<<<<<<<<<<<<<<<<<<<<<<<<<<<<<





 SETUP SEARCHING RADIUS FOR PROGRAM TO SEARCH ADJACENT ATOMS
                  longest orb rcut (Bohr) = 9.00
   longest nonlocal projector rcut (Bohr) = 1.30
                     search radius (Bohr) = 20.6
              searching radius is (Bohr)) = 20.6
         searching radius unit is (Bohr)) = 1.89
                         PeriodicBoundary = 1
                        Radius(unit:lat0) = 10.9
                                   glayer = [ 2, 2, 2 ]
                             glayer_minus = [ 1, 1, 1 ]

Find the coordinate range of the input atom(unit:lat0).
                                  min_tau = [ -10.6, -10.6, -10.6 ]
                                  max_tau = [ 30.6, 30.6, 30.6 ]
                                BoxNumber = [ 3, 3, 3 ]

 SETUP EXTENDED REAL SPACE GRID FOR GRID INTEGRATION
                          real space grid = [ 243, 243, 243 ]
                 big cell numbers in grid = [ 81, 81, 81 ]
             meshcell numbers in big cell = [ 3, 3, 3 ]
                        extended fft grid = [ 20, 20, 20 ]
                dimension of extened grid = [ 122, 122, 122 ]
                            UnitCellTotal = 27
              Atom number in sub-FFT-grid = 5
    Local orbitals number in sub-FFT-grid = 58
                                ParaV.nnr = 3364
 DONE : INIT SCF Time : 54.3858 (SEC)


 LCAO ALGORITHM --------------- ION=   2  ELEC=   1--------------------------------

 Density error is 0.0122816436680
----------------------------------------------------------
     Energy           Rydberg                 eV          
----------------------------------------------------------
 E_KohnSham     -16.8052939001       -228.6477536058      
 E_Harris       -16.9440098884       -230.5350814506      
 E_Fermi        -0.6835104213        -9.2996363725        
----------------------------------------------------------


 LCAO ALGORITHM --------------- ION=   2  ELEC=   2--------------------------------

 Density error is 0.00770169421985
----------------------------------------------------------
     Energy           Rydberg                 eV          
----------------------------------------------------------
 E_KohnSham     -16.8051649647       -228.6459993496      
 E_Harris       -16.8878974970       -229.7716331993      
 E_Fermi        -0.6863410680        -9.3381492957        
----------------------------------------------------------


 LCAO ALGORITHM --------------- ION=   2  ELEC=   3--------------------------------

 Density error is 0.00222920456562
----------------------------------------------------------
     Energy           Rydberg                 eV          
----------------------------------------------------------
 E_KohnSham     -16.8052294773       -228.6468770889      
 E_Harris       -16.8070597989       -228.6717798923      
 E_Fermi        -0.6905599833        -9.3955505843        
----------------------------------------------------------


 LCAO ALGORITHM --------------- ION=   2  ELEC=   4--------------------------------

 Density error is 0.000398594187760
----------------------------------------------------------
     Energy           Rydberg                 eV          
----------------------------------------------------------
 E_KohnSham     -16.8052300827       -228.6468853252      
 E_Harris       -16.8048999575       -228.6423937414      
 E_Fermi        -0.6910121431        -9.4017025333        
----------------------------------------------------------


 LCAO ALGORITHM --------------- ION=   2  ELEC=   5--------------------------------

 Density error is 0.000328675619043
----------------------------------------------------------
     Energy           Rydberg                 eV          
----------------------------------------------------------
 E_KohnSham     -16.8052305909       -228.6468922407      
 E_Harris       -16.8047852199       -228.6408326573      
 E_Fermi        -0.6910042009        -9.4015944740        
----------------------------------------------------------


 LCAO ALGORITHM --------------- ION=   2  ELEC=   6--------------------------------

 Density error is 0.000118885112385
----------------------------------------------------------
     Energy           Rydberg                 eV          
----------------------------------------------------------
 E_KohnSham     -16.8052307499       -228.6468944033      
 E_Harris       -16.8053483119       -228.6484939167      
 E_Fermi        -0.6909716639        -9.4011517859        
----------------------------------------------------------


 LCAO ALGORITHM --------------- ION=   2  ELEC=   7--------------------------------

 Density error is 3.61951016923e-05
----------------------------------------------------------
     Energy           Rydberg                 eV          
----------------------------------------------------------
 E_KohnSham     -16.8052307600       -228.6468945406      
 E_Harris       -16.8052763942       -228.6475154265      
 E_Fermi        -0.6909819966        -9.4012923692        
----------------------------------------------------------


 LCAO ALGORITHM --------------- ION=   2  ELEC=   8--------------------------------

 Density error is 2.32908882704e-05
----------------------------------------------------------
     Energy           Rydberg                 eV          
----------------------------------------------------------
 E_KohnSham     -16.8052307738       -228.6468947282      
 E_Harris       -16.8052563907       -228.6472432640      
 E_Fermi        -0.6909843490        -9.4013243758        
----------------------------------------------------------


 LCAO ALGORITHM --------------- ION=   2  ELEC=   9--------------------------------

 Density error is 7.08851707376e-06
----------------------------------------------------------
     Energy           Rydberg                 eV          
----------------------------------------------------------
 E_KohnSham     -16.8052307749       -228.6468947435      
 E_Harris       -16.8052345702       -228.6469463812      
 E_Fermi        -0.6909867824        -9.4013574832        
----------------------------------------------------------


 LCAO ALGORITHM --------------- ION=   2  ELEC=  10--------------------------------

 Density error is 2.29374153154e-06
----------------------------------------------------------
     Energy           Rydberg                 eV          
----------------------------------------------------------
 E_KohnSham     -16.8052307749       -228.6468947434      
 E_Harris       -16.8052328523       -228.6469230078      
 E_Fermi        -0.6909869754        -9.4013601088        
----------------------------------------------------------


 LCAO ALGORITHM --------------- ION=   2  ELEC=  11--------------------------------

 Density error is 1.24243107723e-06
----------------------------------------------------------
     Energy           Rydberg                 eV          
----------------------------------------------------------
 E_KohnSham     -16.8052307747       -228.6468947414      
 E_Harris       -16.8052310919       -228.6468990559      
 E_Fermi        -0.6909871662        -9.4013627055        
----------------------------------------------------------


 LCAO ALGORITHM --------------- ION=   2  ELEC=  12--------------------------------

 Density error is 2.40466186788e-07
----------------------------------------------------------
     Energy           Rydberg                 eV          
----------------------------------------------------------
 E_KohnSham     -16.8052307747       -228.6468947409      
 E_Harris       -16.8052307554       -228.6468944782      
 E_Fermi        -0.6909872122        -9.4013633306        
----------------------------------------------------------


 LCAO ALGORITHM --------------- ION=   2  ELEC=  13--------------------------------

 Density error is 5.80159476236e-08
----------------------------------------------------------
     Energy           Rydberg                 eV          
----------------------------------------------------------
 E_KohnSham     -16.8052307747       -228.6468947409      
 E_Harris       -16.8052307278       -228.6468941033      
 E_Fermi        -0.6909872109        -9.4013633133        
----------------------------------------------------------


 LCAO ALGORITHM --------------- ION=   2  ELEC=  14--------------------------------

 Density error is 3.67301061921e-08
----------------------------------------------------------
     Energy           Rydberg                 eV          
----------------------------------------------------------
 E_KohnSham     -16.8052307747       -228.6468947409      
 E_Harris       -16.8052307580       -228.6468945133      
 E_Fermi        -0.6909872098        -9.4013632978        
----------------------------------------------------------


 LCAO ALGORITHM --------------- ION=   2  ELEC=  15--------------------------------

 Density error is 6.35872689176e-09
----------------------------------------------------------
     Energy           Rydberg                 eV          
----------------------------------------------------------
 E_KohnSham     -16.8052307747       -228.6468947408      
 E_KS(sigma->0) -16.8052307747       -228.6468947408      
 E_Harris       -16.8052307722       -228.6468947067      
 E_band         -6.6425374467        -90.3763584536       
 E_one_elec     -49.3440329605       -671.3600105632      
 E_Hartree      25.5129351139        347.1212902538       
 E_xc           -7.1151676959        -96.8068228894       
 E_Ewald        14.1410347678        192.3986484580       
 E_entropy(-TS) 0.0000000000         0.0000000000         
 E_descf        0.0000000000         0.0000000000         
 E_exx          0.0000000000         0.0000000000         
 E_Fermi        -0.6909872083        -9.4013632782        
----------------------------------------------------------


 charge density convergence is achieved
 final etot is -228.64689474 eV
 EFERMI = -9.4013632782 eV

 STATE ENERGY(eV) AND OCCUPATIONS    NSPIN == 1
 1/1 kpoint (Cartesian) = 0.0000 0.0000 0.0000 (911913 pws)
       1       -16.9841        2.00000
       2       -9.40136        2.00000
       3       -9.40136        2.00000
       4       -9.40136        2.00000
       5       0.618616        0.00000
       6        2.07572        0.00000
       7        2.07572        0.00000
       8        2.07572        0.00000
       9        3.07729        0.00000
      10        3.07729        0.00000
      11        3.07729        0.00000
      12        4.50608        0.00000
      13        4.50608        0.00000
      14        8.71591        0.00000

 correction force for each atom along direction 1 is 7.97547e-14
 correction force for each atom along direction 2 is 7.44398e-14
 correction force for each atom along direction 3 is 7.68637e-14
------------------------------------------------------------------------------------------
 TOTAL-FORCE (eV/Angstrom)                                                                
------------------------------------------------------------------------------------------
                        C1         0.0000000000         0.0000000000         0.0000000000 
                        H1        -0.0943740501        -0.0943740501        -0.0943740501 
                        H2        -0.0943740495         0.0943740497         0.0943740497 
                        H3         0.0943740497        -0.0943740495         0.0943740497 
                        H4         0.0943740497         0.0943740497        -0.0943740495 
------------------------------------------------------------------------------------------


 Largest gradient in force is 0.0943741 eV/A.
 Threshold is 0.00300000 eV/A.

 Relaxation is not converged yet!
DIRECT COORDINATES
    atom                   x                   y                   z     mag                  vx                  vy                  vz
taud_C1            0.5000000002        0.5000000002        0.5000000002  0.0000        0.0000000000        0.0000000000        0.0000000000
taud_H1            0.5315984584        0.5315984584        0.5315984584  0.0000        0.0000000000        0.0000000000        0.0000000000
taud_H2            0.5315984584        0.4684015420        0.4684015420  0.0000        0.0000000000        0.0000000000        0.0000000000
taud_H3            0.4684015420        0.5315984584        0.4684015420  0.0000        0.0000000000        0.0000000000        0.0000000000
taud_H4            0.4684015420        0.4684015420        0.5315984584  0.0000        0.0000000000        0.0000000000        0.0000000000



 -------------------------------------------
 STEP OF RELAXATION : 3
 -------------------------------------------
 first order charge density extrapolation !




 >>>>>>>>>>>>>>>>>>>>>>>>>>>>>>>>>>>>>>>>>>>>>>>>>>>>>>>>>>>>>>>>>>>>>>
 |                                                                    |
 | Search adjacent atoms:                                             |
 | Set the adjacent atoms for each atom and set the periodic boundary |
 | condition for the atoms on real space FFT grid. For k-dependent    |
 | algorithm, we also need to set the sparse H and S matrix element   |
 | for each atom.                                                     |
 |                                                                    |
 <<<<<<<<<<<<<<<<<<<<<<<<<<<<<<<<<<<<<<<<<<<<<<<<<<<<<<<<<<<<<<<<<<<<<<





 SETUP SEARCHING RADIUS FOR PROGRAM TO SEARCH ADJACENT ATOMS
                  longest orb rcut (Bohr) = 9.00
   longest nonlocal projector rcut (Bohr) = 1.30
                     search radius (Bohr) = 20.6
              searching radius is (Bohr)) = 20.6
         searching radius unit is (Bohr)) = 1.89
                         PeriodicBoundary = 1
                        Radius(unit:lat0) = 10.9
                                   glayer = [ 2, 2, 2 ]
                             glayer_minus = [ 1, 1, 1 ]

Find the coordinate range of the input atom(unit:lat0).
                                  min_tau = [ -10.6, -10.6, -10.6 ]
                                  max_tau = [ 30.6, 30.6, 30.6 ]
                                BoxNumber = [ 3, 3, 3 ]

 SETUP EXTENDED REAL SPACE GRID FOR GRID INTEGRATION
                          real space grid = [ 243, 243, 243 ]
                 big cell numbers in grid = [ 81, 81, 81 ]
             meshcell numbers in big cell = [ 3, 3, 3 ]
                        extended fft grid = [ 20, 20, 20 ]
                dimension of extened grid = [ 122, 122, 122 ]
                            UnitCellTotal = 27
              Atom number in sub-FFT-grid = 5
    Local orbitals number in sub-FFT-grid = 58
                                ParaV.nnr = 3364
 DONE : INIT SCF Time : 90.4674 (SEC)


 LCAO ALGORITHM --------------- ION=   3  ELEC=   1--------------------------------

 Density error is 0.0170884241466
----------------------------------------------------------
     Energy           Rydberg                 eV          
----------------------------------------------------------
 E_KohnSham     -16.8054799880       -228.6502854616      
 E_Harris       -16.6144923316       -226.0517650877      
 E_Fermi        -0.7029756879        -9.5644749106        
----------------------------------------------------------


 LCAO ALGORITHM --------------- ION=   3  ELEC=   2--------------------------------

 Density error is 0.0107558744140
----------------------------------------------------------
     Energy           Rydberg                 eV          
----------------------------------------------------------
 E_KohnSham     -16.8052309800       -228.6468975341      
 E_Harris       -16.6901691807       -227.0814014421      
 E_Fermi        -0.6989878835        -9.5102180479        
----------------------------------------------------------


 LCAO ALGORITHM --------------- ION=   3  ELEC=   3--------------------------------

 Density error is 0.00310318242300
----------------------------------------------------------
     Energy           Rydberg                 eV          
----------------------------------------------------------
 E_KohnSham     -16.8053514661       -228.6485368313      
 E_Harris       -16.8019512491       -228.6022745058      
 E_Fermi        -0.6930574684        -9.4295306123        
----------------------------------------------------------


 LCAO ALGORITHM --------------- ION=   3  ELEC=   4--------------------------------

 Density error is 0.000618330125975
----------------------------------------------------------
     Energy           Rydberg                 eV          
----------------------------------------------------------
 E_KohnSham     -16.8053525571       -228.6485516750      
 E_Harris       -16.8063478349       -228.6620931244      
 E_Fermi        -0.6923614327        -9.4200605595        
----------------------------------------------------------


 LCAO ALGORITHM --------------- ION=   3  ELEC=   5--------------------------------

 Density error is 0.000394831233811
----------------------------------------------------------
     Energy           Rydberg                 eV          
----------------------------------------------------------
 E_KohnSham     -16.8053529189       -228.6485565974      
 E_Harris       -16.8051140191       -228.6453062001      
 E_Fermi        -0.6924091102        -9.4207092456        
----------------------------------------------------------


 LCAO ALGORITHM --------------- ION=   3  ELEC=   6--------------------------------

 Density error is 0.000165727263322
----------------------------------------------------------
     Energy           Rydberg                 eV          
----------------------------------------------------------
 E_KohnSham     -16.8053532232       -228.6485607387      
 E_Harris       -16.8051755873       -228.6461438782      
 E_Fermi        -0.6924278036        -9.4209635826        
----------------------------------------------------------


 LCAO ALGORITHM --------------- ION=   3  ELEC=   7--------------------------------

 Density error is 4.95483988058e-05
----------------------------------------------------------
     Energy           Rydberg                 eV          
----------------------------------------------------------
 E_KohnSham     -16.8053533209       -228.6485620670      
 E_Harris       -16.8052903064       -228.6477047117      
 E_Fermi        -0.6924123787        -9.4207537160        
----------------------------------------------------------


 LCAO ALGORITHM --------------- ION=   3  ELEC=   8--------------------------------

 Density error is 1.37247540966e-05
----------------------------------------------------------
     Energy           Rydberg                 eV          
----------------------------------------------------------
 E_KohnSham     -16.8053533237       -228.6485621051      
 E_Harris       -16.8053604045       -228.6486584446      
 E_Fermi        -0.6924056508        -9.4206621779        
----------------------------------------------------------


 LCAO ALGORITHM --------------- ION=   3  ELEC=   9--------------------------------

 Density error is 1.01371515806e-05
----------------------------------------------------------
     Energy           Rydberg                 eV          
----------------------------------------------------------
 E_KohnSham     -16.8053533257       -228.6485621322      
 E_Harris       -16.8053511056       -228.6485319261      
 E_Fermi        -0.6924059667        -9.4206664767        
----------------------------------------------------------


 LCAO ALGORITHM --------------- ION=   3  ELEC=  10--------------------------------

 Density error is 2.05795973048e-06
----------------------------------------------------------
     Energy           Rydberg                 eV          
----------------------------------------------------------
 E_KohnSham     -16.8053533259       -228.6485621356      
 E_Harris       -16.8053518696       -228.6485423213      
 E_Fermi        -0.6924057058        -9.4206629262        
----------------------------------------------------------


 LCAO ALGORITHM --------------- ION=   3  ELEC=  11--------------------------------

 Density error is 1.45653586305e-06
----------------------------------------------------------
     Energy           Rydberg                 eV          
----------------------------------------------------------
 E_KohnSham     -16.8053533263       -228.6485621406      
 E_Harris       -16.8053524763       -228.6485505764      
 E_Fermi        -0.6924056531        -9.4206622098        
----------------------------------------------------------


 LCAO ALGORITHM --------------- ION=   3  ELEC=  12--------------------------------

 Density error is 3.40708537586e-07
----------------------------------------------------------
     Energy           Rydberg                 eV          
----------------------------------------------------------
 E_KohnSham     -16.8053533263       -228.6485621408      
 E_Harris       -16.8053534372       -228.6485636493      
 E_Fermi        -0.6924055745        -9.4206611400        
----------------------------------------------------------


 LCAO ALGORITHM --------------- ION=   3  ELEC=  13--------------------------------

 Density error is 6.09909174123e-08
----------------------------------------------------------
     Energy           Rydberg                 eV          
----------------------------------------------------------
 E_KohnSham     -16.8053533263       -228.6485621408      
 E_Harris       -16.8053533576       -228.6485625674      
 E_Fermi        -0.6924055835        -9.4206612626        
----------------------------------------------------------


 LCAO ALGORITHM --------------- ION=   3  ELEC=  14--------------------------------

 Density error is 3.54639029392e-08
----------------------------------------------------------
     Energy           Rydberg                 eV          
----------------------------------------------------------
 E_KohnSham     -16.8053533263       -228.6485621408      
 E_Harris       -16.8053533701       -228.6485627374      
 E_Fermi        -0.6924055832        -9.4206612589        
----------------------------------------------------------


 LCAO ALGORITHM --------------- ION=   3  ELEC=  15--------------------------------

 Density error is 8.97006601937e-09
----------------------------------------------------------
     Energy           Rydberg                 eV          
----------------------------------------------------------
 E_KohnSham     -16.8053533263       -228.6485621408      
 E_KS(sigma->0) -16.8053533263       -228.6485621408      
 E_Harris       -16.8053533297       -228.6485621871      
 E_band         -6.6566444412        -90.5682939610       
 E_one_elec     -49.4953107348       -673.4182502735      
 E_Hartree      25.5906209868        348.1782607783       
 E_xc           -7.1293823637        -97.0002233664       
 E_Ewald        14.2287187854        193.5916507208       
 E_entropy(-TS) 0.0000000000         0.0000000000         
 E_descf        0.0000000000         0.0000000000         
 E_exx          0.0000000000         0.0000000000         
 E_Fermi        -0.6924055864        -9.4206613019        
----------------------------------------------------------


 charge density convergence is achieved
 final etot is -228.64856214 eV
 EFERMI = -9.4206613019 eV

 STATE ENERGY(eV) AND OCCUPATIONS    NSPIN == 1
 1/1 kpoint (Cartesian) = 0.0000 0.0000 0.0000 (911913 pws)
       1       -17.0222        2.00000
       2       -9.42066        2.00000
       3       -9.42066        2.00000
       4       -9.42066        2.00000
       5       0.639516        0.00000
       6        2.08164        0.00000
       7        2.08164        0.00000
       8        2.08164        0.00000
       9        3.10483        0.00000
      10        3.10483        0.00000
      11        3.10483        0.00000
      12        4.52360        0.00000
      13        4.52360        0.00000
      14        8.74169        0.00000

 correction force for each atom along direction 1 is -1.18916e-13
 correction force for each atom along direction 2 is -1.04028e-13
 correction force for each atom along direction 3 is -1.05778e-13
------------------------------------------------------------------------------------------
 TOTAL-FORCE (eV/Angstrom)                                                                
------------------------------------------------------------------------------------------
                        C1         0.0000000000         0.0000000000         0.0000000000 
                        H1        -0.0000210975        -0.0000210975        -0.0000210975 
                        H2        -0.0000210974         0.0000210976         0.0000210976 
                        H3         0.0000210976        -0.0000210974         0.0000210976 
                        H4         0.0000210976         0.0000210976        -0.0000210974 
------------------------------------------------------------------------------------------


 Largest gradient in force is 2.10976e-05 eV/A.
 Threshold is 0.00300000 eV/A.

 Relaxation is converged!


 --------------------------------------------
 !FINAL_ETOT_IS -228.6485621407712 eV
 --------------------------------------------


TIME STATISTICS
------------------------------------------------------------------------------------
    CLASS_NAME                    NAME                TIME/s  CALLS   AVG/s  PER/%  
------------------------------------------------------------------------------------
                   total                              124.01 17       7.29   100.00 
 Driver            reading                            0.03   1        0.03   0.03   
 Input_Conv        Convert                            0.00   1        0.00   0.00   
 Driver            driver_line                        123.97 1        123.97 99.97  
 UnitCell          check_tau                          0.00   1        0.00   0.00   
 ESolver_KS_LCAO   before_all_runners                 2.84   1        2.84   2.29   
 PW_Basis_Sup      setuptransform                     0.08   1        0.08   0.07   
 PW_Basis_Sup      distributeg                        0.08   1        0.08   0.06   
 mymath            heapsort                           1.35   441      0.00   1.09   
 Charge_Mixing     init_mixing                        0.00   1        0.00   0.00   
 Symmetry          analy_sys                          0.02   1        0.02   0.02   
 PW_Basis_K        setuptransform                     0.08   1        0.08   0.07   
 PW_Basis_K        distributeg                        0.06   1        0.06   0.05   
 PW_Basis          setup_struc_factor                 0.25   3        0.08   0.20   
 NOrbital_Lm       extra_uniform                      0.03   13       0.00   0.02   
 Mathzone_Add1     SplineD2                           0.00   13       0.00   0.00   
 Mathzone_Add1     Cubic_Spline_Interpolation         0.00   13       0.00   0.00   
 Mathzone_Add1     Uni_Deriv_Phi                      0.03   13       0.00   0.02   
 ppcell_vl         init_vloc                          0.01   1        0.01   0.01   
 Ions              opt_ions                           121.10 1        121.10 97.65  
 ESolver_KS_LCAO   runner                             113.64 3        37.88  91.64  
 ESolver_KS_LCAO   before_scf                         7.37   3        2.46   5.95   
 atom_arrange      search                             0.00   3        0.00   0.00   
 atom_arrange      grid_d.init                        0.00   3        0.00   0.00   
 Grid              Construct_Adjacent_expand          0.00   3        0.00   0.00   
 Grid              Construct_Adjacent_expand_periodic 0.00   15       0.00   0.00   
 Grid_Technique    init                               0.34   3        0.11   0.27   
 Grid_BigCell      grid_expansion_index               0.16   6        0.03   0.13   
 Grid_Driver       Find_atom                          0.00   90       0.00   0.00   
 Record_adj        for_2d                             0.00   3        0.00   0.00   
 LCAO_domain       grid_prepare                       0.00   3        0.00   0.00   
 Veff              initialize_HR                      0.00   3        0.00   0.00   
 OverlapNew        initialize_SR                      0.00   3        0.00   0.00   
 EkineticNew       initialize_HR                      0.00   3        0.00   0.00   
 NonlocalNew       initialize_HR                      0.00   3        0.00   0.00   
 Charge            set_rho_core                       0.67   3        0.22   0.54   
 PW_Basis_Sup      recip2real                         15.14  342      0.04   12.21  
 PW_Basis_Sup      gathers_scatterp                   3.18   342      0.01   2.57   
 ModuleIO          read_rhog                          0.00   1        0.00   0.00   
 Charge            atomic_rho                         1.50   6        0.25   1.21   
 Potential         init_pot                           4.28   3        1.43   3.45   
 Potential         update_from_charge                 68.57  54       1.27   55.29  
 Potential         cal_fixed_v                        0.47   3        0.16   0.38   
 PotLocal          cal_fixed_v                        0.43   3        0.14   0.35   
 Potential         cal_v_eff                          66.84  54       1.24   53.90  
 H_Hartree_pw      v_hartree                          11.78  54       0.22   9.50   
 PW_Basis_Sup      real2recip                         13.77  399      0.03   11.11  
 PW_Basis_Sup      gatherp_scatters                   1.56   399      0.00   1.25   
 PotXC             cal_v_eff                          52.79  54       0.98   42.57  
 XC_Functional     v_xc                               54.48  57       0.96   43.93  
 Potential         interpolate_vrs                    1.25   54       0.02   1.01   
 H_Ewald_pw        compute_ewald                      0.96   3        0.32   0.77   
 HSolverLCAO       solve                              10.45  51       0.20   8.43   
 HamiltLCAO        updateHk                           2.74   51       0.05   2.21   
 OperatorLCAO      init                               2.73   153      0.02   2.20   
 Veff              contributeHR                       2.69   51       0.05   2.17   
 Gint_interface    cal_gint                           5.78   105      0.06   4.66   
 Gint_interface    cal_gint_vlocal                    2.68   51       0.05   2.16   
 Gint_Tools        cal_psir_ylm                       3.71   96163    0.00   3.00   
 Gint_k            transfer_pvpR                      0.00   51       0.00   0.00   
 OverlapNew        calculate_SR                       0.01   3        0.00   0.00   
 OverlapNew        contributeHk                       0.00   51       0.00   0.00   
 EkineticNew       contributeHR                       0.01   51       0.00   0.01   
 EkineticNew       calculate_HR                       0.01   3        0.00   0.01   
 NonlocalNew       contributeHR                       0.02   51       0.00   0.02   
 NonlocalNew       calculate_HR                       0.02   3        0.01   0.02   
 OperatorLCAO      contributeHk                       0.00   51       0.00   0.00   
 HSolverLCAO       hamiltSolvePsiK                    0.24   51       0.00   0.19   
 DiagoElpa         elpa_solve                         0.22   51       0.00   0.18   
 elecstate         cal_dm                             0.01   54       0.00   0.00   
 psiMulPsiMpi      pdgemm                             0.01   54       0.00   0.00   
 DensityMatrix     cal_DMR                            0.00   56       0.00   0.00   
 ElecStateLCAO     psiToRho                           7.46   51       0.15   6.02   
 Gint              transfer_DMR                       0.00   51       0.00   0.00   
 Gint_interface    cal_gint_rho                       2.87   51       0.06   2.31   
 Charge_Mixing     get_drho                           0.19   51       0.00   0.15   
 Charge            mix_rho                            15.83  48       0.33   12.77  
 Charge            Pulay_mixing                       0.80   48       0.02   0.64   
 ModuleIO          write_rhog                         2.99   3        1.00   2.41   
 ESolver_KS_LCAO   after_scf                          0.83   3        0.28   0.67   
 ESolver_KS_LCAO   cal_force                          7.45   3        2.48   6.01   
 Force_Stress_LCAO getForceStress                     7.45   3        2.48   6.01   
 Forces            cal_force_loc                      1.69   3        0.56   1.37   
 Forces            cal_force_ew                       0.96   3        0.32   0.78   
 Forces            cal_force_cc                       4.13   3        1.38   3.33   
 Forces            cal_force_scc                      0.40   3        0.13   0.32   
 Force_LCAO        ftable                             0.23   3        0.08   0.19   
 Force_LCAO        allocate                           0.02   3        0.01   0.02   
 LCAO_domain       build_ST_new                       0.02   6        0.00   0.02   
 Force_LCAO        cal_pulay_fs_center2               0.00   6        0.00   0.00   
 Gint_interface    cal_gint_force                     0.21   3        0.07   0.17   
 Gint_Tools        cal_dpsir_ylm                      0.13   2770     0.00   0.10   
 NonlocalNew       cal_force_stress                   0.00   3        0.00   0.00   
 Charge_Extra      extrapolate_charge                 0.64   2        0.32   0.52   
 ESolver_KS_LCAO   after_all_runners                  0.00   1        0.00   0.00   
 ModuleIO          write_istate_info                  0.00   1        0.00   0.00   
------------------------------------------------------------------------------------


 NAME-------------------------|MEMORY(MB)--------
                         total          1123.
                  SF::strucFac          222.5
                      Chg::rho          109.5
                 Chg::rho_save          109.5
                 Chg::rho_core          109.5
                 Pot::veff_fix          109.5
                     Pot::veff          109.5
              Pot::veff_smooth          109.5
                     Chg::rhog          55.63
                Chg::rhog_save          55.63
                Chg::rhog_core          55.63
                  PW_B_K::gcar          20.87
                   PW_B_K::gk2          6.957
               GT::ind_bigcell          6.927
         GT::in_this_processor          6.927
              GT::index2normal          6.927
               GT::index2ucell          6.927
       TwoCenterTable: Kinetic          3.071
       TwoCenterTable: Overlap          3.071
                 GT::start_ind          2.027
            GT::how_many_atoms          2.027
               GT::bcell_start          2.027
            GT::how many atoms          2.027
      GT::bigcell_on_processor          1.732
      TwoCenterTable: Nonlocal          1.551
 -------------   < 1.0 MB has been ignored ----------------
 ----------------------------------------------------------

 Start  Time  : Fri Sep  4 17:26:26 2026
 Finish Time  : Fri Sep  4 17:28:30 2026
 Total  Time  : 0 h 2 mins 4 secs 
