                                                                                     
                              ABACUS v3.10.0

               Atomic-orbital Based Ab-initio Computation at UStc                    

                     Website: http://abacus.ustc.edu.cn/                             
               Documentation: https://abacus.deepmodeling.com/                       
                  Repository: https://github.com/abacusmodeling/abacus-develop       
                              https://github.com/deepmodeling/abacus-develop         
                      Commit: e84abb4 (Sat Jun 28 13:06:46 2025 +0800)

    Start Time is Wed Sep  2 20:50:07 2026
                                                                                     
 ------------------------------------------------------------------------------------

 READING GENERAL INFORMATION
                           global_out_dir = OUT.MOLAPT_HSE/
                           global_in_card = INPUT
                               pseudo_dir = ./
                              orbital_dir = ./
                                    DRANK = 1
                                    DSIZE = 1
                                   DCOLOR = 1
                                    GRANK = 1
                                    GSIZE = 1




 >>>>>>>>>>>>>>>>>>>>>>>>>>>>>>>>>>>>>>>>>>>>>>>>>>>>>>>>>>>>>>>>>>>>>>
 |                                                                    |
 | Reading atom information in unitcell:                              |
 | From the input file and the structure file we know the number of   |
 | different elments in this unitcell, then we list the detail        |
 | information for each element, especially the zeta and polar atomic |
 | orbital number for each element. The total atom number is counted. |
 | We calculate the nearest atom distance for each atom and show the  |
 | Cartesian and Direct coordinates for each atom. We list the file   |
 | address for atomic orbitals. The volume and the lattice vectors    |
 | in real and reciprocal space is also shown.                        |
 |                                                                    |
 <<<<<<<<<<<<<<<<<<<<<<<<<<<<<<<<<<<<<<<<<<<<<<<<<<<<<<<<<<<<<<<<<<<<<<




 READING UNITCELL INFORMATION
                                    ntype = 2
                  lattice constant (Bohr) = 1.88973
              lattice constant (Angstrom) = 1

 READING ATOM TYPE 1
                               atom label = C
                      L=0, number of zeta = 3
                      L=1, number of zeta = 3
                      L=2, number of zeta = 2
             number of atom for this type = 1

 READING ATOM TYPE 2
                               atom label = H
                      L=0, number of zeta = 3
                      L=1, number of zeta = 2
             number of atom for this type = 4

                        TOTAL ATOM NUMBER = 5
DIRECT COORDINATES
    atom                   x                   y                   z     mag                  vx                  vy                  vz
taud_C1            0.5000000000        0.5000000000        0.5000000000  0.0000        0.0000000000        0.0000000000        0.0000000000
taud_H1            0.5313789500        0.5313789500        0.5313789500  0.0000        0.0000000000        0.0000000000        0.0000000000
taud_H2            0.4686210500        0.4686210500        0.5313789500  0.0000        0.0000000000        0.0000000000        0.0000000000
taud_H3            0.4686210500        0.5313789500        0.4686210500  0.0000        0.0000000000        0.0000000000        0.0000000000
taud_H4            0.5313789500        0.4686210500        0.4686210500  0.0000        0.0000000000        0.0000000000        0.0000000000



                          Volume (Bohr^3) = 53986.7
                             Volume (A^3) = 7999.99

 Lattice vectors: (Cartesian coordinate: in unit of a_0)
                  +20                  +0                  +0
                   +0                 +20                  +0
                   +0                  +0                 +20
 Reciprocal vectors: (Cartesian coordinate: in unit of 2 pi/a_0)
                +0.05                  -0                  +0
                   -0               +0.05                  -0
                   +0                  -0               +0.05
 The esolver type has been set to : ksdft_lcao

 RUNNING WITH DEVICE  : CPU / Intel(R) Xeon(R) Gold 6248 CPU @ 2.50GHz




 >>>>>>>>>>>>>>>>>>>>>>>>>>>>>>>>>>>>>>>>>>>>>>>>>>>>>>>>>>>>>>>>>>>>>>
 |                                                                    |
 | Reading pseudopotentials files:                                    |
 | The pseudopotential file is in UPF format. The 'NC' indicates that |
 | the type of pseudopotential is 'norm conserving'. Functional of    |
 | exchange and correlation is decided by 4 given parameters in UPF   |
 | file.  We also read in the 'core correction' if there exists.      |
 | Also we can read the valence electrons number and the maximal      |
 | angular momentum used in this pseudopotential. We also read in the |
 | trail wave function, trail atomic density and local-pseudopotential|
 | on logrithmic grid. The non-local pseudopotential projector is also|
 | read in if there is any.                                           |
 |                                                                    |
 <<<<<<<<<<<<<<<<<<<<<<<<<<<<<<<<<<<<<<<<<<<<<<<<<<<<<<<<<<<<<<<<<<<<<<




                PAO radial cut off (Bohr) = 15

 Read in pseudopotential file is C.upf
                     pseudopotential type = NC
          exchange-correlation functional = PBE
                 nonlocal core correction = 1
                        valence electrons = 4
                                     lmax = 1
                           number of zeta = 2
                     number of projectors = 4
                           L of projector = 0
                           L of projector = 0
                           L of projector = 1
                           L of projector = 1
 XC functional updated to : hse
          exchange-correlation functional = HSE
                PAO radial cut off (Bohr) = 15

 Read in pseudopotential file is H.upf
                     pseudopotential type = NC
          exchange-correlation functional = PBE
                 nonlocal core correction = 0
                        valence electrons = 1
                                     lmax = 1
                           number of zeta = 1
                     number of projectors = 3
                           L of projector = 0
                           L of projector = 0
                           L of projector = 1
 XC functional updated to : hse
          exchange-correlation functional = HSE
     initial pseudo atomic orbital number = 8

 SETUP THE ELECTRONS NUMBER
             electron number of element C = 4
       total electron number of element C = 4
             electron number of element H = 1
       total electron number of element H = 4
            AUTOSET number of electrons:  = 8
                           occupied bands = 4
                                   NLOCAL = 58
                                   NBANDS = 14
                                   NBANDS = 14
                                   NLOCAL = 58




 >>>>>>>>>>>>>>>>>>>>>>>>>>>>>>>>>>>>>>>>>>>>>>>>>>>>>>>>>>>>>>>>>>>>>>
 |                                                                    |
 | Setup plane waves of charge/potential:                             |
 | Use the energy cutoff and the lattice vectors to generate the      |
 | dimensions of FFT grid. The number of FFT grid on each processor   |
 | is 'nrxx'. The number of plane wave basis in reciprocal space is   |
 | different for charege/potential and wave functions. We also set    |
 | the 'sticks' for the parallel of FFT. The number of plane waves    |
 | is 'npw' in each processor.                                        |
 <<<<<<<<<<<<<<<<<<<<<<<<<<<<<<<<<<<<<<<<<<<<<<<<<<<<<<<<<<<<<<<<<<<<<<





 SETUP THE PLANE WAVE BASIS
 energy cutoff for charge/potential (unit:Ry) = 400
            fft grid for charge/potential = [ 243, 243, 243 ]
                        fft grid division = [ 3, 3, 3 ]
        big fft grid for charge/potential = [ 81, 81, 81 ]
                                     nbxx = 531441
                                     nrxx = 14348907

 SETUP PLANE WAVES FOR CHARGE/POTENTIAL
                    number of plane waves = 7292125
                         number of sticks = 45461

 PARALLEL PW FOR CHARGE/POTENTIAL
     PROC   COLUMNS(POT)             PW
        1          45461        7292125
 --------------- sum -------------------
        1          45461        7292125
                            number of |g| = 12063
                                  max |g| = 36.18
                                  min |g| = 0
 DONE : SETUP UNITCELL Time : 3.384 (SEC)


----------- Double Check Mixing Parameters Begin ------------
mixing_type: pulay
mixing_beta: 0.4
mixing_gg0: 1
mixing_gg0_min: 0.1
mixing_ndim: 20
----------- Double Check Mixing Parameters End ------------




 >>>>>>>>>>>>>>>>>>>>>>>>>>>>>>>>>>>>>>>>>>>>>>>>>>>>>>>>>>>>>>>>>>>>>>
 |                                                                    |
 | Setup K-points                                                     |
 | We setup the k-points according to input parameters.               |
 | The reduced k-points are set according to symmetry operations.     |
 | We treat the spin as another set of k-points.                      |
 |                                                                    |
 <<<<<<<<<<<<<<<<<<<<<<<<<<<<<<<<<<<<<<<<<<<<<<<<<<<<<<<<<<<<<<<<<<<<<<





 SETUP K-POINTS
                                    nspin = 1
                   Input type of k points = Monkhorst-Pack(Gamma)
                                   nkstot = 1
                               nkstot_ibz = 1
K-POINTS REDUCTION ACCORDING TO SYMMETRY
     IBZ    DIRECT_X    DIRECT_Y    DIRECT_Z  WEIGHT  ibz2bz
       1  0.00000000  0.00000000  0.00000000  1.0000       0

                               nkstot now = 1
K-POINTS DIRECT COORDINATES
 KPOINTS    DIRECT_X    DIRECT_Y    DIRECT_Z  WEIGHT
       1  0.00000000  0.00000000  0.00000000  1.0000


           k-point number in this process = 1
       minimum distributed K point number = 1

K-POINTS CARTESIAN COORDINATES
 KPOINTS CARTESIAN_X CARTESIAN_Y CARTESIAN_Z  WEIGHT
       1  0.00000000  0.00000000  0.00000000  2.0000


K-POINTS DIRECT COORDINATES
 KPOINTS    DIRECT_X    DIRECT_Y    DIRECT_Z  WEIGHT
       1  0.00000000  0.00000000  0.00000000  2.0000

 DONE : INIT K-POINTS Time : 3.3877 (SEC)


 Warning_Memory_Consuming allocated:  PW_B_K::gk2 6.95734 MB

 Warning_Memory_Consuming allocated:  PW_B_K::gcar 20.872 MB




 >>>>>>>>>>>>>>>>>>>>>>>>>>>>>>>>>>>>>>>>>>>>>>>>>>>>>>>>>>>>>>>>>>>>>>
 |                                                                    |
 | Setup plane waves of wave functions:                               |
 | Use the energy cutoff and the lattice vectors to generate the      |
 | dimensions of FFT grid. The number of FFT grid on each processor   |
 | is 'nrxx'. The number of plane wave basis in reciprocal space is   |
 | different for charege/potential and wave functions. We also set    |
 | the 'sticks' for the parallel of FFT. The number of plane wave of  |
 | each k-point is 'npwk[ik]' in each processor                       |
 <<<<<<<<<<<<<<<<<<<<<<<<<<<<<<<<<<<<<<<<<<<<<<<<<<<<<<<<<<<<<<<<<<<<<<





 SETUP PLANE WAVES FOR WAVE FUNCTIONS
     energy cutoff for wavefunc (unit:Ry) = 100
              fft grid for wave functions = [ 243, 243, 243 ]
                    number of plane waves = 911913
                         number of sticks = 11369

 PARALLEL PW FOR WAVE FUNCTIONS
     PROC   COLUMNS(POT)             PW
        1          11369         911913
 --------------- sum -------------------
        1          11369         911913
 DONE : INIT PLANEWAVE Time : 3.57648 (SEC)


 Warning_Memory_Consuming allocated:  SF::strucFac 222.538 MB
 SET NONLOCAL PSEUDOPOTENTIAL PROJECTORS
 SET NONLOCAL PSEUDOPOTENTIAL PROJECTORS
 max number of nonlocal projetors among all species is 4

 Warning_Memory_Consuming allocated:  ORB::Jl(x) 921.868 MB
 Auxiliary basis functions
		C		8 s		7 p		6 d		4 f		3 g		
		H		6 s		4 p		3 d		

 Warning_Memory_Consuming allocated:  ORB::Jl(x) 5063.37 MB
 DONE : LOCAL POTENTIAL Time : 97.7391 (SEC)


 Warning_Memory_Consuming allocated:  Chg::rho 109.473 MB

 Warning_Memory_Consuming allocated:  Chg::rho_save 109.473 MB

 Warning_Memory_Consuming allocated:  Chg::rhog 55.6345 MB

 Warning_Memory_Consuming allocated:  Chg::rhog_save 55.6345 MB

 Warning_Memory_Consuming allocated:  Chg::rho_core 109.473 MB

 Warning_Memory_Consuming allocated:  Chg::rhog_core 55.6345 MB

 Warning_Memory_Consuming allocated:  Pot::veff_fix 109.473 MB

 Warning_Memory_Consuming allocated:  Pot::veff 109.473 MB

 Warning_Memory_Consuming allocated:  Pot::veff_smooth 109.473 MB

 -------------------------------------------
 SELF-CONSISTENT
 -------------------------------------------




 >>>>>>>>>>>>>>>>>>>>>>>>>>>>>>>>>>>>>>>>>>>>>>>>>>>>>>>>>>>>>>>>>>>>>>
 |                                                                    |
 | Search adjacent atoms:                                             |
 | Set the adjacent atoms for each atom and set the periodic boundary |
 | condition for the atoms on real space FFT grid. For k-dependent    |
 | algorithm, we also need to set the sparse H and S matrix element   |
 | for each atom.                                                     |
 |                                                                    |
 <<<<<<<<<<<<<<<<<<<<<<<<<<<<<<<<<<<<<<<<<<<<<<<<<<<<<<<<<<<<<<<<<<<<<<





 SETUP SEARCHING RADIUS FOR PROGRAM TO SEARCH ADJACENT ATOMS
                  longest orb rcut (Bohr) = 9
   longest nonlocal projector rcut (Bohr) = 1.3
                     search radius (Bohr) = 20.6
              searching radius is (Bohr)) = 20.6
         searching radius unit is (Bohr)) = 1.89
                         PeriodicBoundary = 1
                        Radius(unit:lat0) = 10.9
                                   glayer = [ 2, 2, 2 ]
                             glayer_minus = [ 1, 1, 1 ]

Find the coordinate range of the input atom(unit:lat0).
                                  min_tau = [ -10.6, -10.6, -10.6 ]
                                  max_tau = [ 30.6, 30.6, 30.6 ]
                                BoxNumber = [ 3, 3, 3 ]

 SETUP EXTENDED REAL SPACE GRID FOR GRID INTEGRATION
                          real space grid = [ 243, 243, 243 ]
                 big cell numbers in grid = [ 81, 81, 81 ]
             meshcell numbers in big cell = [ 3, 3, 3 ]
                        extended fft grid = [ 20, 20, 20 ]
                dimension of extened grid = [ 122, 122, 122 ]
                            UnitCellTotal = 27

 Warning_Memory_Consuming allocated:  GT::ind_bigcell 6.93 MB

 Warning_Memory_Consuming allocated:  GT::in_this_processor 6.93 MB

 Warning_Memory_Consuming allocated:  GT::index2normal 6.93 MB

 Warning_Memory_Consuming allocated:  GT::index2ucell 6.93 MB
              Atom number in sub-FFT-grid = 5
    Local orbitals number in sub-FFT-grid = 58
                                ParaV.nnr = 3364
                                 init_chg = auto
 try to read charge from file
 Read in the charge density: OUT.MOLAPT_HSE//MOLAPT_HSE-CHARGE-DENSITY.restart
 DONE : INIT SCF Time : 101.684 (SEC)


 LCAO ALGORITHM --------------- ION=   1  ELEC=   1--------------------------------

 Density error is 0.0122893603461
----------------------------------------------------------
     Energy           Rydberg                 eV          
----------------------------------------------------------
 E_KohnSham     -16.8049857348       -228.6435608017      
 E_Harris       -16.7279137762       -227.5949430093      
 E_Fermi        -0.6959490413        -9.4688724792        
----------------------------------------------------------


 LCAO ALGORITHM --------------- ION=   1  ELEC=   2--------------------------------

 Density error is 0.00523488728298
----------------------------------------------------------
     Energy           Rydberg                 eV          
----------------------------------------------------------
 E_KohnSham     -16.8050693054       -228.6446978387      
 E_Harris       -16.8141146170       -228.7677656162      
 E_Fermi        -0.6925475356        -9.4225926197        
----------------------------------------------------------


 LCAO ALGORITHM --------------- ION=   1  ELEC=   3--------------------------------

 Density error is 0.00250477230291
----------------------------------------------------------
     Energy           Rydberg                 eV          
----------------------------------------------------------
 E_KohnSham     -16.8050726879       -228.6447438590      
 E_Harris       -16.8247446842       -228.9123951001      
 E_Fermi        -0.6926928351        -9.4245695208        
----------------------------------------------------------


 LCAO ALGORITHM --------------- ION=   1  ELEC=   4--------------------------------

 Density error is 0.000635530428331
----------------------------------------------------------
     Energy           Rydberg                 eV          
----------------------------------------------------------
 E_KohnSham     -16.8050743959       -228.6447670979      
 E_Harris       -16.8099901505       -228.7116493705      
 E_Fermi        -0.6939845411        -9.4421440829        
----------------------------------------------------------


 LCAO ALGORITHM --------------- ION=   1  ELEC=   5--------------------------------

 Density error is 0.000312289442902
----------------------------------------------------------
     Energy           Rydberg                 eV          
----------------------------------------------------------
 E_KohnSham     -16.8050737456       -228.6447582506      
 E_Harris       -16.8076638022       -228.6799977776      
 E_Fermi        -0.6942414765        -9.4456398678        
----------------------------------------------------------


 LCAO ALGORITHM --------------- ION=   1  ELEC=   6--------------------------------

 Density error is 0.000218921103746
----------------------------------------------------------
     Energy           Rydberg                 eV          
----------------------------------------------------------
 E_KohnSham     -16.8050730579       -228.6447488944      
 E_Harris       -16.8067231882       -228.6672000678      
 E_Fermi        -0.6943636628        -9.4473022986        
----------------------------------------------------------


 LCAO ALGORITHM --------------- ION=   1  ELEC=   7--------------------------------

 Density error is 0.000159698561424
----------------------------------------------------------
     Energy           Rydberg                 eV          
----------------------------------------------------------
 E_KohnSham     -16.8050723489       -228.6447392478      
 E_Harris       -16.8057978916       -228.6546107626      
 E_Fermi        -0.6944629998        -9.4486538476        
----------------------------------------------------------


 LCAO ALGORITHM --------------- ION=   1  ELEC=   8--------------------------------

 Density error is 8.91532938481e-05
----------------------------------------------------------
     Energy           Rydberg                 eV          
----------------------------------------------------------
 E_KohnSham     -16.8050719881       -228.6447343377      
 E_Harris       -16.8054410624       -228.6497558514      
 E_Fermi        -0.6945075893        -9.4492605194        
----------------------------------------------------------


 LCAO ALGORITHM --------------- ION=   1  ELEC=   9--------------------------------

 Density error is 5.00603039085e-05
----------------------------------------------------------
     Energy           Rydberg                 eV          
----------------------------------------------------------
 E_KohnSham     -16.8050718610       -228.6447326095      
 E_Harris       -16.8052489909       -228.6471425856      
 E_Fermi        -0.6945278015        -9.4495355193        
----------------------------------------------------------


 LCAO ALGORITHM --------------- ION=   1  ELEC=  10--------------------------------

 Density error is 3.34068130755e-05
----------------------------------------------------------
     Energy           Rydberg                 eV          
----------------------------------------------------------
 E_KohnSham     -16.8050717973       -228.6447317419      
 E_Harris       -16.8051360690       -228.6456062033      
 E_Fermi        -0.6945394932        -9.4496945929        
----------------------------------------------------------


 LCAO ALGORITHM --------------- ION=   1  ELEC=  11--------------------------------

 Density error is 1.54771309514e-05
----------------------------------------------------------
     Energy           Rydberg                 eV          
----------------------------------------------------------
 E_KohnSham     -16.8050717839       -228.6447315599      
 E_Harris       -16.8051117027       -228.6452746834      
 E_Fermi        -0.6945426206        -9.4497371445        
----------------------------------------------------------


 LCAO ALGORITHM --------------- ION=   1  ELEC=  12--------------------------------

 Density error is 1.00531861892e-05
----------------------------------------------------------
     Energy           Rydberg                 eV          
----------------------------------------------------------
 E_KohnSham     -16.8050717691       -228.6447313584      
 E_Harris       -16.8050960753       -228.6450620614      
 E_Fermi        -0.6945442818        -9.4497597455        
----------------------------------------------------------


 LCAO ALGORITHM --------------- ION=   1  ELEC=  13--------------------------------

 Density error is 4.54890703886e-06
----------------------------------------------------------
     Energy           Rydberg                 eV          
----------------------------------------------------------
 E_KohnSham     -16.8050717648       -228.6447313008      
 E_Harris       -16.8050781907       -228.6448187290      
 E_Fermi        -0.6945462084        -9.4497859587        
----------------------------------------------------------


 LCAO ALGORITHM --------------- ION=   1  ELEC=  14--------------------------------

 Density error is 1.23738963869e-06
----------------------------------------------------------
     Energy           Rydberg                 eV          
----------------------------------------------------------
 E_KohnSham     -16.8050717648       -228.6447313001      
 E_Harris       -16.8050736157       -228.6447564833      
 E_Fermi        -0.6945467566        -9.4497934178        
----------------------------------------------------------


 LCAO ALGORITHM --------------- ION=   1  ELEC=  15--------------------------------

 Density error is 9.29647205333e-07
----------------------------------------------------------
     Energy           Rydberg                 eV          
----------------------------------------------------------
 E_KohnSham     -16.8050717641       -228.6447312900      
 E_Harris       -16.8050732056       -228.6447509033      
 E_Fermi        -0.6945467910        -9.4497938846        
----------------------------------------------------------


 LCAO ALGORITHM --------------- ION=   1  ELEC=  16--------------------------------

 Density error is 3.06521146422e-07
----------------------------------------------------------
     Energy           Rydberg                 eV          
----------------------------------------------------------
 E_KohnSham     -16.8050717640       -228.6447312890      
 E_Harris       -16.8050720244       -228.6447348329      
 E_Fermi        -0.6945469236        -9.4497956896        
----------------------------------------------------------


 LCAO ALGORITHM --------------- ION=   1  ELEC=  17--------------------------------

 Density error is 1.04419627598e-07
----------------------------------------------------------
     Energy           Rydberg                 eV          
----------------------------------------------------------
 E_KohnSham     -16.8050717640       -228.6447312889      
 E_Harris       -16.8050718368       -228.6447322803      
 E_Fermi        -0.6945469461        -9.4497959954        
----------------------------------------------------------


 LCAO ALGORITHM --------------- ION=   1  ELEC=  18--------------------------------

 Density error is 3.62563722274e-08
----------------------------------------------------------
     Energy           Rydberg                 eV          
----------------------------------------------------------
 E_KohnSham     -16.8050717640       -228.6447312890      
 E_KS(sigma->0) -16.8050717640       -228.6447312890      
 E_Harris       -16.8050717813       -228.6447315252      
 E_band         -6.6779494108        -90.8581629425       
 E_one_elec     -49.7238155382       -676.5272176199      
 E_Hartree      25.7079810375        349.7750261853       
 E_xc           -7.1508812662        -97.2927309423       
 E_Ewald        14.3616440030        195.4001910879       
 E_entropy(-TS) 0.0000000000         0.0000000000         
 E_descf        0.0000000000         0.0000000000         
 E_exx          0.0000000000         0.0000000000         
 E_Fermi        -0.6945469516        -9.4497960706        
----------------------------------------------------------


 LCAO ALGORITHM --------------- ION=   1  ELEC=   1--------------------------------

 Density error is 0.0696016837589
----------------------------------------------------------
     Energy           Rydberg                 eV          
----------------------------------------------------------
 E_KohnSham     -16.5995345003       -225.8482533523      
 E_Harris       -18.1524286218       -246.9764617952      
 E_Fermi        -0.9879441410        -13.4416696237       
----------------------------------------------------------


 LCAO ALGORITHM --------------- ION=   1  ELEC=   2--------------------------------

 Density error is 0.0558667011091
----------------------------------------------------------
     Energy           Rydberg                 eV          
----------------------------------------------------------
 E_KohnSham     -16.6459105264       -226.4792315578      
 E_Harris       -17.3501912271       -236.0614620775      
 E_Fermi        -0.7401894359        -10.0707939272       
----------------------------------------------------------


 LCAO ALGORITHM --------------- ION=   1  ELEC=   3--------------------------------

 Density error is 0.0340956802521
----------------------------------------------------------
     Energy           Rydberg                 eV          
----------------------------------------------------------
 E_KohnSham     -16.6437167752       -226.4493840405      
 E_Harris       -17.0690277577       -232.2360368254      
 E_Fermi        -0.7537968318        -10.2559320467       
----------------------------------------------------------


 LCAO ALGORITHM --------------- ION=   1  ELEC=   4--------------------------------

 Density error is 0.0141474930266
----------------------------------------------------------
     Energy           Rydberg                 eV          
----------------------------------------------------------
 E_KohnSham     -16.6436541784       -226.4485323676      
 E_Harris       -16.8136891611       -228.7619769914      
 E_Fermi        -0.7672257095        -10.4386413018       
----------------------------------------------------------


 LCAO ALGORITHM --------------- ION=   1  ELEC=   5--------------------------------

 Density error is 0.000698756835738
----------------------------------------------------------
     Energy           Rydberg                 eV          
----------------------------------------------------------
 E_KohnSham     -16.6438646922       -226.4513965551      
 E_Harris       -16.6521364952       -226.5639402083      
 E_Fermi        -0.7771268839        -10.5733536902       
----------------------------------------------------------


 LCAO ALGORITHM --------------- ION=   1  ELEC=   6--------------------------------

 Density error is 0.00142337692706
----------------------------------------------------------
     Energy           Rydberg                 eV          
----------------------------------------------------------
 E_KohnSham     -16.6438672473       -226.4514313182      
 E_Harris       -16.6319705221       -226.2895680691      
 E_Fermi        -0.7783845978        -10.5904657661       
----------------------------------------------------------


 LCAO ALGORITHM --------------- ION=   1  ELEC=   7--------------------------------

 Density error is 0.000250078704226
----------------------------------------------------------
     Energy           Rydberg                 eV          
----------------------------------------------------------
 E_KohnSham     -16.6438710464       -226.4514830077      
 E_Harris       -16.6467020182       -226.4900003552      
 E_Fermi        -0.7775815881        -10.5795402577       
----------------------------------------------------------


 LCAO ALGORITHM --------------- ION=   1  ELEC=   8--------------------------------

 Density error is 0.000100567586317
----------------------------------------------------------
     Energy           Rydberg                 eV          
----------------------------------------------------------
 E_KohnSham     -16.6438713768       -226.4514875036      
 E_Harris       -16.6438364873       -226.4510128079      
 E_Fermi        -0.7777876527        -10.5823439101       
----------------------------------------------------------


 LCAO ALGORITHM --------------- ION=   1  ELEC=   9--------------------------------

 Density error is 7.90268259473e-05
----------------------------------------------------------
     Energy           Rydberg                 eV          
----------------------------------------------------------
 E_KohnSham     -16.6438715259       -226.4514895317      
 E_Harris       -16.6437503819       -226.4498412833      
 E_Fermi        -0.7777998448        -10.5825097923       
----------------------------------------------------------


 LCAO ALGORITHM --------------- ION=   1  ELEC=  10--------------------------------

 Density error is 2.8340341318e-05
----------------------------------------------------------
     Energy           Rydberg                 eV          
----------------------------------------------------------
 E_KohnSham     -16.6438714365       -226.4514883162      
 E_Harris       -16.6439490582       -226.4525444135      
 E_Fermi        -0.7777929829        -10.5824164321       
----------------------------------------------------------


 LCAO ALGORITHM --------------- ION=   1  ELEC=  11--------------------------------

 Density error is 1.0535988175e-05
----------------------------------------------------------
     Energy           Rydberg                 eV          
----------------------------------------------------------
 E_KohnSham     -16.6438714094       -226.4514879468      
 E_Harris       -16.6438840022       -226.4516592807      
 E_Fermi        -0.7777980986        -10.5824860345       
----------------------------------------------------------


 LCAO ALGORITHM --------------- ION=   1  ELEC=  12--------------------------------

 Density error is 4.28295313488e-06
----------------------------------------------------------
     Energy           Rydberg                 eV          
----------------------------------------------------------
 E_KohnSham     -16.6438714033       -226.4514878646      
 E_Harris       -16.6438705583       -226.4514763668      
 E_Fermi        -0.7777992068        -10.5825011127       
----------------------------------------------------------


 LCAO ALGORITHM --------------- ION=   1  ELEC=  13--------------------------------

 Density error is 2.37231727961e-06
----------------------------------------------------------
     Energy           Rydberg                 eV          
----------------------------------------------------------
 E_KohnSham     -16.6438714033       -226.4514878647      
 E_Harris       -16.6438713991       -226.4514878076      
 E_Fermi        -0.7777993046        -10.5825024425       
----------------------------------------------------------


 LCAO ALGORITHM --------------- ION=   1  ELEC=  14--------------------------------

 Density error is 9.22707983075e-07
----------------------------------------------------------
     Energy           Rydberg                 eV          
----------------------------------------------------------
 E_KohnSham     -16.6438714033       -226.4514878647      
 E_Harris       -16.6438729131       -226.4515084062      
 E_Fermi        -0.7777992520        -10.5825017273       
----------------------------------------------------------


 LCAO ALGORITHM --------------- ION=   1  ELEC=  15--------------------------------

 Density error is 4.57713955492e-07
----------------------------------------------------------
     Energy           Rydberg                 eV          
----------------------------------------------------------
 E_KohnSham     -16.6438714033       -226.4514878646      
 E_Harris       -16.6438706906       -226.4514781680      
 E_Fermi        -0.7777994060        -10.5825038224       
----------------------------------------------------------


 LCAO ALGORITHM --------------- ION=   1  ELEC=  16--------------------------------

 Density error is 2.85004713955e-07
----------------------------------------------------------
     Energy           Rydberg                 eV          
----------------------------------------------------------
 E_KohnSham     -16.6438714033       -226.4514878647      
 E_Harris       -16.6438712300       -226.4514855064      
 E_Fermi        -0.7777993687        -10.5825033147       
----------------------------------------------------------


 LCAO ALGORITHM --------------- ION=   1  ELEC=  17--------------------------------

 Density error is 1.15445678914e-07
----------------------------------------------------------
     Energy           Rydberg                 eV          
----------------------------------------------------------
 E_KohnSham     -16.6438714033       -226.4514878647      
 E_Harris       -16.6438715501       -226.4514898621      
 E_Fermi        -0.7777993500        -10.5825030612       
----------------------------------------------------------


 LCAO ALGORITHM --------------- ION=   1  ELEC=  18--------------------------------

 Density error is 5.20720712041e-08
----------------------------------------------------------
     Energy           Rydberg                 eV          
----------------------------------------------------------
 E_KohnSham     -16.6438714033       -226.4514878647      
 E_KS(sigma->0) -16.6438714033       -226.4514878647      
 E_Harris       -16.6438712691       -226.4514860378      
 E_band         -7.4721113445        -101.6632903755      
 E_one_elec     -49.7174297809       -676.4403349350      
 E_Hartree      25.6976780663        349.6348470708       
 E_xc           -5.7543617453        -78.2921080896       
 E_Ewald        14.3616440030        195.4001910879       
 E_entropy(-TS) 0.0000000000         0.0000000000         
 E_descf        0.0000000000         0.0000000000         
 E_exx          -1.2314019464        -16.7540829988       
 E_Fermi        -0.7777993669        -10.5825032912       
----------------------------------------------------------


 LCAO ALGORITHM --------------- ION=   1  ELEC=   1--------------------------------

 Density error is 0.00101748895811
----------------------------------------------------------
     Energy           Rydberg                 eV          
----------------------------------------------------------
 E_KohnSham     -16.6439660734       -226.4527759170      
 E_Harris       -16.6540701962       -226.5902495600      
 E_Fermi        -0.7780727945        -10.5862234644       
----------------------------------------------------------


 LCAO ALGORITHM --------------- ION=   1  ELEC=   2--------------------------------

 Density error is 0.000386363965459
----------------------------------------------------------
     Energy           Rydberg                 eV          
----------------------------------------------------------
 E_KohnSham     -16.6439666247       -226.4527834172      
 E_Harris       -16.6438534205       -226.4512431951      
 E_Fermi        -0.7783136515        -10.5895004921       
----------------------------------------------------------


 LCAO ALGORITHM --------------- ION=   1  ELEC=   3--------------------------------

 Density error is 0.000138467937335
----------------------------------------------------------
     Energy           Rydberg                 eV          
----------------------------------------------------------
 E_KohnSham     -16.6439667470       -226.4527850810      
 E_Harris       -16.6426200710       -226.4344626153      
 E_Fermi        -0.7783078945        -10.5894221630       
----------------------------------------------------------


 LCAO ALGORITHM --------------- ION=   1  ELEC=   4--------------------------------

 Density error is 3.61198387873e-05
----------------------------------------------------------
     Energy           Rydberg                 eV          
----------------------------------------------------------
 E_KohnSham     -16.6439665676       -226.4527826407      
 E_Harris       -16.6436548395       -226.4485413622      
 E_Fermi        -0.7782140275        -10.5881450375       
----------------------------------------------------------


 LCAO ALGORITHM --------------- ION=   1  ELEC=   5--------------------------------

 Density error is 1.56852697497e-05
----------------------------------------------------------
     Energy           Rydberg                 eV          
----------------------------------------------------------
 E_KohnSham     -16.6439664197       -226.4527806285      
 E_Harris       -16.6438162884       -226.4507379877      
 E_Fermi        -0.7781958067        -10.5878971306       
----------------------------------------------------------


 LCAO ALGORITHM --------------- ION=   1  ELEC=   6--------------------------------

 Density error is 9.65438239633e-06
----------------------------------------------------------
     Energy           Rydberg                 eV          
----------------------------------------------------------
 E_KohnSham     -16.6439664015       -226.4527803811      
 E_Harris       -16.6439066872       -226.4519679268      
 E_Fermi        -0.7781850209        -10.5877503827       
----------------------------------------------------------


 LCAO ALGORITHM --------------- ION=   1  ELEC=   7--------------------------------

 Density error is 5.82404598391e-06
----------------------------------------------------------
     Energy           Rydberg                 eV          
----------------------------------------------------------
 E_KohnSham     -16.6439664015       -226.4527803813      
 E_Harris       -16.6439386604       -226.4524029433      
 E_Fermi        -0.7781811017        -10.5876970586       
----------------------------------------------------------


 LCAO ALGORITHM --------------- ION=   1  ELEC=   8--------------------------------

 Density error is 4.86177967209e-06
----------------------------------------------------------
     Energy           Rydberg                 eV          
----------------------------------------------------------
 E_KohnSham     -16.6439664530       -226.4527810822      
 E_Harris       -16.6439460683       -226.4525037332      
 E_Fermi        -0.7781803646        -10.5876870305       
----------------------------------------------------------


 LCAO ALGORITHM --------------- ION=   1  ELEC=   9--------------------------------

 Density error is 2.31836223265e-06
----------------------------------------------------------
     Energy           Rydberg                 eV          
----------------------------------------------------------
 E_KohnSham     -16.6439664591       -226.4527811644      
 E_Harris       -16.6439601094       -226.4526947729      
 E_Fermi        -0.7781789393        -10.5876676378       
----------------------------------------------------------


 LCAO ALGORITHM --------------- ION=   1  ELEC=  10--------------------------------

 Density error is 1.41782241001e-06
----------------------------------------------------------
     Energy           Rydberg                 eV          
----------------------------------------------------------
 E_KohnSham     -16.6439664591       -226.4527811646      
 E_Harris       -16.6439615871       -226.4527148780      
 E_Fermi        -0.7781787336        -10.5876648390       
----------------------------------------------------------


 LCAO ALGORITHM --------------- ION=   1  ELEC=  11--------------------------------

 Density error is 8.70696481617e-07
----------------------------------------------------------
     Energy           Rydberg                 eV          
----------------------------------------------------------
 E_KohnSham     -16.6439664591       -226.4527811645      
 E_Harris       -16.6439636619       -226.4527431065      
 E_Fermi        -0.7781785036        -10.5876617105       
----------------------------------------------------------


 LCAO ALGORITHM --------------- ION=   1  ELEC=  12--------------------------------

 Density error is 5.35603840268e-07
----------------------------------------------------------
     Energy           Rydberg                 eV          
----------------------------------------------------------
 E_KohnSham     -16.6439664591       -226.4527811645      
 E_Harris       -16.6439654269       -226.4527671204      
 E_Fermi        -0.7781783208        -10.5876592233       
----------------------------------------------------------


 LCAO ALGORITHM --------------- ION=   1  ELEC=  13--------------------------------

 Density error is 2.67589014686e-07
----------------------------------------------------------
     Energy           Rydberg                 eV          
----------------------------------------------------------
 E_KohnSham     -16.6439664591       -226.4527811644      
 E_Harris       -16.6439661813       -226.4527773850      
 E_Fermi        -0.7781782300        -10.5876579877       
----------------------------------------------------------


 LCAO ALGORITHM --------------- ION=   1  ELEC=  14--------------------------------

 Density error is 8.85951123381e-08
----------------------------------------------------------
     Energy           Rydberg                 eV          
----------------------------------------------------------
 E_KohnSham     -16.6439664591       -226.4527811645      
 E_KS(sigma->0) -16.6439664591       -226.4527811645      
 E_Harris       -16.6439662491       -226.4527783068      
 E_band         -7.4750718738        -101.7035704431      
 E_one_elec     -49.7146614724       -676.4026701654      
 E_Hartree      25.6967154052        349.6217493954       
 E_xc           -5.7544783652        -78.2936947844       
 E_Ewald        14.3616440030        195.4001910879       
 E_entropy(-TS) 0.0000000000         0.0000000000         
 E_descf        0.0000000000         0.0000000000         
 E_exx          -1.2331860297        -16.7783566979       
 E_Fermi        -0.7781782140        -10.5876577703       
----------------------------------------------------------

