                                                                                     
                              ABACUS v3.10.0

               Atomic-orbital Based Ab-initio Computation at UStc                    

                     Website: http://abacus.ustc.edu.cn/                             
               Documentation: https://abacus.deepmodeling.com/                       
                  Repository: https://github.com/abacusmodeling/abacus-develop       
                              https://github.com/deepmodeling/abacus-develop         
                      Commit: e84abb4 (Sat Jun 28 13:06:46 2025 +0800)

    Start Time is Fri Sep  4 17:32:23 2026
                                                                                     
 ------------------------------------------------------------------------------------

 READING GENERAL INFORMATION
                           global_out_dir = OUT.H2O/
                           global_in_card = INPUT
                               pseudo_dir = ./
                              orbital_dir = ./
                                    DRANK = 1
                                    DSIZE = 1
                                   DCOLOR = 1
                                    GRANK = 1
                                    GSIZE = 1




 >>>>>>>>>>>>>>>>>>>>>>>>>>>>>>>>>>>>>>>>>>>>>>>>>>>>>>>>>>>>>>>>>>>>>>
 |                                                                    |
 | Reading atom information in unitcell:                              |
 | From the input file and the structure file we know the number of   |
 | different elments in this unitcell, then we list the detail        |
 | information for each element, especially the zeta and polar atomic |
 | orbital number for each element. The total atom number is counted. |
 | We calculate the nearest atom distance for each atom and show the  |
 | Cartesian and Direct coordinates for each atom. We list the file   |
 | address for atomic orbitals. The volume and the lattice vectors    |
 | in real and reciprocal space is also shown.                        |
 |                                                                    |
 <<<<<<<<<<<<<<<<<<<<<<<<<<<<<<<<<<<<<<<<<<<<<<<<<<<<<<<<<<<<<<<<<<<<<<




 READING UNITCELL INFORMATION
                                    ntype = 2
                  lattice constant (Bohr) = 1.88973
              lattice constant (Angstrom) = 1

 READING ATOM TYPE 1
                               atom label = O
                      L=0, number of zeta = 2
                      L=1, number of zeta = 2
                      L=2, number of zeta = 1
             number of atom for this type = 1

 READING ATOM TYPE 2
                               atom label = H
                      L=0, number of zeta = 3
                      L=1, number of zeta = 2
             number of atom for this type = 2

                        TOTAL ATOM NUMBER = 3
DIRECT COORDINATES
    atom                   x                   y                   z     mag                  vx                  vy                  vz
taud_O1            0.5000000000        0.5000000000        0.5060620626  0.0000        0.0000000000        0.0000000000        0.0000000000
taud_H1            0.5000000000        0.5381341294        0.4758264915  0.0000        0.0000000000        0.0000000000        0.0000000000
taud_H2            0.5000000000        0.4618658706        0.4763556687  0.0000        0.0000000000        0.0000000000        0.0000000000



                          Volume (Bohr^3) = 53986.7
                             Volume (A^3) = 7999.99

 Lattice vectors: (Cartesian coordinate: in unit of a_0)
                  +20                  +0                  +0
                   +0                 +20                  +0
                   +0                  +0                 +20
 Reciprocal vectors: (Cartesian coordinate: in unit of 2 pi/a_0)
                +0.05                  -0                  +0
                   -0               +0.05                  -0
                   +0                  -0               +0.05
 The esolver type has been set to : ksdft_lcao

 RUNNING WITH DEVICE  : CPU / Intel(R) Xeon(R) Gold 6248 CPU @ 2.50GHz




 >>>>>>>>>>>>>>>>>>>>>>>>>>>>>>>>>>>>>>>>>>>>>>>>>>>>>>>>>>>>>>>>>>>>>>
 |                                                                    |
 | Reading pseudopotentials files:                                    |
 | The pseudopotential file is in UPF format. The 'NC' indicates that |
 | the type of pseudopotential is 'norm conserving'. Functional of    |
 | exchange and correlation is decided by 4 given parameters in UPF   |
 | file.  We also read in the 'core correction' if there exists.      |
 | Also we can read the valence electrons number and the maximal      |
 | angular momentum used in this pseudopotential. We also read in the |
 | trail wave function, trail atomic density and local-pseudopotential|
 | on logrithmic grid. The non-local pseudopotential projector is also|
 | read in if there is any.                                           |
 |                                                                    |
 <<<<<<<<<<<<<<<<<<<<<<<<<<<<<<<<<<<<<<<<<<<<<<<<<<<<<<<<<<<<<<<<<<<<<<




                PAO radial cut off (Bohr) = 15

 Read in pseudopotential file is O.upf
                     pseudopotential type = NC
          exchange-correlation functional = PBE
                 nonlocal core correction = 1
                        valence electrons = 6
                                     lmax = 2
                           number of zeta = 2
                     number of projectors = 5
                           L of projector = 0
                           L of projector = 0
                           L of projector = 1
                           L of projector = 1
                           L of projector = 2
                PAO radial cut off (Bohr) = 15

 Read in pseudopotential file is H.upf
                     pseudopotential type = NC
          exchange-correlation functional = PBE
                 nonlocal core correction = 0
                        valence electrons = 1
                                     lmax = 1
                           number of zeta = 1
                     number of projectors = 3
                           L of projector = 0
                           L of projector = 0
                           L of projector = 1
     initial pseudo atomic orbital number = 6

 SETUP THE ELECTRONS NUMBER
             electron number of element O = 6
       total electron number of element O = 6
             electron number of element H = 1
       total electron number of element H = 2
            AUTOSET number of electrons:  = 8
                           occupied bands = 4
                                   NLOCAL = 31
                                   NBANDS = 14
                                   NBANDS = 14
                                   NLOCAL = 31




 >>>>>>>>>>>>>>>>>>>>>>>>>>>>>>>>>>>>>>>>>>>>>>>>>>>>>>>>>>>>>>>>>>>>>>
 |                                                                    |
 | Setup plane waves of charge/potential:                             |
 | Use the energy cutoff and the lattice vectors to generate the      |
 | dimensions of FFT grid. The number of FFT grid on each processor   |
 | is 'nrxx'. The number of plane wave basis in reciprocal space is   |
 | different for charege/potential and wave functions. We also set    |
 | the 'sticks' for the parallel of FFT. The number of plane waves    |
 | is 'npw' in each processor.                                        |
 <<<<<<<<<<<<<<<<<<<<<<<<<<<<<<<<<<<<<<<<<<<<<<<<<<<<<<<<<<<<<<<<<<<<<<





 SETUP THE PLANE WAVE BASIS
 energy cutoff for charge/potential (unit:Ry) = 400
            fft grid for charge/potential = [ 243, 243, 243 ]
                        fft grid division = [ 3, 3, 3 ]
        big fft grid for charge/potential = [ 81, 81, 81 ]
                                     nbxx = 531441
                                     nrxx = 14348907

 SETUP PLANE WAVES FOR CHARGE/POTENTIAL
                    number of plane waves = 7292125
                         number of sticks = 45461

 PARALLEL PW FOR CHARGE/POTENTIAL
     PROC   COLUMNS(POT)             PW
        1          45461        7292125
 --------------- sum -------------------
        1          45461        7292125
                            number of |g| = 12063
                                  max |g| = 36.18
                                  min |g| = 0
 DONE : SETUP UNITCELL Time : 2.39182 (SEC)


----------- Double Check Mixing Parameters Begin ------------
mixing_type: pulay
mixing_beta: 0.2
mixing_gg0: 1
mixing_gg0_min: 0.1
mixing_ndim: 20
----------- Double Check Mixing Parameters End ------------




 >>>>>>>>>>>>>>>>>>>>>>>>>>>>>>>>>>>>>>>>>>>>>>>>>>>>>>>>>>>>>>>>>>>>>>
 |                                                                    |
 | Doing symmetry analysis:                                           |
 | We calculate the norm of 3 vectors and the angles between them,    |
 | the type of Bravais lattice is given. We can judge if the unticell |
 | is a primitive cell. Finally we give the point group operation for |
 | this unitcell. We use the point group operations to do symmetry |
 | analysis on given k-point mesh and the charge density.             |
 |                                                                    |
 <<<<<<<<<<<<<<<<<<<<<<<<<<<<<<<<<<<<<<<<<<<<<<<<<<<<<<<<<<<<<<<<<<<<<<




 LATTICE VECTORS: (CARTESIAN COORDINATE: IN UNIT OF A0)
                  +20                  +0                  +0
                   +0                 +20                  +0
                   +0                  +0                 +20
                       right hand lattice = 1
                                   NORM_A = 20
                                   NORM_B = 20
                                   NORM_C = 20
                           ALPHA (DEGREE) = 90
                           BETA  (DEGREE) = 90
                           GAMMA (DEGREE) = 90

 The lattice vectors have been changed (STRU_SIMPLE.cif)

(for optimal symmetric configuration:)
                             BRAVAIS TYPE = 1
                     BRAVAIS LATTICE NAME = 01. Cubic P (simple)
                                    ibrav = 1
                                    IBRAV = 1
                                  BRAVAIS = SIMPLE CUBIC
                       LATTICE CONSTANT A = 20
Original cell was already a primitive cell.
                        ROTATION MATRICES = 48
              PURE POINT GROUP OPERATIONS = 2
                   SPACE GROUP OPERATIONS = 2
                                       C2 = 0
                                       C3 = 0
                                       C4 = 0
                                       C6 = 0
                                       S1 = 1
                                       S3 = 0
                                       S4 = 0
                                       S6 = 0
                              POINT GROUP = C_1h
                                       C2 = 0
                                       C3 = 0
                                       C4 = 0
                                       C6 = 0
                                       S1 = 1
                                       S3 = 0
                                       S4 = 0
                                       S6 = 0
               POINT GROUP IN SPACE GROUP = C_1h
 DONE : SYMMETRY Time : 2.41665 (SEC)





 >>>>>>>>>>>>>>>>>>>>>>>>>>>>>>>>>>>>>>>>>>>>>>>>>>>>>>>>>>>>>>>>>>>>>>
 |                                                                    |
 | Setup K-points                                                     |
 | We setup the k-points according to input parameters.               |
 | The reduced k-points are set according to symmetry operations.     |
 | We treat the spin as another set of k-points.                      |
 |                                                                    |
 <<<<<<<<<<<<<<<<<<<<<<<<<<<<<<<<<<<<<<<<<<<<<<<<<<<<<<<<<<<<<<<<<<<<<<





 SETUP K-POINTS
                                    nspin = 1
                   Input type of k points = Monkhorst-Pack(Gamma)
                                   nkstot = 1
                       right hand lattice = 1
(for reciprocal lattice: )
                             BRAVAIS TYPE = 1
                     BRAVAIS LATTICE NAME = 01. Cubic P (simple)
                                    ibrav = 1
                       right hand lattice = 1
(for k-lattice: )
                             BRAVAIS TYPE = 1
                     BRAVAIS LATTICE NAME = 01. Cubic P (simple)
                                    ibrav = 1
                       right hand lattice = 1
                        ROTATION MATRICES = 48
                               nkstot_ibz = 1
K-POINTS REDUCTION ACCORDING TO SYMMETRY
     IBZ    DIRECT_X    DIRECT_Y    DIRECT_Z  WEIGHT  ibz2bz
       1  0.00000000  0.00000000  0.00000000  1.0000       0

                               nkstot now = 1
K-POINTS DIRECT COORDINATES
 KPOINTS    DIRECT_X    DIRECT_Y    DIRECT_Z  WEIGHT
       1  0.00000000  0.00000000  0.00000000  1.0000


           k-point number in this process = 1
       minimum distributed K point number = 1
starsize: 1
isym: 0 ks_vec: 0 0 0

K-POINTS CARTESIAN COORDINATES
 KPOINTS CARTESIAN_X CARTESIAN_Y CARTESIAN_Z  WEIGHT
       1  0.00000000  0.00000000  0.00000000  2.0000


K-POINTS DIRECT COORDINATES
 KPOINTS    DIRECT_X    DIRECT_Y    DIRECT_Z  WEIGHT
       1  0.00000000  0.00000000  0.00000000  2.0000

 DONE : INIT K-POINTS Time : 2.49221 (SEC)


 Warning_Memory_Consuming allocated:  PW_B_K::gk2 6.95734 MB

 Warning_Memory_Consuming allocated:  PW_B_K::gcar 20.872 MB




 >>>>>>>>>>>>>>>>>>>>>>>>>>>>>>>>>>>>>>>>>>>>>>>>>>>>>>>>>>>>>>>>>>>>>>
 |                                                                    |
 | Setup plane waves of wave functions:                               |
 | Use the energy cutoff and the lattice vectors to generate the      |
 | dimensions of FFT grid. The number of FFT grid on each processor   |
 | is 'nrxx'. The number of plane wave basis in reciprocal space is   |
 | different for charege/potential and wave functions. We also set    |
 | the 'sticks' for the parallel of FFT. The number of plane wave of  |
 | each k-point is 'npwk[ik]' in each processor                       |
 <<<<<<<<<<<<<<<<<<<<<<<<<<<<<<<<<<<<<<<<<<<<<<<<<<<<<<<<<<<<<<<<<<<<<<





 SETUP PLANE WAVES FOR WAVE FUNCTIONS
     energy cutoff for wavefunc (unit:Ry) = 100
              fft grid for wave functions = [ 243, 243, 243 ]
                    number of plane waves = 911913
                         number of sticks = 11369

 PARALLEL PW FOR WAVE FUNCTIONS
     PROC   COLUMNS(POT)             PW
        1          11369         911913
 --------------- sum -------------------
        1          11369         911913
 DONE : INIT PLANEWAVE Time : 2.64516 (SEC)


 Warning_Memory_Consuming allocated:  SF::strucFac 222.538 MB
 SET NONLOCAL PSEUDOPOTENTIAL PROJECTORS
 SET NONLOCAL PSEUDOPOTENTIAL PROJECTORS
 max number of nonlocal projetors among all species is 5
 DONE : LOCAL POTENTIAL Time : 3.00973 (SEC)


 Warning_Memory_Consuming allocated:  Chg::rho 109.473 MB

 Warning_Memory_Consuming allocated:  Chg::rho_save 109.473 MB

 Warning_Memory_Consuming allocated:  Chg::rhog 55.6345 MB

 Warning_Memory_Consuming allocated:  Chg::rhog_save 55.6345 MB

 Warning_Memory_Consuming allocated:  Chg::rho_core 109.473 MB

 Warning_Memory_Consuming allocated:  Chg::rhog_core 55.6345 MB

 Warning_Memory_Consuming allocated:  Pot::veff_fix 109.473 MB

 Warning_Memory_Consuming allocated:  Pot::veff 109.473 MB

 Warning_Memory_Consuming allocated:  Pot::veff_smooth 109.473 MB

 -------------------------------------------
 SELF-CONSISTENT
 -------------------------------------------




 >>>>>>>>>>>>>>>>>>>>>>>>>>>>>>>>>>>>>>>>>>>>>>>>>>>>>>>>>>>>>>>>>>>>>>
 |                                                                    |
 | Search adjacent atoms:                                             |
 | Set the adjacent atoms for each atom and set the periodic boundary |
 | condition for the atoms on real space FFT grid. For k-dependent    |
 | algorithm, we also need to set the sparse H and S matrix element   |
 | for each atom.                                                     |
 |                                                                    |
 <<<<<<<<<<<<<<<<<<<<<<<<<<<<<<<<<<<<<<<<<<<<<<<<<<<<<<<<<<<<<<<<<<<<<<





 SETUP SEARCHING RADIUS FOR PROGRAM TO SEARCH ADJACENT ATOMS
                  longest orb rcut (Bohr) = 9
   longest nonlocal projector rcut (Bohr) = 1.5
                     search radius (Bohr) = 21
              searching radius is (Bohr)) = 21
         searching radius unit is (Bohr)) = 1.89
                         PeriodicBoundary = 1
                        Radius(unit:lat0) = 11.1
                                   glayer = [ 2, 2, 2 ]
                             glayer_minus = [ 1, 1, 1 ]

Find the coordinate range of the input atom(unit:lat0).
                                  min_tau = [ -10, -10.8, -10.5 ]
                                  max_tau = [ 30, 30.8, 30.1 ]
                                BoxNumber = [ 3, 3, 3 ]

 SETUP EXTENDED REAL SPACE GRID FOR GRID INTEGRATION
                          real space grid = [ 243, 243, 243 ]
                 big cell numbers in grid = [ 81, 81, 81 ]
             meshcell numbers in big cell = [ 3, 3, 3 ]
                        extended fft grid = [ 20, 20, 20 ]
                dimension of extened grid = [ 122, 122, 122 ]
                            UnitCellTotal = 27

 Warning_Memory_Consuming allocated:  GT::ind_bigcell 6.93 MB

 Warning_Memory_Consuming allocated:  GT::in_this_processor 6.93 MB

 Warning_Memory_Consuming allocated:  GT::index2normal 6.93 MB

 Warning_Memory_Consuming allocated:  GT::index2ucell 6.93 MB
              Atom number in sub-FFT-grid = 3
    Local orbitals number in sub-FFT-grid = 31
                                ParaV.nnr = 961
                                 init_chg = file
 try to read charge from file
 Read in the charge density: OUT.H2O//H2O-CHARGE-DENSITY.restart
 DONE : INIT SCF Time : 9.26927 (SEC)


 LCAO ALGORITHM --------------- ION=   1  ELEC=   1--------------------------------

 Density error is 0.00497008133671
----------------------------------------------------------
     Energy           Rydberg                 eV          
----------------------------------------------------------
 E_KohnSham     -35.4241693619       -481.9705502390      
 E_Harris       -35.5111976954       -483.1546314624      
 E_Fermi        -0.5225086277        -7.1090945905        
----------------------------------------------------------


 LCAO ALGORITHM --------------- ION=   1  ELEC=   2--------------------------------

 Density error is 0.00312887135787
----------------------------------------------------------
     Energy           Rydberg                 eV          
----------------------------------------------------------
 E_KohnSham     -35.4241470161       -481.9702462087      
 E_Harris       -35.4691101014       -482.5820003690      
 E_Fermi        -0.5245854333        -7.1373509801        
----------------------------------------------------------


 LCAO ALGORITHM --------------- ION=   1  ELEC=   3--------------------------------

 Density error is 0.00192808504968
----------------------------------------------------------
     Energy           Rydberg                 eV          
----------------------------------------------------------
 E_KohnSham     -35.4241530252       -481.9703279664      
 E_Harris       -35.4229534586       -481.9540070261      
 E_Fermi        -0.5268690642        -7.1684213733        
----------------------------------------------------------


 LCAO ALGORITHM --------------- ION=   1  ELEC=   4--------------------------------

 Density error is 0.000644327378829
----------------------------------------------------------
     Energy           Rydberg                 eV          
----------------------------------------------------------
 E_KohnSham     -35.4241541404       -481.9703431396      
 E_Harris       -35.4253552392       -481.9866849279      
 E_Fermi        -0.5267444461        -7.1667258564        
----------------------------------------------------------


 LCAO ALGORITHM --------------- ION=   1  ELEC=   5--------------------------------

 Density error is 0.000326131295333
----------------------------------------------------------
     Energy           Rydberg                 eV          
----------------------------------------------------------
 E_KohnSham     -35.4241543046       -481.9703453739      
 E_Harris       -35.4249997652       -481.9818484552      
 E_Fermi        -0.5267896716        -7.1673411819        
----------------------------------------------------------


 LCAO ALGORITHM --------------- ION=   1  ELEC=   6--------------------------------

 Density error is 0.000277999741051
----------------------------------------------------------
     Energy           Rydberg                 eV          
----------------------------------------------------------
 E_KohnSham     -35.4241545826       -481.9703491565      
 E_Harris       -35.4244276566       -481.9740645182      
 E_Fermi        -0.5268237654        -7.1678050509        
----------------------------------------------------------


 LCAO ALGORITHM --------------- ION=   1  ELEC=   7--------------------------------

 Density error is 0.000131753792268
----------------------------------------------------------
     Energy           Rydberg                 eV          
----------------------------------------------------------
 E_KohnSham     -35.4241547332       -481.9703512048      
 E_Harris       -35.4242998803       -481.9723260322      
 E_Fermi        -0.5268458816        -7.1681059581        
----------------------------------------------------------


 LCAO ALGORITHM --------------- ION=   1  ELEC=   8--------------------------------

 Density error is 4.02259283341e-05
----------------------------------------------------------
     Energy           Rydberg                 eV          
----------------------------------------------------------
 E_KohnSham     -35.4241547449       -481.9703513641      
 E_Harris       -35.4241906031       -481.9708392399      
 E_Fermi        -0.5268589186        -7.1682833348        
----------------------------------------------------------


 LCAO ALGORITHM --------------- ION=   1  ELEC=   9--------------------------------

 Density error is 2.27586150535e-05
----------------------------------------------------------
     Energy           Rydberg                 eV          
----------------------------------------------------------
 E_KohnSham     -35.4241547500       -481.9703514333      
 E_Harris       -35.4241863054       -481.9707807674      
 E_Fermi        -0.5268603878        -7.1683033249        
----------------------------------------------------------


 LCAO ALGORITHM --------------- ION=   1  ELEC=  10--------------------------------

 Density error is 9.31562580083e-06
----------------------------------------------------------
     Energy           Rydberg                 eV          
----------------------------------------------------------
 E_KohnSham     -35.4241547521       -481.9703514621      
 E_Harris       -35.4241626368       -481.9704587394      
 E_Fermi        -0.5268623056        -7.1683294181        
----------------------------------------------------------


 LCAO ALGORITHM --------------- ION=   1  ELEC=  11--------------------------------

 Density error is 2.66818885251e-06
----------------------------------------------------------
     Energy           Rydberg                 eV          
----------------------------------------------------------
 E_KohnSham     -35.4241547531       -481.9703514754      
 E_Harris       -35.4241549590       -481.9703542767      
 E_Fermi        -0.5268629870        -7.1683386884        
----------------------------------------------------------


 LCAO ALGORITHM --------------- ION=   1  ELEC=  12--------------------------------

 Density error is 1.45058057666e-06
----------------------------------------------------------
     Energy           Rydberg                 eV          
----------------------------------------------------------
 E_KohnSham     -35.4241547531       -481.9703514759      
 E_Harris       -35.4241552135       -481.9703577397      
 E_Fermi        -0.5268630200        -7.1683391369        
----------------------------------------------------------


 LCAO ALGORITHM --------------- ION=   1  ELEC=  13--------------------------------

 Density error is 6.12957757911e-07
----------------------------------------------------------
     Energy           Rydberg                 eV          
----------------------------------------------------------
 E_KohnSham     -35.4241547532       -481.9703514769      
 E_Harris       -35.4241549939       -481.9703547523      
 E_Fermi        -0.5268630533        -7.1683395905        
----------------------------------------------------------


 LCAO ALGORITHM --------------- ION=   1  ELEC=  14--------------------------------

 Density error is 1.68627169489e-07
----------------------------------------------------------
     Energy           Rydberg                 eV          
----------------------------------------------------------
 E_KohnSham     -35.4241547532       -481.9703514767      
 E_Harris       -35.4241549207       -481.9703537566      
 E_Fermi        -0.5268630757        -7.1683398957        
----------------------------------------------------------


 LCAO ALGORITHM --------------- ION=   1  ELEC=  15--------------------------------

 Density error is 1.36132776728e-07
----------------------------------------------------------
     Energy           Rydberg                 eV          
----------------------------------------------------------
 E_KohnSham     -35.4241547532       -481.9703514767      
 E_Harris       -35.4241548552       -481.9703528646      
 E_Fermi        -0.5268630800        -7.1683399541        
----------------------------------------------------------


 LCAO ALGORITHM --------------- ION=   1  ELEC=  16--------------------------------

 Density error is 3.624681098e-08
----------------------------------------------------------
     Energy           Rydberg                 eV          
----------------------------------------------------------
 E_KohnSham     -35.4241547531       -481.9703514765      
 E_Harris       -35.4241547551       -481.9703515027      
 E_Fermi        -0.5268630883        -7.1683400667        
----------------------------------------------------------


 LCAO ALGORITHM --------------- ION=   1  ELEC=  17--------------------------------

 Density error is 7.49301406702e-09
----------------------------------------------------------
     Energy           Rydberg                 eV          
----------------------------------------------------------
 E_KohnSham     -35.4241547531       -481.9703514765      
 E_KS(sigma->0) -35.4241547531       -481.9703514765      
 E_Harris       -35.4241547569       -481.9703515278      
 E_band         -8.0713305810        -109.8160863439      
 E_one_elec     -72.3851540192       -984.8505452690      
 E_Hartree      37.7174447788        513.1721629915       
 E_xc           -9.7419125428        -132.5455200000      
 E_Ewald        8.9854670301         122.2535508010       
 E_entropy(-TS) 0.0000000000         0.0000000000         
 E_descf        0.0000000000         0.0000000000         
 E_exx          0.0000000000         0.0000000000         
 E_Fermi        -0.5268630889        -7.1683400754        
----------------------------------------------------------


 charge density convergence is achieved
 final etot is -481.97035148 eV
 EFERMI = -7.1683400754 eV

 STATE ENERGY(eV) AND OCCUPATIONS    NSPIN == 1
 1/1 kpoint (Cartesian) = 0.0000 0.0000 0.0000 (911913 pws)
       1       -25.2967        2.00000
       2       -13.1328        2.00000
       3       -9.31020        2.00000
       4       -7.16834        2.00000
       5      -0.392394        0.00000
       6        1.30440        0.00000
       7        3.05832        0.00000
       8        3.08991        0.00000
       9        5.65323        0.00000
      10        5.91578        0.00000
      11        7.07942        0.00000
      12        9.99009        0.00000
      13        10.1004        0.00000
      14        16.0960        0.00000


 Warning_Memory_Consuming allocated:  ORB::Jl(x) 737.494 MB
 correction force for each atom along direction 1 is 5.01489e-13
 correction force for each atom along direction 2 is -7.76298e-08
 correction force for each atom along direction 3 is 3.40916e-06
------------------------------------------------------------------------------------------
 TOTAL-FORCE (eV/Angstrom)                                                                
------------------------------------------------------------------------------------------
                        O1         0.0000000000         0.2527164875        -0.2204625951 
                        H1         0.0000000000        -0.2215850162         0.2102017240 
                        H2         0.0000000000        -0.0311314714         0.0102608710 
------------------------------------------------------------------------------------------



 --------------------------------------------
 !FINAL_ETOT_IS -481.9703514764875 eV
 --------------------------------------------


TIME STATISTICS
------------------------------------------------------------------------------------
    CLASS_NAME                    NAME                TIME/s  CALLS   AVG/s  PER/%  
------------------------------------------------------------------------------------
                   total                              93.06  13       7.16   100.00 
 Driver            reading                            0.03   1        0.03   0.03   
 Input_Conv        Convert                            0.00   1        0.00   0.00   
 Driver            driver_line                        93.02  1        93.02  99.97  
 UnitCell          check_tau                          0.00   1        0.00   0.00   
 ESolver_KS_LCAO   before_all_runners                 3.49   1        3.49   3.76   
 PW_Basis_Sup      setuptransform                     0.09   1        0.09   0.10   
 PW_Basis_Sup      distributeg                        0.09   1        0.09   0.09   
 mymath            heapsort                           1.43   231      0.01   1.54   
 Charge_Mixing     init_mixing                        0.00   1        0.00   0.00   
 Symmetry          analy_sys                          0.02   1        0.02   0.03   
 PW_Basis_K        setuptransform                     0.08   1        0.08   0.09   
 PW_Basis_K        distributeg                        0.06   1        0.06   0.06   
 PW_Basis          setup_struc_factor                 0.23   1        0.23   0.24   
 NOrbital_Lm       extra_uniform                      0.35   171      0.00   0.38   
 Mathzone_Add1     SplineD2                           0.00   171      0.00   0.00   
 Mathzone_Add1     Cubic_Spline_Interpolation         0.00   171      0.00   0.00   
 Mathzone_Add1     Uni_Deriv_Phi                      0.33   171      0.00   0.36   
 ppcell_vl         init_vloc                          0.01   1        0.01   0.01   
 Ions              opt_ions                           88.87  1        88.87  95.51  
 ESolver_KS_LCAO   runner                             85.63  1        85.63  92.02  
 ESolver_KS_LCAO   before_scf                         5.74   1        5.74   6.17   
 atom_arrange      search                             0.00   1        0.00   0.00   
 atom_arrange      grid_d.init                        0.00   1        0.00   0.00   
 Grid              Construct_Adjacent_expand          0.00   1        0.00   0.00   
 Grid              Construct_Adjacent_expand_periodic 0.00   3        0.00   0.00   
 Grid_Technique    init                               0.10   1        0.10   0.11   
 Grid_BigCell      grid_expansion_index               0.05   2        0.02   0.05   
 Grid_Driver       Find_atom                          0.00   19       0.00   0.00   
 Record_adj        for_2d                             0.00   1        0.00   0.00   
 LCAO_domain       grid_prepare                       0.00   1        0.00   0.00   
 Veff              initialize_HR                      0.00   1        0.00   0.00   
 OverlapNew        initialize_SR                      0.00   1        0.00   0.00   
 EkineticNew       initialize_HR                      0.00   1        0.00   0.00   
 NonlocalNew       initialize_HR                      0.00   1        0.00   0.00   
 Charge            set_rho_core                       0.25   1        0.25   0.27   
 PW_Basis_Sup      recip2real                         5.45   132      0.04   5.86   
 PW_Basis_Sup      gathers_scatterp                   1.02   132      0.01   1.09   
 ModuleIO          read_rhog                          0.91   1        0.91   0.98   
 Potential         init_pot                           2.43   1        2.43   2.61   
 Potential         update_from_charge                 32.90  18       1.83   35.35  
 Potential         cal_fixed_v                        0.23   1        0.23   0.25   
 PotLocal          cal_fixed_v                        0.22   1        0.22   0.23   
 Potential         cal_v_eff                          32.08  18       1.78   34.47  
 H_Hartree_pw      v_hartree                          5.87   18       0.33   6.31   
 PW_Basis_Sup      real2recip                         4.96   152      0.03   5.33   
 PW_Basis_Sup      gatherp_scatters                   0.62   152      0.00   0.66   
 PotXC             cal_v_eff                          24.70  18       1.37   26.54  
 XC_Functional     v_xc                               25.33  19       1.33   27.22  
 Potential         interpolate_vrs                    0.59   18       0.03   0.63   
 Symmetry          rhog_symmetry                      18.06  18       1.00   19.41  
 Symmetry          group fft grids                    13.11  18       0.73   14.09  
 H_Ewald_pw        compute_ewald                      0.37   1        0.37   0.40   
 HSolverLCAO       solve                              3.65   17       0.21   3.92   
 HamiltLCAO        updateHk                           0.57   17       0.03   0.62   
 OperatorLCAO      init                               0.57   51       0.01   0.61   
 Veff              contributeHR                       0.57   17       0.03   0.61   
 Gint_interface    cal_gint                           2.06   35       0.06   2.22   
 Gint_interface    cal_gint_vlocal                    0.56   17       0.03   0.61   
 Gint_Tools        cal_psir_ylm                       0.69   29009    0.00   0.74   
 Gint_k            transfer_pvpR                      0.00   17       0.00   0.00   
 OverlapNew        calculate_SR                       0.00   1        0.00   0.00   
 OverlapNew        contributeHk                       0.00   17       0.00   0.00   
 EkineticNew       contributeHR                       0.00   17       0.00   0.00   
 EkineticNew       calculate_HR                       0.00   1        0.00   0.00   
 NonlocalNew       contributeHR                       0.00   17       0.00   0.01   
 NonlocalNew       calculate_HR                       0.00   1        0.00   0.01   
 OperatorLCAO      contributeHk                       0.00   17       0.00   0.00   
 HSolverLCAO       hamiltSolvePsiK                    0.04   17       0.00   0.04   
 DiagoElpa         elpa_solve                         0.03   17       0.00   0.03   
 elecstate         cal_dm                             0.00   18       0.00   0.00   
 psiMulPsiMpi      pdgemm                             0.00   18       0.00   0.00   
 DensityMatrix     cal_DMR                            0.00   18       0.00   0.00   
 ElecStateLCAO     psiToRho                           3.04   17       0.18   3.27   
 Gint              transfer_DMR                       0.01   17       0.00   0.01   
 Gint_interface    cal_gint_rho                       1.44   17       0.08   1.55   
 Charge_Mixing     get_drho                           0.11   17       0.01   0.12   
 Charge            mix_rho                            8.38   16       0.52   9.00   
 Charge            Pulay_mixing                       0.70   16       0.04   0.75   
 ModuleIO          write_rhog                         1.06   1        1.06   1.13   
 ESolver_KS_LCAO   after_scf                          7.40   1        7.40   7.95   
 Charge            atomic_rho                         0.27   1        0.27   0.29   
 ModuleIO          output_HSR                         0.00   1        0.00   0.00   
 ModuleIO          save_HSR_sparse                    0.00   1        0.00   0.00   
 cal_r_overlap_R   init                               1.85   1        1.85   1.98   
 ORB_gaunt_table   init_Gaunt_CH                      0.00   1        0.00   0.00   
 ORB_gaunt_table   Calc_Gaunt_CH                      0.00   601      0.00   0.00   
 ORB_gaunt_table   init_Gaunt                         0.00   1        0.00   0.00   
 ORB_gaunt_table   Get_Gaunt_SH                       0.00   6272     0.00   0.00   
 Center2_Orb       cal_ST_Phi12_R                     0.68   336      0.00   0.73   
 cal_r_overlap_R   out_rR_other                       0.01   1        0.01   0.01   
 ESolver_KS_LCAO   cal_force                          3.24   1        3.24   3.48   
 Force_Stress_LCAO getForceStress                     3.24   1        3.24   3.48   
 Forces            cal_force_loc                      0.64   1        0.64   0.69   
 Forces            cal_force_ew                       0.40   1        0.40   0.43   
 Forces            cal_force_cc                       1.88   1        1.88   2.03   
 Forces            cal_force_scc                      0.16   1        0.16   0.17   
 Force_LCAO        ftable                             0.06   1        0.06   0.06   
 Force_LCAO        allocate                           0.00   1        0.00   0.00   
 LCAO_domain       build_ST_new                       0.00   2        0.00   0.00   
 Force_LCAO        cal_pulay_fs_center2               0.00   2        0.00   0.00   
 Gint_interface    cal_gint_force                     0.06   1        0.06   0.06   
 Gint_Tools        cal_dpsir_ylm                      0.02   775      0.00   0.02   
 NonlocalNew       cal_force_stress                   0.00   1        0.00   0.00   
 ESolver_KS_LCAO   after_all_runners                  0.00   1        0.00   0.00   
 ModuleIO          write_istate_info                  0.00   1        0.00   0.00   
------------------------------------------------------------------------------------


 NAME-------------------------|MEMORY(MB)--------
                         total          1856.
                    ORB::Jl(x)          737.5
                  SF::strucFac          222.5
                      Chg::rho          109.5
                 Chg::rho_save          109.5
                 Chg::rho_core          109.5
                 Pot::veff_fix          109.5
                     Pot::veff          109.5
              Pot::veff_smooth          109.5
                     Chg::rhog          55.63
                Chg::rhog_save          55.63
                Chg::rhog_core          55.63
                  PW_B_K::gcar          20.87
                   PW_B_K::gk2          6.957
               GT::ind_bigcell          6.927
         GT::in_this_processor          6.927
              GT::index2normal          6.927
               GT::index2ucell          6.927
                 GT::start_ind          2.027
            GT::how_many_atoms          2.027
               GT::bcell_start          2.027
            GT::how many atoms          2.027
       TwoCenterTable: Kinetic          1.752
       TwoCenterTable: Overlap          1.752
      GT::bigcell_on_processor          1.732
      TwoCenterTable: Nonlocal          1.404
 -------------   < 1.0 MB has been ignored ----------------
 ----------------------------------------------------------

 Start  Time  : Fri Sep  4 17:32:23 2026
 Finish Time  : Fri Sep  4 17:33:56 2026
 Total  Time  : 0 h 1 mins 33 secs 
