                                                                                     
                              ABACUS v3.10.0

               Atomic-orbital Based Ab-initio Computation at UStc                    

                     Website: http://abacus.ustc.edu.cn/                             
               Documentation: https://abacus.deepmodeling.com/                       
                  Repository: https://github.com/abacusmodeling/abacus-develop       
                              https://github.com/deepmodeling/abacus-develop         
                      Commit: e84abb4 (Sat Jun 28 13:06:46 2025 +0800)

    Start Time is Fri Sep  4 17:20:31 2026
                                                                                     
 ------------------------------------------------------------------------------------

 READING GENERAL INFORMATION
                           global_out_dir = OUT.H2O/
                           global_in_card = INPUT
                               pseudo_dir = ./
                              orbital_dir = ./
                                    DRANK = 1
                                    DSIZE = 1
                                   DCOLOR = 1
                                    GRANK = 1
                                    GSIZE = 1




 >>>>>>>>>>>>>>>>>>>>>>>>>>>>>>>>>>>>>>>>>>>>>>>>>>>>>>>>>>>>>>>>>>>>>>
 |                                                                    |
 | Reading atom information in unitcell:                              |
 | From the input file and the structure file we know the number of   |
 | different elments in this unitcell, then we list the detail        |
 | information for each element, especially the zeta and polar atomic |
 | orbital number for each element. The total atom number is counted. |
 | We calculate the nearest atom distance for each atom and show the  |
 | Cartesian and Direct coordinates for each atom. We list the file   |
 | address for atomic orbitals. The volume and the lattice vectors    |
 | in real and reciprocal space is also shown.                        |
 |                                                                    |
 <<<<<<<<<<<<<<<<<<<<<<<<<<<<<<<<<<<<<<<<<<<<<<<<<<<<<<<<<<<<<<<<<<<<<<




 READING UNITCELL INFORMATION
                                    ntype = 2
                  lattice constant (Bohr) = 1.88973
              lattice constant (Angstrom) = 1

 READING ATOM TYPE 1
                               atom label = O
                      L=0, number of zeta = 2
                      L=1, number of zeta = 2
                      L=2, number of zeta = 1
             number of atom for this type = 1

 READING ATOM TYPE 2
                               atom label = H
                      L=0, number of zeta = 3
                      L=1, number of zeta = 2
             number of atom for this type = 2

                        TOTAL ATOM NUMBER = 3
DIRECT COORDINATES
    atom                   x                   y                   z     mag                  vx                  vy                  vz
taud_O1            0.5000000000        0.5000000000        0.5060620626  0.0000        0.0000000000        0.0000000000        0.0000000000
taud_H1            0.5000000000        0.5381341294        0.4763556687  0.0000        0.0000000000        0.0000000000        0.0000000000
taud_H2            0.5000000000        0.4618658706        0.4763556687  0.0000        0.0000000000        0.0000000000        0.0000000000



                          Volume (Bohr^3) = 53986.7
                             Volume (A^3) = 7999.99

 Lattice vectors: (Cartesian coordinate: in unit of a_0)
                  +20                  +0                  +0
                   +0                 +20                  +0
                   +0                  +0                 +20
 Reciprocal vectors: (Cartesian coordinate: in unit of 2 pi/a_0)
                +0.05                  -0                  +0
                   -0               +0.05                  -0
                   +0                  -0               +0.05
 The esolver type has been set to : ksdft_lcao

 RUNNING WITH DEVICE  : CPU / Intel(R) Xeon(R) Gold 6248 CPU @ 2.50GHz




 >>>>>>>>>>>>>>>>>>>>>>>>>>>>>>>>>>>>>>>>>>>>>>>>>>>>>>>>>>>>>>>>>>>>>>
 |                                                                    |
 | Reading pseudopotentials files:                                    |
 | The pseudopotential file is in UPF format. The 'NC' indicates that |
 | the type of pseudopotential is 'norm conserving'. Functional of    |
 | exchange and correlation is decided by 4 given parameters in UPF   |
 | file.  We also read in the 'core correction' if there exists.      |
 | Also we can read the valence electrons number and the maximal      |
 | angular momentum used in this pseudopotential. We also read in the |
 | trail wave function, trail atomic density and local-pseudopotential|
 | on logrithmic grid. The non-local pseudopotential projector is also|
 | read in if there is any.                                           |
 |                                                                    |
 <<<<<<<<<<<<<<<<<<<<<<<<<<<<<<<<<<<<<<<<<<<<<<<<<<<<<<<<<<<<<<<<<<<<<<




                PAO radial cut off (Bohr) = 15

 Read in pseudopotential file is O.upf
                     pseudopotential type = NC
          exchange-correlation functional = PBE
                 nonlocal core correction = 1
                        valence electrons = 6
                                     lmax = 2
                           number of zeta = 2
                     number of projectors = 5
                           L of projector = 0
                           L of projector = 0
                           L of projector = 1
                           L of projector = 1
                           L of projector = 2
                PAO radial cut off (Bohr) = 15

 Read in pseudopotential file is H.upf
                     pseudopotential type = NC
          exchange-correlation functional = PBE
                 nonlocal core correction = 0
                        valence electrons = 1
                                     lmax = 1
                           number of zeta = 1
                     number of projectors = 3
                           L of projector = 0
                           L of projector = 0
                           L of projector = 1
     initial pseudo atomic orbital number = 6

 SETUP THE ELECTRONS NUMBER
             electron number of element O = 6
       total electron number of element O = 6
             electron number of element H = 1
       total electron number of element H = 2
            AUTOSET number of electrons:  = 8
                           occupied bands = 4
                                   NLOCAL = 31
                                   NBANDS = 14
                                   NBANDS = 14
                                   NLOCAL = 31




 >>>>>>>>>>>>>>>>>>>>>>>>>>>>>>>>>>>>>>>>>>>>>>>>>>>>>>>>>>>>>>>>>>>>>>
 |                                                                    |
 | Setup plane waves of charge/potential:                             |
 | Use the energy cutoff and the lattice vectors to generate the      |
 | dimensions of FFT grid. The number of FFT grid on each processor   |
 | is 'nrxx'. The number of plane wave basis in reciprocal space is   |
 | different for charege/potential and wave functions. We also set    |
 | the 'sticks' for the parallel of FFT. The number of plane waves    |
 | is 'npw' in each processor.                                        |
 <<<<<<<<<<<<<<<<<<<<<<<<<<<<<<<<<<<<<<<<<<<<<<<<<<<<<<<<<<<<<<<<<<<<<<





 SETUP THE PLANE WAVE BASIS
 energy cutoff for charge/potential (unit:Ry) = 400
            fft grid for charge/potential = [ 243, 243, 243 ]
                        fft grid division = [ 3, 3, 3 ]
        big fft grid for charge/potential = [ 81, 81, 81 ]
                                     nbxx = 531441
                                     nrxx = 14348907

 SETUP PLANE WAVES FOR CHARGE/POTENTIAL
                    number of plane waves = 7292125
                         number of sticks = 45461

 PARALLEL PW FOR CHARGE/POTENTIAL
     PROC   COLUMNS(POT)             PW
        1          45461        7292125
 --------------- sum -------------------
        1          45461        7292125
                            number of |g| = 12063
                                  max |g| = 36.18
                                  min |g| = 0
 DONE : SETUP UNITCELL Time : 2.39856 (SEC)


----------- Double Check Mixing Parameters Begin ------------
mixing_type: pulay
mixing_beta: 0.2
mixing_gg0: 1
mixing_gg0_min: 0.1
mixing_ndim: 20
----------- Double Check Mixing Parameters End ------------




 >>>>>>>>>>>>>>>>>>>>>>>>>>>>>>>>>>>>>>>>>>>>>>>>>>>>>>>>>>>>>>>>>>>>>>
 |                                                                    |
 | Doing symmetry analysis:                                           |
 | We calculate the norm of 3 vectors and the angles between them,    |
 | the type of Bravais lattice is given. We can judge if the unticell |
 | is a primitive cell. Finally we give the point group operation for |
 | this unitcell. We use the point group operations to do symmetry |
 | analysis on given k-point mesh and the charge density.             |
 |                                                                    |
 <<<<<<<<<<<<<<<<<<<<<<<<<<<<<<<<<<<<<<<<<<<<<<<<<<<<<<<<<<<<<<<<<<<<<<




 LATTICE VECTORS: (CARTESIAN COORDINATE: IN UNIT OF A0)
                  +20                  +0                  +0
                   +0                 +20                  +0
                   +0                  +0                 +20
                       right hand lattice = 1
                                   NORM_A = 20
                                   NORM_B = 20
                                   NORM_C = 20
                           ALPHA (DEGREE) = 90
                           BETA  (DEGREE) = 90
                           GAMMA (DEGREE) = 90

 The lattice vectors have been changed (STRU_SIMPLE.cif)

(for optimal symmetric configuration:)
                             BRAVAIS TYPE = 1
                     BRAVAIS LATTICE NAME = 01. Cubic P (simple)
                                    ibrav = 1
                                    IBRAV = 1
                                  BRAVAIS = SIMPLE CUBIC
                       LATTICE CONSTANT A = 20
Original cell was already a primitive cell.
                        ROTATION MATRICES = 48
              PURE POINT GROUP OPERATIONS = 4
                   SPACE GROUP OPERATIONS = 4
                                       C2 = 1
                                       C3 = 0
                                       C4 = 0
                                       C6 = 0
                                       S1 = 2
                                       S3 = 0
                                       S4 = 0
                                       S6 = 0
                              POINT GROUP = C_2v
                                       C2 = 1
                                       C3 = 0
                                       C4 = 0
                                       C6 = 0
                                       S1 = 2
                                       S3 = 0
                                       S4 = 0
                                       S6 = 0
               POINT GROUP IN SPACE GROUP = C_2v
 DONE : SYMMETRY Time : 2.42338 (SEC)





 >>>>>>>>>>>>>>>>>>>>>>>>>>>>>>>>>>>>>>>>>>>>>>>>>>>>>>>>>>>>>>>>>>>>>>
 |                                                                    |
 | Setup K-points                                                     |
 | We setup the k-points according to input parameters.               |
 | The reduced k-points are set according to symmetry operations.     |
 | We treat the spin as another set of k-points.                      |
 |                                                                    |
 <<<<<<<<<<<<<<<<<<<<<<<<<<<<<<<<<<<<<<<<<<<<<<<<<<<<<<<<<<<<<<<<<<<<<<





 SETUP K-POINTS
                                    nspin = 1
                   Input type of k points = Monkhorst-Pack(Gamma)
                                   nkstot = 1
                       right hand lattice = 1
(for reciprocal lattice: )
                             BRAVAIS TYPE = 1
                     BRAVAIS LATTICE NAME = 01. Cubic P (simple)
                                    ibrav = 1
                       right hand lattice = 1
(for k-lattice: )
                             BRAVAIS TYPE = 1
                     BRAVAIS LATTICE NAME = 01. Cubic P (simple)
                                    ibrav = 1
                       right hand lattice = 1
                        ROTATION MATRICES = 48
                               nkstot_ibz = 1
K-POINTS REDUCTION ACCORDING TO SYMMETRY
     IBZ    DIRECT_X    DIRECT_Y    DIRECT_Z  WEIGHT  ibz2bz
       1  0.00000000  0.00000000  0.00000000  1.0000       0

                               nkstot now = 1
K-POINTS DIRECT COORDINATES
 KPOINTS    DIRECT_X    DIRECT_Y    DIRECT_Z  WEIGHT
       1  0.00000000  0.00000000  0.00000000  1.0000


           k-point number in this process = 1
       minimum distributed K point number = 1
starsize: 1
isym: 0 ks_vec: 0 0 0

K-POINTS CARTESIAN COORDINATES
 KPOINTS CARTESIAN_X CARTESIAN_Y CARTESIAN_Z  WEIGHT
       1  0.00000000  0.00000000  0.00000000  2.0000


K-POINTS DIRECT COORDINATES
 KPOINTS    DIRECT_X    DIRECT_Y    DIRECT_Z  WEIGHT
       1  0.00000000  0.00000000  0.00000000  2.0000

 DONE : INIT K-POINTS Time : 2.49781 (SEC)


 Warning_Memory_Consuming allocated:  PW_B_K::gk2 6.95734 MB

 Warning_Memory_Consuming allocated:  PW_B_K::gcar 20.872 MB




 >>>>>>>>>>>>>>>>>>>>>>>>>>>>>>>>>>>>>>>>>>>>>>>>>>>>>>>>>>>>>>>>>>>>>>
 |                                                                    |
 | Setup plane waves of wave functions:                               |
 | Use the energy cutoff and the lattice vectors to generate the      |
 | dimensions of FFT grid. The number of FFT grid on each processor   |
 | is 'nrxx'. The number of plane wave basis in reciprocal space is   |
 | different for charege/potential and wave functions. We also set    |
 | the 'sticks' for the parallel of FFT. The number of plane wave of  |
 | each k-point is 'npwk[ik]' in each processor                       |
 <<<<<<<<<<<<<<<<<<<<<<<<<<<<<<<<<<<<<<<<<<<<<<<<<<<<<<<<<<<<<<<<<<<<<<





 SETUP PLANE WAVES FOR WAVE FUNCTIONS
     energy cutoff for wavefunc (unit:Ry) = 100
              fft grid for wave functions = [ 243, 243, 243 ]
                    number of plane waves = 911913
                         number of sticks = 11369

 PARALLEL PW FOR WAVE FUNCTIONS
     PROC   COLUMNS(POT)             PW
        1          11369         911913
 --------------- sum -------------------
        1          11369         911913
 DONE : INIT PLANEWAVE Time : 2.65094 (SEC)


 Warning_Memory_Consuming allocated:  SF::strucFac 222.538 MB
 SET NONLOCAL PSEUDOPOTENTIAL PROJECTORS
 SET NONLOCAL PSEUDOPOTENTIAL PROJECTORS
 max number of nonlocal projetors among all species is 5
 DONE : LOCAL POTENTIAL Time : 3.0509 (SEC)


 Warning_Memory_Consuming allocated:  Chg::rho 109.473 MB

 Warning_Memory_Consuming allocated:  Chg::rho_save 109.473 MB

 Warning_Memory_Consuming allocated:  Chg::rhog 55.6345 MB

 Warning_Memory_Consuming allocated:  Chg::rhog_save 55.6345 MB

 Warning_Memory_Consuming allocated:  Chg::rho_core 109.473 MB

 Warning_Memory_Consuming allocated:  Chg::rhog_core 55.6345 MB

 Warning_Memory_Consuming allocated:  Pot::veff_fix 109.473 MB

 Warning_Memory_Consuming allocated:  Pot::veff 109.473 MB

 Warning_Memory_Consuming allocated:  Pot::veff_smooth 109.473 MB

 -------------------------------------------
 SELF-CONSISTENT
 -------------------------------------------




 >>>>>>>>>>>>>>>>>>>>>>>>>>>>>>>>>>>>>>>>>>>>>>>>>>>>>>>>>>>>>>>>>>>>>>
 |                                                                    |
 | Search adjacent atoms:                                             |
 | Set the adjacent atoms for each atom and set the periodic boundary |
 | condition for the atoms on real space FFT grid. For k-dependent    |
 | algorithm, we also need to set the sparse H and S matrix element   |
 | for each atom.                                                     |
 |                                                                    |
 <<<<<<<<<<<<<<<<<<<<<<<<<<<<<<<<<<<<<<<<<<<<<<<<<<<<<<<<<<<<<<<<<<<<<<





 SETUP SEARCHING RADIUS FOR PROGRAM TO SEARCH ADJACENT ATOMS
                  longest orb rcut (Bohr) = 9
   longest nonlocal projector rcut (Bohr) = 1.5
                     search radius (Bohr) = 21
              searching radius is (Bohr)) = 21
         searching radius unit is (Bohr)) = 1.89
                         PeriodicBoundary = 1
                        Radius(unit:lat0) = 11.1
                                   glayer = [ 2, 2, 2 ]
                             glayer_minus = [ 1, 1, 1 ]

Find the coordinate range of the input atom(unit:lat0).
                                  min_tau = [ -10, -10.8, -10.5 ]
                                  max_tau = [ 30, 30.8, 30.1 ]
                                BoxNumber = [ 3, 3, 3 ]

 SETUP EXTENDED REAL SPACE GRID FOR GRID INTEGRATION
                          real space grid = [ 243, 243, 243 ]
                 big cell numbers in grid = [ 81, 81, 81 ]
             meshcell numbers in big cell = [ 3, 3, 3 ]
                        extended fft grid = [ 20, 20, 20 ]
                dimension of extened grid = [ 122, 122, 122 ]
                            UnitCellTotal = 27

 Warning_Memory_Consuming allocated:  GT::ind_bigcell 6.93 MB

 Warning_Memory_Consuming allocated:  GT::in_this_processor 6.93 MB

 Warning_Memory_Consuming allocated:  GT::index2normal 6.93 MB

 Warning_Memory_Consuming allocated:  GT::index2ucell 6.93 MB
              Atom number in sub-FFT-grid = 3
    Local orbitals number in sub-FFT-grid = 31
                                ParaV.nnr = 961
                                 init_chg = auto
 try to read charge from file
!!! Couldn't find the file: OUT.H2O//SPIN1_CHG.cube
 DONE : INIT SCF Time : 8.20717 (SEC)


 LCAO ALGORITHM --------------- ION=   1  ELEC=   1--------------------------------

 Density error is 0.22614228943
----------------------------------------------------------
     Energy           Rydberg                 eV          
----------------------------------------------------------
 E_KohnSham     -35.4661433594       -482.5416357723      
 E_Harris       -30.8847768724       -420.2089469237      
 E_Fermi        -0.8743652443        -11.8963494553       
----------------------------------------------------------


 LCAO ALGORITHM --------------- ION=   1  ELEC=   2--------------------------------

 Density error is 0.157156918417
----------------------------------------------------------
     Energy           Rydberg                 eV          
----------------------------------------------------------
 E_KohnSham     -35.4139807929       -481.8319276457      
 E_Harris       -32.4801287379       -441.9148226094      
 E_Fermi        -0.7494975531        -10.1974373593       
----------------------------------------------------------


 LCAO ALGORITHM --------------- ION=   1  ELEC=   3--------------------------------

 Density error is 0.0981165006888
----------------------------------------------------------
     Energy           Rydberg                 eV          
----------------------------------------------------------
 E_KohnSham     -35.4255822775       -481.9897739424      
 E_Harris       -34.6128230599       -470.9316174804      
 E_Fermi        -0.6080955150        -8.2735639327        
----------------------------------------------------------


 LCAO ALGORITHM --------------- ION=   1  ELEC=   4--------------------------------

 Density error is 0.044235461676
----------------------------------------------------------
     Energy           Rydberg                 eV          
----------------------------------------------------------
 E_KohnSham     -35.4229344223       -481.9537480235      
 E_Harris       -34.7414528116       -472.6817150363      
 E_Fermi        -0.5755991843        -7.8314286713        
----------------------------------------------------------


 LCAO ALGORITHM --------------- ION=   1  ELEC=   5--------------------------------

 Density error is 0.0272084850443
----------------------------------------------------------
     Energy           Rydberg                 eV          
----------------------------------------------------------
 E_KohnSham     -35.4239038776       -481.9669381400      
 E_Harris       -35.2472403593       -479.5633076616      
 E_Fermi        -0.5434758173        -7.3943678403        
----------------------------------------------------------


 LCAO ALGORITHM --------------- ION=   1  ELEC=   6--------------------------------

 Density error is 0.0134115326024
----------------------------------------------------------
     Energy           Rydberg                 eV          
----------------------------------------------------------
 E_KohnSham     -35.4239704010       -481.9678432369      
 E_Harris       -35.3822467241       -481.4001634899      
 E_Fermi        -0.5318616278        -7.2363486854        
----------------------------------------------------------


 LCAO ALGORITHM --------------- ION=   1  ELEC=   7--------------------------------

 Density error is 0.0122918972917
----------------------------------------------------------
     Energy           Rydberg                 eV          
----------------------------------------------------------
 E_KohnSham     -35.4241519234       -481.9703129756      
 E_Harris       -35.4098173269       -481.7752807847      
 E_Fermi        -0.5296329279        -7.2060256675        
----------------------------------------------------------


 LCAO ALGORITHM --------------- ION=   1  ELEC=   8--------------------------------

 Density error is 0.00441451083555
----------------------------------------------------------
     Energy           Rydberg                 eV          
----------------------------------------------------------
 E_KohnSham     -35.4242225263       -481.9712735773      
 E_Harris       -35.4162782687       -481.8631864076      
 E_Fermi        -0.5280000663        -7.1838094456        
----------------------------------------------------------


 LCAO ALGORITHM --------------- ION=   1  ELEC=   9--------------------------------

 Density error is 0.00146696260979
----------------------------------------------------------
     Energy           Rydberg                 eV          
----------------------------------------------------------
 E_KohnSham     -35.4242233563       -481.9712848705      
 E_Harris       -35.4213442291       -481.9321123355      
 E_Fermi        -0.5273685409        -7.1752171023        
----------------------------------------------------------


 LCAO ALGORITHM --------------- ION=   1  ELEC=  10--------------------------------

 Density error is 0.00132206813288
----------------------------------------------------------
     Energy           Rydberg                 eV          
----------------------------------------------------------
 E_KohnSham     -35.4242352927       -481.9714472735      
 E_Harris       -35.4224891296       -481.9476895056      
 E_Fermi        -0.5273325778        -7.1747277990        
----------------------------------------------------------


 LCAO ALGORITHM --------------- ION=   1  ELEC=  11--------------------------------

 Density error is 0.000373731832836
----------------------------------------------------------
     Energy           Rydberg                 eV          
----------------------------------------------------------
 E_KohnSham     -35.4242362681       -481.9714605439      
 E_Harris       -35.4243877323       -481.9735213212      
 E_Fermi        -0.5271839537        -7.1727056649        
----------------------------------------------------------


 LCAO ALGORITHM --------------- ION=   1  ELEC=  12--------------------------------

 Density error is 0.000209779801205
----------------------------------------------------------
     Energy           Rydberg                 eV          
----------------------------------------------------------
 E_KohnSham     -35.4242367857       -481.9714675870      
 E_Harris       -35.4244613135       -481.9745224448      
 E_Fermi        -0.5271795705        -7.1726460280        
----------------------------------------------------------


 LCAO ALGORITHM --------------- ION=   1  ELEC=  13--------------------------------

 Density error is 6.47296068567e-05
----------------------------------------------------------
     Energy           Rydberg                 eV          
----------------------------------------------------------
 E_KohnSham     -35.4242368290       -481.9714681759      
 E_Harris       -35.4242393318       -481.9715022287      
 E_Fermi        -0.5271957662        -7.1728663816        
----------------------------------------------------------


 LCAO ALGORITHM --------------- ION=   1  ELEC=  14--------------------------------

 Density error is 1.88847274067e-05
----------------------------------------------------------
     Energy           Rydberg                 eV          
----------------------------------------------------------
 E_KohnSham     -35.4242368325       -481.9714682239      
 E_Harris       -35.4241961539       -481.9709147627      
 E_Fermi        -0.5271983247        -7.1729011913        
----------------------------------------------------------


 LCAO ALGORITHM --------------- ION=   1  ELEC=  15--------------------------------

 Density error is 1.04213256596e-05
----------------------------------------------------------
     Energy           Rydberg                 eV          
----------------------------------------------------------
 E_KohnSham     -35.4242368328       -481.9714682277      
 E_Harris       -35.4242300524       -481.9713759753      
 E_Fermi        -0.5271960320        -7.1728699989        
----------------------------------------------------------


 LCAO ALGORITHM --------------- ION=   1  ELEC=  16--------------------------------

 Density error is 2.03434855458e-06
----------------------------------------------------------
     Energy           Rydberg                 eV          
----------------------------------------------------------
 E_KohnSham     -35.4242368330       -481.9714682297      
 E_Harris       -35.4242391045       -481.9714991352      
 E_Fermi        -0.5271955690        -7.1728636987        
----------------------------------------------------------


 LCAO ALGORITHM --------------- ION=   1  ELEC=  17--------------------------------

 Density error is 1.74044167842e-06
----------------------------------------------------------
     Energy           Rydberg                 eV          
----------------------------------------------------------
 E_KohnSham     -35.4242368353       -481.9714682609      
 E_Harris       -35.4242391533       -481.9714997998      
 E_Fermi        -0.5271955932        -7.1728640283        
----------------------------------------------------------


 LCAO ALGORITHM --------------- ION=   1  ELEC=  18--------------------------------

 Density error is 3.53542127522e-07
----------------------------------------------------------
     Energy           Rydberg                 eV          
----------------------------------------------------------
 E_KohnSham     -35.4242368351       -481.9714682584      
 E_Harris       -35.4242367757       -481.9714674506      
 E_Fermi        -0.5271957141        -7.1728656734        
----------------------------------------------------------


 LCAO ALGORITHM --------------- ION=   1  ELEC=  19--------------------------------

 Density error is 1.21698567774e-07
----------------------------------------------------------
     Energy           Rydberg                 eV          
----------------------------------------------------------
 E_KohnSham     -35.4242368350       -481.9714682579      
 E_Harris       -35.4242365998       -481.9714650579      
 E_Fermi        -0.5271957313        -7.1728659075        
----------------------------------------------------------


 LCAO ALGORITHM --------------- ION=   1  ELEC=  20--------------------------------

 Density error is 6.12299974042e-08
----------------------------------------------------------
     Energy           Rydberg                 eV          
----------------------------------------------------------
 E_KohnSham     -35.4242368350       -481.9714682577      
 E_Harris       -35.4242368336       -481.9714682389      
 E_Fermi        -0.5271957160        -7.1728656994        
----------------------------------------------------------


 LCAO ALGORITHM --------------- ION=   1  ELEC=  21--------------------------------

 Density error is 1.0992963502e-08
----------------------------------------------------------
     Energy           Rydberg                 eV          
----------------------------------------------------------
 E_KohnSham     -35.4242368350       -481.9714682577      
 E_Harris       -35.4242368430       -481.9714683660      
 E_Fermi        -0.5271957157        -7.1728656952        
----------------------------------------------------------


 LCAO ALGORITHM --------------- ION=   1  ELEC=  22--------------------------------

 Density error is 8.28165956914e-09
----------------------------------------------------------
     Energy           Rydberg                 eV          
----------------------------------------------------------
 E_KohnSham     -35.4242368350       -481.9714682576      
 E_KS(sigma->0) -35.4242368350       -481.9714682576      
 E_Harris       -35.4242368555       -481.9714685370      
 E_band         -8.0808608726        -109.9457526121      
 E_one_elec     -72.4597612418       -985.8656286079      
 E_Hartree      37.7540098194        513.6696558919       
 E_xc           -9.7480808368        -132.6294439453      
 E_Ewald        9.0295954242         122.8539484036       
 E_entropy(-TS) 0.0000000000         0.0000000000         
 E_descf        0.0000000000         0.0000000000         
 E_exx          0.0000000000         0.0000000000         
 E_Fermi        -0.5271957152        -7.1728656878        
----------------------------------------------------------


 charge density convergence is achieved
 final etot is -481.97146826 eV
 EFERMI = -7.1728656878 eV

 STATE ENERGY(eV) AND OCCUPATIONS    NSPIN == 1
 1/1 kpoint (Cartesian) = 0.0000 0.0000 0.0000 (911913 pws)
       1       -25.3228        2.00000
       2       -13.1872        2.00000
       3       -9.29004        2.00000
       4       -7.17287        2.00000
       5      -0.372055        0.00000
       6        1.31824        0.00000
       7        3.06230        0.00000
       8        3.09418        0.00000
       9        5.68390        0.00000
      10        5.90706        0.00000
      11        7.08033        0.00000
      12        10.0509        0.00000
      13        10.1009        0.00000
      14        16.1099        0.00000


 Warning_Memory_Consuming allocated:  ORB::Jl(x) 737.494 MB
 correction force for each atom along direction 1 is -5.49930e-13
 correction force for each atom along direction 2 is 2.21109e-14
 correction force for each atom along direction 3 is 3.45825e-06
------------------------------------------------------------------------------------------
 TOTAL-FORCE (eV/Angstrom)                                                                
------------------------------------------------------------------------------------------
                        O1         0.0000000000         0.0000000000        -0.0003358204 
                        H1         0.0000000000        -0.0001411429         0.0001679102 
                        H2         0.0000000000         0.0001411429         0.0001679102 
------------------------------------------------------------------------------------------



 --------------------------------------------
 !FINAL_ETOT_IS -481.9714682576395 eV
 --------------------------------------------


TIME STATISTICS
------------------------------------------------------------------------------------
    CLASS_NAME                    NAME                TIME/s  CALLS   AVG/s  PER/%  
------------------------------------------------------------------------------------
                   total                              104.62 13       8.05   100.00 
 Driver            reading                            0.03   1        0.03   0.03   
 Input_Conv        Convert                            0.00   1        0.00   0.00   
 Driver            driver_line                        104.59 1        104.59 99.97  
 UnitCell          check_tau                          0.00   1        0.00   0.00   
 ESolver_KS_LCAO   before_all_runners                 3.54   1        3.54   3.38   
 PW_Basis_Sup      setuptransform                     0.09   1        0.09   0.08   
 PW_Basis_Sup      distributeg                        0.08   1        0.08   0.08   
 mymath            heapsort                           1.43   263      0.01   1.36   
 Charge_Mixing     init_mixing                        0.00   1        0.00   0.00   
 Symmetry          analy_sys                          0.02   1        0.02   0.02   
 PW_Basis_K        setuptransform                     0.08   1        0.08   0.08   
 PW_Basis_K        distributeg                        0.06   1        0.06   0.06   
 PW_Basis          setup_struc_factor                 0.24   1        0.24   0.23   
 NOrbital_Lm       extra_uniform                      0.38   171      0.00   0.36   
 Mathzone_Add1     SplineD2                           0.00   171      0.00   0.00   
 Mathzone_Add1     Cubic_Spline_Interpolation         0.00   171      0.00   0.00   
 Mathzone_Add1     Uni_Deriv_Phi                      0.36   171      0.00   0.35   
 ppcell_vl         init_vloc                          0.01   1        0.01   0.01   
 Ions              opt_ions                           100.29 1        100.29 95.86  
 ESolver_KS_LCAO   runner                             97.07  1        97.07  92.78  
 ESolver_KS_LCAO   before_scf                         4.63   1        4.63   4.43   
 atom_arrange      search                             0.00   1        0.00   0.00   
 atom_arrange      grid_d.init                        0.00   1        0.00   0.00   
 Grid              Construct_Adjacent_expand          0.00   1        0.00   0.00   
 Grid              Construct_Adjacent_expand_periodic 0.00   3        0.00   0.00   
 Grid_Technique    init                               0.10   1        0.10   0.09   
 Grid_BigCell      grid_expansion_index               0.04   2        0.02   0.04   
 Grid_Driver       Find_atom                          0.00   18       0.00   0.00   
 Record_adj        for_2d                             0.00   1        0.00   0.00   
 LCAO_domain       grid_prepare                       0.00   1        0.00   0.00   
 Veff              initialize_HR                      0.00   1        0.00   0.00   
 OverlapNew        initialize_SR                      0.00   1        0.00   0.00   
 EkineticNew       initialize_HR                      0.00   1        0.00   0.00   
 NonlocalNew       initialize_HR                      0.00   1        0.00   0.00   
 Charge            set_rho_core                       0.27   1        0.27   0.26   
 PW_Basis_Sup      recip2real                         6.86   167      0.04   6.56   
 PW_Basis_Sup      gathers_scatterp                   1.28   167      0.01   1.23   
 ModuleIO          read_rhog                          0.00   1        0.00   0.00   
 Charge            atomic_rho                         0.53   2        0.26   0.51   
 Potential         init_pot                           2.43   1        2.43   2.32   
 Potential         update_from_charge                 43.22  23       1.88   41.31  
 Potential         cal_fixed_v                        0.24   1        0.24   0.23   
 PotLocal          cal_fixed_v                        0.22   1        0.22   0.21   
 Potential         cal_v_eff                          42.28  23       1.84   40.41  
 H_Hartree_pw      v_hartree                          7.61   23       0.33   7.27   
 PW_Basis_Sup      real2recip                         6.38   192      0.03   6.10   
 PW_Basis_Sup      gatherp_scatters                   0.81   192      0.00   0.77   
 PotXC             cal_v_eff                          32.70  23       1.42   31.26  
 XC_Functional     v_xc                               33.16  24       1.38   31.69  
 Potential         interpolate_vrs                    0.70   23       0.03   0.67   
 Symmetry          rhog_symmetry                      14.20  23       0.62   13.57  
 Symmetry          group fft grids                    10.49  23       0.46   10.03  
 H_Ewald_pw        compute_ewald                      0.37   1        0.37   0.36   
 HSolverLCAO       solve                              3.49   22       0.16   3.34   
 HamiltLCAO        updateHk                           0.74   22       0.03   0.71   
 OperatorLCAO      init                               0.74   66       0.01   0.71   
 Veff              contributeHR                       0.73   22       0.03   0.70   
 Gint_interface    cal_gint                           1.45   45       0.03   1.39   
 Gint_interface    cal_gint_vlocal                    0.73   22       0.03   0.70   
 Gint_Tools        cal_psir_ylm                       0.88   35334    0.00   0.84   
 Gint_k            transfer_pvpR                      0.00   22       0.00   0.00   
 OverlapNew        calculate_SR                       0.00   1        0.00   0.00   
 OverlapNew        contributeHk                       0.00   22       0.00   0.00   
 EkineticNew       contributeHR                       0.00   22       0.00   0.00   
 EkineticNew       calculate_HR                       0.00   1        0.00   0.00   
 NonlocalNew       contributeHR                       0.01   22       0.00   0.01   
 NonlocalNew       calculate_HR                       0.01   1        0.01   0.01   
 OperatorLCAO      contributeHk                       0.00   22       0.00   0.00   
 HSolverLCAO       hamiltSolvePsiK                    0.05   22       0.00   0.05   
 DiagoElpa         elpa_solve                         0.04   22       0.00   0.04   
 elecstate         cal_dm                             0.00   23       0.00   0.00   
 psiMulPsiMpi      pdgemm                             0.00   23       0.00   0.00   
 DensityMatrix     cal_DMR                            0.00   23       0.00   0.00   
 ElecStateLCAO     psiToRho                           2.70   22       0.12   2.58   
 Gint              transfer_DMR                       0.00   22       0.00   0.00   
 Gint_interface    cal_gint_rho                       0.68   22       0.03   0.65   
 Charge_Mixing     get_drho                           0.08   22       0.00   0.07   
 Charge            mix_rho                            11.13  21       0.53   10.63  
 Charge            Pulay_mixing                       1.04   21       0.05   1.00   
 ModuleIO          write_rhog                         1.03   1        1.03   0.99   
 ESolver_KS_LCAO   after_scf                          7.09   1        7.09   6.78   
 ModuleIO          output_HSR                         0.01   1        0.01   0.01   
 ModuleIO          save_HSR_sparse                    0.01   1        0.01   0.00   
 cal_r_overlap_R   init                               1.87   1        1.87   1.79   
 ORB_gaunt_table   init_Gaunt_CH                      0.00   1        0.00   0.00   
 ORB_gaunt_table   Calc_Gaunt_CH                      0.00   601      0.00   0.00   
 ORB_gaunt_table   init_Gaunt                         0.00   1        0.00   0.00   
 ORB_gaunt_table   Get_Gaunt_SH                       0.00   6272     0.00   0.00   
 Center2_Orb       cal_ST_Phi12_R                     0.69   336      0.00   0.66   
 cal_r_overlap_R   out_rR_other                       0.01   1        0.01   0.01   
 ESolver_KS_LCAO   cal_force                          3.22   1        3.22   3.08   
 Force_Stress_LCAO getForceStress                     3.22   1        3.22   3.08   
 Forces            cal_force_loc                      0.64   1        0.64   0.61   
 Forces            cal_force_ew                       0.40   1        0.40   0.39   
 Forces            cal_force_cc                       1.87   1        1.87   1.79   
 Forces            cal_force_scc                      0.17   1        0.17   0.16   
 Force_LCAO        ftable                             0.04   1        0.04   0.04   
 Force_LCAO        allocate                           0.00   1        0.00   0.00   
 LCAO_domain       build_ST_new                       0.00   2        0.00   0.00   
 Force_LCAO        cal_pulay_fs_center2               0.00   2        0.00   0.00   
 Gint_interface    cal_gint_force                     0.04   1        0.04   0.04   
 Gint_Tools        cal_dpsir_ylm                      0.02   650      0.00   0.02   
 NonlocalNew       cal_force_stress                   0.00   1        0.00   0.00   
 ESolver_KS_LCAO   after_all_runners                  0.00   1        0.00   0.00   
 ModuleIO          write_istate_info                  0.00   1        0.00   0.00   
------------------------------------------------------------------------------------


 NAME-------------------------|MEMORY(MB)--------
                         total          1856.
                    ORB::Jl(x)          737.5
                  SF::strucFac          222.5
                      Chg::rho          109.5
                 Chg::rho_save          109.5
                 Chg::rho_core          109.5
                 Pot::veff_fix          109.5
                     Pot::veff          109.5
              Pot::veff_smooth          109.5
                     Chg::rhog          55.63
                Chg::rhog_save          55.63
                Chg::rhog_core          55.63
                  PW_B_K::gcar          20.87
                   PW_B_K::gk2          6.957
               GT::ind_bigcell          6.927
         GT::in_this_processor          6.927
              GT::index2normal          6.927
               GT::index2ucell          6.927
                 GT::start_ind          2.027
            GT::how_many_atoms          2.027
               GT::bcell_start          2.027
            GT::how many atoms          2.027
       TwoCenterTable: Kinetic          1.752
       TwoCenterTable: Overlap          1.752
      GT::bigcell_on_processor          1.732
      TwoCenterTable: Nonlocal          1.404
 -------------   < 1.0 MB has been ignored ----------------
 ----------------------------------------------------------

 Start  Time  : Fri Sep  4 17:20:31 2026
 Finish Time  : Fri Sep  4 17:22:15 2026
 Total  Time  : 0 h 1 mins 44 secs 
