                                                                                     
                              ABACUS v3.10.0

               Atomic-orbital Based Ab-initio Computation at UStc                    

                     Website: http://abacus.ustc.edu.cn/                             
               Documentation: https://abacus.deepmodeling.com/                       
                  Repository: https://github.com/abacusmodeling/abacus-develop       
                              https://github.com/deepmodeling/abacus-develop         
                      Commit: e84abb4 (Sat Jun 28 13:06:46 2025 +0800)

    Start Time is Thu Aug 27 10:01:10 2026
                                                                                     
 ------------------------------------------------------------------------------------

 READING GENERAL INFORMATION
                           global_out_dir = OUT.ABACUS/
                           global_in_card = INPUT
                               pseudo_dir = 
                              orbital_dir = 
                                    DRANK = 1
                                    DSIZE = 1
                                   DCOLOR = 1
                                    GRANK = 1
                                    GSIZE = 1




 >>>>>>>>>>>>>>>>>>>>>>>>>>>>>>>>>>>>>>>>>>>>>>>>>>>>>>>>>>>>>>>>>>>>>>
 |                                                                    |
 | Reading atom information in unitcell:                              |
 | From the input file and the structure file we know the number of   |
 | different elments in this unitcell, then we list the detail        |
 | information for each element, especially the zeta and polar atomic |
 | orbital number for each element. The total atom number is counted. |
 | We calculate the nearest atom distance for each atom and show the  |
 | Cartesian and Direct coordinates for each atom. We list the file   |
 | address for atomic orbitals. The volume and the lattice vectors    |
 | in real and reciprocal space is also shown.                        |
 |                                                                    |
 <<<<<<<<<<<<<<<<<<<<<<<<<<<<<<<<<<<<<<<<<<<<<<<<<<<<<<<<<<<<<<<<<<<<<<




 READING UNITCELL INFORMATION
                                    ntype = 2
                  lattice constant (Bohr) = 1.88972
              lattice constant (Angstrom) = 0.999994

 READING ATOM TYPE 1
                               atom label = In
                      L=0, number of zeta = 2
                      L=1, number of zeta = 2
                      L=2, number of zeta = 2
                      L=3, number of zeta = 1
             number of atom for this type = 2

 READING ATOM TYPE 2
                               atom label = Se
                      L=0, number of zeta = 2
                      L=1, number of zeta = 2
                      L=2, number of zeta = 1
             number of atom for this type = 3

                        TOTAL ATOM NUMBER = 5
DIRECT COORDINATES
    atom                   x                   y                   z     mag                  vx                  vy                  vz
taud_In1            0.0000000000        0.0000000000        0.5757307450  0.0000        0.0000000000        0.0000000000        0.0000000000
taud_In2            0.6666666667        0.3333333333        0.4608459974  0.0000        0.0000000000        0.0000000000        0.0000000000
taud_Se1            0.3333333333        0.6666666667        0.6131391672  0.0000        0.0000000000        0.0000000000        0.0000000000
taud_Se2            0.6681175877        0.3362351753        0.5296950093  0.0000        0.0000000000        0.0000000000        0.0000000000
taud_Se3            0.3333333333        0.6666666667        0.4257343807  0.0000        0.0000000000        0.0000000000        0.0000000000



                          Volume (Bohr^3) = 3365.29
                             Volume (A^3) = 498.685

 Lattice vectors: (Cartesian coordinate: in unit of a_0)
             +3.97922                  -0                  -0
             -1.98961             +3.4461                  -0
                   +0                  +0             +36.367
 Reciprocal vectors: (Cartesian coordinate: in unit of 2 pi/a_0)
            +0.251306           +0.145091                  -0
                   -0           +0.290183                  -0
                   +0                  +0          +0.0274975
 The esolver type has been set to : ksdft_lcao

 RUNNING WITH DEVICE  : CPU / Intel(R) Xeon(R) Gold 6248 CPU @ 2.50GHz




 >>>>>>>>>>>>>>>>>>>>>>>>>>>>>>>>>>>>>>>>>>>>>>>>>>>>>>>>>>>>>>>>>>>>>>
 |                                                                    |
 | Reading pseudopotentials files:                                    |
 | The pseudopotential file is in UPF format. The 'NC' indicates that |
 | the type of pseudopotential is 'norm conserving'. Functional of    |
 | exchange and correlation is decided by 4 given parameters in UPF   |
 | file.  We also read in the 'core correction' if there exists.      |
 | Also we can read the valence electrons number and the maximal      |
 | angular momentum used in this pseudopotential. We also read in the |
 | trail wave function, trail atomic density and local-pseudopotential|
 | on logrithmic grid. The non-local pseudopotential projector is also|
 | read in if there is any.                                           |
 |                                                                    |
 <<<<<<<<<<<<<<<<<<<<<<<<<<<<<<<<<<<<<<<<<<<<<<<<<<<<<<<<<<<<<<<<<<<<<<




                PAO radial cut off (Bohr) = 15

 Read in pseudopotential file is /home/zhuxd/abacus/8.dielec/4.In2Se3/pporb/In_ONCV_PBE_FR-1.0.upf
                     pseudopotential type = NC
          exchange-correlation functional = PBE
                 nonlocal core correction = 0
                        valence electrons = 13
                                     lmax = 2
                           number of zeta = 0
                     number of projectors = 6
                           L of projector = 0
                           L of projector = 0
                           L of projector = 1
                           L of projector = 1
                           L of projector = 2
                           L of projector = 2
 XC functional updated to : pbesol
          exchange-correlation functional = PBESOL
                PAO radial cut off (Bohr) = 15

 Read in pseudopotential file is /home/zhuxd/abacus/8.dielec/4.In2Se3/pporb/Se_ONCV_PBE_FR-1.1.upf
                     pseudopotential type = NC
          exchange-correlation functional = PBE
                 nonlocal core correction = 0
                        valence electrons = 6
                                     lmax = 2
                           number of zeta = 0
                     number of projectors = 6
                           L of projector = 0
                           L of projector = 0
                           L of projector = 1
                           L of projector = 1
                           L of projector = 2
                           L of projector = 2
 XC functional updated to : pbesol
          exchange-correlation functional = PBESOL
     initial pseudo atomic orbital number = 0

 SETUP THE ELECTRONS NUMBER
            electron number of element In = 13
      total electron number of element In = 26
            electron number of element Se = 6
      total electron number of element Se = 18
            AUTOSET number of electrons:  = 44
                           occupied bands = 22
                                   NLOCAL = 89
                                   NBANDS = 32
                                   NBANDS = 32
                                   NLOCAL = 89

%%%%%%%%%%%%%%%%%%%%%%%%%%%%%%%%%%%%%%%%%%%%%%%%%%%%%%%%%%%%%%%%%%%%%%%%%%%%%%%%%%%%%%%%%%%%%%%%%%%%%%%%%%
 Warning: the number of valence electrons in pseudopotential > 3 for In: [Kr] 4d10 5s2 5p1
 Pseudopotentials with additional electrons can yield (more) accurate outcomes, but may be less efficient.
 If you're confident that your chosen pseudopotential is appropriate, you can safely ignore this warning.
%%%%%%%%%%%%%%%%%%%%%%%%%%%%%%%%%%%%%%%%%%%%%%%%%%%%%%%%%%%%%%%%%%%%%%%%%%%%%%%%%%%%%%%%%%%%%%%%%%%%%%%%%%
                  




 >>>>>>>>>>>>>>>>>>>>>>>>>>>>>>>>>>>>>>>>>>>>>>>>>>>>>>>>>>>>>>>>>>>>>>
 |                                                                    |
 | Setup plane waves of charge/potential:                             |
 | Use the energy cutoff and the lattice vectors to generate the      |
 | dimensions of FFT grid. The number of FFT grid on each processor   |
 | is 'nrxx'. The number of plane wave basis in reciprocal space is   |
 | different for charege/potential and wave functions. We also set    |
 | the 'sticks' for the parallel of FFT. The number of plane waves    |
 | is 'npw' in each processor.                                        |
 <<<<<<<<<<<<<<<<<<<<<<<<<<<<<<<<<<<<<<<<<<<<<<<<<<<<<<<<<<<<<<<<<<<<<<





 SETUP THE PLANE WAVE BASIS
 energy cutoff for charge/potential (unit:Ry) = 400
            fft grid for charge/potential = [ 48, 48, 450 ]
                        fft grid division = [ 4, 4, 3 ]
        big fft grid for charge/potential = [ 12, 12, 150 ]
                                     nbxx = 21600
                                     nrxx = 1036800

 SETUP PLANE WAVES FOR CHARGE/POTENTIAL
                    number of plane waves = 454379
                         number of sticks = 1555

 PARALLEL PW FOR CHARGE/POTENTIAL
     PROC   COLUMNS(POT)             PW
        1           1555         454379
 --------------- sum -------------------
        1           1555         454379
                            number of |g| = 19709
                                  max |g| = 36.1773
                                  min |g| = 0
 DONE : SETUP UNITCELL Time : 0.168408 (SEC)


----------- Double Check Mixing Parameters Begin ------------
mixing_type: pulay
mixing_beta: 0.4
mixing_gg0: 1
mixing_gg0_min: 0.1
mixing_ndim: 8
----------- Double Check Mixing Parameters End ------------




 >>>>>>>>>>>>>>>>>>>>>>>>>>>>>>>>>>>>>>>>>>>>>>>>>>>>>>>>>>>>>>>>>>>>>>
 |                                                                    |
 | Doing symmetry analysis:                                           |
 | We calculate the norm of 3 vectors and the angles between them,    |
 | the type of Bravais lattice is given. We can judge if the unticell |
 | is a primitive cell. Finally we give the point group operation for |
 | this unitcell. We use the point group operations to do symmetry |
 | analysis on given k-point mesh and the charge density.             |
 |                                                                    |
 <<<<<<<<<<<<<<<<<<<<<<<<<<<<<<<<<<<<<<<<<<<<<<<<<<<<<<<<<<<<<<<<<<<<<<




 LATTICE VECTORS: (CARTESIAN COORDINATE: IN UNIT OF A0)
             +3.97922                  -0                  -0
             -1.98961             +3.4461                  -0
                   +0                  +0             +36.367
                       right hand lattice = 1
                                   NORM_A = 3.97922
                                   NORM_B = 3.97922
                                   NORM_C = 36.367
                           ALPHA (DEGREE) = 90
                           BETA  (DEGREE) = 90
                           GAMMA (DEGREE) = 120

 The lattice vectors have been changed (STRU_SIMPLE.cif)

(for optimal symmetric configuration:)
                             BRAVAIS TYPE = 4
                     BRAVAIS LATTICE NAME = 04. Hexagonal cell
                                    ibrav = 4
                                    IBRAV = 4
                                  BRAVAIS = HEXAGONAL CELL
                       LATTICE CONSTANT A = 3.97922
                                C/A RATIO = 9.13922
Original cell was already a primitive cell.
                        ROTATION MATRICES = 24
              PURE POINT GROUP OPERATIONS = 2
                   SPACE GROUP OPERATIONS = 2
                                       C2 = 0
                                       C3 = 0
                                       C4 = 0
                                       C6 = 0
                                       S1 = 1
                                       S3 = 0
                                       S4 = 0
                                       S6 = 0
                              POINT GROUP = C_1h
                                       C2 = 0
                                       C3 = 0
                                       C4 = 0
                                       C6 = 0
                                       S1 = 1
                                       S3 = 0
                                       S4 = 0
                                       S6 = 0
               POINT GROUP IN SPACE GROUP = C_1h
 DONE : SYMMETRY Time : 0.193028 (SEC)





 >>>>>>>>>>>>>>>>>>>>>>>>>>>>>>>>>>>>>>>>>>>>>>>>>>>>>>>>>>>>>>>>>>>>>>
 |                                                                    |
 | Setup K-points                                                     |
 | We setup the k-points according to input parameters.               |
 | The reduced k-points are set according to symmetry operations.     |
 | We treat the spin as another set of k-points.                      |
 |                                                                    |
 <<<<<<<<<<<<<<<<<<<<<<<<<<<<<<<<<<<<<<<<<<<<<<<<<<<<<<<<<<<<<<<<<<<<<<





 SETUP K-POINTS
                                    nspin = 1
                   Input type of k points = Monkhorst-Pack(Gamma)
                                   nkstot = 100
                       right hand lattice = 1
(for reciprocal lattice: )
                             BRAVAIS TYPE = 4
                     BRAVAIS LATTICE NAME = 04. Hexagonal cell
                                    ibrav = 4
                       right hand lattice = 1
(for k-lattice: )
                             BRAVAIS TYPE = 4
                     BRAVAIS LATTICE NAME = 04. Hexagonal cell
                                    ibrav = 4
                       right hand lattice = 1
                        ROTATION MATRICES = 24
                               nkstot_ibz = 31
K-POINTS REDUCTION ACCORDING TO SYMMETRY
     IBZ    DIRECT_X    DIRECT_Y    DIRECT_Z  WEIGHT  ibz2bz
       1  0.00000000  0.00000000  0.00000000  0.0100       0
       2 -0.10000000  0.10000000  0.00000000  0.0400       1
       3 -0.20000000  0.20000000  0.00000000  0.0400       2
       4 -0.30000000  0.30000000  0.00000000  0.0400       3
       5 -0.40000000  0.40000000  0.00000000  0.0400       4
       6  0.50000000  0.50000000  0.00000000  0.0200       5
       7  0.00000000  0.10000000  0.00000000  0.0200      10
       8 -0.10000000  0.20000000  0.00000000  0.0400      11
       9 -0.20000000  0.30000000  0.00000000  0.0400      12
      10 -0.30000000  0.40000000  0.00000000  0.0400      13
      11  0.40000000  0.50000000  0.00000000  0.0400      14
      12  0.50000000  0.40000000  0.00000000  0.0400      15
      13  0.40000000 -0.30000000  0.00000000  0.0400      16
      14  0.30000000 -0.20000000  0.00000000  0.0400      17
      15  0.20000000 -0.10000000  0.00000000  0.0200      18
      16  0.00000000  0.20000000  0.00000000  0.0200      20
      17 -0.10000000  0.30000000  0.00000000  0.0400      21
      18 -0.20000000  0.40000000  0.00000000  0.0400      22
      19  0.30000000  0.50000000  0.00000000  0.0400      23
      20  0.40000000  0.40000000  0.00000000  0.0400      24
      21  0.50000000  0.30000000  0.00000000  0.0400      25
      22  0.40000000 -0.20000000  0.00000000  0.0200      26
      23  0.00000000  0.30000000  0.00000000  0.0200      30
      24 -0.10000000  0.40000000  0.00000000  0.0400      31
      25  0.20000000  0.50000000  0.00000000  0.0400      32
      26  0.30000000  0.40000000  0.00000000  0.0400      33
      27  0.40000000  0.30000000  0.00000000  0.0200      34
      28  0.00000000  0.40000000  0.00000000  0.0200      40
      29  0.10000000  0.50000000  0.00000000  0.0400      41
      30  0.20000000  0.40000000  0.00000000  0.0200      42
      31  0.00000000  0.50000000  0.00000000  0.0100      50

                               nkstot now = 31
K-POINTS DIRECT COORDINATES
 KPOINTS    DIRECT_X    DIRECT_Y    DIRECT_Z  WEIGHT
       1  0.00000000  0.00000000  0.00000000  0.0100
       2 -0.10000000  0.10000000  0.00000000  0.0400
       3 -0.20000000  0.20000000  0.00000000  0.0400
       4 -0.30000000  0.30000000  0.00000000  0.0400
       5 -0.40000000  0.40000000  0.00000000  0.0400
       6  0.50000000  0.50000000  0.00000000  0.0200
       7  0.00000000  0.10000000  0.00000000  0.0200
       8 -0.10000000  0.20000000  0.00000000  0.0400
       9 -0.20000000  0.30000000  0.00000000  0.0400
      10 -0.30000000  0.40000000  0.00000000  0.0400
      11  0.40000000  0.50000000  0.00000000  0.0400
      12  0.50000000  0.40000000  0.00000000  0.0400
      13  0.40000000 -0.30000000  0.00000000  0.0400
      14  0.30000000 -0.20000000  0.00000000  0.0400
      15  0.20000000 -0.10000000  0.00000000  0.0200
      16  0.00000000  0.20000000  0.00000000  0.0200
      17 -0.10000000  0.30000000  0.00000000  0.0400
      18 -0.20000000  0.40000000  0.00000000  0.0400
      19  0.30000000  0.50000000  0.00000000  0.0400
      20  0.40000000  0.40000000  0.00000000  0.0400
      21  0.50000000  0.30000000  0.00000000  0.0400
      22  0.40000000 -0.20000000  0.00000000  0.0200
      23  0.00000000  0.30000000  0.00000000  0.0200
      24 -0.10000000  0.40000000  0.00000000  0.0400
      25  0.20000000  0.50000000  0.00000000  0.0400
      26  0.30000000  0.40000000  0.00000000  0.0400
      27  0.40000000  0.30000000  0.00000000  0.0200
      28  0.00000000  0.40000000  0.00000000  0.0200
      29  0.10000000  0.50000000  0.00000000  0.0400
      30  0.20000000  0.40000000  0.00000000  0.0200
      31  0.00000000  0.50000000  0.00000000  0.0100


           k-point number in this process = 31
       minimum distributed K point number = 31
starsize: 1
isym: 0 ks_vec: 0 0 0
starsize: 4
isym: 0 ks_vec: -0.1 0.1 0
isym: 1 ks_vec: 0.1 0 0
isym: 2 ks_vec: 0.1 -0.1 0
isym: 3 ks_vec: -0.1 0 0
starsize: 4
isym: 0 ks_vec: -0.2 0.2 0
isym: 1 ks_vec: 0.2 0 0
isym: 2 ks_vec: 0.2 -0.2 0
isym: 3 ks_vec: -0.2 0 0
starsize: 4
isym: 0 ks_vec: -0.3 0.3 0
isym: 1 ks_vec: 0.3 0 0
isym: 2 ks_vec: 0.3 -0.3 0
isym: 3 ks_vec: -0.3 0 0
starsize: 4
isym: 0 ks_vec: -0.4 0.4 0
isym: 1 ks_vec: 0.4 0 0
isym: 2 ks_vec: 0.4 -0.4 0
isym: 3 ks_vec: -0.4 0 0
starsize: 2
isym: 0 ks_vec: 0.5 0.5 0
isym: 1 ks_vec: 0.5 0 0
starsize: 2
isym: 0 ks_vec: 0 0.1 0
isym: 2 ks_vec: 0 -0.1 0
starsize: 4
isym: 0 ks_vec: -0.1 0.2 0
isym: 1 ks_vec: 0.1 0.1 0
isym: 2 ks_vec: 0.1 -0.2 0
isym: 3 ks_vec: -0.1 -0.1 0
starsize: 4
isym: 0 ks_vec: -0.2 0.3 0
isym: 1 ks_vec: 0.2 0.1 0
isym: 2 ks_vec: 0.2 -0.3 0
isym: 3 ks_vec: -0.2 -0.1 0
starsize: 4
isym: 0 ks_vec: -0.3 0.4 0
isym: 1 ks_vec: 0.3 0.1 0
isym: 2 ks_vec: 0.3 -0.4 0
isym: 3 ks_vec: -0.3 -0.1 0
starsize: 4
isym: 0 ks_vec: 0.4 0.5 0
isym: 1 ks_vec: -0.4 -0.1 0
isym: 2 ks_vec: -0.4 0.5 0
isym: 3 ks_vec: 0.4 0.1 0
starsize: 4
isym: 0 ks_vec: 0.5 0.4 0
isym: 1 ks_vec: 0.5 -0.1 0
isym: 2 ks_vec: 0.5 -0.4 0
isym: 3 ks_vec: 0.5 0.1 0
starsize: 4
isym: 0 ks_vec: 0.4 -0.3 0
isym: 1 ks_vec: -0.4 0.1 0
isym: 2 ks_vec: -0.4 0.3 0
isym: 3 ks_vec: 0.4 -0.1 0
starsize: 4
isym: 0 ks_vec: 0.3 -0.2 0
isym: 1 ks_vec: -0.3 0.1 0
isym: 2 ks_vec: -0.3 0.2 0
isym: 3 ks_vec: 0.3 -0.1 0
starsize: 2
isym: 0 ks_vec: 0.2 -0.1 0
isym: 1 ks_vec: -0.2 0.1 0
starsize: 2
isym: 0 ks_vec: 0 0.2 0
isym: 2 ks_vec: 0 -0.2 0
starsize: 4
isym: 0 ks_vec: -0.1 0.3 0
isym: 1 ks_vec: 0.1 0.2 0
isym: 2 ks_vec: 0.1 -0.3 0
isym: 3 ks_vec: -0.1 -0.2 0
starsize: 4
isym: 0 ks_vec: -0.2 0.4 0
isym: 1 ks_vec: 0.2 0.2 0
isym: 2 ks_vec: 0.2 -0.4 0
isym: 3 ks_vec: -0.2 -0.2 0
starsize: 4
isym: 0 ks_vec: 0.3 0.5 0
isym: 1 ks_vec: -0.3 -0.2 0
isym: 2 ks_vec: -0.3 0.5 0
isym: 3 ks_vec: 0.3 0.2 0
starsize: 4
isym: 0 ks_vec: 0.4 0.4 0
isym: 1 ks_vec: -0.4 -0.2 0
isym: 2 ks_vec: -0.4 -0.4 0
isym: 3 ks_vec: 0.4 0.2 0
starsize: 4
isym: 0 ks_vec: 0.5 0.3 0
isym: 1 ks_vec: 0.5 -0.2 0
isym: 2 ks_vec: 0.5 -0.3 0
isym: 3 ks_vec: 0.5 0.2 0
starsize: 2
isym: 0 ks_vec: 0.4 -0.2 0
isym: 1 ks_vec: -0.4 0.2 0
starsize: 2
isym: 0 ks_vec: 0 0.3 0
isym: 2 ks_vec: 0 -0.3 0
starsize: 4
isym: 0 ks_vec: -0.1 0.4 0
isym: 1 ks_vec: 0.1 0.3 0
isym: 2 ks_vec: 0.1 -0.4 0
isym: 3 ks_vec: -0.1 -0.3 0
starsize: 4
isym: 0 ks_vec: 0.2 0.5 0
isym: 1 ks_vec: -0.2 -0.3 0
isym: 2 ks_vec: -0.2 0.5 0
isym: 3 ks_vec: 0.2 0.3 0
starsize: 4
isym: 0 ks_vec: 0.3 0.4 0
isym: 1 ks_vec: -0.3 -0.3 0
isym: 2 ks_vec: -0.3 -0.4 0
isym: 3 ks_vec: 0.3 0.3 0
starsize: 2
isym: 0 ks_vec: 0.4 0.3 0
isym: 1 ks_vec: -0.4 -0.3 0
starsize: 2
isym: 0 ks_vec: 0 0.4 0
isym: 2 ks_vec: 0 -0.4 0
starsize: 4
isym: 0 ks_vec: 0.1 0.5 0
isym: 1 ks_vec: -0.1 -0.4 0
isym: 2 ks_vec: -0.1 0.5 0
isym: 3 ks_vec: 0.1 0.4 0
starsize: 2
isym: 0 ks_vec: 0.2 0.4 0
isym: 1 ks_vec: -0.2 -0.4 0
starsize: 1
isym: 0 ks_vec: 0 0.5 0

K-POINTS CARTESIAN COORDINATES
 KPOINTS CARTESIAN_X CARTESIAN_Y CARTESIAN_Z  WEIGHT
       1  0.00000000  0.00000000  0.00000000  0.0200
       2 -0.02513056  0.01450913  0.00000000  0.0800
       3 -0.05026112  0.02901827  0.00000000  0.0800
       4 -0.07539167  0.04352740  0.00000000  0.0800
       5 -0.10052223  0.05803654  0.00000000  0.0800
       6  0.12565279  0.21763702  0.00000000  0.0400
       7  0.00000000  0.02901827  0.00000000  0.0400
       8 -0.02513056  0.04352740  0.00000000  0.0800
       9 -0.05026112  0.05803654  0.00000000  0.0800
      10 -0.07539167  0.07254567  0.00000000  0.0800
      11  0.10052223  0.20312788  0.00000000  0.0800
      12  0.12565279  0.18861875  0.00000000  0.0800
      13  0.10052223 -0.02901827  0.00000000  0.0800
      14  0.07539167 -0.01450913  0.00000000  0.0800
      15  0.05026112  0.00000000  0.00000000  0.0400
      16  0.00000000  0.05803654  0.00000000  0.0400
      17 -0.02513056  0.07254567  0.00000000  0.0800
      18 -0.05026112  0.08705481  0.00000000  0.0800
      19  0.07539167  0.18861875  0.00000000  0.0800
      20  0.10052223  0.17410961  0.00000000  0.0800
      21  0.12565279  0.15960048  0.00000000  0.0800
      22  0.10052223  0.00000000  0.00000000  0.0400
      23  0.00000000  0.08705481  0.00000000  0.0400
      24 -0.02513056  0.10156394  0.00000000  0.0800
      25  0.05026112  0.17410961  0.00000000  0.0800
      26  0.07539167  0.15960048  0.00000000  0.0800
      27  0.10052223  0.14509135  0.00000000  0.0400
      28  0.00000000  0.11607308  0.00000000  0.0400
      29  0.02513056  0.15960048  0.00000000  0.0800
      30  0.05026112  0.14509135  0.00000000  0.0400
      31  0.00000000  0.14509135  0.00000000  0.0200


K-POINTS DIRECT COORDINATES
 KPOINTS    DIRECT_X    DIRECT_Y    DIRECT_Z  WEIGHT
       1  0.00000000  0.00000000  0.00000000  0.0200
       2 -0.10000000  0.10000000  0.00000000  0.0800
       3 -0.20000000  0.20000000  0.00000000  0.0800
       4 -0.30000000  0.30000000  0.00000000  0.0800
       5 -0.40000000  0.40000000  0.00000000  0.0800
       6  0.50000000  0.50000000  0.00000000  0.0400
       7  0.00000000  0.10000000  0.00000000  0.0400
       8 -0.10000000  0.20000000  0.00000000  0.0800
       9 -0.20000000  0.30000000  0.00000000  0.0800
      10 -0.30000000  0.40000000  0.00000000  0.0800
      11  0.40000000  0.50000000  0.00000000  0.0800
      12  0.50000000  0.40000000  0.00000000  0.0800
      13  0.40000000 -0.30000000  0.00000000  0.0800
      14  0.30000000 -0.20000000  0.00000000  0.0800
      15  0.20000000 -0.10000000  0.00000000  0.0400
      16  0.00000000  0.20000000  0.00000000  0.0400
      17 -0.10000000  0.30000000  0.00000000  0.0800
      18 -0.20000000  0.40000000  0.00000000  0.0800
      19  0.30000000  0.50000000  0.00000000  0.0800
      20  0.40000000  0.40000000  0.00000000  0.0800
      21  0.50000000  0.30000000  0.00000000  0.0800
      22  0.40000000 -0.20000000  0.00000000  0.0400
      23  0.00000000  0.30000000  0.00000000  0.0400
      24 -0.10000000  0.40000000  0.00000000  0.0800
      25  0.20000000  0.50000000  0.00000000  0.0800
      26  0.30000000  0.40000000  0.00000000  0.0800
      27  0.40000000  0.30000000  0.00000000  0.0400
      28  0.00000000  0.40000000  0.00000000  0.0400
      29  0.10000000  0.50000000  0.00000000  0.0800
      30  0.20000000  0.40000000  0.00000000  0.0400
      31  0.00000000  0.50000000  0.00000000  0.0200

 DONE : INIT K-POINTS Time : 0.270562 (SEC)


 Warning_Memory_Consuming allocated:  PW_B_K::gk2 13.4622 MB

 Warning_Memory_Consuming allocated:  PW_B_K::gcar 40.3867 MB




 >>>>>>>>>>>>>>>>>>>>>>>>>>>>>>>>>>>>>>>>>>>>>>>>>>>>>>>>>>>>>>>>>>>>>>
 |                                                                    |
 | Setup plane waves of wave functions:                               |
 | Use the energy cutoff and the lattice vectors to generate the      |
 | dimensions of FFT grid. The number of FFT grid on each processor   |
 | is 'nrxx'. The number of plane wave basis in reciprocal space is   |
 | different for charege/potential and wave functions. We also set    |
 | the 'sticks' for the parallel of FFT. The number of plane wave of  |
 | each k-point is 'npwk[ik]' in each processor                       |
 <<<<<<<<<<<<<<<<<<<<<<<<<<<<<<<<<<<<<<<<<<<<<<<<<<<<<<<<<<<<<<<<<<<<<<





 SETUP PLANE WAVES FOR WAVE FUNCTIONS
     energy cutoff for wavefunc (unit:Ry) = 100
              fft grid for wave functions = [ 48, 48, 450 ]
                    number of plane waves = 72099
                         number of sticks = 451

 PARALLEL PW FOR WAVE FUNCTIONS
     PROC   COLUMNS(POT)             PW
        1            451          72099
 --------------- sum -------------------
        1            451          72099
 DONE : INIT PLANEWAVE Time : 0.381698 (SEC)


 Warning_Memory_Consuming allocated:  SF::strucFac 13.8665 MB
 SET NONLOCAL PSEUDOPOTENTIAL PROJECTORS
 SET NONLOCAL PSEUDOPOTENTIAL PROJECTORS
 max number of nonlocal projetors among all species is 6
 DONE : LOCAL POTENTIAL Time : 0.655757 (SEC)


 Warning_Memory_Consuming allocated:  Chg::rho 7.91016 MB

 Warning_Memory_Consuming allocated:  Chg::rho_save 7.91016 MB

 Warning_Memory_Consuming allocated:  Chg::rho_core 7.91016 MB

 Warning_Memory_Consuming allocated:  Pot::veff_fix 7.91016 MB

 Warning_Memory_Consuming allocated:  Pot::veff 7.91016 MB

 Warning_Memory_Consuming allocated:  Pot::veff_smooth 7.91016 MB

 -------------------------------------------
 SELF-CONSISTENT
 -------------------------------------------




 >>>>>>>>>>>>>>>>>>>>>>>>>>>>>>>>>>>>>>>>>>>>>>>>>>>>>>>>>>>>>>>>>>>>>>
 |                                                                    |
 | Search adjacent atoms:                                             |
 | Set the adjacent atoms for each atom and set the periodic boundary |
 | condition for the atoms on real space FFT grid. For k-dependent    |
 | algorithm, we also need to set the sparse H and S matrix element   |
 | for each atom.                                                     |
 |                                                                    |
 <<<<<<<<<<<<<<<<<<<<<<<<<<<<<<<<<<<<<<<<<<<<<<<<<<<<<<<<<<<<<<<<<<<<<<





 SETUP SEARCHING RADIUS FOR PROGRAM TO SEARCH ADJACENT ATOMS
                  longest orb rcut (Bohr) = 10
   longest nonlocal projector rcut (Bohr) = 3.42
                     search radius (Bohr) = 26.8
              searching radius is (Bohr)) = 26.8
         searching radius unit is (Bohr)) = 1.89
                         PeriodicBoundary = 1
                        Radius(unit:lat0) = 14.2
                                   glayer = [ 6, 6, 2 ]
                             glayer_minus = [ 5, 5, 1 ]

Find the coordinate range of the input atom(unit:lat0).
                                  min_tau = [ -29.8, -17.2, -20.9 ]
                                  max_tau = [ 31.8, 19.5, 58.7 ]
                                BoxNumber = [ 11, 11, 3 ]

 SETUP EXTENDED REAL SPACE GRID FOR GRID INTEGRATION
                          real space grid = [ 48, 48, 450 ]
                 big cell numbers in grid = [ 12, 12, 150 ]
             meshcell numbers in big cell = [ 4, 4, 3 ]
                        extended fft grid = [ 19, 19, 22 ]
                dimension of extened grid = [ 51, 51, 195 ]
                            UnitCellTotal = 75
              Atom number in sub-FFT-grid = 5
    Local orbitals number in sub-FFT-grid = 89
                                ParaV.nnr = 282987
                                 init_chg = file
 try to read charge from file
 Read in the charge density: OUT.ABACUS//ABACUS-CHARGE-DENSITY.restart
 DONE : INIT SCF Time : 0.990996 (SEC)


 LCAO ALGORITHM --------------- ION=   1  ELEC=   1--------------------------------

 Density error is 0.00251146582099
----------------------------------------------------------
     Energy           Rydberg                 eV          
----------------------------------------------------------
 E_KohnSham     -270.4322535865      -3679.4195717571     
 E_Harris       -270.4305243398      -3679.3960441489     
 E_Fermi        -0.1473561083        -2.0048827079        
----------------------------------------------------------


 LCAO ALGORITHM --------------- ION=   1  ELEC=   2--------------------------------

 Density error is 0.00132010982798
----------------------------------------------------------
     Energy           Rydberg                 eV          
----------------------------------------------------------
 E_KohnSham     -270.4321470371      -3679.4181220781     
 E_Harris       -270.4323147306      -3679.4204036652     
 E_Fermi        -0.1473066200        -2.0042093845        
----------------------------------------------------------


 LCAO ALGORITHM --------------- ION=   1  ELEC=   3--------------------------------

 Density error is 0.000302404585705
----------------------------------------------------------
     Energy           Rydberg                 eV          
----------------------------------------------------------
 E_KohnSham     -270.4321819260      -3679.4185967660     
 E_Harris       -270.4329253096      -3679.4287110185     
 E_Fermi        -0.1472469045        -2.0033969134        
----------------------------------------------------------


 LCAO ALGORITHM --------------- ION=   1  ELEC=   4--------------------------------

 Density error is 4.73313756436e-05
----------------------------------------------------------
     Energy           Rydberg                 eV          
----------------------------------------------------------
 E_KohnSham     -270.4321820998      -3679.4185991312     
 E_Harris       -270.4315815717      -3679.4104285275     
 E_Fermi        -0.1472491722        -2.0034277682        
----------------------------------------------------------


 LCAO ALGORITHM --------------- ION=   1  ELEC=   5--------------------------------

 Density error is 6.00401438887e-06
----------------------------------------------------------
     Energy           Rydberg                 eV          
----------------------------------------------------------
 E_KohnSham     -270.4321821172      -3679.4185993680     
 E_Harris       -270.4326645132      -3679.4251627024     
 E_Fermi        -0.1472494443        -2.0034314696        
----------------------------------------------------------


 LCAO ALGORITHM --------------- ION=   1  ELEC=   6--------------------------------

 Density error is 3.12911704492e-06
----------------------------------------------------------
     Energy           Rydberg                 eV          
----------------------------------------------------------
 E_KohnSham     -270.4321821168      -3679.4185993623     
 E_Harris       -270.4321657899      -3679.4183772232     
 E_Fermi        -0.1472504469        -2.0034451105        
----------------------------------------------------------


 LCAO ALGORITHM --------------- ION=   1  ELEC=   7--------------------------------

 Density error is 6.824151503e-07
----------------------------------------------------------
     Energy           Rydberg                 eV          
----------------------------------------------------------
 E_KohnSham     -270.4321821168      -3679.4185993623     
 E_Harris       -270.4321182055      -3679.4177298044     
 E_Fermi        -0.1472501510        -2.0034410852        
----------------------------------------------------------


 LCAO ALGORITHM --------------- ION=   1  ELEC=   8--------------------------------

 Density error is 1.79309262937e-07
----------------------------------------------------------
     Energy           Rydberg                 eV          
----------------------------------------------------------
 E_KohnSham     -270.4321821170      -3679.4185993648     
 E_Harris       -270.4321912603      -3679.4187237659     
 E_Fermi        -0.1472502396        -2.0034422903        
----------------------------------------------------------


 LCAO ALGORITHM --------------- ION=   1  ELEC=   9--------------------------------

 Density error is 7.70869383201e-08
----------------------------------------------------------
     Energy           Rydberg                 eV          
----------------------------------------------------------
 E_KohnSham     -270.4321821171      -3679.4185993659     
 E_Harris       -270.4321871501      -3679.4186678442     
 E_Fermi        -0.1472502790        -2.0034428266        
----------------------------------------------------------


 LCAO ALGORITHM --------------- ION=   1  ELEC=  10--------------------------------

 Density error is 2.02563881251e-08
----------------------------------------------------------
     Energy           Rydberg                 eV          
----------------------------------------------------------
 E_KohnSham     -270.4321821171      -3679.4185993658     
 E_Harris       -270.4321836116      -3679.4186197002     
 E_Fermi        -0.1472502969        -2.0034430705        
----------------------------------------------------------


 LCAO ALGORITHM --------------- ION=   1  ELEC=  11--------------------------------

 Density error is 8.39029115728e-09
----------------------------------------------------------
     Energy           Rydberg                 eV          
----------------------------------------------------------
 E_KohnSham     -270.4321821171      -3679.4185993665     
 E_KS(sigma->0) -270.4321821171      -3679.4185993665     
 E_Harris       -270.4321837623      -3679.4186217504     
 E_band         -37.1257901560       -505.1222888741      
 E_one_elec     -3433.4783318107     -46714.8692721604    
 E_Hartree      1724.5593049420      23463.8330861301     
 E_xc           -40.4104102538       -549.8118379699      
 E_Ewald        1478.9943531532      20122.7505127075     
 E_entropy(-TS) -0.0000000000        -0.0000000000        
 E_descf        0.0000000000         0.0000000000         
 E_vdwD3        -0.0970981477        -1.3210880738        
 E_exx          0.0000000000         0.0000000000         
 E_Fermi        -0.1472503007        -2.0034431222        
----------------------------------------------------------


 charge density convergence is achieved
 final etot is -3679.4185994 eV
 EFERMI = -2.0034431222 eV

 STATE ENERGY(eV) AND OCCUPATIONS    NSPIN == 1
 1/31 kpoint (Cartesian) = 0.0000 0.0000 0.0000 (56649 pws)
       1       -17.2045      0.0200000
       2       -17.0342      0.0200000
       3       -17.0340      0.0200000
       4       -16.9206      0.0200000
       5       -16.9205      0.0200000
       6       -16.0955      0.0200000
       7       -16.0936      0.0200000
       8       -16.0299      0.0200000
       9       -15.9590      0.0200000
      10       -15.9588      0.0200000
      11       -15.5426      0.0200000
      12       -14.6638      0.0200000
      13       -13.6555      0.0200000
      14       -8.20243      0.0200000
      15       -5.86755      0.0200000
      16       -3.77418      0.0200000
      17       -3.77351      0.0200000
      18       -3.54521      0.0200000
      19       -2.74364      0.0200000
      20       -2.72195      0.0200000
      21       -2.34532      0.0200000
      22       -2.33876      0.0200000
      23       -1.45896        0.00000
      24      -0.114809        0.00000
      25        1.41107        0.00000
      26        2.86942        0.00000
      27        2.87678        0.00000
      28        2.92825        0.00000
      29        3.90645        0.00000
      30        3.93131        0.00000
      31        6.38318        0.00000
      32        6.65203        0.00000

 2/31 kpoint (Cartesian) = -0.025131 0.014509 0.0000 (56647 pws)
       1       -17.2045      0.0800000
       2       -17.0626      0.0800000
       3       -17.0287      0.0800000
       4       -16.9253      0.0800000
       5       -16.9189      0.0800000
       6       -16.1282      0.0800000
       7       -16.0886      0.0800000
       8       -16.0167      0.0800000
       9       -15.9656      0.0800000
      10       -15.9580      0.0800000
      11       -15.4323      0.0800000
      12       -14.5939      0.0800000
      13       -13.5691      0.0800000
      14       -8.15542      0.0800000
      15       -5.93241      0.0800000
      16       -4.36700      0.0800000
      17       -3.90493      0.0800000
      18       -3.67173      0.0800000
      19       -3.19774      0.0800000
      20       -2.95752      0.0800000
      21       -2.74871      0.0800000
      22       -2.30178      0.0800000
      23      -0.981181        0.00000
      24       0.349734        0.00000
      25        1.87240        0.00000
      26        2.26678        0.00000
      27        3.00851        0.00000
      28        3.06051        0.00000
      29        3.94290        0.00000
      30        4.15203        0.00000
      31        6.50249        0.00000
      32        6.62426        0.00000

 3/31 kpoint (Cartesian) = -0.050261 0.029018 0.0000 (56735 pws)
       1       -17.2174      0.0800000
       2       -17.1148      0.0800000
       3       -17.0166      0.0800000
       4       -16.9348      0.0800000
       5       -16.9122      0.0800000
       6       -16.2085      0.0800000
       7       -16.0739      0.0800000
       8       -15.9954      0.0800000
       9       -15.9732      0.0800000
      10       -15.9533      0.0800000
      11       -15.1373      0.0800000
      12       -14.3928      0.0800000
      13       -13.3456      0.0800000
      14       -8.06947      0.0800000
      15       -6.27552      0.0800000
      16       -5.28066      0.0800000
      17       -4.45038      0.0800000
      18       -4.21595      0.0800000
      19       -3.69313      0.0800000
      20       -3.37379      0.0800000
      21       -3.14923      0.0800000
      22       -2.32724      0.0800000
      23      -0.434799        0.00000
      24       0.588070        0.00000
      25        1.44354        0.00000
      26        2.53133        0.00000
      27        3.27712        0.00000
      28        3.45930        0.00000
      29        4.51813        0.00000
      30        4.68877        0.00000
      31        6.05510        0.00000
      32        6.51856        0.00000

 4/31 kpoint (Cartesian) = -0.075392 0.043527 0.0000 (56777 pws)
       1       -17.2654      0.0800000
       2       -17.1325      0.0800000
       3       -17.0063      0.0800000
       4       -16.9443      0.0800000
       5       -16.8989      0.0800000
       6       -16.2972      0.0800000
       7       -16.0609      0.0800000
       8       -15.9993      0.0800000
       9       -15.9545      0.0800000
      10       -15.9418      0.0800000
      11       -14.7372      0.0800000
      12       -14.1046      0.0800000
      13       -13.0720      0.0800000
      14       -8.14789      0.0800000
      15       -6.97530      0.0800000
      16       -5.85267      0.0800000
      17       -5.20472      0.0800000
      18       -4.55309      0.0800000
      19       -4.13349      0.0800000
      20       -3.77603      0.0800000
      21       -3.18326      0.0800000
      22       -2.41862      0.0800000
      23      -0.446768        0.00000
      24       0.200903        0.00000
      25       0.938355        0.00000
      26        2.77965        0.00000
      27        3.44672        0.00000
      28        4.29337        0.00000
      29        5.13693        0.00000
      30        5.21800        0.00000
      31        5.71354        0.00000
      32        6.48746        0.00000

 5/31 kpoint (Cartesian) = -0.10052 0.058037 0.0000 (56836 pws)
       1       -17.3126      0.0800000
       2       -17.1303      0.0800000
       3       -17.0016      0.0800000
       4       -16.9513      0.0800000
       5       -16.8842      0.0800000
       6       -16.3617      0.0800000
       7       -16.0548      0.0800000
       8       -16.0082      0.0800000
       9       -15.9352      0.0800000
      10       -15.9278      0.0800000
      11       -14.3536      0.0800000
      12       -13.8362      0.0800000
      13       -12.8563      0.0800000
      14       -8.50006      0.0800000
      15       -7.57486      0.0800000
      16       -6.05167      0.0800000
      17       -5.61440      0.0800000
      18       -4.79791      0.0800000
      19       -4.39132      0.0800000
      20       -4.05480      0.0800000
      21       -3.17077      0.0800000
      22       -2.50529      0.0800000
      23      -0.713794        0.00000
      24      -0.121961        0.00000
      25       0.625498        0.00000
      26        2.70882        0.00000
      27        3.48518        0.00000
      28        4.40713        0.00000
      29        5.13797        0.00000
      30        5.52241        0.00000
      31        5.99208        0.00000
      32        7.00359        0.00000

 6/31 kpoint (Cartesian) = 0.12565 0.21764 0.0000 (56844 pws)
       1       -17.3303      0.0400000
       2       -17.1284      0.0400000
       3       -17.0005      0.0400000
       4       -16.9539      0.0400000
       5       -16.8778      0.0400000
       6       -16.3848      0.0400000
       7       -16.0534      0.0400000
       8       -16.0117      0.0400000
       9       -15.9281      0.0400000
      10       -15.9215      0.0400000
      11       -14.1808      0.0400000
      12       -13.7274      0.0400000
      13       -12.7779      0.0400000
      14       -8.70575      0.0400000
      15       -7.80675      0.0400000
      16       -6.14662      0.0400000
      17       -5.62707      0.0400000
      18       -4.88614      0.0400000
      19       -4.52705      0.0400000
      20       -4.15353      0.0400000
      21       -3.15279      0.0400000
      22       -2.53936      0.0400000
      23      -0.817153        0.00000
      24      -0.270014        0.00000
      25       0.523023        0.00000
      26        2.62752        0.00000
      27        3.48340        0.00000
      28        4.35389        0.00000
      29        4.99961        0.00000
      30        5.60834        0.00000
      31        6.29225        0.00000
      32        7.18210        0.00000

 7/31 kpoint (Cartesian) = 0.0000 0.029018 0.0000 (56647 pws)
       1       -17.2045      0.0400000
       2       -17.0626      0.0400000
       3       -17.0285      0.0400000
       4       -16.9254      0.0400000
       5       -16.9188      0.0400000
       6       -16.1295      0.0400000
       7       -16.0871      0.0400000
       8       -16.0168      0.0400000
       9       -15.9658      0.0400000
      10       -15.9580      0.0400000
      11       -15.4323      0.0400000
      12       -14.5942      0.0400000
      13       -13.5686      0.0400000
      14       -8.15510      0.0400000
      15       -5.93328      0.0400000
      16       -4.36743      0.0400000
      17       -3.90436      0.0400000
      18       -3.67720      0.0400000
      19       -3.20370      0.0400000
      20       -2.94628      0.0400000
      21       -2.74834      0.0400000
      22       -2.30265      0.0400000
      23      -0.980487        0.00000
      24       0.352212        0.00000
      25        1.87086        0.00000
      26        2.25770        0.00000
      27        3.01325        0.00000
      28        3.06879        0.00000
      29        3.95905        0.00000
      30        4.13485        0.00000
      31        6.50140        0.00000
      32        6.62419        0.00000

 8/31 kpoint (Cartesian) = -0.025131 0.043527 0.0000 (56736 pws)
       1       -17.2106      0.0800000
       2       -17.1023      0.0800000
       3       -17.0204      0.0800000
       4       -16.9312      0.0800000
       5       -16.9155      0.0800000
       6       -16.1809      0.0800000
       7       -16.0835      0.0800000
       8       -15.9973      0.0800000
       9       -15.9742      0.0800000
      10       -15.9552      0.0800000
      11       -15.2306      0.0800000
      12       -14.4578      0.0800000
      13       -13.4141      0.0800000
      14       -8.08605      0.0800000
      15       -6.13360      0.0800000
      16       -5.02276      0.0800000
      17       -4.22432      0.0800000
      18       -4.04102      0.0800000
      19       -3.85400      0.0800000
      20       -3.26650      0.0800000
      21       -2.72794      0.0800000
      22       -2.57300      0.0800000
      23      -0.488048        0.00000
      24       0.728544        0.00000
      25        1.76719        0.00000
      26        2.49745        0.00000
      27        2.62960        0.00000
      28        3.48003        0.00000
      29        4.22294        0.00000
      30        4.61146        0.00000
      31        6.28088        0.00000
      32        6.60200        0.00000

 9/31 kpoint (Cartesian) = -0.050261 0.058037 0.0000 (56800 pws)
       1       -17.2441      0.0800000
       2       -17.1307      0.0800000
       3       -17.0111      0.0800000
       4       -16.9384      0.0800000
       5       -16.9071      0.0800000
       6       -16.2564      0.0800000
       7       -16.0808      0.0800000
       8       -15.9886      0.0800000
       9       -15.9699      0.0800000
      10       -15.9448      0.0800000
      11       -14.8838      0.0800000
      12       -14.2061      0.0800000
      13       -13.1680      0.0800000
      14       -8.06876      0.0800000
      15       -6.67015      0.0800000
      16       -5.65253      0.0800000
      17       -4.85582      0.0800000
      18       -4.62931      0.0800000
      19       -4.32656      0.0800000
      20       -3.47785      0.0800000
      21       -3.08046      0.0800000
      22       -2.66454      0.0800000
      23      -0.174494        0.00000
      24       0.549520        0.00000
      25        1.41865        0.00000
      26        2.59022        0.00000
      27        3.09325        0.00000
      28        3.93185        0.00000
      29        4.69584        0.00000
      30        5.16536        0.00000
      31        6.06826        0.00000
      32        6.33348        0.00000

 10/31 kpoint (Cartesian) = -0.075392 0.072546 0.0000 (56859 pws)
       1       -17.2942      0.0800000
       2       -17.1320      0.0800000
       3       -17.0062      0.0800000
       4       -16.9448      0.0800000
       5       -16.8941      0.0800000
       6       -16.3259      0.0800000
       7       -16.0786      0.0800000
       8       -15.9982      0.0800000
       9       -15.9503      0.0800000
      10       -15.9307      0.0800000
      11       -14.4851      0.0800000
      12       -13.9112      0.0800000
      13       -12.9279      0.0800000
      14       -8.30179      0.0800000
      15       -7.31499      0.0800000
      16       -5.97373      0.0800000
      17       -5.47317      0.0800000
      18       -4.96775      0.0800000
      19       -4.52107      0.0800000
      20       -3.93829      0.0800000
      21       -3.18417      0.0800000
      22       -2.71760      0.0800000
      23      -0.311915        0.00000
      24       0.188410        0.00000
      25        1.03890        0.00000
      26        2.87063        0.00000
      27        3.14868        0.00000
      28        4.34166        0.00000
      29        5.19146        0.00000
      30        5.30456        0.00000
      31        5.87751        0.00000
      32        6.55844        0.00000

 11/31 kpoint (Cartesian) = 0.10052 0.20313 0.0000 (56873 pws)
       1       -17.3255      0.0800000
       2       -17.1285      0.0800000
       3       -17.0049      0.0800000
       4       -16.9486      0.0800000
       5       -16.8840      0.0800000
       6       -16.3658      0.0800000
       7       -16.0784      0.0800000
       8       -16.0044      0.0800000
       9       -15.9332      0.0800000
      10       -15.9259      0.0800000
      11       -14.1894      0.0800000
      12       -13.7065      0.0800000
      13       -12.7886      0.0800000
      14       -8.61454      0.0800000
      15       -7.72933      0.0800000
      16       -6.08058      0.0800000
      17       -5.69859      0.0800000
      18       -5.14194      0.0800000
      19       -4.57608      0.0800000
      20       -4.28010      0.0800000
      21       -3.24305      0.0800000
      22       -2.72187      0.0800000
      23      -0.499442        0.00000
      24     -0.0741775        0.00000
      25       0.853437        0.00000
      26        2.86199        0.00000
      27        3.18404        0.00000
      28        4.32508        0.00000
      29        5.08836        0.00000
      30        5.59726        0.00000
      31        5.98541        0.00000
      32        6.83064        0.00000

 12/31 kpoint (Cartesian) = 0.12565 0.18862 0.0000 (56873 pws)
       1       -17.3255      0.0800000
       2       -17.1285      0.0800000
       3       -17.0050      0.0800000
       4       -16.9486      0.0800000
       5       -16.8840      0.0800000
       6       -16.3653      0.0800000
       7       -16.0789      0.0800000
       8       -16.0045      0.0800000
       9       -15.9342      0.0800000
      10       -15.9249      0.0800000
      11       -14.1892      0.0800000
      12       -13.7062      0.0800000
      13       -12.7893      0.0800000
      14       -8.61492      0.0800000
      15       -7.72861      0.0800000
      16       -6.08017      0.0800000
      17       -5.69741      0.0800000
      18       -5.14237      0.0800000
      19       -4.56765      0.0800000
      20       -4.28948      0.0800000
      21       -3.24360      0.0800000
      22       -2.72195      0.0800000
      23      -0.500278        0.00000
      24     -0.0728651        0.00000
      25       0.853700        0.00000
      26        2.86363        0.00000
      27        3.18325        0.00000
      28        4.32648        0.00000
      29        5.08521        0.00000
      30        5.59507        0.00000
      31        5.98466        0.00000
      32        6.83275        0.00000

 13/31 kpoint (Cartesian) = 0.10052 -0.029018 0.0000 (56859 pws)
       1       -17.2940      0.0800000
       2       -17.1321      0.0800000
       3       -17.0064      0.0800000
       4       -16.9448      0.0800000
       5       -16.8939      0.0800000
       6       -16.3247      0.0800000
       7       -16.0801      0.0800000
       8       -15.9982      0.0800000
       9       -15.9514      0.0800000
      10       -15.9297      0.0800000
      11       -14.4848      0.0800000
      12       -13.9105      0.0800000
      13       -12.9295      0.0800000
      14       -8.30297      0.0800000
      15       -7.31289      0.0800000
      16       -5.97210      0.0800000
      17       -5.47052      0.0800000
      18       -4.96907      0.0800000
      19       -4.51087      0.0800000
      20       -3.95072      0.0800000
      21       -3.18488      0.0800000
      22       -2.71862      0.0800000
      23      -0.313459        0.00000
      24       0.190445        0.00000
      25        1.03937        0.00000
      26        2.87201        0.00000
      27        3.15178        0.00000
      28        4.34449        0.00000
      29        5.19084        0.00000
      30        5.29102        0.00000
      31        5.87082        0.00000
      32        6.56655        0.00000

 14/31 kpoint (Cartesian) = 0.075392 -0.014509 0.0000 (56800 pws)
       1       -17.2439      0.0800000
       2       -17.1308      0.0800000
       3       -17.0114      0.0800000
       4       -16.9384      0.0800000
       5       -16.9069      0.0800000
       6       -16.2544      0.0800000
       7       -16.0832      0.0800000
       8       -15.9885      0.0800000
       9       -15.9708      0.0800000
      10       -15.9438      0.0800000
      11       -14.8836      0.0800000
      12       -14.2052      0.0800000
      13       -13.1698      0.0800000
      14       -8.07027      0.0800000
      15       -6.66708      0.0800000
      16       -5.64944      0.0800000
      17       -4.85520      0.0800000
      18       -4.63128      0.0800000
      19       -4.31594      0.0800000
      20       -3.48801      0.0800000
      21       -3.08139      0.0800000
      22       -2.66678      0.0800000
      23      -0.176652        0.00000
      24       0.550144        0.00000
      25        1.41767        0.00000
      26        2.59231        0.00000
      27        3.10397        0.00000
      28        3.93188        0.00000
      29        4.67313        0.00000
      30        5.16847        0.00000
      31        6.05964        0.00000
      32        6.34664        0.00000

 15/31 kpoint (Cartesian) = 0.050261 0.0000 0.0000 (56736 pws)
       1       -17.2103      0.0400000
       2       -17.1024      0.0400000
       3       -17.0206      0.0400000
       4       -16.9312      0.0400000
       5       -16.9155      0.0400000
       6       -16.1787      0.0400000
       7       -16.0863      0.0400000
       8       -15.9973      0.0400000
       9       -15.9741      0.0400000
      10       -15.9548      0.0400000
      11       -15.2304      0.0400000
      12       -14.4571      0.0400000
      13       -13.4155      0.0400000
      14       -8.08705      0.0400000
      15       -6.13088      0.0400000
      16       -5.02152      0.0400000
      17       -4.22338      0.0400000
      18       -4.02982      0.0400000
      19       -3.85974      0.0400000
      20       -3.26546      0.0400000
      21       -2.73905      0.0400000
      22       -2.57076      0.0400000
      23      -0.490245        0.00000
      24       0.724838        0.00000
      25        1.77046        0.00000
      26        2.50045        0.00000
      27        2.63721        0.00000
      28        3.47274        0.00000
      29        4.20140        0.00000
      30        4.62139        0.00000
      31        6.27981        0.00000
      32        6.60595        0.00000

 16/31 kpoint (Cartesian) = 0.0000 0.058037 0.0000 (56735 pws)
       1       -17.2178      0.0400000
       2       -17.1143      0.0400000
       3       -17.0163      0.0400000
       4       -16.9349      0.0400000
       5       -16.9122      0.0400000
       6       -16.2098      0.0400000
       7       -16.0722      0.0400000
       8       -15.9948      0.0400000
       9       -15.9740      0.0400000
      10       -15.9534      0.0400000
      11       -15.1375      0.0400000
      12       -14.3936      0.0400000
      13       -13.3439      0.0400000
      14       -8.06794      0.0400000
      15       -6.27984      0.0400000
      16       -5.28253      0.0400000
      17       -4.45913      0.0400000
      18       -4.21528      0.0400000
      19       -3.68749      0.0400000
      20       -3.36613      0.0400000
      21       -3.15480      0.0400000
      22       -2.32619      0.0400000
      23      -0.430098        0.00000
      24       0.588335        0.00000
      25        1.44178        0.00000
      26        2.52905        0.00000
      27        3.28079        0.00000
      28        3.46699        0.00000
      29        4.53773        0.00000
      30        4.67622        0.00000
      31        6.05366        0.00000
      32        6.51211        0.00000

 17/31 kpoint (Cartesian) = -0.025131 0.072546 0.0000 (56800 pws)
       1       -17.2444      0.0800000
       2       -17.1304      0.0800000
       3       -17.0110      0.0800000
       4       -16.9385      0.0800000
       5       -16.9071      0.0800000
       6       -16.2569      0.0800000
       7       -16.0800      0.0800000
       8       -15.9878      0.0800000
       9       -15.9709      0.0800000
      10       -15.9447      0.0800000
      11       -14.8840      0.0800000
      12       -14.2064      0.0800000
      13       -13.1668      0.0800000
      14       -8.06745      0.0800000
      15       -6.67342      0.0800000
      16       -5.65574      0.0800000
      17       -4.85889      0.0800000
      18       -4.63034      0.0800000
      19       -4.31839      0.0800000
      20       -3.47795      0.0800000
      21       -3.08382      0.0800000
      22       -2.66296      0.0800000
      23      -0.169002        0.00000
      24       0.542931        0.00000
      25        1.42218        0.00000
      26        2.59203        0.00000
      27        3.09733        0.00000
      28        3.93286        0.00000
      29        4.69431        0.00000
      30        5.17526        0.00000
      31        6.05883        0.00000
      32        6.33597        0.00000

 18/31 kpoint (Cartesian) = -0.050261 0.087055 0.0000 (56870 pws)
       1       -17.2847      0.0800000
       2       -17.1327      0.0800000
       3       -17.0100      0.0800000
       4       -16.9387      0.0800000
       5       -16.9018      0.0800000
       6       -16.2976      0.0800000
       7       -16.1057      0.0800000
       8       -15.9854      0.0800000
       9       -15.9658      0.0800000
      10       -15.9309      0.0800000
      11       -14.5344      0.0800000
      12       -13.9334      0.0800000
      13       -12.9579      0.0800000
      14       -8.20099      0.0800000
      15       -7.15465      0.0800000
      16       -5.91496      0.0800000
      17       -5.38351      0.0800000
      18       -5.12428      0.0800000
      19       -4.77811      0.0800000
      20       -3.74089      0.0800000
      21       -3.31911      0.0800000
      22       -2.89608      0.0800000
      23      0.0258536        0.00000
      24       0.458974        0.00000
      25        1.66243        0.00000
      26        2.23092        0.00000
      27        3.60519        0.00000
      28        3.97296        0.00000
      29        4.85454        0.00000
      30        5.49981        0.00000
      31        6.12618        0.00000
      32        6.80456        0.00000

 19/31 kpoint (Cartesian) = 0.075392 0.18862 0.0000 (56897 pws)
       1       -17.3174      0.0800000
       2       -17.1289      0.0800000
       3       -17.0119      0.0800000
       4       -16.9374      0.0800000
       5       -16.8970      0.0800000
       6       -16.3251      0.0800000
       7       -16.1288      0.0800000
       8       -15.9876      0.0800000
       9       -15.9525      0.0800000
      10       -15.9266      0.0800000
      11       -14.2029      0.0800000
      12       -13.6723      0.0800000
      13       -12.8057      0.0800000
      14       -8.44573      0.0800000
      15       -7.57670      0.0800000
      16       -6.04164      0.0800000
      17       -5.88029      0.0800000
      18       -5.37361      0.0800000
      19       -4.85409      0.0800000
      20       -4.21890      0.0800000
      21       -3.58470      0.0800000
      22       -2.83348      0.0800000
      23     -0.0140715        0.00000
      24       0.175251        0.00000
      25        1.58528        0.00000
      26        2.37115        0.00000
      27        3.73079        0.00000
      28        4.39254        0.00000
      29        5.25747        0.00000
      30        5.47904        0.00000
      31        6.22773        0.00000
      32        6.58814        0.00000

 20/31 kpoint (Cartesian) = 0.10052 0.17411 0.0000 (56906 pws)
       1       -17.3295      0.0800000
       2       -17.1267      0.0800000
       3       -17.0132      0.0800000
       4       -16.9368      0.0800000
       5       -16.8949      0.0800000
       6       -16.3344      0.0800000
       7       -16.1384      0.0800000
       8       -15.9892      0.0800000
       9       -15.9412      0.0800000
      10       -15.9308      0.0800000
      11       -14.0580      0.0800000
      12       -13.5609      0.0800000
      13       -12.7567      0.0800000
      14       -8.57319      0.0800000
      15       -7.75234      0.0800000
      16       -6.09968      0.0800000
      17       -6.02820      0.0800000
      18       -5.47081      0.0800000
      19       -4.66106      0.0800000
      20       -4.57947      0.0800000
      21       -3.69162      0.0800000
      22       -2.78866      0.0800000
      23     -0.0872487        0.00000
      24      0.0437351        0.00000
      25        1.51519        0.00000
      26        2.48081        0.00000
      27        3.71843        0.00000
      28        4.50763        0.00000
      29        5.20123        0.00000
      30        5.88183        0.00000
      31        6.16152        0.00000
      32        6.62625        0.00000

 21/31 kpoint (Cartesian) = 0.12565 0.15960 0.0000 (56897 pws)
       1       -17.3173      0.0800000
       2       -17.1289      0.0800000
       3       -17.0122      0.0800000
       4       -16.9375      0.0800000
       5       -16.8968      0.0800000
       6       -16.3231      0.0800000
       7       -16.1311      0.0800000
       8       -15.9876      0.0800000
       9       -15.9535      0.0800000
      10       -15.9257      0.0800000
      11       -14.2024      0.0800000
      12       -13.6714      0.0800000
      13       -12.8080      0.0800000
      14       -8.44742      0.0800000
      15       -7.57322      0.0800000
      16       -6.04052      0.0800000
      17       -5.87649      0.0800000
      18       -5.37118      0.0800000
      19       -4.85086      0.0800000
      20       -4.22969      0.0800000
      21       -3.58581      0.0800000
      22       -2.83311      0.0800000
      23     -0.0185212        0.00000
      24       0.181889        0.00000
      25        1.58470        0.00000
      26        2.36973        0.00000
      27        3.73002        0.00000
      28        4.39972        0.00000
      29        5.25604        0.00000
      30        5.46589        0.00000
      31        6.23262        0.00000
      32        6.58299        0.00000

 22/31 kpoint (Cartesian) = 0.10052 0.0000 0.0000 (56870 pws)
       1       -17.2844      0.0400000
       2       -17.1330      0.0400000
       3       -17.0104      0.0400000
       4       -16.9387      0.0400000
       5       -16.9015      0.0400000
       6       -16.2946      0.0400000
       7       -16.1092      0.0400000
       8       -15.9856      0.0400000
       9       -15.9666      0.0400000
      10       -15.9299      0.0400000
      11       -14.5339      0.0400000
      12       -13.9321      0.0400000
      13       -12.9612      0.0400000
      14       -8.20393      0.0400000
      15       -7.14871      0.0400000
      16       -5.90872      0.0400000
      17       -5.37973      0.0400000
      18       -5.12466      0.0400000
      19       -4.77557      0.0400000
      20       -3.75335      0.0400000
      21       -3.31931      0.0400000
      22       -2.89661      0.0400000
      23      0.0196059        0.00000
      24       0.467941        0.00000
      25        1.65876        0.00000
      26        2.22982        0.00000
      27        3.60624        0.00000
      28        3.98439        0.00000
      29        4.84043        0.00000
      30        5.48753        0.00000
      31        6.12904        0.00000
      32        6.80754        0.00000

 23/31 kpoint (Cartesian) = 0.0000 0.087055 0.0000 (56777 pws)
       1       -17.2660      0.0400000
       2       -17.1318      0.0400000
       3       -17.0060      0.0400000
       4       -16.9446      0.0400000
       5       -16.8989      0.0400000
       6       -16.2986      0.0400000
       7       -16.0589      0.0400000
       8       -15.9986      0.0400000
       9       -15.9552      0.0400000
      10       -15.9422      0.0400000
      11       -14.7377      0.0400000
      12       -14.1055      0.0400000
      13       -13.0688      0.0400000
      14       -8.14454      0.0400000
      15       -6.98227      0.0400000
      16       -5.86295      0.0400000
      17       -5.20376      0.0400000
      18       -4.55237      0.0400000
      19       -4.13196      0.0400000
      20       -3.77041      0.0400000
      21       -3.18633      0.0400000
      22       -2.41701      0.0400000
      23      -0.435123        0.00000
      24       0.186587        0.00000
      25       0.948859        0.00000
      26        2.77437        0.00000
      27        3.44956        0.00000
      28        4.31112        0.00000
      29        5.16043        0.00000
      30        5.21128        0.00000
      31        5.71323        0.00000
      32        6.47138        0.00000

 24/31 kpoint (Cartesian) = -0.025131 0.10156 0.0000 (56859 pws)
       1       -17.2946      0.0800000
       2       -17.1314      0.0800000
       3       -17.0060      0.0800000
       4       -16.9451      0.0800000
       5       -16.8940      0.0800000
       6       -16.3270      0.0800000
       7       -16.0772      0.0800000
       8       -15.9976      0.0800000
       9       -15.9512      0.0800000
      10       -15.9307      0.0800000
      11       -14.4856      0.0800000
      12       -13.9116      0.0800000
      13       -12.9252      0.0800000
      14       -8.29911      0.0800000
      15       -7.32100      0.0800000
      16       -5.98470      0.0800000
      17       -5.47061      0.0800000
      18       -4.96681      0.0800000
      19       -4.51246      0.0800000
      20       -3.94082      0.0800000
      21       -3.18721      0.0800000
      22       -2.71521      0.0800000
      23      -0.300287        0.00000
      24       0.171716        0.00000
      25        1.04949        0.00000
      26        2.87357        0.00000
      27        3.14512        0.00000
      28        4.35729        0.00000
      29        5.20080        0.00000
      30        5.30698        0.00000
      31        5.86671        0.00000
      32        6.55651        0.00000

 25/31 kpoint (Cartesian) = 0.050261 0.17411 0.0000 (56897 pws)
       1       -17.3176      0.0800000
       2       -17.1286      0.0800000
       3       -17.0119      0.0800000
       4       -16.9376      0.0800000
       5       -16.8970      0.0800000
       6       -16.3260      0.0800000
       7       -16.1278      0.0800000
       8       -15.9870      0.0800000
       9       -15.9532      0.0800000
      10       -15.9266      0.0800000
      11       -14.2033      0.0800000
      12       -13.6724      0.0800000
      13       -12.8041      0.0800000
      14       -8.44430      0.0800000
      15       -7.58041      0.0800000
      16       -6.04753      0.0800000
      17       -5.88114      0.0800000
      18       -5.37004      0.0800000
      19       -4.84962      0.0800000
      20       -4.22125      0.0800000
      21       -3.58435      0.0800000
      22       -2.83268      0.0800000
      23    -0.00482608        0.00000
      24       0.162594        0.00000
      25        1.59169        0.00000
      26        2.37187        0.00000
      27        3.72750        0.00000
      28        4.39628        0.00000
      29        5.27398        0.00000
      30        5.47152        0.00000
      31        6.22506        0.00000
      32        6.58817        0.00000

 26/31 kpoint (Cartesian) = 0.075392 0.15960 0.0000 (56920 pws)
       1       -17.3299      0.0800000
       2       -17.1259      0.0800000
       3       -17.0172      0.0800000
       4       -16.9252      0.0800000
       5       -16.9068      0.0800000
       6       -16.3047      0.0800000
       7       -16.1803      0.0800000
       8       -15.9725      0.0800000
       9       -15.9562      0.0800000
      10       -15.9320      0.0800000
      11       -14.0101      0.0800000
      12       -13.4924      0.0800000
      13       -12.7513      0.0800000
      14       -8.50476      0.0800000
      15       -7.73514      0.0800000
      16       -6.36651      0.0800000
      17       -6.08251      0.0800000
      18       -5.44507      0.0800000
      19       -4.82657      0.0800000
      20       -4.57579      0.0800000
      21       -3.94790      0.0800000
      22       -2.77417      0.0800000
      23      0.0131204        0.00000
      24       0.134558        0.00000
      25        1.77192        0.00000
      26        2.34590        0.00000
      27        4.05093        0.00000
      28        5.07448        0.00000
      29        5.39233        0.00000
      30        5.62656        0.00000
      31        6.44852        0.00000
      32        7.17017        0.00000

 27/31 kpoint (Cartesian) = 0.10052 0.14509 0.0000 (56920 pws)
       1       -17.3297      0.0400000
       2       -17.1260      0.0400000
       3       -17.0174      0.0400000
       4       -16.9252      0.0400000
       5       -16.9066      0.0400000
       6       -16.3027      0.0400000
       7       -16.1824      0.0400000
       8       -15.9728      0.0400000
       9       -15.9565      0.0400000
      10       -15.9315      0.0400000
      11       -14.0097      0.0400000
      12       -13.4919      0.0400000
      13       -12.7530      0.0400000
      14       -8.50608      0.0400000
      15       -7.73209      0.0400000
      16       -6.36599      0.0400000
      17       -6.07940      0.0400000
      18       -5.44409      0.0400000
      19       -4.82704      0.0400000
      20       -4.57900      0.0400000
      21       -3.94976      0.0400000
      22       -2.77404      0.0400000
      23      0.0158375        0.00000
      24       0.133753        0.00000
      25        1.76993        0.00000
      26        2.34536        0.00000
      27        4.05103        0.00000
      28        5.07519        0.00000
      29        5.39505        0.00000
      30        5.61541        0.00000
      31        6.45675        0.00000
      32        7.16133        0.00000

 28/31 kpoint (Cartesian) = 0.0000 0.11607 0.0000 (56836 pws)
       1       -17.3131      0.0400000
       2       -17.1295      0.0400000
       3       -17.0013      0.0400000
       4       -16.9518      0.0400000
       5       -16.8842      0.0400000
       6       -16.3633      0.0400000
       7       -16.0527      0.0400000
       8       -16.0076      0.0400000
       9       -15.9356      0.0400000
      10       -15.9283      0.0400000
      11       -14.3546      0.0400000
      12       -13.8366      0.0400000
      13       -12.8519      0.0400000
      14       -8.49654      0.0400000
      15       -7.58318      0.0400000
      16       -6.06567      0.0400000
      17       -5.61230      0.0400000
      18       -4.79718      0.0400000
      19       -4.38666      0.0400000
      20       -4.05024      0.0400000
      21       -3.17435      0.0400000
      22       -2.50345      0.0400000
      23      -0.700296        0.00000
      24      -0.139632        0.00000
      25       0.638028        0.00000
      26        2.70091        0.00000
      27        3.48753        0.00000
      28        4.43897        0.00000
      29        5.15160        0.00000
      30        5.51894        0.00000
      31        5.98489        0.00000
      32        6.99330        0.00000

 29/31 kpoint (Cartesian) = 0.025131 0.15960 0.0000 (56873 pws)
       1       -17.3259      0.0800000
       2       -17.1278      0.0800000
       3       -17.0047      0.0800000
       4       -16.9490      0.0800000
       5       -16.8840      0.0800000
       6       -16.3673      0.0800000
       7       -16.0765      0.0800000
       8       -16.0038      0.0800000
       9       -15.9341      0.0800000
      10       -15.9258      0.0800000
      11       -14.1905      0.0800000
      12       -13.7065      0.0800000
      13       -12.7846      0.0800000
      14       -8.61159      0.0800000
      15       -7.73722      0.0800000
      16       -6.09206      0.0800000
      17       -5.69945      0.0800000
      18       -5.14012      0.0800000
      19       -4.56569      0.0800000
      20       -4.28081      0.0800000
      21       -3.24647      0.0800000
      22       -2.71950      0.0800000
      23      -0.484848        0.00000
      24     -0.0944368        0.00000
      25       0.864883        0.00000
      26        2.86121        0.00000
      27        3.18015        0.00000
      28        4.34842        0.00000
      29        5.10037        0.00000
      30        5.60021        0.00000
      31        5.96732        0.00000
      32        6.83086        0.00000

 30/31 kpoint (Cartesian) = 0.050261 0.14509 0.0000 (56906 pws)
       1       -17.3298      0.0400000
       2       -17.1263      0.0400000
       3       -17.0130      0.0400000
       4       -16.9370      0.0400000
       5       -16.8950      0.0400000
       6       -16.3364      0.0400000
       7       -16.1361      0.0400000
       8       -15.9884      0.0400000
       9       -15.9416      0.0400000
      10       -15.9312      0.0400000
      11       -14.0589      0.0400000
      12       -13.5612      0.0400000
      13       -12.7535      0.0400000
      14       -8.57076      0.0400000
      15       -7.75864      0.0400000
      16       -6.10803      0.0400000
      17       -6.03016      0.0400000
      18       -5.46649      0.0400000
      19       -4.65970      0.0400000
      20       -4.57591      0.0400000
      21       -3.69027      0.0400000
      22       -2.78824      0.0400000
      23     -0.0734131        0.00000
      24      0.0250442        0.00000
      25        1.52271        0.00000
      26        2.48219        0.00000
      27        3.71399        0.00000
      28        4.51216        0.00000
      29        5.21709        0.00000
      30        5.88218        0.00000
      31        6.15603        0.00000
      32        6.62749        0.00000

 31/31 kpoint (Cartesian) = 0.0000 0.14509 0.0000 (56844 pws)
       1       -17.3308      0.0200000
       2       -17.1275      0.0200000
       3       -17.0002      0.0200000
       4       -16.9544      0.0200000
       5       -16.8778      0.0200000
       6       -16.3865      0.0200000
       7       -16.0513      0.0200000
       8       -16.0111      0.0200000
       9       -15.9284      0.0200000
      10       -15.9219      0.0200000
      11       -14.1822      0.0200000
      12       -13.7273      0.0200000
      13       -12.7731      0.0200000
      14       -8.70250      0.0200000
      15       -7.81570      0.0200000
      16       -6.15637      0.0200000
      17       -5.63188      0.0200000
      18       -4.88541      0.0200000
      19       -4.51856      0.0200000
      20       -4.14928      0.0200000
      21       -3.15743      0.0200000
      22       -2.53746      0.0200000
      23      -0.801634        0.00000
      24      -0.289341        0.00000
      25       0.535364        0.00000
      26        2.61887        0.00000
      27        3.48559        0.00000
      28        4.38854        0.00000
      29        5.01152        0.00000
      30        5.60615        0.00000
      31        6.27447        0.00000
      32        7.18068        0.00000


 Warning_Memory_Consuming allocated:  ORB::Jl(x) 921.868 MB

 Warning_Memory_Consuming allocated:  Force::dS_K 6.47706 MB

 Warning_Memory_Consuming allocated:  Stress::dHr 6.47706 MB

 Warning_Memory_Consuming allocated:  Stress::dSR 12.9541 MB

 Warning_Memory_Consuming allocated:  Force::dTVNL 6.47706 MB
 correction force for each atom along direction 1 is -0.0138245
 correction force for each atom along direction 2 is -8.48197e-07
 correction force for each atom along direction 3 is 8.08899e-06
------------------------------------------------------------------------------------------
 TOTAL-FORCE (eV/Angstrom)                                                                
------------------------------------------------------------------------------------------
                       In1         0.0000000000         0.0165817449         0.0020167654 
                       In2         0.0000000000        -0.0020666569         0.0032920838 
                       Se1         0.0000000000         0.0000799744         0.0042751669 
                       Se2         0.0000000000        -0.0187859407        -0.0049620464 
                       Se3         0.0000000000         0.0041908783        -0.0046219696 
------------------------------------------------------------------------------------------

----------------------------------------------------------------
 TOTAL-STRESS (KBAR)                                            
----------------------------------------------------------------
        -0.0017384441         0.0000000000         0.0000000000 
         0.0000000000         0.0515208717         0.0557403506 
         0.0000000000         0.0557403506         0.0718172629 
----------------------------------------------------------------
 TOTAL-PRESSURE: 0.040533 KBAR



 --------------------------------------------
 !FINAL_ETOT_IS -3679.4185993665328169 eV
 --------------------------------------------


TIME STATISTICS
------------------------------------------------------------------------------------
    CLASS_NAME                    NAME                TIME/s  CALLS   AVG/s  PER/%  
------------------------------------------------------------------------------------
                   total                              19.11  13       1.47   100.00 
 Driver            reading                            0.03   1        0.03   0.14   
 Input_Conv        Convert                            0.00   1        0.00   0.01   
 Driver            driver_line                        19.09  1        19.09  99.86  
 UnitCell          check_tau                          0.00   1        0.00   0.00   
 ESolver_KS_LCAO   before_all_runners                 0.65   1        0.65   3.38   
 PW_Basis_Sup      setuptransform                     0.01   1        0.01   0.05   
 PW_Basis_Sup      distributeg                        0.01   1        0.01   0.03   
 mymath            heapsort                           0.05   294      0.00   0.28   
 Charge_Mixing     init_mixing                        0.00   1        0.00   0.00   
 Symmetry          analy_sys                          0.02   1        0.02   0.13   
 PW_Basis_K        setuptransform                     0.06   1        0.06   0.34   
 PW_Basis_K        distributeg                        0.01   1        0.01   0.03   
 PW_Basis          setup_struc_factor                 0.03   1        0.03   0.14   
 NOrbital_Lm       extra_uniform                      0.98   265      0.00   5.12   
 Mathzone_Add1     SplineD2                           0.00   265      0.00   0.02   
 Mathzone_Add1     Cubic_Spline_Interpolation         0.01   265      0.00   0.03   
 Mathzone_Add1     Uni_Deriv_Phi                      0.95   265      0.00   4.98   
 ppcell_vl         init_vloc                          0.02   1        0.02   0.09   
 Ions              opt_ions                           18.42  1        18.42  96.39  
 ESolver_KS_LCAO   runner                             17.18  1        17.18  89.88  
 ESolver_KS_LCAO   before_scf                         0.31   1        0.31   1.64   
 Vdwd3             cal_energy                         0.00   1        0.00   0.01   
 atom_arrange      search                             0.00   1        0.00   0.00   
 atom_arrange      grid_d.init                        0.00   1        0.00   0.00   
 Grid              Construct_Adjacent_expand          0.00   1        0.00   0.00   
 Grid              Construct_Adjacent_expand_periodic 0.00   5        0.00   0.00   
 Grid_Technique    init                               0.06   1        0.06   0.29   
 Grid_BigCell      grid_expansion_index               0.01   2        0.01   0.07   
 Grid_Driver       Find_atom                          0.00   30       0.00   0.00   
 Record_adj        for_2d                             0.00   1        0.00   0.00   
 LCAO_domain       grid_prepare                       0.00   1        0.00   0.00   
 Veff              initialize_HR                      0.00   1        0.00   0.00   
 OverlapNew        initialize_SR                      0.00   1        0.00   0.00   
 EkineticNew       initialize_HR                      0.00   1        0.00   0.00   
 NonlocalNew       initialize_HR                      0.00   1        0.00   0.01   
 Charge            set_rho_core                       0.00   1        0.00   0.01   
 ModuleIO          read_rhog                          0.06   1        0.06   0.29   
 PW_Basis_Sup      recip2real                         0.22   88       0.00   1.15   
 PW_Basis_Sup      gathers_scatterp                   0.04   88       0.00   0.18   
 Potential         init_pot                           0.09   1        0.09   0.49   
 Potential         update_from_charge                 0.95   12       0.08   4.99   
 Potential         cal_fixed_v                        0.01   1        0.01   0.05   
 PotLocal          cal_fixed_v                        0.01   1        0.01   0.04   
 Potential         cal_v_eff                          0.92   12       0.08   4.83   
 H_Hartree_pw      v_hartree                          0.13   12       0.01   0.70   
 PW_Basis_Sup      real2recip                         0.21   102      0.00   1.11   
 PW_Basis_Sup      gatherp_scatters                   0.03   102      0.00   0.16   
 PotXC             cal_v_eff                          0.75   12       0.06   3.95   
 XC_Functional     v_xc                               0.73   12       0.06   3.84   
 Potential         interpolate_vrs                    0.02   12       0.00   0.11   
 Symmetry          rhog_symmetry                      0.53   12       0.04   2.78   
 Symmetry          group fft grids                    0.35   12       0.03   1.83   
 H_Ewald_pw        compute_ewald                      0.02   1        0.02   0.10   
 HSolverLCAO       solve                              9.00   11       0.82   47.06  
 HamiltLCAO        updateHk                           3.75   341      0.01   19.62  
 OperatorLCAO      init                               3.62   1023     0.00   18.95  
 Veff              contributeHR                       2.99   11       0.27   15.63  
 Gint_interface    cal_gint                           6.13   23       0.27   32.07  
 Gint_interface    cal_gint_vlocal                    2.95   11       0.27   15.45  
 Gint_Tools        cal_psir_ylm                       3.38   10910    0.00   17.69  
 Gint_k            transfer_pvpR                      0.01   11       0.00   0.04   
 OverlapNew        calculate_SR                       0.11   1        0.11   0.56   
 OverlapNew        contributeHk                       0.02   341      0.00   0.11   
 EkineticNew       contributeHR                       0.21   11       0.02   1.08   
 EkineticNew       calculate_HR                       0.20   1        0.20   1.07   
 NonlocalNew       contributeHR                       0.40   11       0.04   2.11   
 NonlocalNew       calculate_HR                       0.40   1        0.40   2.08   
 OperatorLCAO      contributeHk                       0.02   341      0.00   0.09   
 HSolverLCAO       hamiltSolvePsiK                    2.40   341      0.01   12.53  
 DiagoElpa         elpa_solve                         2.32   341      0.01   12.12  
 elecstate         cal_dm                             0.03   12       0.00   0.16   
 psiMulPsiMpi      pdgemm                             0.03   372      0.00   0.14   
 DensityMatrix     cal_DMR                            0.01   12       0.00   0.07   
 ElecStateLCAO     psiToRho                           2.81   11       0.26   14.68  
 Gint              transfer_DMR                       0.01   11       0.00   0.07   
 Gint_interface    cal_gint_rho                       2.73   11       0.25   14.26  
 Charge_Mixing     get_drho                           0.00   11       0.00   0.02   
 Charge            mix_rho                            0.19   10       0.02   0.97   
 Charge            Pulay_mixing                       0.01   10       0.00   0.04   
 ModuleIO          write_rhog                         0.08   1        0.08   0.43   
 ESolver_KS_LCAO   after_scf                          5.89   1        5.89   30.82  
 Charge            atomic_rho                         0.03   1        0.03   0.14   
 ModuleIO          output_HSR                         0.32   1        0.32   1.67   
 ModuleIO          save_HSR_sparse                    0.27   1        0.27   1.40   
 cal_r_overlap_R   init                               3.72   1        3.72   19.48  
 ORB_gaunt_table   init_Gaunt_CH                      0.00   1        0.00   0.01   
 ORB_gaunt_table   Calc_Gaunt_CH                      0.00   1631     0.00   0.00   
 ORB_gaunt_table   init_Gaunt                         0.01   1        0.01   0.06   
 ORB_gaunt_table   Get_Gaunt_SH                       0.00   25313    0.00   0.02   
 Center2_Orb       cal_ST_Phi12_R                     1.66   633      0.00   8.67   
 cal_r_overlap_R   out_rR_other                       1.37   1        1.37   7.17   
 ESolver_KS_LCAO   cal_force                          1.24   1        1.24   6.50   
 Force_Stress_LCAO getForceStress                     1.24   1        1.24   6.50   
 Forces            cal_force_loc                      0.05   1        0.05   0.24   
 Forces            cal_force_ew                       0.02   1        0.02   0.10   
 Forces            cal_force_cc                       0.00   1        0.00   0.00   
 Forces            cal_force_scc                      0.02   1        0.02   0.11   
 Stress_Func       stress_loc                         0.05   1        0.05   0.26   
 Stress_Func       stress_har                         0.01   1        0.01   0.03   
 Stress_Func       stress_ewa                         0.00   1        0.00   0.02   
 Stress_Func       stress_cc                          0.00   1        0.00   0.00   
 Stress_Func       stress_gga                         0.03   1        0.03   0.14   
 Force_LCAO        ftable                             0.72   1        0.72   3.79   
 Force_LCAO        allocate                           0.29   1        0.29   1.52   
 LCAO_domain       build_ST_new                       0.29   2        0.14   1.50   
 Force_LCAO        cal_pulay_fs_center2               0.00   2        0.00   0.02   
 Gint_interface    cal_gint_force                     0.43   1        0.43   2.23   
 Gint_Tools        cal_dpsir_ylm                      0.19   486      0.00   1.01   
 Gint_Tools        cal_dpsirr_ylm                     0.03   486      0.00   0.15   
 NonlocalNew       cal_force_stress                   0.32   1        0.32   1.67   
 Vdwd3             cal_force                          0.01   1        0.01   0.07   
 Vdwd3             cal_stress                         0.01   1        0.01   0.04   
 ESolver_KS_LCAO   cal_stress                         0.00   1        0.00   0.00   
 ESolver_KS_LCAO   after_all_runners                  0.01   1        0.01   0.03   
 ModuleIO          write_istate_info                  0.01   1        0.01   0.03   
------------------------------------------------------------------------------------


 NAME-------------------------|MEMORY(MB)--------
                         total      1114.1784
                    ORB::Jl(x)       921.8678
                  PW_B_K::gcar        40.3867
                  SF::strucFac        13.8665
                   PW_B_K::gk2        13.4622
                   Stress::dSR        12.9541
                      Chg::rho         7.9102
                 Chg::rho_save         7.9102
                 Chg::rho_core         7.9102
                 Pot::veff_fix         7.9102
                     Pot::veff         7.9102
              Pot::veff_smooth         7.9102
                   Force::dS_K         6.4771
                   Stress::dHr         6.4771
                  Force::dTVNL         6.4771
            DensityMatrix::DMK         3.7468
                     Chg::rhog         3.4666
                Chg::rhog_save         3.4666
                Chg::rhog_core         3.4666
       TwoCenterTable: Kinetic         3.4580
       TwoCenterTable: Overlap         3.4580
      TwoCenterTable: Nonlocal         3.4379
                HamiltLCAO::hR         2.1849
            DensityMatrix::DMR         2.1849
               GT::ind_bigcell         1.9348
         GT::in_this_processor         1.9348
              GT::index2normal         1.9348
               GT::index2ucell         1.9348
                HamiltLCAO::sR         1.4823
                  Gint::hRGint         1.4823
                 Gint::DMRGint         1.4816
 -------------   < 1.0 MB has been ignored ----------------
 ----------------------------------------------------------

 Start  Time  : Thu Aug 27 10:01:10 2026
 Finish Time  : Thu Aug 27 10:01:29 2026
 Total  Time  : 0 h 0 mins 19 secs 
