                                                                                     
                              ABACUS v3.10.0

               Atomic-orbital Based Ab-initio Computation at UStc                    

                     Website: http://abacus.ustc.edu.cn/                             
               Documentation: https://abacus.deepmodeling.com/                       
                  Repository: https://github.com/abacusmodeling/abacus-develop       
                              https://github.com/deepmodeling/abacus-develop         
                      Commit: e84abb4 (Sat Jun 28 13:06:46 2025 +0800)

    Start Time is Wed Sep  2 22:01:56 2026
                                                                                     
 ------------------------------------------------------------------------------------

 READING GENERAL INFORMATION
                           global_out_dir = OUT.MOLAPT_HSE/
                           global_in_card = INPUT
                               pseudo_dir = ./
                              orbital_dir = ./
                                    DRANK = 1
                                    DSIZE = 1
                                   DCOLOR = 1
                                    GRANK = 1
                                    GSIZE = 1




 >>>>>>>>>>>>>>>>>>>>>>>>>>>>>>>>>>>>>>>>>>>>>>>>>>>>>>>>>>>>>>>>>>>>>>
 |                                                                    |
 | Reading atom information in unitcell:                              |
 | From the input file and the structure file we know the number of   |
 | different elments in this unitcell, then we list the detail        |
 | information for each element, especially the zeta and polar atomic |
 | orbital number for each element. The total atom number is counted. |
 | We calculate the nearest atom distance for each atom and show the  |
 | Cartesian and Direct coordinates for each atom. We list the file   |
 | address for atomic orbitals. The volume and the lattice vectors    |
 | in real and reciprocal space is also shown.                        |
 |                                                                    |
 <<<<<<<<<<<<<<<<<<<<<<<<<<<<<<<<<<<<<<<<<<<<<<<<<<<<<<<<<<<<<<<<<<<<<<




 READING UNITCELL INFORMATION
                                    ntype = 2
                  lattice constant (Bohr) = 1.88973
              lattice constant (Angstrom) = 1

 READING ATOM TYPE 1
                               atom label = C
                      L=0, number of zeta = 3
                      L=1, number of zeta = 3
                      L=2, number of zeta = 2
             number of atom for this type = 1

 READING ATOM TYPE 2
                               atom label = H
                      L=0, number of zeta = 3
                      L=1, number of zeta = 2
             number of atom for this type = 4

                        TOTAL ATOM NUMBER = 5
DIRECT COORDINATES
    atom                   x                   y                   z     mag                  vx                  vy                  vz
taud_C1            0.5000000000        0.5000000000        0.5000000000  0.0000        0.0000000000        0.0000000000        0.0000000000
taud_H1            0.5313789500        0.5313789500        0.5318789500  0.0000        0.0000000000        0.0000000000        0.0000000000
taud_H2            0.4686210500        0.4686210500        0.5313789500  0.0000        0.0000000000        0.0000000000        0.0000000000
taud_H3            0.4686210500        0.5313789500        0.4686210500  0.0000        0.0000000000        0.0000000000        0.0000000000
taud_H4            0.5313789500        0.4686210500        0.4686210500  0.0000        0.0000000000        0.0000000000        0.0000000000



                          Volume (Bohr^3) = 53986.7
                             Volume (A^3) = 7999.99

 Lattice vectors: (Cartesian coordinate: in unit of a_0)
                  +20                  +0                  +0
                   +0                 +20                  +0
                   +0                  +0                 +20
 Reciprocal vectors: (Cartesian coordinate: in unit of 2 pi/a_0)
                +0.05                  -0                  +0
                   -0               +0.05                  -0
                   +0                  -0               +0.05
 The esolver type has been set to : ksdft_lcao

 RUNNING WITH DEVICE  : CPU / Intel(R) Xeon(R) Gold 6248 CPU @ 2.50GHz




 >>>>>>>>>>>>>>>>>>>>>>>>>>>>>>>>>>>>>>>>>>>>>>>>>>>>>>>>>>>>>>>>>>>>>>
 |                                                                    |
 | Reading pseudopotentials files:                                    |
 | The pseudopotential file is in UPF format. The 'NC' indicates that |
 | the type of pseudopotential is 'norm conserving'. Functional of    |
 | exchange and correlation is decided by 4 given parameters in UPF   |
 | file.  We also read in the 'core correction' if there exists.      |
 | Also we can read the valence electrons number and the maximal      |
 | angular momentum used in this pseudopotential. We also read in the |
 | trail wave function, trail atomic density and local-pseudopotential|
 | on logrithmic grid. The non-local pseudopotential projector is also|
 | read in if there is any.                                           |
 |                                                                    |
 <<<<<<<<<<<<<<<<<<<<<<<<<<<<<<<<<<<<<<<<<<<<<<<<<<<<<<<<<<<<<<<<<<<<<<




                PAO radial cut off (Bohr) = 15

 Read in pseudopotential file is C.upf
                     pseudopotential type = NC
          exchange-correlation functional = PBE
                 nonlocal core correction = 1
                        valence electrons = 4
                                     lmax = 1
                           number of zeta = 2
                     number of projectors = 4
                           L of projector = 0
                           L of projector = 0
                           L of projector = 1
                           L of projector = 1
 XC functional updated to : hse
          exchange-correlation functional = HSE
                PAO radial cut off (Bohr) = 15

 Read in pseudopotential file is H.upf
                     pseudopotential type = NC
          exchange-correlation functional = PBE
                 nonlocal core correction = 0
                        valence electrons = 1
                                     lmax = 1
                           number of zeta = 1
                     number of projectors = 3
                           L of projector = 0
                           L of projector = 0
                           L of projector = 1
 XC functional updated to : hse
          exchange-correlation functional = HSE
     initial pseudo atomic orbital number = 8

 SETUP THE ELECTRONS NUMBER
             electron number of element C = 4
       total electron number of element C = 4
             electron number of element H = 1
       total electron number of element H = 4
            AUTOSET number of electrons:  = 8
                           occupied bands = 4
                                   NLOCAL = 58
                                   NBANDS = 14
                                   NBANDS = 14
                                   NLOCAL = 58




 >>>>>>>>>>>>>>>>>>>>>>>>>>>>>>>>>>>>>>>>>>>>>>>>>>>>>>>>>>>>>>>>>>>>>>
 |                                                                    |
 | Setup plane waves of charge/potential:                             |
 | Use the energy cutoff and the lattice vectors to generate the      |
 | dimensions of FFT grid. The number of FFT grid on each processor   |
 | is 'nrxx'. The number of plane wave basis in reciprocal space is   |
 | different for charege/potential and wave functions. We also set    |
 | the 'sticks' for the parallel of FFT. The number of plane waves    |
 | is 'npw' in each processor.                                        |
 <<<<<<<<<<<<<<<<<<<<<<<<<<<<<<<<<<<<<<<<<<<<<<<<<<<<<<<<<<<<<<<<<<<<<<





 SETUP THE PLANE WAVE BASIS
 energy cutoff for charge/potential (unit:Ry) = 400
            fft grid for charge/potential = [ 243, 243, 243 ]
                        fft grid division = [ 3, 3, 3 ]
        big fft grid for charge/potential = [ 81, 81, 81 ]
                                     nbxx = 531441
                                     nrxx = 14348907

 SETUP PLANE WAVES FOR CHARGE/POTENTIAL
                    number of plane waves = 7292125
                         number of sticks = 45461

 PARALLEL PW FOR CHARGE/POTENTIAL
     PROC   COLUMNS(POT)             PW
        1          45461        7292125
 --------------- sum -------------------
        1          45461        7292125
                            number of |g| = 12063
                                  max |g| = 36.18
                                  min |g| = 0
 DONE : SETUP UNITCELL Time : 2.42205 (SEC)


----------- Double Check Mixing Parameters Begin ------------
mixing_type: pulay
mixing_beta: 0.4
mixing_gg0: 1
mixing_gg0_min: 0.1
mixing_ndim: 20
----------- Double Check Mixing Parameters End ------------




 >>>>>>>>>>>>>>>>>>>>>>>>>>>>>>>>>>>>>>>>>>>>>>>>>>>>>>>>>>>>>>>>>>>>>>
 |                                                                    |
 | Setup K-points                                                     |
 | We setup the k-points according to input parameters.               |
 | The reduced k-points are set according to symmetry operations.     |
 | We treat the spin as another set of k-points.                      |
 |                                                                    |
 <<<<<<<<<<<<<<<<<<<<<<<<<<<<<<<<<<<<<<<<<<<<<<<<<<<<<<<<<<<<<<<<<<<<<<





 SETUP K-POINTS
                                    nspin = 1
                   Input type of k points = Monkhorst-Pack(Gamma)
                                   nkstot = 1
                               nkstot_ibz = 1
K-POINTS REDUCTION ACCORDING TO SYMMETRY
     IBZ    DIRECT_X    DIRECT_Y    DIRECT_Z  WEIGHT  ibz2bz
       1  0.00000000  0.00000000  0.00000000  1.0000       0

                               nkstot now = 1
K-POINTS DIRECT COORDINATES
 KPOINTS    DIRECT_X    DIRECT_Y    DIRECT_Z  WEIGHT
       1  0.00000000  0.00000000  0.00000000  1.0000


           k-point number in this process = 1
       minimum distributed K point number = 1

K-POINTS CARTESIAN COORDINATES
 KPOINTS CARTESIAN_X CARTESIAN_Y CARTESIAN_Z  WEIGHT
       1  0.00000000  0.00000000  0.00000000  2.0000


K-POINTS DIRECT COORDINATES
 KPOINTS    DIRECT_X    DIRECT_Y    DIRECT_Z  WEIGHT
       1  0.00000000  0.00000000  0.00000000  2.0000

 DONE : INIT K-POINTS Time : 2.42614 (SEC)


 Warning_Memory_Consuming allocated:  PW_B_K::gk2 6.95734 MB

 Warning_Memory_Consuming allocated:  PW_B_K::gcar 20.872 MB




 >>>>>>>>>>>>>>>>>>>>>>>>>>>>>>>>>>>>>>>>>>>>>>>>>>>>>>>>>>>>>>>>>>>>>>
 |                                                                    |
 | Setup plane waves of wave functions:                               |
 | Use the energy cutoff and the lattice vectors to generate the      |
 | dimensions of FFT grid. The number of FFT grid on each processor   |
 | is 'nrxx'. The number of plane wave basis in reciprocal space is   |
 | different for charege/potential and wave functions. We also set    |
 | the 'sticks' for the parallel of FFT. The number of plane wave of  |
 | each k-point is 'npwk[ik]' in each processor                       |
 <<<<<<<<<<<<<<<<<<<<<<<<<<<<<<<<<<<<<<<<<<<<<<<<<<<<<<<<<<<<<<<<<<<<<<





 SETUP PLANE WAVES FOR WAVE FUNCTIONS
     energy cutoff for wavefunc (unit:Ry) = 100
              fft grid for wave functions = [ 243, 243, 243 ]
                    number of plane waves = 911913
                         number of sticks = 11369

 PARALLEL PW FOR WAVE FUNCTIONS
     PROC   COLUMNS(POT)             PW
        1          11369         911913
 --------------- sum -------------------
        1          11369         911913
 DONE : INIT PLANEWAVE Time : 2.57996 (SEC)


 Warning_Memory_Consuming allocated:  SF::strucFac 222.538 MB
 SET NONLOCAL PSEUDOPOTENTIAL PROJECTORS
 SET NONLOCAL PSEUDOPOTENTIAL PROJECTORS
 max number of nonlocal projetors among all species is 4

 Warning_Memory_Consuming allocated:  ORB::Jl(x) 921.868 MB
 Auxiliary basis functions
		C		8 s		7 p		6 d		4 f		3 g		
		H		6 s		4 p		3 d		

 Warning_Memory_Consuming allocated:  ORB::Jl(x) 5063.37 MB
 DONE : LOCAL POTENTIAL Time : 60.2513 (SEC)


 Warning_Memory_Consuming allocated:  Chg::rho 109.473 MB

 Warning_Memory_Consuming allocated:  Chg::rho_save 109.473 MB

 Warning_Memory_Consuming allocated:  Chg::rhog 55.6345 MB

 Warning_Memory_Consuming allocated:  Chg::rhog_save 55.6345 MB

 Warning_Memory_Consuming allocated:  Chg::rho_core 109.473 MB

 Warning_Memory_Consuming allocated:  Chg::rhog_core 55.6345 MB

 Warning_Memory_Consuming allocated:  Pot::veff_fix 109.473 MB

 Warning_Memory_Consuming allocated:  Pot::veff 109.473 MB

 Warning_Memory_Consuming allocated:  Pot::veff_smooth 109.473 MB

 -------------------------------------------
 SELF-CONSISTENT
 -------------------------------------------




 >>>>>>>>>>>>>>>>>>>>>>>>>>>>>>>>>>>>>>>>>>>>>>>>>>>>>>>>>>>>>>>>>>>>>>
 |                                                                    |
 | Search adjacent atoms:                                             |
 | Set the adjacent atoms for each atom and set the periodic boundary |
 | condition for the atoms on real space FFT grid. For k-dependent    |
 | algorithm, we also need to set the sparse H and S matrix element   |
 | for each atom.                                                     |
 |                                                                    |
 <<<<<<<<<<<<<<<<<<<<<<<<<<<<<<<<<<<<<<<<<<<<<<<<<<<<<<<<<<<<<<<<<<<<<<





 SETUP SEARCHING RADIUS FOR PROGRAM TO SEARCH ADJACENT ATOMS
                  longest orb rcut (Bohr) = 9
   longest nonlocal projector rcut (Bohr) = 1.3
                     search radius (Bohr) = 20.6
              searching radius is (Bohr)) = 20.6
         searching radius unit is (Bohr)) = 1.89
                         PeriodicBoundary = 1
                        Radius(unit:lat0) = 10.9
                                   glayer = [ 2, 2, 2 ]
                             glayer_minus = [ 1, 1, 1 ]

Find the coordinate range of the input atom(unit:lat0).
                                  min_tau = [ -10.6, -10.6, -10.6 ]
                                  max_tau = [ 30.6, 30.6, 30.6 ]
                                BoxNumber = [ 3, 3, 3 ]

 SETUP EXTENDED REAL SPACE GRID FOR GRID INTEGRATION
                          real space grid = [ 243, 243, 243 ]
                 big cell numbers in grid = [ 81, 81, 81 ]
             meshcell numbers in big cell = [ 3, 3, 3 ]
                        extended fft grid = [ 20, 20, 20 ]
                dimension of extened grid = [ 122, 122, 122 ]
                            UnitCellTotal = 27

 Warning_Memory_Consuming allocated:  GT::ind_bigcell 6.93 MB

 Warning_Memory_Consuming allocated:  GT::in_this_processor 6.93 MB

 Warning_Memory_Consuming allocated:  GT::index2normal 6.93 MB

 Warning_Memory_Consuming allocated:  GT::index2ucell 6.93 MB
              Atom number in sub-FFT-grid = 5
    Local orbitals number in sub-FFT-grid = 58
                                ParaV.nnr = 3364
                                 init_chg = file
 try to read charge from file
 Read in the charge density: OUT.MOLAPT_HSE//MOLAPT_HSE-CHARGE-DENSITY.restart
 DONE : INIT SCF Time : 64.9665 (SEC)


 LCAO ALGORITHM --------------- ION=   1  ELEC=   1--------------------------------

 Density error is 0.0124323189352
----------------------------------------------------------
     Energy           Rydberg                 eV          
----------------------------------------------------------
 E_KohnSham     -16.8051092186       -228.6452408852      
 E_Harris       -16.7718592303       -228.1928515862      
 E_Fermi        -0.6909105419        -9.4003201776        
----------------------------------------------------------


 LCAO ALGORITHM --------------- ION=   1  ELEC=   2--------------------------------

 Density error is 0.00652074156318
----------------------------------------------------------
     Energy           Rydberg                 eV          
----------------------------------------------------------
 E_KohnSham     -16.8051299808       -228.6455233693      
 E_Harris       -16.8257266164       -228.9257549736      
 E_Fermi        -0.6893031330        -9.3784502583        
----------------------------------------------------------


 LCAO ALGORITHM --------------- ION=   1  ELEC=   3--------------------------------

 Density error is 0.00269885711891
----------------------------------------------------------
     Energy           Rydberg                 eV          
----------------------------------------------------------
 E_KohnSham     -16.8051328343       -228.6455621938      
 E_Harris       -16.8272783368       -228.9468672125      
 E_Fermi        -0.6902060214        -9.3907346851        
----------------------------------------------------------


 LCAO ALGORITHM --------------- ION=   1  ELEC=   4--------------------------------

 Density error is 0.00103705753257
----------------------------------------------------------
     Energy           Rydberg                 eV          
----------------------------------------------------------
 E_KohnSham     -16.8051341689       -228.6455803517      
 E_Harris       -16.8115876718       -228.7333847628      
 E_Fermi        -0.6915592463        -9.4091462545        
----------------------------------------------------------


 LCAO ALGORITHM --------------- ION=   1  ELEC=   5--------------------------------

 Density error is 0.000606825312295
----------------------------------------------------------
     Energy           Rydberg                 eV          
----------------------------------------------------------
 E_KohnSham     -16.8051327479       -228.6455610184      
 E_Harris       -16.8088612995       -228.6962905647      
 E_Fermi        -0.6918578043        -9.4132083446        
----------------------------------------------------------


 LCAO ALGORITHM --------------- ION=   1  ELEC=   6--------------------------------

 Density error is 0.000408000144851
----------------------------------------------------------
     Energy           Rydberg                 eV          
----------------------------------------------------------
 E_KohnSham     -16.8051310701       -228.6455381897      
 E_Harris       -16.8072497046       -228.6743636919      
 E_Fermi        -0.6920374590        -9.4156526719        
----------------------------------------------------------


 LCAO ALGORITHM --------------- ION=   1  ELEC=   7--------------------------------

 Density error is 0.000284660617599
----------------------------------------------------------
     Energy           Rydberg                 eV          
----------------------------------------------------------
 E_KohnSham     -16.8051302487       -228.6455270151      
 E_Harris       -16.8061909376       -228.6599584268      
 E_Fermi        -0.6921495215        -9.4171773601        
----------------------------------------------------------


 LCAO ALGORITHM --------------- ION=   1  ELEC=   8--------------------------------

 Density error is 0.000216112749966
----------------------------------------------------------
     Energy           Rydberg                 eV          
----------------------------------------------------------
 E_KohnSham     -16.8051291528       -228.6455121036      
 E_Harris       -16.8057958600       -228.6545831213      
 E_Fermi        -0.6921969626        -9.4178228292        
----------------------------------------------------------


 LCAO ALGORITHM --------------- ION=   1  ELEC=   9--------------------------------

 Density error is 0.000111513652436
----------------------------------------------------------
     Energy           Rydberg                 eV          
----------------------------------------------------------
 E_KohnSham     -16.8051288574       -228.6455080853      
 E_Harris       -16.8053633013       -228.6486978581      
 E_Fermi        -0.6922421295        -9.4184373573        
----------------------------------------------------------


 LCAO ALGORITHM --------------- ION=   1  ELEC=  10--------------------------------

 Density error is 5.98620165078e-05
----------------------------------------------------------
     Energy           Rydberg                 eV          
----------------------------------------------------------
 E_KohnSham     -16.8051287947       -228.6455072321      
 E_Harris       -16.8052445460       -228.6470821089      
 E_Fermi        -0.6922543130        -9.4186031224        
----------------------------------------------------------


 LCAO ALGORITHM --------------- ION=   1  ELEC=  11--------------------------------

 Density error is 4.32434804347e-05
----------------------------------------------------------
     Energy           Rydberg                 eV          
----------------------------------------------------------
 E_KohnSham     -16.8051287300       -228.6455063512      
 E_Harris       -16.8051980653       -228.6464497072      
 E_Fermi        -0.6922589948        -9.4186668214        
----------------------------------------------------------


 LCAO ALGORITHM --------------- ION=   1  ELEC=  12--------------------------------

 Density error is 1.98096346637e-05
----------------------------------------------------------
     Energy           Rydberg                 eV          
----------------------------------------------------------
 E_KohnSham     -16.8051287186       -228.6455061965      
 E_Harris       -16.8051479461       -228.6457678001      
 E_Fermi        -0.6922641002        -9.4187362840        
----------------------------------------------------------


 LCAO ALGORITHM --------------- ION=   1  ELEC=  13--------------------------------

 Density error is 7.49070631289e-06
----------------------------------------------------------
     Energy           Rydberg                 eV          
----------------------------------------------------------
 E_KohnSham     -16.8051287177       -228.6455061842      
 E_Harris       -16.8051367117       -228.6456149476      
 E_Fermi        -0.6922653797        -9.4187536917        
----------------------------------------------------------


 LCAO ALGORITHM --------------- ION=   1  ELEC=  14--------------------------------

 Density error is 5.69842829702e-06
----------------------------------------------------------
     Energy           Rydberg                 eV          
----------------------------------------------------------
 E_KohnSham     -16.8051287151       -228.6455061484      
 E_Harris       -16.8051344194       -228.6455837601      
 E_Fermi        -0.6922656005        -9.4187566961        
----------------------------------------------------------


 LCAO ALGORITHM --------------- ION=   1  ELEC=  15--------------------------------

 Density error is 1.89101540055e-06
----------------------------------------------------------
     Energy           Rydberg                 eV          
----------------------------------------------------------
 E_KohnSham     -16.8051287145       -228.6455061408      
 E_Harris       -16.8051299460       -228.6455228960      
 E_Fermi        -0.6922660829        -9.4187632594        
----------------------------------------------------------


 LCAO ALGORITHM --------------- ION=   1  ELEC=  16--------------------------------

 Density error is 1.15257384198e-06
----------------------------------------------------------
     Energy           Rydberg                 eV          
----------------------------------------------------------
 E_KohnSham     -16.8051287143       -228.6455061381      
 E_Harris       -16.8051289790       -228.6455097395      
 E_Fermi        -0.6922661804        -9.4187645864        
----------------------------------------------------------


 LCAO ALGORITHM --------------- ION=   1  ELEC=  17--------------------------------

 Density error is 5.58433259858e-07
----------------------------------------------------------
     Energy           Rydberg                 eV          
----------------------------------------------------------
 E_KohnSham     -16.8051287144       -228.6455061393      
 E_Harris       -16.8051289070       -228.6455087601      
 E_Fermi        -0.6922661960        -9.4187647985        
----------------------------------------------------------


 LCAO ALGORITHM --------------- ION=   1  ELEC=  18--------------------------------

 Density error is 2.43183058524e-07
----------------------------------------------------------
     Energy           Rydberg                 eV          
----------------------------------------------------------
 E_KohnSham     -16.8051287143       -228.6455061385      
 E_Harris       -16.8051287973       -228.6455072668      
 E_Fermi        -0.6922662104        -9.4187649947        
----------------------------------------------------------


 LCAO ALGORITHM --------------- ION=   1  ELEC=  19--------------------------------

 Density error is 1.37124011452e-07
----------------------------------------------------------
     Energy           Rydberg                 eV          
----------------------------------------------------------
 E_KohnSham     -16.8051287143       -228.6455061386      
 E_Harris       -16.8051287234       -228.6455062621      
 E_Fermi        -0.6922662176        -9.4187650921        
----------------------------------------------------------


 LCAO ALGORITHM --------------- ION=   1  ELEC=  20--------------------------------

 Density error is 7.93392275866e-08
----------------------------------------------------------
     Energy           Rydberg                 eV          
----------------------------------------------------------
 E_KohnSham     -16.8051287143       -228.6455061385      
 E_KS(sigma->0) -16.8051287143       -228.6455061385      
 E_Harris       -16.8051287629       -228.6455067988      
 E_band         -6.6738900537        -90.8029325554       
 E_one_elec     -49.6801336063       -675.9328944468      
 E_Hartree      25.6855392045        349.4696893836       
 E_xc           -7.1467712767        -97.2368116658       
 E_Ewald        14.3362369641        195.0545105905       
 E_entropy(-TS) 0.0000000000         0.0000000000         
 E_descf        0.0000000000         0.0000000000         
 E_exx          0.0000000000         0.0000000000         
 E_Fermi        -0.6922662133        -9.4187650336        
----------------------------------------------------------


 LCAO ALGORITHM --------------- ION=   1  ELEC=   1--------------------------------

 Density error is 0.0696130369911
----------------------------------------------------------
     Energy           Rydberg                 eV          
----------------------------------------------------------
 E_KohnSham     -16.5995347968       -225.8482573862      
 E_Harris       -18.1507785685       -246.9540116681      
 E_Fermi        -0.9849149277        -13.4004550624       
----------------------------------------------------------


 LCAO ALGORITHM --------------- ION=   1  ELEC=   2--------------------------------

 Density error is 0.0559240497715
----------------------------------------------------------
     Energy           Rydberg                 eV          
----------------------------------------------------------
 E_KohnSham     -16.6459029077       -226.4791278991      
 E_Harris       -17.3504879891       -236.0654997321      
 E_Fermi        -0.7377278427        -10.0373022334       
----------------------------------------------------------


 LCAO ALGORITHM --------------- ION=   1  ELEC=   3--------------------------------

 Density error is 0.0341282456059
----------------------------------------------------------
     Energy           Rydberg                 eV          
----------------------------------------------------------
 E_KohnSham     -16.6437081528       -226.4492667274      
 E_Harris       -17.0691833513       -232.2381537841      
 E_Fermi        -0.7512870880        -10.2217852303       
----------------------------------------------------------


 LCAO ALGORITHM --------------- ION=   1  ELEC=   4--------------------------------

 Density error is 0.0141764869575
----------------------------------------------------------
     Energy           Rydberg                 eV          
----------------------------------------------------------
 E_KohnSham     -16.6436439394       -226.4483930596      
 E_Harris       -16.8139246582       -228.7651810945      
 E_Fermi        -0.7646637962        -10.4037846831       
----------------------------------------------------------


 LCAO ALGORITHM --------------- ION=   1  ELEC=   5--------------------------------

 Density error is 0.000700768499545
----------------------------------------------------------
     Energy           Rydberg                 eV          
----------------------------------------------------------
 E_KohnSham     -16.6438555110       -226.4512716384      
 E_Harris       -16.6521466968       -226.5640790088      
 E_Fermi        -0.7745520054        -10.5383206703       
----------------------------------------------------------


 LCAO ALGORITHM --------------- ION=   1  ELEC=   6--------------------------------

 Density error is 0.00142611265773
----------------------------------------------------------
     Energy           Rydberg                 eV          
----------------------------------------------------------
 E_KohnSham     -16.6438578614       -226.4513036169      
 E_Harris       -16.6319432777       -226.2891973896      
 E_Fermi        -0.7758081353        -10.5554111951       
----------------------------------------------------------


 LCAO ALGORITHM --------------- ION=   1  ELEC=   7--------------------------------

 Density error is 0.0002503089894
----------------------------------------------------------
     Energy           Rydberg                 eV          
----------------------------------------------------------
 E_KohnSham     -16.6438616337       -226.4513549420      
 E_Harris       -16.6466956614       -226.4899138669      
 E_Fermi        -0.7750064495        -10.5445036995       
----------------------------------------------------------


 LCAO ALGORITHM --------------- ION=   1  ELEC=   8--------------------------------

 Density error is 9.91102154503e-05
----------------------------------------------------------
     Energy           Rydberg                 eV          
----------------------------------------------------------
 E_KohnSham     -16.6438619967       -226.4513598812      
 E_Harris       -16.6438683833       -226.4514467753      
 E_Fermi        -0.7752096427        -10.5472682858       
----------------------------------------------------------


 LCAO ALGORITHM --------------- ION=   1  ELEC=   9--------------------------------

 Density error is 7.735693522e-05
----------------------------------------------------------
     Energy           Rydberg                 eV          
----------------------------------------------------------
 E_KohnSham     -16.6438621257       -226.4513616359      
 E_Harris       -16.6437551405       -226.4499060279      
 E_Fermi        -0.7752240419        -10.5474641961       
----------------------------------------------------------


 LCAO ALGORITHM --------------- ION=   1  ELEC=  10--------------------------------

 Density error is 2.99850122335e-05
----------------------------------------------------------
     Energy           Rydberg                 eV          
----------------------------------------------------------
 E_KohnSham     -16.6438620925       -226.4513611838      
 E_Harris       -16.6439124989       -226.4520469979      
 E_Fermi        -0.7752188781        -10.5473939400       
----------------------------------------------------------


 LCAO ALGORITHM --------------- ION=   1  ELEC=  11--------------------------------

 Density error is 1.62801193811e-05
----------------------------------------------------------
     Energy           Rydberg                 eV          
----------------------------------------------------------
 E_KohnSham     -16.6438620448       -226.4513605356      
 E_Harris       -16.6439023486       -226.4519088969      
 E_Fermi        -0.7752211252        -10.5474245132       
----------------------------------------------------------


 LCAO ALGORITHM --------------- ION=   1  ELEC=  12--------------------------------

 Density error is 7.53931127243e-06
----------------------------------------------------------
     Energy           Rydberg                 eV          
----------------------------------------------------------
 E_KohnSham     -16.6438620313       -226.4513603509      
 E_Harris       -16.6438729431       -226.4515088140      
 E_Fermi        -0.7752232544        -10.5474534816       
----------------------------------------------------------


 LCAO ALGORITHM --------------- ION=   1  ELEC=  13--------------------------------

 Density error is 4.71477911857e-06
----------------------------------------------------------
     Energy           Rydberg                 eV          
----------------------------------------------------------
 E_KohnSham     -16.6438620267       -226.4513602892      
 E_Harris       -16.6438620142       -226.4513601186      
 E_Fermi        -0.7752241002        -10.5474649901       
----------------------------------------------------------


 LCAO ALGORITHM --------------- ION=   1  ELEC=  14--------------------------------

 Density error is 1.83117226378e-06
----------------------------------------------------------
     Energy           Rydberg                 eV          
----------------------------------------------------------
 E_KohnSham     -16.6438620262       -226.4513602823      
 E_Harris       -16.6438616208       -226.4513547662      
 E_Fermi        -0.7752242650        -10.5474672315       
----------------------------------------------------------


 LCAO ALGORITHM --------------- ION=   1  ELEC=  15--------------------------------

 Density error is 9.27700169238e-07
----------------------------------------------------------
     Energy           Rydberg                 eV          
----------------------------------------------------------
 E_KohnSham     -16.6438620262       -226.4513602823      
 E_Harris       -16.6438630434       -226.4513741225      
 E_Fermi        -0.7752242165        -10.5474665725       
----------------------------------------------------------


 LCAO ALGORITHM --------------- ION=   1  ELEC=  16--------------------------------

 Density error is 5.51541662785e-07
----------------------------------------------------------
     Energy           Rydberg                 eV          
----------------------------------------------------------
 E_KohnSham     -16.6438620257       -226.4513602754      
 E_Harris       -16.6438622297       -226.4513630514      
 E_Fermi        -0.7752242797        -10.5474674314       
----------------------------------------------------------


 LCAO ALGORITHM --------------- ION=   1  ELEC=  17--------------------------------

 Density error is 3.08533312032e-07
----------------------------------------------------------
     Energy           Rydberg                 eV          
----------------------------------------------------------
 E_KohnSham     -16.6438620257       -226.4513602755      
 E_Harris       -16.6438621706       -226.4513622468      
 E_Fermi        -0.7752242856        -10.5474675127       
----------------------------------------------------------


 LCAO ALGORITHM --------------- ION=   1  ELEC=  18--------------------------------

 Density error is 2.2669901267e-07
----------------------------------------------------------
     Energy           Rydberg                 eV          
----------------------------------------------------------
 E_KohnSham     -16.6438620262       -226.4513602823      
 E_Harris       -16.6438619265       -226.4513589256      
 E_Fermi        -0.7752243013        -10.5474677254       
----------------------------------------------------------


 LCAO ALGORITHM --------------- ION=   1  ELEC=  19--------------------------------

 Density error is 9.43312776009e-08
----------------------------------------------------------
     Energy           Rydberg                 eV          
----------------------------------------------------------
 E_KohnSham     -16.6438620257       -226.4513602755      
 E_KS(sigma->0) -16.6438620257       -226.4513602755      
 E_Harris       -16.6438619825       -226.4513596878      
 E_band         -7.4673179522        -101.5980729275      
 E_one_elec     -49.6736743642       -675.8450119494      
 E_Hartree      25.6751275376        349.3280313879       
 E_xc           -5.7511934133        -78.2490007207       
 E_Ewald        14.3362369641        195.0545105905       
 E_entropy(-TS) 0.0000000000         0.0000000000         
 E_descf        0.0000000000         0.0000000000         
 E_exx          -1.2303587500        -16.7398895837       
 E_Fermi        -0.7752242979        -10.5474676793       
----------------------------------------------------------


 LCAO ALGORITHM --------------- ION=   1  ELEC=   1--------------------------------

 Density error is 0.00101896966245
----------------------------------------------------------
     Energy           Rydberg                 eV          
----------------------------------------------------------
 E_KohnSham     -16.6439568611       -226.4526505766      
 E_Harris       -16.6540720491       -226.5902747698      
 E_Fermi        -0.7754957355        -10.5511607774       
----------------------------------------------------------


 LCAO ALGORITHM --------------- ION=   1  ELEC=   2--------------------------------

 Density error is 0.000386160823177
----------------------------------------------------------
     Energy           Rydberg                 eV          
----------------------------------------------------------
 E_KohnSham     -16.6439574112       -226.4526580623      
 E_Harris       -16.6438435663       -226.4511091226      
 E_Fermi        -0.7757364925        -10.5544364443       
----------------------------------------------------------


 LCAO ALGORITHM --------------- ION=   1  ELEC=   3--------------------------------

 Density error is 0.000138827239244
----------------------------------------------------------
     Energy           Rydberg                 eV          
----------------------------------------------------------
 E_KohnSham     -16.6439575237       -226.4526595926      
 E_Harris       -16.6426112878       -226.4343431135      
 E_Fermi        -0.7757306346        -10.5543567431       
----------------------------------------------------------


 LCAO ALGORITHM --------------- ION=   1  ELEC=   4--------------------------------

 Density error is 3.61377805882e-05
----------------------------------------------------------
     Energy           Rydberg                 eV          
----------------------------------------------------------
 E_KohnSham     -16.6439573500       -226.4526572291      
 E_Harris       -16.6436460195       -226.4484213606      
 E_Fermi        -0.7756369292        -10.5530818163       
----------------------------------------------------------


 LCAO ALGORITHM --------------- ION=   1  ELEC=   5--------------------------------

 Density error is 1.56979304971e-05
----------------------------------------------------------
     Energy           Rydberg                 eV          
----------------------------------------------------------
 E_KohnSham     -16.6439572069       -226.4526552819      
 E_Harris       -16.6438069655       -226.4506111425      
 E_Fermi        -0.7756187335        -10.5528342507       
----------------------------------------------------------


 LCAO ALGORITHM --------------- ION=   1  ELEC=   6--------------------------------

 Density error is 9.68374252264e-06
----------------------------------------------------------
     Energy           Rydberg                 eV          
----------------------------------------------------------
 E_KohnSham     -16.6439571970       -226.4526551479      
 E_Harris       -16.6438971203       -226.4518377620      
 E_Fermi        -0.7756079901        -10.5526880795       
----------------------------------------------------------


 LCAO ALGORITHM --------------- ION=   1  ELEC=   7--------------------------------

 Density error is 6.97881560846e-06
----------------------------------------------------------
     Energy           Rydberg                 eV          
----------------------------------------------------------
 E_KohnSham     -16.6439571950       -226.4526551204      
 E_Harris       -16.6439174125       -226.4521138517      
 E_Fermi        -0.7756054958        -10.5526541424       
----------------------------------------------------------


 LCAO ALGORITHM --------------- ION=   1  ELEC=   8--------------------------------

 Density error is 4.86025761586e-06
----------------------------------------------------------
     Energy           Rydberg                 eV          
----------------------------------------------------------
 E_KohnSham     -16.6439572221       -226.4526554882      
 E_Harris       -16.6439363898       -226.4523720509      
 E_Fermi        -0.7756033731        -10.5526252623       
----------------------------------------------------------


 LCAO ALGORITHM --------------- ION=   1  ELEC=   9--------------------------------

 Density error is 2.4690173828e-06
----------------------------------------------------------
     Energy           Rydberg                 eV          
----------------------------------------------------------
 E_KohnSham     -16.6439572291       -226.4526555842      
 E_Harris       -16.6439490377       -226.4525441343      
 E_Fermi        -0.7756020002        -10.5526065829       
----------------------------------------------------------


 LCAO ALGORITHM --------------- ION=   1  ELEC=  10--------------------------------

 Density error is 1.79496401851e-06
----------------------------------------------------------
     Energy           Rydberg                 eV          
----------------------------------------------------------
 E_KohnSham     -16.6439572357       -226.4526556735      
 E_Harris       -16.6439519435       -226.4525836702      
 E_Fermi        -0.7756016825        -10.5526022603       
----------------------------------------------------------


 LCAO ALGORITHM --------------- ION=   1  ELEC=  11--------------------------------

 Density error is 1.04531164509e-06
----------------------------------------------------------
     Energy           Rydberg                 eV          
----------------------------------------------------------
 E_KohnSham     -16.6439572384       -226.4526557111      
 E_Harris       -16.6439546037       -226.4526198633      
 E_Fermi        -0.7756013917        -10.5525983040       
----------------------------------------------------------


 LCAO ALGORITHM --------------- ION=   1  ELEC=  12--------------------------------

 Density error is 6.40831745319e-07
----------------------------------------------------------
     Energy           Rydberg                 eV          
----------------------------------------------------------
 E_KohnSham     -16.6439572394       -226.4526557248      
 E_Harris       -16.6439556989       -226.4526347640      
 E_Fermi        -0.7756012680        -10.5525966204       
----------------------------------------------------------


 LCAO ALGORITHM --------------- ION=   1  ELEC=  13--------------------------------

 Density error is 3.91830105265e-07
----------------------------------------------------------
     Energy           Rydberg                 eV          
----------------------------------------------------------
 E_KohnSham     -16.6439572402       -226.4526557351      
 E_Harris       -16.6439564211       -226.4526445907      
 E_Fermi        -0.7756011841        -10.5525954797       
----------------------------------------------------------


 LCAO ALGORITHM --------------- ION=   1  ELEC=  14--------------------------------

 Density error is 2.306395672e-07
----------------------------------------------------------
     Energy           Rydberg                 eV          
----------------------------------------------------------
 E_KohnSham     -16.6439572402       -226.4526557351      
 E_Harris       -16.6439567837       -226.4526495244      
 E_Fermi        -0.7756011426        -10.5525949143       
----------------------------------------------------------


 LCAO ALGORITHM --------------- ION=   1  ELEC=  15--------------------------------

 Density error is 1.30719194273e-07
----------------------------------------------------------
     Energy           Rydberg                 eV          
----------------------------------------------------------
 E_KohnSham     -16.6439572402       -226.4526557351      
 E_Harris       -16.6439570385       -226.4526529910      
 E_Fermi        -0.7756011121        -10.5525945000       
----------------------------------------------------------


 LCAO ALGORITHM --------------- ION=   1  ELEC=  16--------------------------------

 Density error is 6.9465867513e-08
----------------------------------------------------------
     Energy           Rydberg                 eV          
----------------------------------------------------------
 E_KohnSham     -16.6439572402       -226.4526557351      
 E_KS(sigma->0) -16.6439572402       -226.4526557351      
 E_Harris       -16.6439571414       -226.4526543906      
 E_band         -7.4702800796        -101.6383747384      
 E_one_elec     -49.6709065495       -675.8073538992      
 E_Hartree      25.6741566807        349.3148222025       
 E_xc           -5.7513076891        -78.2505555225       
 E_Ewald        14.3362369641        195.0545105905       
 E_entropy(-TS) 0.0000000000         0.0000000000         
 E_descf        0.0000000000         0.0000000000         
 E_exx          -1.2321366465        -16.7640791064       
 E_Fermi        -0.7756011007        -10.5525943441       
----------------------------------------------------------


 LCAO ALGORITHM --------------- ION=   1  ELEC=   1--------------------------------

 Density error is 0.000121600469045
----------------------------------------------------------
     Energy           Rydberg                 eV          
----------------------------------------------------------
 E_KohnSham     -16.6439578907       -226.4526645852      
 E_Harris       -16.6450828181       -226.4679700079      
 E_Fermi        -0.7756352928        -10.5530595516       
----------------------------------------------------------


 LCAO ALGORITHM --------------- ION=   1  ELEC=   2--------------------------------

 Density error is 4.80291308888e-05
----------------------------------------------------------
     Energy           Rydberg                 eV          
----------------------------------------------------------
 E_KohnSham     -16.6439579073       -226.4526648112      
 E_Harris       -16.6439657241       -226.4527711645      
 E_Fermi        -0.7756592975        -10.5533861524       
----------------------------------------------------------


 LCAO ALGORITHM --------------- ION=   1  ELEC=   3--------------------------------

 Density error is 1.52736134344e-05
----------------------------------------------------------
     Energy           Rydberg                 eV          
----------------------------------------------------------
 E_KohnSham     -16.6439579183       -226.4526649610      
 E_Harris       -16.6438322208       -226.4509547583      
 E_Fermi        -0.7756576543        -10.5533637960       
----------------------------------------------------------


 LCAO ALGORITHM --------------- ION=   1  ELEC=   4--------------------------------

 Density error is 3.59284348326e-06
----------------------------------------------------------
     Energy           Rydberg                 eV          
----------------------------------------------------------
 E_KohnSham     -16.6439579008       -226.4526647227      
 E_Harris       -16.6439362251       -226.4523698096      
 E_Fermi        -0.7756479881        -10.5532322805       
----------------------------------------------------------


 LCAO ALGORITHM --------------- ION=   1  ELEC=   5--------------------------------

 Density error is 1.21131768257e-06
----------------------------------------------------------
     Energy           Rydberg                 eV          
----------------------------------------------------------
 E_KohnSham     -16.6439578932       -226.4526646200      
 E_Harris       -16.6439490393       -226.4525441558      
 E_Fermi        -0.7756464722        -10.5532116550       
----------------------------------------------------------


 LCAO ALGORITHM --------------- ION=   1  ELEC=   6--------------------------------

 Density error is 6.68662963114e-07
----------------------------------------------------------
     Energy           Rydberg                 eV          
----------------------------------------------------------
 E_KohnSham     -16.6439578922       -226.4526646063      
 E_Harris       -16.6439538980       -226.4526102618      
 E_Fermi        -0.7756458924        -10.5532037671       
----------------------------------------------------------


 LCAO ALGORITHM --------------- ION=   1  ELEC=   7--------------------------------

 Density error is 5.51690918702e-07
----------------------------------------------------------
     Energy           Rydberg                 eV          
----------------------------------------------------------
 E_KohnSham     -16.6439578912       -226.4526645926      
 E_Harris       -16.6439548053       -226.4526226060      
 E_Fermi        -0.7756457800        -10.5532022378       
----------------------------------------------------------


 LCAO ALGORITHM --------------- ION=   1  ELEC=   8--------------------------------

 Density error is 3.30448036855e-07
----------------------------------------------------------
     Energy           Rydberg                 eV          
----------------------------------------------------------
 E_KohnSham     -16.6439578912       -226.4526645926      
 E_Harris       -16.6439563695       -226.4526438881      
 E_Fermi        -0.7756455965        -10.5531997409       
----------------------------------------------------------


 LCAO ALGORITHM --------------- ION=   1  ELEC=   9--------------------------------

 Density error is 2.54179518358e-07
----------------------------------------------------------
     Energy           Rydberg                 eV          
----------------------------------------------------------
 E_KohnSham     -16.6439578922       -226.4526646063      
 E_Harris       -16.6439568767       -226.4526507900      
 E_Fermi        -0.7756455393        -10.5531989629       
----------------------------------------------------------


 LCAO ALGORITHM --------------- ION=   1  ELEC=  10--------------------------------

 Density error is 1.45831501803e-07
----------------------------------------------------------
     Energy           Rydberg                 eV          
----------------------------------------------------------
 E_KohnSham     -16.6439578922       -226.4526646062      
 E_Harris       -16.6439574490       -226.4526585754      
 E_Fermi        -0.7756454770        -10.5531981144       
----------------------------------------------------------


 LCAO ALGORITHM --------------- ION=   1  ELEC=  11--------------------------------

 Density error is 1.14771003372e-07
----------------------------------------------------------
     Energy           Rydberg                 eV          
----------------------------------------------------------
 E_KohnSham     -16.6439578932       -226.4526646200      
 E_Harris       -16.6439575437       -226.4526598640      
 E_Fermi        -0.7756454652        -10.5531979548       
----------------------------------------------------------


 LCAO ALGORITHM --------------- ION=   1  ELEC=  12--------------------------------

 Density error is 6.61832991942e-08
----------------------------------------------------------
     Energy           Rydberg                 eV          
----------------------------------------------------------
 E_KohnSham     -16.6439578937       -226.4526646268      
 E_KS(sigma->0) -16.6439578937       -226.4526646268      
 E_Harris       -16.6439577436       -226.4526625847      
 E_band         -7.4705956622        -101.6426684603      
 E_one_elec     -49.6705679529       -675.8027470563      
 E_Hartree      25.6740620545        349.3135347464       
 E_xc           -5.7513477972        -78.2511012218       
 E_Ewald        14.3362369641        195.0545105905       
 E_entropy(-TS) 0.0000000000         0.0000000000         
 E_descf        0.0000000000         0.0000000000         
 E_exx          -1.2323411622        -16.7668616855       
 E_Fermi        -0.7756454453        -10.5531976834       
----------------------------------------------------------


 LCAO ALGORITHM --------------- ION=   1  ELEC=   1--------------------------------

 Density error is 1.62998236915e-05
----------------------------------------------------------
     Energy           Rydberg                 eV          
----------------------------------------------------------
 E_KohnSham     -16.6439579016       -226.4526647338      
 E_Harris       -16.6440992131       -226.4545873752      
 E_Fermi        -0.7756501310        -10.5532614360       
----------------------------------------------------------


 LCAO ALGORITHM --------------- ION=   1  ELEC=   2--------------------------------

 Density error is 6.86308466692e-06
----------------------------------------------------------
     Energy           Rydberg                 eV          
----------------------------------------------------------
 E_KohnSham     -16.6439579022       -226.4526647415      
 E_Harris       -16.6439603798       -226.4526984511      
 E_Fermi        -0.7756528853        -10.5532989100       
----------------------------------------------------------


 LCAO ALGORITHM --------------- ION=   1  ELEC=   3--------------------------------

 Density error is 2.36995017909e-06
----------------------------------------------------------
     Energy           Rydberg                 eV          
----------------------------------------------------------
 E_KohnSham     -16.6439579037       -226.4526647621      
 E_Harris       -16.6439439677       -226.4524751532      
 E_Fermi        -0.7756526038        -10.5532950801       
----------------------------------------------------------


 LCAO ALGORITHM --------------- ION=   1  ELEC=   4--------------------------------

 Density error is 5.46126554183e-07
----------------------------------------------------------
     Energy           Rydberg                 eV          
----------------------------------------------------------
 E_KohnSham     -16.6439579022       -226.4526647416      
 E_Harris       -16.6439565565       -226.4526464326      
 E_Fermi        -0.7756514348        -10.5532791750       
----------------------------------------------------------


 LCAO ALGORITHM --------------- ION=   1  ELEC=   5--------------------------------

 Density error is 1.59816204359e-07
----------------------------------------------------------
     Energy           Rydberg                 eV          
----------------------------------------------------------
 E_KohnSham     -16.6439579022       -226.4526647416      
 E_Harris       -16.6439573196       -226.4526568148      
 E_Fermi        -0.7756513258        -10.5532776920       
----------------------------------------------------------


 LCAO ALGORITHM --------------- ION=   1  ELEC=   6--------------------------------

 Density error is 1.06493690145e-07
----------------------------------------------------------
     Energy           Rydberg                 eV          
----------------------------------------------------------
 E_KohnSham     -16.6439579012       -226.4526647279      
 E_Harris       -16.6439575827       -226.4526603944      
 E_Fermi        -0.7756512982        -10.5532773166       
----------------------------------------------------------


 LCAO ALGORITHM --------------- ION=   1  ELEC=   7--------------------------------

 Density error is 6.19702736111e-08
----------------------------------------------------------
     Energy           Rydberg                 eV          
----------------------------------------------------------
 E_KohnSham     -16.6439579017       -226.4526647347      
 E_KS(sigma->0) -16.6439579017       -226.4526647347      
 E_Harris       -16.6439576916       -226.4526618764      
 E_band         -7.4706355109        -101.6432106296      
 E_one_elec     -49.6705233804       -675.8021406152      
 E_Hartree      25.6740514669        349.3133906955       
 E_xc           -5.7513547824        -78.2511962603       
 E_Ewald        14.3362369641        195.0545105905       
 E_entropy(-TS) 0.0000000000         0.0000000000         
 E_descf        0.0000000000         0.0000000000         
 E_exx          -1.2323681700        -16.7672291452       
 E_Fermi        -0.7756512803        -10.5532770735       
----------------------------------------------------------


 LCAO ALGORITHM --------------- ION=   1  ELEC=   1--------------------------------

 Density error is 2.26507345653e-06
----------------------------------------------------------
     Energy           Rydberg                 eV          
----------------------------------------------------------
 E_KohnSham     -16.6439579013       -226.4526647302      
 E_Harris       -16.6439768422       -226.4529224335      
 E_Fermi        -0.7756519039        -10.5532855573       
----------------------------------------------------------


 LCAO ALGORITHM --------------- ION=   1  ELEC=   2--------------------------------

 Density error is 9.90723324241e-07
----------------------------------------------------------
     Energy           Rydberg                 eV          
----------------------------------------------------------
 E_KohnSham     -16.6439579013       -226.4526647303      
 E_Harris       -16.6439583667       -226.4526710613      
 E_Fermi        -0.7756522550        -10.5532903352       
----------------------------------------------------------


 LCAO ALGORITHM --------------- ION=   1  ELEC=   3--------------------------------

 Density error is 3.57997624876e-07
----------------------------------------------------------
     Energy           Rydberg                 eV          
----------------------------------------------------------
 E_KohnSham     -16.6439579013       -226.4526647303      
 E_Harris       -16.6439561929       -226.4526414854      
 E_Fermi        -0.7756522135        -10.5532897695       
----------------------------------------------------------


 LCAO ALGORITHM --------------- ION=   1  ELEC=   4--------------------------------

 Density error is 8.46207091893e-08
----------------------------------------------------------
     Energy           Rydberg                 eV          
----------------------------------------------------------
 E_KohnSham     -16.6439579018       -226.4526647371      
 E_KS(sigma->0) -16.6439579018       -226.4526647371      
 E_Harris       -16.6439578230       -226.4526636639      
 E_band         -7.4706407730        -101.6432822239      
 E_one_elec     -49.6705172374       -675.8020570358      
 E_Hartree      25.6740500946        349.3133720238       
 E_xc           -5.7513558407        -78.2512106587       
 E_Ewald        14.3362369641        195.0545105905       
 E_entropy(-TS) 0.0000000000         0.0000000000         
 E_descf        0.0000000000         0.0000000000         
 E_exx          -1.2323718825        -16.7672796569       
 E_Fermi        -0.7756520618        -10.5532877053       
----------------------------------------------------------


 LCAO ALGORITHM --------------- ION=   1  ELEC=   1--------------------------------

 Density error is 3.17416764258e-07
----------------------------------------------------------
     Energy           Rydberg                 eV          
----------------------------------------------------------
 E_KohnSham     -16.6439579018       -226.4526647372      
 E_Harris       -16.6439605217       -226.4527003824      
 E_Fermi        -0.7756521391        -10.5532887582       
----------------------------------------------------------


 LCAO ALGORITHM --------------- ION=   1  ELEC=   2--------------------------------

 Density error is 1.41965278047e-07
----------------------------------------------------------
     Energy           Rydberg                 eV          
----------------------------------------------------------
 E_KohnSham     -16.6439579018       -226.4526647372      
 E_Harris       -16.6439579963       -226.4526660224      
 E_Fermi        -0.7756521865        -10.5532894020       
----------------------------------------------------------


 LCAO ALGORITHM --------------- ION=   1  ELEC=   3--------------------------------

 Density error is 5.27934657967e-08
----------------------------------------------------------
     Energy           Rydberg                 eV          
----------------------------------------------------------
 E_KohnSham     -16.6439579018       -226.4526647372      
 E_KS(sigma->0) -16.6439579018       -226.4526647372      
 E_Harris       -16.6439576906       -226.4526618636      
 E_band         -7.4706415959        -101.6432934207      
 E_one_elec     -49.6705164600       -675.8020464585      
 E_Hartree      25.6740500053        349.3133708084       
 E_xc           -5.7513560119        -78.2512129884       
 E_Ewald        14.3362369641        195.0545105905       
 E_entropy(-TS) 0.0000000000         0.0000000000         
 E_descf        0.0000000000         0.0000000000         
 E_exx          -1.2323723994        -16.7672866892       
 E_Fermi        -0.7756521815        -10.5532893342       
----------------------------------------------------------


 LCAO ALGORITHM --------------- ION=   1  ELEC=   1--------------------------------

 Density error is 4.88401813261e-08
----------------------------------------------------------
     Energy           Rydberg                 eV          
----------------------------------------------------------
 E_KohnSham     -16.6439579018       -226.4526647372      
 E_KS(sigma->0) -16.6439579018       -226.4526647372      
 E_Harris       -16.6439584569       -226.4526722889      
 E_band         -7.4706414016        -101.6432907771      
 E_one_elec     -49.6705159828       -675.8020399666      
 E_Hartree      25.6740495696        349.3133648808       
 E_xc           -5.7513559755        -78.2512124930       
 E_Ewald        14.3362369641        195.0545105905       
 E_entropy(-TS) 0.0000000000         0.0000000000         
 E_descf        0.0000000000         0.0000000000         
 E_exx          -1.2323724772        -16.7672877489       
 E_Fermi        -0.7756521610        -10.5532890550       
----------------------------------------------------------


 charge density convergence is achieved
 final etot is -226.45266474 eV
 EFERMI = -10.553289055 eV

 STATE ENERGY(eV) AND OCCUPATIONS    NSPIN == 1
 1/1 kpoint (Cartesian) = 0.0000 0.0000 0.0000 (911913 pws)
       1       -19.0768        2.00000
       2       -10.6014        2.00000
       3       -10.5901        2.00000
       4       -10.5533        2.00000
       5        1.06277        0.00000
       6        2.44013        0.00000
       7        2.44369        0.00000
       8        2.44721        0.00000
       9        3.56439        0.00000
      10        3.57994        0.00000
      11        3.59552        0.00000
      12        4.91129        0.00000
      13        4.92487        0.00000
      14        9.17226        0.00000



 --------------------------------------------
 !FINAL_ETOT_IS -226.4526647371771 eV
 --------------------------------------------


TIME STATISTICS
--------------------------------------------------------------------------------------
     CLASS_NAME                     NAME                TIME/s  CALLS   AVG/s  PER/%  
--------------------------------------------------------------------------------------
                     total                              420.17 11       38.20  100.00 
 Driver              reading                            0.05   1        0.05   0.01   
 Input_Conv          Convert                            0.00   1        0.00   0.00   
 Driver              driver_line                        420.13 1        420.13 99.99  
 UnitCell            check_tau                          0.00   1        0.00   0.00   
 ESolver_KS_LCAO     before_all_runners                 60.71  1        60.71  14.45  
 PW_Basis_Sup        setuptransform                     0.09   1        0.09   0.02   
 PW_Basis_Sup        distributeg                        0.08   1        0.08   0.02   
 mymath              heapsort                           1.43   3        0.48   0.34   
 Charge_Mixing       init_mixing                        0.00   1        0.00   0.00   
 PW_Basis_K          setuptransform                     0.08   1        0.08   0.02   
 PW_Basis_K          distributeg                        0.06   1        0.06   0.01   
 PW_Basis            setup_struc_factor                 0.25   1        0.25   0.06   
 NOrbital_Lm         extra_uniform                      3.31   13839    0.00   0.79   
 Mathzone_Add1       SplineD2                           0.24   13839    0.00   0.06   
 Mathzone_Add1       Cubic_Spline_Interpolation         0.62   13839    0.00   0.15   
 Exx_LRI             init                               57.28  1        57.28  13.63  
 Matrix_Orbs21       init                               2.44   2        1.22   0.58   
 ORB_gaunt_table     init_Gaunt_CH                      0.15   3        0.05   0.04   
 ORB_gaunt_table     Calc_Gaunt_CH                      0.08   82305    0.00   0.02   
 ORB_gaunt_table     init_Gaunt                         1.47   3        0.49   0.35   
 ORB_gaunt_table     Get_Gaunt_SH                       25.10  3635313  0.00   5.97   
 Matrix_Orbs21       init_radial                        0.00   2        0.00   0.00   
 Matrix_Orbs21       init_radial_table                  25.09  2        12.55  5.97   
 Center2_Orb         cal_ST_Phi12_R                     40.03  24298    0.00   9.53   
 LRI_CV              set_orbitals                       45.73  1        45.73  10.88  
 Matrix_Orbs11       init                               2.42   1        2.42   0.58   
 Matrix_Orbs11       init_radial                        0.00   1        0.00   0.00   
 Matrix_Orbs11       init_radial_table                  24.28  1        24.28  5.78   
 ppcell_vl           init_vloc                          0.01   1        0.01   0.00   
 Ions                opt_ions                           358.87 1        358.87 85.41  
 ESolver_KS_LCAO     runner                             358.87 1        358.87 85.41  
 ESolver_KS_LCAO     before_scf                         4.20   1        4.20   1.00   
 atom_arrange        search                             0.00   1        0.00   0.00   
 atom_arrange        grid_d.init                        0.00   1        0.00   0.00   
 Grid                Construct_Adjacent_expand          0.00   1        0.00   0.00   
 Grid                Construct_Adjacent_expand_periodic 0.00   5        0.00   0.00   
 Grid_Technique      init                               0.10   1        0.10   0.02   
 Grid_BigCell        grid_expansion_index               0.04   2        0.02   0.01   
 Grid_Driver         Find_atom                          0.00   30       0.00   0.00   
 Record_adj          for_2d                             0.00   1        0.00   0.00   
 LCAO_domain         grid_prepare                       0.00   1        0.00   0.00   
 Veff                initialize_HR                      0.00   1        0.00   0.00   
 OverlapNew          initialize_SR                      0.00   1        0.00   0.00   
 EkineticNew         initialize_HR                      0.00   1        0.00   0.00   
 NonlocalNew         initialize_HR                      0.00   1        0.00   0.00   
 Exx_LRI             cal_exx_ions                       0.39   1        0.39   0.09   
 LRI_CV              cal_datas                          0.31   2        0.15   0.07   
 Charge              set_rho_core                       0.29   1        0.29   0.07   
 PW_Basis_Sup        recip2real                         18.79  493      0.04   4.47   
 PW_Basis_Sup        gathers_scatterp                   3.64   493      0.01   0.87   
 ModuleIO            read_rhog                          0.99   1        0.99   0.24   
 Potential           init_pot                           1.95   1        1.95   0.46   
 Potential           update_from_charge                 270.28 83       3.26   64.33  
 Potential           cal_fixed_v                        0.22   1        0.22   0.05   
 PotLocal            cal_fixed_v                        0.21   1        0.21   0.05   
 Potential           cal_v_eff                          267.89 83       3.23   63.76  
 H_Hartree_pw        v_hartree                          26.12  83       0.31   6.22   
 PW_Basis_Sup        real2recip                         15.56  519      0.03   3.70   
 PW_Basis_Sup        gatherp_scatters                   2.12   519      0.00   0.50   
 PotXC               cal_v_eff                          235.83 83       2.84   56.13  
 XC_Functional       v_xc                               175.96 52       3.38   41.88  
 Potential           interpolate_vrs                    2.17   83       0.03   0.52   
 H_Ewald_pw          compute_ewald                      0.30   1        0.30   0.07   
 HSolverLCAO         solve                              17.29  82       0.21   4.12   
 HamiltLCAO          updateHk                           4.75   82       0.06   1.13   
 OperatorLCAO        init                               4.73   328      0.01   1.13   
 Veff                contributeHR                       4.72   82       0.06   1.12   
 Gint_interface      cal_gint                           9.33   164      0.06   2.22   
 Gint_interface      cal_gint_vlocal                    4.70   82       0.06   1.12   
 Gint_Tools          cal_psir_ylm                       6.07   168499   0.00   1.45   
 Gint_k              transfer_pvpR                      0.00   82       0.00   0.00   
 OverlapNew          calculate_SR                       0.01   1        0.01   0.00   
 OverlapNew          contributeHk                       0.00   82       0.00   0.00   
 EkineticNew         contributeHR                       0.00   82       0.00   0.00   
 EkineticNew         calculate_HR                       0.00   1        0.00   0.00   
 NonlocalNew         contributeHR                       0.01   82       0.00   0.00   
 NonlocalNew         calculate_HR                       0.01   1        0.01   0.00   
 OperatorLCAO        contributeHk                       0.00   82       0.00   0.00   
 HSolverLCAO         hamiltSolvePsiK                    0.39   82       0.00   0.09   
 DiagoElpa           elpa_solve                         0.36   82       0.00   0.08   
 elecstate           cal_dm                             0.01   82       0.00   0.00   
 psiMulPsiMpi        pdgemm                             0.01   82       0.00   0.00   
 DensityMatrix       cal_DMR                            0.01   82       0.00   0.00   
 ElecStateLCAO       psiToRho                           12.14  82       0.15   2.89   
 Gint                transfer_DMR                       0.01   82       0.00   0.00   
 Gint_interface      cal_gint_rho                       4.62   82       0.06   1.10   
 Charge_Mixing       get_drho                           0.28   82       0.00   0.07   
 Charge              mix_rho                            35.15  74       0.47   8.37   
 Charge              Pulay_mixing                       2.02   74       0.03   0.48   
 ModuleIO            write_rhog                         8.41   8        1.05   2.00   
 RI_2D_Comm          split_m2D_ktoR                     0.00   7        0.00   0.00   
 Exx_LRI             cal_exx_elec                       0.80   7        0.11   0.19   
 RI_2D_Comm          add_HexxR                          0.00   62       0.00   0.00   
 XC_Functional_Libxc v_xc_libxc                         204.13 62       3.29   48.58  
 ESolver_KS_LCAO     after_scf                          4.46   1        4.46   1.06   
 Charge              atomic_rho                         0.27   1        0.27   0.06   
 ModuleIO            save_sparse                        0.01   1        0.01   0.00   
 ESolver_KS_LCAO     after_all_runners                  0.00   1        0.00   0.00   
 ModuleIO            write_istate_info                  0.00   1        0.00   0.00   
--------------------------------------------------------------------------------------


 NAME-------------------------|MEMORY(MB)--------
                         total          6187.
                    ORB::Jl(x)          5063.
                  SF::strucFac          222.5
                      Chg::rho          109.5
                 Chg::rho_save          109.5
                 Chg::rho_core          109.5
                 Pot::veff_fix          109.5
                     Pot::veff          109.5
              Pot::veff_smooth          109.5
                     Chg::rhog          55.63
                Chg::rhog_save          55.63
                Chg::rhog_core          55.63
                  PW_B_K::gcar          20.87
                   PW_B_K::gk2          6.957
               GT::ind_bigcell          6.927
         GT::in_this_processor          6.927
              GT::index2normal          6.927
               GT::index2ucell          6.927
       TwoCenterTable: Kinetic          3.071
       TwoCenterTable: Overlap          3.071
                 GT::start_ind          2.027
            GT::how_many_atoms          2.027
               GT::bcell_start          2.027
            GT::how many atoms          2.027
      GT::bigcell_on_processor          1.732
      TwoCenterTable: Nonlocal          1.551
 -------------   < 1.0 MB has been ignored ----------------
 ----------------------------------------------------------

 Start  Time  : Wed Sep  2 22:01:56 2026
 Finish Time  : Wed Sep  2 22:08:56 2026
 Total  Time  : 0 h 7 mins 0 secs 
