                                                                                     
                              ABACUS v3.10.0

               Atomic-orbital Based Ab-initio Computation at UStc                    

                     Website: http://abacus.ustc.edu.cn/                             
               Documentation: https://abacus.deepmodeling.com/                       
                  Repository: https://github.com/abacusmodeling/abacus-develop       
                              https://github.com/deepmodeling/abacus-develop         
                      Commit: e84abb4 (Sat Jun 28 13:06:46 2025 +0800)

    Start Time is Wed Sep  2 22:52:08 2026
                                                                                     
 ------------------------------------------------------------------------------------

 READING GENERAL INFORMATION
                           global_out_dir = OUT.MOLAPT_HSE/
                           global_in_card = INPUT
                               pseudo_dir = ./
                              orbital_dir = ./
                                    DRANK = 1
                                    DSIZE = 1
                                   DCOLOR = 1
                                    GRANK = 1
                                    GSIZE = 1




 >>>>>>>>>>>>>>>>>>>>>>>>>>>>>>>>>>>>>>>>>>>>>>>>>>>>>>>>>>>>>>>>>>>>>>
 |                                                                    |
 | Reading atom information in unitcell:                              |
 | From the input file and the structure file we know the number of   |
 | different elments in this unitcell, then we list the detail        |
 | information for each element, especially the zeta and polar atomic |
 | orbital number for each element. The total atom number is counted. |
 | We calculate the nearest atom distance for each atom and show the  |
 | Cartesian and Direct coordinates for each atom. We list the file   |
 | address for atomic orbitals. The volume and the lattice vectors    |
 | in real and reciprocal space is also shown.                        |
 |                                                                    |
 <<<<<<<<<<<<<<<<<<<<<<<<<<<<<<<<<<<<<<<<<<<<<<<<<<<<<<<<<<<<<<<<<<<<<<




 READING UNITCELL INFORMATION
                                    ntype = 2
                  lattice constant (Bohr) = 1.88973
              lattice constant (Angstrom) = 1

 READING ATOM TYPE 1
                               atom label = C
                      L=0, number of zeta = 3
                      L=1, number of zeta = 3
                      L=2, number of zeta = 2
             number of atom for this type = 1

 READING ATOM TYPE 2
                               atom label = H
                      L=0, number of zeta = 3
                      L=1, number of zeta = 2
             number of atom for this type = 4

                        TOTAL ATOM NUMBER = 5
DIRECT COORDINATES
    atom                   x                   y                   z     mag                  vx                  vy                  vz
taud_C1            0.5000000000        0.5000000000        0.5000000000  0.0000        0.0000000000        0.0000000000        0.0000000000
taud_H1            0.5313789500        0.5313789500        0.5313789500  0.0000        0.0000000000        0.0000000000        0.0000000000
taud_H2            0.4686210500        0.4686210500        0.5313789500  0.0000        0.0000000000        0.0000000000        0.0000000000
taud_H3            0.4686210500        0.5313789500        0.4686210500  0.0000        0.0000000000        0.0000000000        0.0000000000
taud_H4            0.5318789500        0.4686210500        0.4686210500  0.0000        0.0000000000        0.0000000000        0.0000000000



                          Volume (Bohr^3) = 53986.7
                             Volume (A^3) = 7999.99

 Lattice vectors: (Cartesian coordinate: in unit of a_0)
                  +20                  +0                  +0
                   +0                 +20                  +0
                   +0                  +0                 +20
 Reciprocal vectors: (Cartesian coordinate: in unit of 2 pi/a_0)
                +0.05                  -0                  +0
                   -0               +0.05                  -0
                   +0                  -0               +0.05
 The esolver type has been set to : ksdft_lcao

 RUNNING WITH DEVICE  : CPU / Intel(R) Xeon(R) Gold 6248 CPU @ 2.50GHz




 >>>>>>>>>>>>>>>>>>>>>>>>>>>>>>>>>>>>>>>>>>>>>>>>>>>>>>>>>>>>>>>>>>>>>>
 |                                                                    |
 | Reading pseudopotentials files:                                    |
 | The pseudopotential file is in UPF format. The 'NC' indicates that |
 | the type of pseudopotential is 'norm conserving'. Functional of    |
 | exchange and correlation is decided by 4 given parameters in UPF   |
 | file.  We also read in the 'core correction' if there exists.      |
 | Also we can read the valence electrons number and the maximal      |
 | angular momentum used in this pseudopotential. We also read in the |
 | trail wave function, trail atomic density and local-pseudopotential|
 | on logrithmic grid. The non-local pseudopotential projector is also|
 | read in if there is any.                                           |
 |                                                                    |
 <<<<<<<<<<<<<<<<<<<<<<<<<<<<<<<<<<<<<<<<<<<<<<<<<<<<<<<<<<<<<<<<<<<<<<




                PAO radial cut off (Bohr) = 15

 Read in pseudopotential file is C.upf
                     pseudopotential type = NC
          exchange-correlation functional = PBE
                 nonlocal core correction = 1
                        valence electrons = 4
                                     lmax = 1
                           number of zeta = 2
                     number of projectors = 4
                           L of projector = 0
                           L of projector = 0
                           L of projector = 1
                           L of projector = 1
 XC functional updated to : hse
          exchange-correlation functional = HSE
                PAO radial cut off (Bohr) = 15

 Read in pseudopotential file is H.upf
                     pseudopotential type = NC
          exchange-correlation functional = PBE
                 nonlocal core correction = 0
                        valence electrons = 1
                                     lmax = 1
                           number of zeta = 1
                     number of projectors = 3
                           L of projector = 0
                           L of projector = 0
                           L of projector = 1
 XC functional updated to : hse
          exchange-correlation functional = HSE
     initial pseudo atomic orbital number = 8

 SETUP THE ELECTRONS NUMBER
             electron number of element C = 4
       total electron number of element C = 4
             electron number of element H = 1
       total electron number of element H = 4
            AUTOSET number of electrons:  = 8
                           occupied bands = 4
                                   NLOCAL = 58
                                   NBANDS = 14
                                   NBANDS = 14
                                   NLOCAL = 58




 >>>>>>>>>>>>>>>>>>>>>>>>>>>>>>>>>>>>>>>>>>>>>>>>>>>>>>>>>>>>>>>>>>>>>>
 |                                                                    |
 | Setup plane waves of charge/potential:                             |
 | Use the energy cutoff and the lattice vectors to generate the      |
 | dimensions of FFT grid. The number of FFT grid on each processor   |
 | is 'nrxx'. The number of plane wave basis in reciprocal space is   |
 | different for charege/potential and wave functions. We also set    |
 | the 'sticks' for the parallel of FFT. The number of plane waves    |
 | is 'npw' in each processor.                                        |
 <<<<<<<<<<<<<<<<<<<<<<<<<<<<<<<<<<<<<<<<<<<<<<<<<<<<<<<<<<<<<<<<<<<<<<





 SETUP THE PLANE WAVE BASIS
 energy cutoff for charge/potential (unit:Ry) = 400
            fft grid for charge/potential = [ 243, 243, 243 ]
                        fft grid division = [ 3, 3, 3 ]
        big fft grid for charge/potential = [ 81, 81, 81 ]
                                     nbxx = 531441
                                     nrxx = 14348907

 SETUP PLANE WAVES FOR CHARGE/POTENTIAL
                    number of plane waves = 7292125
                         number of sticks = 45461

 PARALLEL PW FOR CHARGE/POTENTIAL
     PROC   COLUMNS(POT)             PW
        1          45461        7292125
 --------------- sum -------------------
        1          45461        7292125
                            number of |g| = 12063
                                  max |g| = 36.18
                                  min |g| = 0
 DONE : SETUP UNITCELL Time : 2.40913 (SEC)


----------- Double Check Mixing Parameters Begin ------------
mixing_type: pulay
mixing_beta: 0.4
mixing_gg0: 1
mixing_gg0_min: 0.1
mixing_ndim: 20
----------- Double Check Mixing Parameters End ------------




 >>>>>>>>>>>>>>>>>>>>>>>>>>>>>>>>>>>>>>>>>>>>>>>>>>>>>>>>>>>>>>>>>>>>>>
 |                                                                    |
 | Setup K-points                                                     |
 | We setup the k-points according to input parameters.               |
 | The reduced k-points are set according to symmetry operations.     |
 | We treat the spin as another set of k-points.                      |
 |                                                                    |
 <<<<<<<<<<<<<<<<<<<<<<<<<<<<<<<<<<<<<<<<<<<<<<<<<<<<<<<<<<<<<<<<<<<<<<





 SETUP K-POINTS
                                    nspin = 1
                   Input type of k points = Monkhorst-Pack(Gamma)
                                   nkstot = 1
                               nkstot_ibz = 1
K-POINTS REDUCTION ACCORDING TO SYMMETRY
     IBZ    DIRECT_X    DIRECT_Y    DIRECT_Z  WEIGHT  ibz2bz
       1  0.00000000  0.00000000  0.00000000  1.0000       0

                               nkstot now = 1
K-POINTS DIRECT COORDINATES
 KPOINTS    DIRECT_X    DIRECT_Y    DIRECT_Z  WEIGHT
       1  0.00000000  0.00000000  0.00000000  1.0000


           k-point number in this process = 1
       minimum distributed K point number = 1

K-POINTS CARTESIAN COORDINATES
 KPOINTS CARTESIAN_X CARTESIAN_Y CARTESIAN_Z  WEIGHT
       1  0.00000000  0.00000000  0.00000000  2.0000


K-POINTS DIRECT COORDINATES
 KPOINTS    DIRECT_X    DIRECT_Y    DIRECT_Z  WEIGHT
       1  0.00000000  0.00000000  0.00000000  2.0000

 DONE : INIT K-POINTS Time : 2.41158 (SEC)


 Warning_Memory_Consuming allocated:  PW_B_K::gk2 6.95734 MB

 Warning_Memory_Consuming allocated:  PW_B_K::gcar 20.872 MB




 >>>>>>>>>>>>>>>>>>>>>>>>>>>>>>>>>>>>>>>>>>>>>>>>>>>>>>>>>>>>>>>>>>>>>>
 |                                                                    |
 | Setup plane waves of wave functions:                               |
 | Use the energy cutoff and the lattice vectors to generate the      |
 | dimensions of FFT grid. The number of FFT grid on each processor   |
 | is 'nrxx'. The number of plane wave basis in reciprocal space is   |
 | different for charege/potential and wave functions. We also set    |
 | the 'sticks' for the parallel of FFT. The number of plane wave of  |
 | each k-point is 'npwk[ik]' in each processor                       |
 <<<<<<<<<<<<<<<<<<<<<<<<<<<<<<<<<<<<<<<<<<<<<<<<<<<<<<<<<<<<<<<<<<<<<<





 SETUP PLANE WAVES FOR WAVE FUNCTIONS
     energy cutoff for wavefunc (unit:Ry) = 100
              fft grid for wave functions = [ 243, 243, 243 ]
                    number of plane waves = 911913
                         number of sticks = 11369

 PARALLEL PW FOR WAVE FUNCTIONS
     PROC   COLUMNS(POT)             PW
        1          11369         911913
 --------------- sum -------------------
        1          11369         911913
 DONE : INIT PLANEWAVE Time : 2.56521 (SEC)


 Warning_Memory_Consuming allocated:  SF::strucFac 222.538 MB
 SET NONLOCAL PSEUDOPOTENTIAL PROJECTORS
 SET NONLOCAL PSEUDOPOTENTIAL PROJECTORS
 max number of nonlocal projetors among all species is 4

 Warning_Memory_Consuming allocated:  ORB::Jl(x) 921.868 MB
 Auxiliary basis functions
		C		8 s		7 p		6 d		4 f		3 g		
		H		6 s		4 p		3 d		

 Warning_Memory_Consuming allocated:  ORB::Jl(x) 5063.37 MB
 DONE : LOCAL POTENTIAL Time : 59.8348 (SEC)


 Warning_Memory_Consuming allocated:  Chg::rho 109.473 MB

 Warning_Memory_Consuming allocated:  Chg::rho_save 109.473 MB

 Warning_Memory_Consuming allocated:  Chg::rhog 55.6345 MB

 Warning_Memory_Consuming allocated:  Chg::rhog_save 55.6345 MB

 Warning_Memory_Consuming allocated:  Chg::rho_core 109.473 MB

 Warning_Memory_Consuming allocated:  Chg::rhog_core 55.6345 MB

 Warning_Memory_Consuming allocated:  Pot::veff_fix 109.473 MB

 Warning_Memory_Consuming allocated:  Pot::veff 109.473 MB

 Warning_Memory_Consuming allocated:  Pot::veff_smooth 109.473 MB

 -------------------------------------------
 SELF-CONSISTENT
 -------------------------------------------




 >>>>>>>>>>>>>>>>>>>>>>>>>>>>>>>>>>>>>>>>>>>>>>>>>>>>>>>>>>>>>>>>>>>>>>
 |                                                                    |
 | Search adjacent atoms:                                             |
 | Set the adjacent atoms for each atom and set the periodic boundary |
 | condition for the atoms on real space FFT grid. For k-dependent    |
 | algorithm, we also need to set the sparse H and S matrix element   |
 | for each atom.                                                     |
 |                                                                    |
 <<<<<<<<<<<<<<<<<<<<<<<<<<<<<<<<<<<<<<<<<<<<<<<<<<<<<<<<<<<<<<<<<<<<<<





 SETUP SEARCHING RADIUS FOR PROGRAM TO SEARCH ADJACENT ATOMS
                  longest orb rcut (Bohr) = 9
   longest nonlocal projector rcut (Bohr) = 1.3
                     search radius (Bohr) = 20.6
              searching radius is (Bohr)) = 20.6
         searching radius unit is (Bohr)) = 1.89
                         PeriodicBoundary = 1
                        Radius(unit:lat0) = 10.9
                                   glayer = [ 2, 2, 2 ]
                             glayer_minus = [ 1, 1, 1 ]

Find the coordinate range of the input atom(unit:lat0).
                                  min_tau = [ -10.6, -10.6, -10.6 ]
                                  max_tau = [ 30.6, 30.6, 30.6 ]
                                BoxNumber = [ 3, 3, 3 ]

 SETUP EXTENDED REAL SPACE GRID FOR GRID INTEGRATION
                          real space grid = [ 243, 243, 243 ]
                 big cell numbers in grid = [ 81, 81, 81 ]
             meshcell numbers in big cell = [ 3, 3, 3 ]
                        extended fft grid = [ 20, 20, 20 ]
                dimension of extened grid = [ 122, 122, 122 ]
                            UnitCellTotal = 27

 Warning_Memory_Consuming allocated:  GT::ind_bigcell 6.93 MB

 Warning_Memory_Consuming allocated:  GT::in_this_processor 6.93 MB

 Warning_Memory_Consuming allocated:  GT::index2normal 6.93 MB

 Warning_Memory_Consuming allocated:  GT::index2ucell 6.93 MB
              Atom number in sub-FFT-grid = 5
    Local orbitals number in sub-FFT-grid = 58
                                ParaV.nnr = 3364
                                 init_chg = file
 try to read charge from file
 Read in the charge density: OUT.MOLAPT_HSE//MOLAPT_HSE-CHARGE-DENSITY.restart
 DONE : INIT SCF Time : 64.4374 (SEC)


 LCAO ALGORITHM --------------- ION=   1  ELEC=   1--------------------------------

 Density error is 0.0124323189352
----------------------------------------------------------
     Energy           Rydberg                 eV          
----------------------------------------------------------
 E_KohnSham     -16.8051092186       -228.6452408852      
 E_Harris       -16.7718592303       -228.1928515862      
 E_Fermi        -0.6909105419        -9.4003201776        
----------------------------------------------------------


 LCAO ALGORITHM --------------- ION=   1  ELEC=   2--------------------------------

 Density error is 0.00652074156333
----------------------------------------------------------
     Energy           Rydberg                 eV          
----------------------------------------------------------
 E_KohnSham     -16.8051299808       -228.6455233693      
 E_Harris       -16.8257266164       -228.9257549738      
 E_Fermi        -0.6893031330        -9.3784502583        
----------------------------------------------------------


 LCAO ALGORITHM --------------- ION=   1  ELEC=   3--------------------------------

 Density error is 0.00269885711888
----------------------------------------------------------
     Energy           Rydberg                 eV          
----------------------------------------------------------
 E_KohnSham     -16.8051328343       -228.6455621938      
 E_Harris       -16.8272783368       -228.9468672121      
 E_Fermi        -0.6902060214        -9.3907346851        
----------------------------------------------------------


 LCAO ALGORITHM --------------- ION=   1  ELEC=   4--------------------------------

 Density error is 0.00103705753247
----------------------------------------------------------
     Energy           Rydberg                 eV          
----------------------------------------------------------
 E_KohnSham     -16.8051341689       -228.6455803517      
 E_Harris       -16.8115876718       -228.7333847629      
 E_Fermi        -0.6915592463        -9.4091462545        
----------------------------------------------------------


 LCAO ALGORITHM --------------- ION=   1  ELEC=   5--------------------------------

 Density error is 0.000606825313065
----------------------------------------------------------
     Energy           Rydberg                 eV          
----------------------------------------------------------
 E_KohnSham     -16.8051327479       -228.6455610184      
 E_Harris       -16.8088612995       -228.6962905646      
 E_Fermi        -0.6918578043        -9.4132083446        
----------------------------------------------------------


 LCAO ALGORITHM --------------- ION=   1  ELEC=   6--------------------------------

 Density error is 0.000408000143477
----------------------------------------------------------
     Energy           Rydberg                 eV          
----------------------------------------------------------
 E_KohnSham     -16.8051310701       -228.6455381897      
 E_Harris       -16.8072497046       -228.6743636920      
 E_Fermi        -0.6920374590        -9.4156526719        
----------------------------------------------------------


 LCAO ALGORITHM --------------- ION=   1  ELEC=   7--------------------------------

 Density error is 0.000284660591494
----------------------------------------------------------
     Energy           Rydberg                 eV          
----------------------------------------------------------
 E_KohnSham     -16.8051302487       -228.6455270150      
 E_Harris       -16.8061909373       -228.6599584232      
 E_Fermi        -0.6921495215        -9.4171773604        
----------------------------------------------------------


 LCAO ALGORITHM --------------- ION=   1  ELEC=   8--------------------------------

 Density error is 0.00021611274688
----------------------------------------------------------
     Energy           Rydberg                 eV          
----------------------------------------------------------
 E_KohnSham     -16.8051291528       -228.6455121036      
 E_Harris       -16.8057958600       -228.6545831209      
 E_Fermi        -0.6921969626        -9.4178228293        
----------------------------------------------------------


 LCAO ALGORITHM --------------- ION=   1  ELEC=   9--------------------------------

 Density error is 0.000111513648562
----------------------------------------------------------
     Energy           Rydberg                 eV          
----------------------------------------------------------
 E_KohnSham     -16.8051288574       -228.6455080853      
 E_Harris       -16.8053633013       -228.6486978577      
 E_Fermi        -0.6922421295        -9.4184373574        
----------------------------------------------------------


 LCAO ALGORITHM --------------- ION=   1  ELEC=  10--------------------------------

 Density error is 5.98620157277e-05
----------------------------------------------------------
     Energy           Rydberg                 eV          
----------------------------------------------------------
 E_KohnSham     -16.8051287947       -228.6455072321      
 E_Harris       -16.8052445460       -228.6470821084      
 E_Fermi        -0.6922543130        -9.4186031225        
----------------------------------------------------------


 LCAO ALGORITHM --------------- ION=   1  ELEC=  11--------------------------------

 Density error is 4.32434678972e-05
----------------------------------------------------------
     Energy           Rydberg                 eV          
----------------------------------------------------------
 E_KohnSham     -16.8051287300       -228.6455063512      
 E_Harris       -16.8051980653       -228.6464497069      
 E_Fermi        -0.6922589948        -9.4186668215        
----------------------------------------------------------


 LCAO ALGORITHM --------------- ION=   1  ELEC=  12--------------------------------

 Density error is 1.9809630612e-05
----------------------------------------------------------
     Energy           Rydberg                 eV          
----------------------------------------------------------
 E_KohnSham     -16.8051287186       -228.6455061964      
 E_Harris       -16.8051479461       -228.6457678000      
 E_Fermi        -0.6922641002        -9.4187362840        
----------------------------------------------------------


 LCAO ALGORITHM --------------- ION=   1  ELEC=  13--------------------------------

 Density error is 7.49070761524e-06
----------------------------------------------------------
     Energy           Rydberg                 eV          
----------------------------------------------------------
 E_KohnSham     -16.8051287177       -228.6455061841      
 E_Harris       -16.8051367117       -228.6456149481      
 E_Fermi        -0.6922653797        -9.4187536917        
----------------------------------------------------------


 LCAO ALGORITHM --------------- ION=   1  ELEC=  14--------------------------------

 Density error is 5.69843289084e-06
----------------------------------------------------------
     Energy           Rydberg                 eV          
----------------------------------------------------------
 E_KohnSham     -16.8051287151       -228.6455061484      
 E_Harris       -16.8051344194       -228.6455837601      
 E_Fermi        -0.6922656005        -9.4187566961        
----------------------------------------------------------


 LCAO ALGORITHM --------------- ION=   1  ELEC=  15--------------------------------

 Density error is 1.8910216568e-06
----------------------------------------------------------
     Energy           Rydberg                 eV          
----------------------------------------------------------
 E_KohnSham     -16.8051287145       -228.6455061408      
 E_Harris       -16.8051299460       -228.6455228963      
 E_Fermi        -0.6922660829        -9.4187632593        
----------------------------------------------------------


 LCAO ALGORITHM --------------- ION=   1  ELEC=  16--------------------------------

 Density error is 1.15257505793e-06
----------------------------------------------------------
     Energy           Rydberg                 eV          
----------------------------------------------------------
 E_KohnSham     -16.8051287143       -228.6455061381      
 E_Harris       -16.8051289790       -228.6455097391      
 E_Fermi        -0.6922661804        -9.4187645864        
----------------------------------------------------------


 LCAO ALGORITHM --------------- ION=   1  ELEC=  17--------------------------------

 Density error is 5.58431758024e-07
----------------------------------------------------------
     Energy           Rydberg                 eV          
----------------------------------------------------------
 E_KohnSham     -16.8051287144       -228.6455061393      
 E_Harris       -16.8051289070       -228.6455087603      
 E_Fermi        -0.6922661960        -9.4187647984        
----------------------------------------------------------


 LCAO ALGORITHM --------------- ION=   1  ELEC=  18--------------------------------

 Density error is 2.43180838425e-07
----------------------------------------------------------
     Energy           Rydberg                 eV          
----------------------------------------------------------
 E_KohnSham     -16.8051287143       -228.6455061385      
 E_Harris       -16.8051287973       -228.6455072665      
 E_Fermi        -0.6922662104        -9.4187649947        
----------------------------------------------------------


 LCAO ALGORITHM --------------- ION=   1  ELEC=  19--------------------------------

 Density error is 1.37129354155e-07
----------------------------------------------------------
     Energy           Rydberg                 eV          
----------------------------------------------------------
 E_KohnSham     -16.8051287143       -228.6455061385      
 E_Harris       -16.8051287234       -228.6455062611      
 E_Fermi        -0.6922662176        -9.4187650921        
----------------------------------------------------------


 LCAO ALGORITHM --------------- ION=   1  ELEC=  20--------------------------------

 Density error is 7.93441553214e-08
----------------------------------------------------------
     Energy           Rydberg                 eV          
----------------------------------------------------------
 E_KohnSham     -16.8051287143       -228.6455061385      
 E_KS(sigma->0) -16.8051287143       -228.6455061385      
 E_Harris       -16.8051287629       -228.6455067990      
 E_band         -6.6738900537        -90.8029325554       
 E_one_elec     -49.6801336063       -675.9328944467      
 E_Hartree      25.6855392045        349.4696893835       
 E_xc           -7.1467712767        -97.2368116658       
 E_Ewald        14.3362369641        195.0545105905       
 E_entropy(-TS) 0.0000000000         0.0000000000         
 E_descf        0.0000000000         0.0000000000         
 E_exx          0.0000000000         0.0000000000         
 E_Fermi        -0.6922662133        -9.4187650336        
----------------------------------------------------------


 LCAO ALGORITHM --------------- ION=   1  ELEC=   1--------------------------------

 Density error is 0.0696130369921
----------------------------------------------------------
     Energy           Rydberg                 eV          
----------------------------------------------------------
 E_KohnSham     -16.5995347968       -225.8482573862      
 E_Harris       -18.1507785685       -246.9540116678      
 E_Fermi        -0.9849149277        -13.4004550624       
----------------------------------------------------------


 LCAO ALGORITHM --------------- ION=   1  ELEC=   2--------------------------------

 Density error is 0.0559240497717
----------------------------------------------------------
     Energy           Rydberg                 eV          
----------------------------------------------------------
 E_KohnSham     -16.6459029077       -226.4791278991      
 E_Harris       -17.3504879891       -236.0654997322      
 E_Fermi        -0.7377278427        -10.0373022334       
----------------------------------------------------------


 LCAO ALGORITHM --------------- ION=   1  ELEC=   3--------------------------------

 Density error is 0.0341282456054
----------------------------------------------------------
     Energy           Rydberg                 eV          
----------------------------------------------------------
 E_KohnSham     -16.6437081528       -226.4492667273      
 E_Harris       -17.0691833513       -232.2381537840      
 E_Fermi        -0.7512870880        -10.2217852303       
----------------------------------------------------------


 LCAO ALGORITHM --------------- ION=   1  ELEC=   4--------------------------------

 Density error is 0.0141764869576
----------------------------------------------------------
     Energy           Rydberg                 eV          
----------------------------------------------------------
 E_KohnSham     -16.6436439394       -226.4483930596      
 E_Harris       -16.8139246582       -228.7651810944      
 E_Fermi        -0.7646637962        -10.4037846831       
----------------------------------------------------------


 LCAO ALGORITHM --------------- ION=   1  ELEC=   5--------------------------------

 Density error is 0.000700768500261
----------------------------------------------------------
     Energy           Rydberg                 eV          
----------------------------------------------------------
 E_KohnSham     -16.6438555110       -226.4512716384      
 E_Harris       -16.6521466968       -226.5640790088      
 E_Fermi        -0.7745520054        -10.5383206703       
----------------------------------------------------------


 LCAO ALGORITHM --------------- ION=   1  ELEC=   6--------------------------------

 Density error is 0.00142611265742
----------------------------------------------------------
     Energy           Rydberg                 eV          
----------------------------------------------------------
 E_KohnSham     -16.6438578614       -226.4513036169      
 E_Harris       -16.6319432777       -226.2891973900      
 E_Fermi        -0.7758081353        -10.5554111950       
----------------------------------------------------------


 LCAO ALGORITHM --------------- ION=   1  ELEC=   7--------------------------------

 Density error is 0.000250308989462
----------------------------------------------------------
     Energy           Rydberg                 eV          
----------------------------------------------------------
 E_KohnSham     -16.6438616337       -226.4513549420      
 E_Harris       -16.6466956614       -226.4899138667      
 E_Fermi        -0.7750064495        -10.5445036995       
----------------------------------------------------------


 LCAO ALGORITHM --------------- ION=   1  ELEC=   8--------------------------------

 Density error is 9.91102164963e-05
----------------------------------------------------------
     Energy           Rydberg                 eV          
----------------------------------------------------------
 E_KohnSham     -16.6438619967       -226.4513598812      
 E_Harris       -16.6438683833       -226.4514467754      
 E_Fermi        -0.7752096427        -10.5472682858       
----------------------------------------------------------


 LCAO ALGORITHM --------------- ION=   1  ELEC=   9--------------------------------

 Density error is 7.73569362318e-05
----------------------------------------------------------
     Energy           Rydberg                 eV          
----------------------------------------------------------
 E_KohnSham     -16.6438621257       -226.4513616358      
 E_Harris       -16.6437551406       -226.4499060283      
 E_Fermi        -0.7752240419        -10.5474641961       
----------------------------------------------------------


 LCAO ALGORITHM --------------- ION=   1  ELEC=  10--------------------------------

 Density error is 2.99850116568e-05
----------------------------------------------------------
     Energy           Rydberg                 eV          
----------------------------------------------------------
 E_KohnSham     -16.6438620925       -226.4513611838      
 E_Harris       -16.6439124989       -226.4520469979      
 E_Fermi        -0.7752188781        -10.5473939400       
----------------------------------------------------------


 LCAO ALGORITHM --------------- ION=   1  ELEC=  11--------------------------------

 Density error is 1.6280117146e-05
----------------------------------------------------------
     Energy           Rydberg                 eV          
----------------------------------------------------------
 E_KohnSham     -16.6438620448       -226.4513605356      
 E_Harris       -16.6439023486       -226.4519088967      
 E_Fermi        -0.7752211252        -10.5474245132       
----------------------------------------------------------


 LCAO ALGORITHM --------------- ION=   1  ELEC=  12--------------------------------

 Density error is 7.53931126672e-06
----------------------------------------------------------
     Energy           Rydberg                 eV          
----------------------------------------------------------
 E_KohnSham     -16.6438620313       -226.4513603509      
 E_Harris       -16.6438729431       -226.4515088141      
 E_Fermi        -0.7752232544        -10.5474534816       
----------------------------------------------------------


 LCAO ALGORITHM --------------- ION=   1  ELEC=  13--------------------------------

 Density error is 4.71477855196e-06
----------------------------------------------------------
     Energy           Rydberg                 eV          
----------------------------------------------------------
 E_KohnSham     -16.6438620267       -226.4513602891      
 E_Harris       -16.6438620142       -226.4513601189      
 E_Fermi        -0.7752241002        -10.5474649901       
----------------------------------------------------------


 LCAO ALGORITHM --------------- ION=   1  ELEC=  14--------------------------------

 Density error is 1.83117315396e-06
----------------------------------------------------------
     Energy           Rydberg                 eV          
----------------------------------------------------------
 E_KohnSham     -16.6438620262       -226.4513602823      
 E_Harris       -16.6438616208       -226.4513547659      
 E_Fermi        -0.7752242650        -10.5474672315       
----------------------------------------------------------


 LCAO ALGORITHM --------------- ION=   1  ELEC=  15--------------------------------

 Density error is 9.2769766165e-07
----------------------------------------------------------
     Energy           Rydberg                 eV          
----------------------------------------------------------
 E_KohnSham     -16.6438620262       -226.4513602823      
 E_Harris       -16.6438630435       -226.4513741227      
 E_Fermi        -0.7752242165        -10.5474665725       
----------------------------------------------------------


 LCAO ALGORITHM --------------- ION=   1  ELEC=  16--------------------------------

 Density error is 5.51541904443e-07
----------------------------------------------------------
     Energy           Rydberg                 eV          
----------------------------------------------------------
 E_KohnSham     -16.6438620257       -226.4513602754      
 E_Harris       -16.6438622298       -226.4513630517      
 E_Fermi        -0.7752242797        -10.5474674314       
----------------------------------------------------------


 LCAO ALGORITHM --------------- ION=   1  ELEC=  17--------------------------------

 Density error is 3.08532776832e-07
----------------------------------------------------------
     Energy           Rydberg                 eV          
----------------------------------------------------------
 E_KohnSham     -16.6438620257       -226.4513602754      
 E_Harris       -16.6438621706       -226.4513622468      
 E_Fermi        -0.7752242856        -10.5474675127       
----------------------------------------------------------


 LCAO ALGORITHM --------------- ION=   1  ELEC=  18--------------------------------

 Density error is 2.26698903198e-07
----------------------------------------------------------
     Energy           Rydberg                 eV          
----------------------------------------------------------
 E_KohnSham     -16.6438620262       -226.4513602822      
 E_Harris       -16.6438619265       -226.4513589253      
 E_Fermi        -0.7752243013        -10.5474677254       
----------------------------------------------------------


 LCAO ALGORITHM --------------- ION=   1  ELEC=  19--------------------------------

 Density error is 9.43320545995e-08
----------------------------------------------------------
     Energy           Rydberg                 eV          
----------------------------------------------------------
 E_KohnSham     -16.6438620257       -226.4513602754      
 E_KS(sigma->0) -16.6438620257       -226.4513602754      
 E_Harris       -16.6438619825       -226.4513596876      
 E_band         -7.4673179522        -101.5980729275      
 E_one_elec     -49.6736743642       -675.8450119493      
 E_Hartree      25.6751275376        349.3280313878       
 E_xc           -5.7511934133        -78.2490007207       
 E_Ewald        14.3362369641        195.0545105905       
 E_entropy(-TS) 0.0000000000         0.0000000000         
 E_descf        0.0000000000         0.0000000000         
 E_exx          -1.2303587500        -16.7398895837       
 E_Fermi        -0.7752242979        -10.5474676793       
----------------------------------------------------------


 LCAO ALGORITHM --------------- ION=   1  ELEC=   1--------------------------------

 Density error is 0.00101896966265
----------------------------------------------------------
     Energy           Rydberg                 eV          
----------------------------------------------------------
 E_KohnSham     -16.6439568611       -226.4526505765      
 E_Harris       -16.6540720491       -226.5902747698      
 E_Fermi        -0.7754957355        -10.5511607774       
----------------------------------------------------------


 LCAO ALGORITHM --------------- ION=   1  ELEC=   2--------------------------------

 Density error is 0.0003861608232
----------------------------------------------------------
     Energy           Rydberg                 eV          
----------------------------------------------------------
 E_KohnSham     -16.6439574112       -226.4526580622      
 E_Harris       -16.6438435663       -226.4511091224      
 E_Fermi        -0.7757364925        -10.5544364443       
----------------------------------------------------------


 LCAO ALGORITHM --------------- ION=   1  ELEC=   3--------------------------------

 Density error is 0.00013882723901
----------------------------------------------------------
     Energy           Rydberg                 eV          
----------------------------------------------------------
 E_KohnSham     -16.6439575237       -226.4526595926      
 E_Harris       -16.6426112878       -226.4343431133      
 E_Fermi        -0.7757306346        -10.5543567431       
----------------------------------------------------------


 LCAO ALGORITHM --------------- ION=   1  ELEC=   4--------------------------------

 Density error is 3.61377802553e-05
----------------------------------------------------------
     Energy           Rydberg                 eV          
----------------------------------------------------------
 E_KohnSham     -16.6439573500       -226.4526572291      
 E_Harris       -16.6436460195       -226.4484213599      
 E_Fermi        -0.7756369292        -10.5530818164       
----------------------------------------------------------


 LCAO ALGORITHM --------------- ION=   1  ELEC=   5--------------------------------

 Density error is 1.56979318505e-05
----------------------------------------------------------
     Energy           Rydberg                 eV          
----------------------------------------------------------
 E_KohnSham     -16.6439572069       -226.4526552819      
 E_Harris       -16.6438069655       -226.4506111433      
 E_Fermi        -0.7756187335        -10.5528342507       
----------------------------------------------------------


 LCAO ALGORITHM --------------- ION=   1  ELEC=   6--------------------------------

 Density error is 9.6837427481e-06
----------------------------------------------------------
     Energy           Rydberg                 eV          
----------------------------------------------------------
 E_KohnSham     -16.6439571970       -226.4526551479      
 E_Harris       -16.6438971201       -226.4518377585      
 E_Fermi        -0.7756079901        -10.5526880798       
----------------------------------------------------------


 LCAO ALGORITHM --------------- ION=   1  ELEC=   7--------------------------------

 Density error is 6.97883152924e-06
----------------------------------------------------------
     Energy           Rydberg                 eV          
----------------------------------------------------------
 E_KohnSham     -16.6439571950       -226.4526551203      
 E_Harris       -16.6439174127       -226.4521138546      
 E_Fermi        -0.7756054957        -10.5526541423       
----------------------------------------------------------


 LCAO ALGORITHM --------------- ION=   1  ELEC=   8--------------------------------

 Density error is 4.86025893033e-06
----------------------------------------------------------
     Energy           Rydberg                 eV          
----------------------------------------------------------
 E_KohnSham     -16.6439572220       -226.4526554881      
 E_Harris       -16.6439363898       -226.4523720510      
 E_Fermi        -0.7756033731        -10.5526252623       
----------------------------------------------------------


 LCAO ALGORITHM --------------- ION=   1  ELEC=   9--------------------------------

 Density error is 2.46902017578e-06
----------------------------------------------------------
     Energy           Rydberg                 eV          
----------------------------------------------------------
 E_KohnSham     -16.6439572291       -226.4526555842      
 E_Harris       -16.6439490377       -226.4525441348      
 E_Fermi        -0.7756020002        -10.5526065828       
----------------------------------------------------------


 LCAO ALGORITHM --------------- ION=   1  ELEC=  10--------------------------------

 Density error is 1.7949571389e-06
----------------------------------------------------------
     Energy           Rydberg                 eV          
----------------------------------------------------------
 E_KohnSham     -16.6439572357       -226.4526556734      
 E_Harris       -16.6439519435       -226.4525836698      
 E_Fermi        -0.7756016825        -10.5526022603       
----------------------------------------------------------


 LCAO ALGORITHM --------------- ION=   1  ELEC=  11--------------------------------

 Density error is 1.04531378563e-06
----------------------------------------------------------
     Energy           Rydberg                 eV          
----------------------------------------------------------
 E_KohnSham     -16.6439572384       -226.4526557112      
 E_Harris       -16.6439546037       -226.4526198636      
 E_Fermi        -0.7756013917        -10.5525983040       
----------------------------------------------------------


 LCAO ALGORITHM --------------- ION=   1  ELEC=  12--------------------------------

 Density error is 6.4082481755e-07
----------------------------------------------------------
     Energy           Rydberg                 eV          
----------------------------------------------------------
 E_KohnSham     -16.6439572394       -226.4526557248      
 E_Harris       -16.6439556989       -226.4526347642      
 E_Fermi        -0.7756012680        -10.5525966204       
----------------------------------------------------------


 LCAO ALGORITHM --------------- ION=   1  ELEC=  13--------------------------------

 Density error is 3.91829869196e-07
----------------------------------------------------------
     Energy           Rydberg                 eV          
----------------------------------------------------------
 E_KohnSham     -16.6439572402       -226.4526557351      
 E_Harris       -16.6439564211       -226.4526445908      
 E_Fermi        -0.7756011841        -10.5525954797       
----------------------------------------------------------


 LCAO ALGORITHM --------------- ION=   1  ELEC=  14--------------------------------

 Density error is 2.30638813553e-07
----------------------------------------------------------
     Energy           Rydberg                 eV          
----------------------------------------------------------
 E_KohnSham     -16.6439572402       -226.4526557351      
 E_Harris       -16.6439567837       -226.4526495246      
 E_Fermi        -0.7756011426        -10.5525949142       
----------------------------------------------------------


 LCAO ALGORITHM --------------- ION=   1  ELEC=  15--------------------------------

 Density error is 1.30719770739e-07
----------------------------------------------------------
     Energy           Rydberg                 eV          
----------------------------------------------------------
 E_KohnSham     -16.6439572402       -226.4526557351      
 E_Harris       -16.6439570385       -226.4526529913      
 E_Fermi        -0.7756011121        -10.5525945000       
----------------------------------------------------------


 LCAO ALGORITHM --------------- ION=   1  ELEC=  16--------------------------------

 Density error is 6.94650308559e-08
----------------------------------------------------------
     Energy           Rydberg                 eV          
----------------------------------------------------------
 E_KohnSham     -16.6439572402       -226.4526557351      
 E_KS(sigma->0) -16.6439572402       -226.4526557351      
 E_Harris       -16.6439571414       -226.4526543906      
 E_band         -7.4702800796        -101.6383747385      
 E_one_elec     -49.6709065495       -675.8073538992      
 E_Hartree      25.6741566807        349.3148222025       
 E_xc           -5.7513076891        -78.2505555225       
 E_Ewald        14.3362369641        195.0545105905       
 E_entropy(-TS) 0.0000000000         0.0000000000         
 E_descf        0.0000000000         0.0000000000         
 E_exx          -1.2321366465        -16.7640791063       
 E_Fermi        -0.7756011007        -10.5525943441       
----------------------------------------------------------


 LCAO ALGORITHM --------------- ION=   1  ELEC=   1--------------------------------

 Density error is 0.000121600469616
----------------------------------------------------------
     Energy           Rydberg                 eV          
----------------------------------------------------------
 E_KohnSham     -16.6439578907       -226.4526645852      
 E_Harris       -16.6450828181       -226.4679700080      
 E_Fermi        -0.7756352928        -10.5530595515       
----------------------------------------------------------


 LCAO ALGORITHM --------------- ION=   1  ELEC=   2--------------------------------

 Density error is 4.80291308469e-05
----------------------------------------------------------
     Energy           Rydberg                 eV          
----------------------------------------------------------
 E_KohnSham     -16.6439579073       -226.4526648112      
 E_Harris       -16.6439657242       -226.4527711653      
 E_Fermi        -0.7756592975        -10.5533861524       
----------------------------------------------------------


 LCAO ALGORITHM --------------- ION=   1  ELEC=   3--------------------------------

 Density error is 1.52736136994e-05
----------------------------------------------------------
     Energy           Rydberg                 eV          
----------------------------------------------------------
 E_KohnSham     -16.6439579183       -226.4526649610      
 E_Harris       -16.6438322208       -226.4509547593      
 E_Fermi        -0.7756576543        -10.5533637960       
----------------------------------------------------------


 LCAO ALGORITHM --------------- ION=   1  ELEC=   4--------------------------------

 Density error is 3.59284358634e-06
----------------------------------------------------------
     Energy           Rydberg                 eV          
----------------------------------------------------------
 E_KohnSham     -16.6439579008       -226.4526647226      
 E_Harris       -16.6439362240       -226.4523697952      
 E_Fermi        -0.7756479881        -10.5532322805       
----------------------------------------------------------


 LCAO ALGORITHM --------------- ION=   1  ELEC=   5--------------------------------

 Density error is 1.21131731913e-06
----------------------------------------------------------
     Energy           Rydberg                 eV          
----------------------------------------------------------
 E_KohnSham     -16.6439578932       -226.4526646199      
 E_Harris       -16.6439490393       -226.4525441566      
 E_Fermi        -0.7756464722        -10.5532116549       
----------------------------------------------------------


 LCAO ALGORITHM --------------- ION=   1  ELEC=   6--------------------------------

 Density error is 6.68662835047e-07
----------------------------------------------------------
     Energy           Rydberg                 eV          
----------------------------------------------------------
 E_KohnSham     -16.6439578922       -226.4526646062      
 E_Harris       -16.6439538981       -226.4526102633      
 E_Fermi        -0.7756458924        -10.5532037671       
----------------------------------------------------------


 LCAO ALGORITHM --------------- ION=   1  ELEC=   7--------------------------------

 Density error is 5.51690891255e-07
----------------------------------------------------------
     Energy           Rydberg                 eV          
----------------------------------------------------------
 E_KohnSham     -16.6439578912       -226.4526645926      
 E_Harris       -16.6439548053       -226.4526226070      
 E_Fermi        -0.7756457800        -10.5532022378       
----------------------------------------------------------


 LCAO ALGORITHM --------------- ION=   1  ELEC=   8--------------------------------

 Density error is 3.30448051924e-07
----------------------------------------------------------
     Energy           Rydberg                 eV          
----------------------------------------------------------
 E_KohnSham     -16.6439578912       -226.4526645925      
 E_Harris       -16.6439563695       -226.4526438881      
 E_Fermi        -0.7756455965        -10.5531997409       
----------------------------------------------------------


 LCAO ALGORITHM --------------- ION=   1  ELEC=   9--------------------------------

 Density error is 2.54179469905e-07
----------------------------------------------------------
     Energy           Rydberg                 eV          
----------------------------------------------------------
 E_KohnSham     -16.6439578922       -226.4526646062      
 E_Harris       -16.6439568768       -226.4526507902      
 E_Fermi        -0.7756455393        -10.5531989629       
----------------------------------------------------------


 LCAO ALGORITHM --------------- ION=   1  ELEC=  10--------------------------------

 Density error is 1.4582968876e-07
----------------------------------------------------------
     Energy           Rydberg                 eV          
----------------------------------------------------------
 E_KohnSham     -16.6439578922       -226.4526646062      
 E_Harris       -16.6439574490       -226.4526585754      
 E_Fermi        -0.7756454770        -10.5531981145       
----------------------------------------------------------


 LCAO ALGORITHM --------------- ION=   1  ELEC=  11--------------------------------

 Density error is 1.14767179434e-07
----------------------------------------------------------
     Energy           Rydberg                 eV          
----------------------------------------------------------
 E_KohnSham     -16.6439578932       -226.4526646199      
 E_Harris       -16.6439575437       -226.4526598640      
 E_Fermi        -0.7756454652        -10.5531979548       
----------------------------------------------------------


 LCAO ALGORITHM --------------- ION=   1  ELEC=  12--------------------------------

 Density error is 6.6185582021e-08
----------------------------------------------------------
     Energy           Rydberg                 eV          
----------------------------------------------------------
 E_KohnSham     -16.6439578937       -226.4526646268      
 E_KS(sigma->0) -16.6439578937       -226.4526646268      
 E_Harris       -16.6439577436       -226.4526625842      
 E_band         -7.4705956622        -101.6426684602      
 E_one_elec     -49.6705679529       -675.8027470562      
 E_Hartree      25.6740620545        349.3135347463       
 E_xc           -5.7513477972        -78.2511012218       
 E_Ewald        14.3362369641        195.0545105905       
 E_entropy(-TS) 0.0000000000         0.0000000000         
 E_descf        0.0000000000         0.0000000000         
 E_exx          -1.2323411622        -16.7668616855       
 E_Fermi        -0.7756454453        -10.5531976833       
----------------------------------------------------------


 LCAO ALGORITHM --------------- ION=   1  ELEC=   1--------------------------------

 Density error is 1.62998227366e-05
----------------------------------------------------------
     Energy           Rydberg                 eV          
----------------------------------------------------------
 E_KohnSham     -16.6439579016       -226.4526647338      
 E_Harris       -16.6440992131       -226.4545873750      
 E_Fermi        -0.7756501310        -10.5532614360       
----------------------------------------------------------


 LCAO ALGORITHM --------------- ION=   1  ELEC=   2--------------------------------

 Density error is 6.86308418268e-06
----------------------------------------------------------
     Energy           Rydberg                 eV          
----------------------------------------------------------
 E_KohnSham     -16.6439579022       -226.4526647414      
 E_Harris       -16.6439603798       -226.4526984521      
 E_Fermi        -0.7756528853        -10.5532989101       
----------------------------------------------------------


 LCAO ALGORITHM --------------- ION=   1  ELEC=   3--------------------------------

 Density error is 2.36995078944e-06
----------------------------------------------------------
     Energy           Rydberg                 eV          
----------------------------------------------------------
 E_KohnSham     -16.6439579037       -226.4526647621      
 E_Harris       -16.6439439678       -226.4524751552      
 E_Fermi        -0.7756526038        -10.5532950802       
----------------------------------------------------------


 LCAO ALGORITHM --------------- ION=   1  ELEC=   4--------------------------------

 Density error is 5.46126556046e-07
----------------------------------------------------------
     Energy           Rydberg                 eV          
----------------------------------------------------------
 E_KohnSham     -16.6439579022       -226.4526647416      
 E_Harris       -16.6439565567       -226.4526464355      
 E_Fermi        -0.7756514348        -10.5532791750       
----------------------------------------------------------


 LCAO ALGORITHM --------------- ION=   1  ELEC=   5--------------------------------

 Density error is 1.59820639523e-07
----------------------------------------------------------
     Energy           Rydberg                 eV          
----------------------------------------------------------
 E_KohnSham     -16.6439579022       -226.4526647416      
 E_Harris       -16.6439573195       -226.4526568141      
 E_Fermi        -0.7756513258        -10.5532776923       
----------------------------------------------------------


 LCAO ALGORITHM --------------- ION=   1  ELEC=   6--------------------------------

 Density error is 1.06510548688e-07
----------------------------------------------------------
     Energy           Rydberg                 eV          
----------------------------------------------------------
 E_KohnSham     -16.6439579012       -226.4526647279      
 E_Harris       -16.6439575832       -226.4526604018      
 E_Fermi        -0.7756512982        -10.5532773163       
----------------------------------------------------------


 LCAO ALGORITHM --------------- ION=   1  ELEC=   7--------------------------------

 Density error is 6.19758743997e-08
----------------------------------------------------------
     Energy           Rydberg                 eV          
----------------------------------------------------------
 E_KohnSham     -16.6439579017       -226.4526647347      
 E_KS(sigma->0) -16.6439579017       -226.4526647347      
 E_Harris       -16.6439576916       -226.4526618772      
 E_band         -7.4706355110        -101.6432106312      
 E_one_elec     -49.6705233805       -675.8021406164      
 E_Hartree      25.6740514670        349.3133906968       
 E_xc           -5.7513547824        -78.2511962605       
 E_Ewald        14.3362369641        195.0545105905       
 E_entropy(-TS) 0.0000000000         0.0000000000         
 E_descf        0.0000000000         0.0000000000         
 E_exx          -1.2323681699        -16.7672291451       
 E_Fermi        -0.7756512803        -10.5532770737       
----------------------------------------------------------


 LCAO ALGORITHM --------------- ION=   1  ELEC=   1--------------------------------

 Density error is 2.26508162456e-06
----------------------------------------------------------
     Energy           Rydberg                 eV          
----------------------------------------------------------
 E_KohnSham     -16.6439579013       -226.4526647302      
 E_Harris       -16.6439768424       -226.4529224361      
 E_Fermi        -0.7756519039        -10.5532855572       
----------------------------------------------------------


 LCAO ALGORITHM --------------- ION=   1  ELEC=   2--------------------------------

 Density error is 9.9072749172e-07
----------------------------------------------------------
     Energy           Rydberg                 eV          
----------------------------------------------------------
 E_KohnSham     -16.6439579013       -226.4526647302      
 E_Harris       -16.6439583671       -226.4526710677      
 E_Fermi        -0.7756522550        -10.5532903346       
----------------------------------------------------------


 LCAO ALGORITHM --------------- ION=   1  ELEC=   3--------------------------------

 Density error is 3.57993883299e-07
----------------------------------------------------------
     Energy           Rydberg                 eV          
----------------------------------------------------------
 E_KohnSham     -16.6439579013       -226.4526647302      
 E_Harris       -16.6439561933       -226.4526414914      
 E_Fermi        -0.7756522134        -10.5532897689       
----------------------------------------------------------


 LCAO ALGORITHM --------------- ION=   1  ELEC=   4--------------------------------

 Density error is 8.46409342397e-08
----------------------------------------------------------
     Energy           Rydberg                 eV          
----------------------------------------------------------
 E_KohnSham     -16.6439579018       -226.4526647371      
 E_KS(sigma->0) -16.6439579018       -226.4526647371      
 E_Harris       -16.6439578201       -226.4526636245      
 E_band         -7.4706407751        -101.6432822519      
 E_one_elec     -49.6705172385       -675.8020570506      
 E_Hartree      25.6740500959        349.3133720413       
 E_xc           -5.7513558409        -78.2512106613       
 E_Ewald        14.3362369641        195.0545105905       
 E_entropy(-TS) 0.0000000000         0.0000000000         
 E_descf        0.0000000000         0.0000000000         
 E_exx          -1.2323718825        -16.7672796569       
 E_Fermi        -0.7756520620        -10.5532877087       
----------------------------------------------------------


 LCAO ALGORITHM --------------- ION=   1  ELEC=   1--------------------------------

 Density error is 3.17512489441e-07
----------------------------------------------------------
     Energy           Rydberg                 eV          
----------------------------------------------------------
 E_KohnSham     -16.6439579018       -226.4526647371      
 E_Harris       -16.6439605241       -226.4527004144      
 E_Fermi        -0.7756521390        -10.5532887562       
----------------------------------------------------------


 LCAO ALGORITHM --------------- ION=   1  ELEC=   2--------------------------------

 Density error is 1.41979180047e-07
----------------------------------------------------------
     Energy           Rydberg                 eV          
----------------------------------------------------------
 E_KohnSham     -16.6439579018       -226.4526647371      
 E_Harris       -16.6439579974       -226.4526660367      
 E_Fermi        -0.7756521864        -10.5532894008       
----------------------------------------------------------


 LCAO ALGORITHM --------------- ION=   1  ELEC=   3--------------------------------

 Density error is 5.28049708293e-08
----------------------------------------------------------
     Energy           Rydberg                 eV          
----------------------------------------------------------
 E_KohnSham     -16.6439579018       -226.4526647371      
 E_KS(sigma->0) -16.6439579018       -226.4526647371      
 E_Harris       -16.6439576912       -226.4526618710      
 E_band         -7.4706415955        -101.6432934140      
 E_one_elec     -49.6705164599       -675.8020464573      
 E_Hartree      25.6740500052        349.3133708079       
 E_xc           -5.7513560119        -78.2512129883       
 E_Ewald        14.3362369641        195.0545105905       
 E_entropy(-TS) 0.0000000000         0.0000000000         
 E_descf        0.0000000000         0.0000000000         
 E_exx          -1.2323723994        -16.7672866899       
 E_Fermi        -0.7756521814        -10.5532893334       
----------------------------------------------------------


 LCAO ALGORITHM --------------- ION=   1  ELEC=   1--------------------------------

 Density error is 4.88397726054e-08
----------------------------------------------------------
     Energy           Rydberg                 eV          
----------------------------------------------------------
 E_KohnSham     -16.6439579018       -226.4526647371      
 E_KS(sigma->0) -16.6439579018       -226.4526647371      
 E_Harris       -16.6439584567       -226.4526722866      
 E_band         -7.4706414017        -101.6432907775      
 E_one_elec     -49.6705159828       -675.8020399667      
 E_Hartree      25.6740495696        349.3133648810       
 E_xc           -5.7513559755        -78.2512124930       
 E_Ewald        14.3362369641        195.0545105905       
 E_entropy(-TS) 0.0000000000         0.0000000000         
 E_descf        0.0000000000         0.0000000000         
 E_exx          -1.2323724772        -16.7672877489       
 E_Fermi        -0.7756521610        -10.5532890551       
----------------------------------------------------------


 charge density convergence is achieved
 final etot is -226.45266474 eV
 EFERMI = -10.553289055 eV

 STATE ENERGY(eV) AND OCCUPATIONS    NSPIN == 1
 1/1 kpoint (Cartesian) = 0.0000 0.0000 0.0000 (911913 pws)
       1       -19.0768        2.00000
       2       -10.6014        2.00000
       3       -10.5901        2.00000
       4       -10.5533        2.00000
       5        1.06277        0.00000
       6        2.44013        0.00000
       7        2.44369        0.00000
       8        2.44721        0.00000
       9        3.56439        0.00000
      10        3.57994        0.00000
      11        3.59552        0.00000
      12        4.91129        0.00000
      13        4.92487        0.00000
      14        9.17226        0.00000



 --------------------------------------------
 !FINAL_ETOT_IS -226.4526647371220 eV
 --------------------------------------------


TIME STATISTICS
--------------------------------------------------------------------------------------
     CLASS_NAME                     NAME                TIME/s  CALLS   AVG/s  PER/%  
--------------------------------------------------------------------------------------
                     total                              423.20 11       38.47  100.00 
 Driver              reading                            0.05   1        0.05   0.01   
 Input_Conv          Convert                            0.00   1        0.00   0.00   
 Driver              driver_line                        423.16 1        423.16 99.99  
 UnitCell            check_tau                          0.00   1        0.00   0.00   
 ESolver_KS_LCAO     before_all_runners                 60.29  1        60.29  14.25  
 PW_Basis_Sup        setuptransform                     0.09   1        0.09   0.02   
 PW_Basis_Sup        distributeg                        0.08   1        0.08   0.02   
 mymath              heapsort                           1.42   3        0.47   0.34   
 Charge_Mixing       init_mixing                        0.00   1        0.00   0.00   
 PW_Basis_K          setuptransform                     0.08   1        0.08   0.02   
 PW_Basis_K          distributeg                        0.06   1        0.06   0.01   
 PW_Basis            setup_struc_factor                 0.25   1        0.25   0.06   
 NOrbital_Lm         extra_uniform                      3.53   13839    0.00   0.83   
 Mathzone_Add1       SplineD2                           0.24   13839    0.00   0.06   
 Mathzone_Add1       Cubic_Spline_Interpolation         0.67   13839    0.00   0.16   
 Exx_LRI             init                               56.88  1        56.88  13.44  
 Matrix_Orbs21       init                               2.45   2        1.22   0.58   
 ORB_gaunt_table     init_Gaunt_CH                      0.17   3        0.06   0.04   
 ORB_gaunt_table     Calc_Gaunt_CH                      0.08   82305    0.00   0.02   
 ORB_gaunt_table     init_Gaunt                         1.45   3        0.48   0.34   
 ORB_gaunt_table     Get_Gaunt_SH                       24.38  3635313  0.00   5.76   
 Matrix_Orbs21       init_radial                        0.00   2        0.00   0.00   
 Matrix_Orbs21       init_radial_table                  25.49  2        12.74  6.02   
 Center2_Orb         cal_ST_Phi12_R                     39.61  24298    0.00   9.36   
 LRI_CV              set_orbitals                       45.26  1        45.26  10.69  
 Matrix_Orbs11       init                               2.41   1        2.41   0.57   
 Matrix_Orbs11       init_radial                        0.00   1        0.00   0.00   
 Matrix_Orbs11       init_radial_table                  23.55  1        23.55  5.57   
 ppcell_vl           init_vloc                          0.01   1        0.01   0.00   
 Ions                opt_ions                           362.32 1        362.32 85.61  
 ESolver_KS_LCAO     runner                             362.32 1        362.32 85.61  
 ESolver_KS_LCAO     before_scf                         4.09   1        4.09   0.97   
 atom_arrange        search                             0.00   1        0.00   0.00   
 atom_arrange        grid_d.init                        0.00   1        0.00   0.00   
 Grid                Construct_Adjacent_expand          0.00   1        0.00   0.00   
 Grid                Construct_Adjacent_expand_periodic 0.00   5        0.00   0.00   
 Grid_Technique      init                               0.10   1        0.10   0.02   
 Grid_BigCell        grid_expansion_index               0.04   2        0.02   0.01   
 Grid_Driver         Find_atom                          0.00   35       0.00   0.00   
 Record_adj          for_2d                             0.00   1        0.00   0.00   
 LCAO_domain         grid_prepare                       0.00   1        0.00   0.00   
 Veff                initialize_HR                      0.00   1        0.00   0.00   
 OverlapNew          initialize_SR                      0.00   1        0.00   0.00   
 EkineticNew         initialize_HR                      0.00   1        0.00   0.00   
 NonlocalNew         initialize_HR                      0.00   1        0.00   0.00   
 Exx_LRI             cal_exx_ions                       0.25   1        0.25   0.06   
 LRI_CV              cal_datas                          0.17   2        0.08   0.04   
 Charge              set_rho_core                       0.28   1        0.28   0.07   
 PW_Basis_Sup        recip2real                         19.47  493      0.04   4.60   
 PW_Basis_Sup        gathers_scatterp                   3.76   493      0.01   0.89   
 ModuleIO            read_rhog                          1.01   1        1.01   0.24   
 Potential           init_pot                           1.97   1        1.97   0.47   
 Potential           update_from_charge                 272.82 83       3.29   64.47  
 Potential           cal_fixed_v                        0.21   1        0.21   0.05   
 PotLocal            cal_fixed_v                        0.20   1        0.20   0.05   
 Potential           cal_v_eff                          270.47 83       3.26   63.91  
 H_Hartree_pw        v_hartree                          26.47  83       0.32   6.25   
 PW_Basis_Sup        real2recip                         16.53  519      0.03   3.90   
 PW_Basis_Sup        gatherp_scatters                   2.05   519      0.00   0.48   
 PotXC               cal_v_eff                          237.84 83       2.87   56.20  
 XC_Functional       v_xc                               177.95 52       3.42   42.05  
 Potential           interpolate_vrs                    2.15   83       0.03   0.51   
 H_Ewald_pw          compute_ewald                      0.31   1        0.31   0.07   
 HSolverLCAO         solve                              17.10  82       0.21   4.04   
 HamiltLCAO          updateHk                           4.71   82       0.06   1.11   
 OperatorLCAO        init                               4.70   328      0.01   1.11   
 Veff                contributeHR                       4.68   82       0.06   1.11   
 Gint_interface      cal_gint                           9.27   164      0.06   2.19   
 Gint_interface      cal_gint_vlocal                    4.67   82       0.06   1.10   
 Gint_Tools          cal_psir_ylm                       6.22   173243   0.00   1.47   
 Gint_k              transfer_pvpR                      0.00   82       0.00   0.00   
 OverlapNew          calculate_SR                       0.00   1        0.00   0.00   
 OverlapNew          contributeHk                       0.00   82       0.00   0.00   
 EkineticNew         contributeHR                       0.00   82       0.00   0.00   
 EkineticNew         calculate_HR                       0.00   1        0.00   0.00   
 NonlocalNew         contributeHR                       0.01   82       0.00   0.00   
 NonlocalNew         calculate_HR                       0.01   1        0.01   0.00   
 OperatorLCAO        contributeHk                       0.00   82       0.00   0.00   
 HSolverLCAO         hamiltSolvePsiK                    0.37   82       0.00   0.09   
 DiagoElpa           elpa_solve                         0.35   82       0.00   0.08   
 elecstate           cal_dm                             0.01   82       0.00   0.00   
 psiMulPsiMpi        pdgemm                             0.01   82       0.00   0.00   
 DensityMatrix       cal_DMR                            0.01   82       0.00   0.00   
 ElecStateLCAO       psiToRho                           12.00  82       0.15   2.84   
 Gint                transfer_DMR                       0.01   82       0.00   0.00   
 Gint_interface      cal_gint_rho                       4.59   82       0.06   1.08   
 Charge_Mixing       get_drho                           0.31   82       0.00   0.07   
 Charge              mix_rho                            36.06  74       0.49   8.52   
 Charge              Pulay_mixing                       2.29   74       0.03   0.54   
 ModuleIO            write_rhog                         8.66   8        1.08   2.05   
 RI_2D_Comm          split_m2D_ktoR                     0.00   7        0.00   0.00   
 Exx_LRI             cal_exx_elec                       0.80   7        0.11   0.19   
 RI_2D_Comm          add_HexxR                          0.00   62       0.00   0.00   
 XC_Functional_Libxc v_xc_libxc                         205.33 62       3.31   48.52  
 ESolver_KS_LCAO     after_scf                          4.57   1        4.57   1.08   
 Charge              atomic_rho                         0.27   1        0.27   0.06   
 ModuleIO            save_sparse                        0.00   1        0.00   0.00   
 ESolver_KS_LCAO     after_all_runners                  0.00   1        0.00   0.00   
 ModuleIO            write_istate_info                  0.00   1        0.00   0.00   
--------------------------------------------------------------------------------------


 NAME-------------------------|MEMORY(MB)--------
                         total          6187.
                    ORB::Jl(x)          5063.
                  SF::strucFac          222.5
                      Chg::rho          109.5
                 Chg::rho_save          109.5
                 Chg::rho_core          109.5
                 Pot::veff_fix          109.5
                     Pot::veff          109.5
              Pot::veff_smooth          109.5
                     Chg::rhog          55.63
                Chg::rhog_save          55.63
                Chg::rhog_core          55.63
                  PW_B_K::gcar          20.87
                   PW_B_K::gk2          6.957
               GT::ind_bigcell          6.927
         GT::in_this_processor          6.927
              GT::index2normal          6.927
               GT::index2ucell          6.927
       TwoCenterTable: Kinetic          3.071
       TwoCenterTable: Overlap          3.071
                 GT::start_ind          2.027
            GT::how_many_atoms          2.027
               GT::bcell_start          2.027
            GT::how many atoms          2.027
      GT::bigcell_on_processor          1.732
      TwoCenterTable: Nonlocal          1.551
 -------------   < 1.0 MB has been ignored ----------------
 ----------------------------------------------------------

 Start  Time  : Wed Sep  2 22:52:08 2026
 Finish Time  : Wed Sep  2 22:59:11 2026
 Total  Time  : 0 h 7 mins 3 secs 
