                                                                                     
                              ABACUS v3.10.0

               Atomic-orbital Based Ab-initio Computation at UStc                    

                     Website: http://abacus.ustc.edu.cn/                             
               Documentation: https://abacus.deepmodeling.com/                       
                  Repository: https://github.com/abacusmodeling/abacus-develop       
                              https://github.com/deepmodeling/abacus-develop         
                      Commit: e84abb4 (Sat Jun 28 13:06:46 2025 +0800)

    Start Time is Wed Sep  2 20:30:56 2026
                                                                                     
 ------------------------------------------------------------------------------------

 READING GENERAL INFORMATION
                           global_out_dir = OUT.MOLAPT_HSE/
                           global_in_card = INPUT
                               pseudo_dir = ./
                              orbital_dir = ./
                                    DRANK = 1
                                    DSIZE = 1
                                   DCOLOR = 1
                                    GRANK = 1
                                    GSIZE = 1




 >>>>>>>>>>>>>>>>>>>>>>>>>>>>>>>>>>>>>>>>>>>>>>>>>>>>>>>>>>>>>>>>>>>>>>
 |                                                                    |
 | Reading atom information in unitcell:                              |
 | From the input file and the structure file we know the number of   |
 | different elments in this unitcell, then we list the detail        |
 | information for each element, especially the zeta and polar atomic |
 | orbital number for each element. The total atom number is counted. |
 | We calculate the nearest atom distance for each atom and show the  |
 | Cartesian and Direct coordinates for each atom. We list the file   |
 | address for atomic orbitals. The volume and the lattice vectors    |
 | in real and reciprocal space is also shown.                        |
 |                                                                    |
 <<<<<<<<<<<<<<<<<<<<<<<<<<<<<<<<<<<<<<<<<<<<<<<<<<<<<<<<<<<<<<<<<<<<<<




 READING UNITCELL INFORMATION
                                    ntype = 2
                  lattice constant (Bohr) = 1.88973
              lattice constant (Angstrom) = 1

 READING ATOM TYPE 1
                               atom label = O
                      L=0, number of zeta = 3
                      L=1, number of zeta = 3
                      L=2, number of zeta = 2
             number of atom for this type = 1

 READING ATOM TYPE 2
                               atom label = H
                      L=0, number of zeta = 3
                      L=1, number of zeta = 2
             number of atom for this type = 2

                        TOTAL ATOM NUMBER = 3
DIRECT COORDINATES
    atom                   x                   y                   z     mag                  vx                  vy                  vz
taud_O1            0.5000000000        0.5000000000        0.5058895000  0.0000        0.0000000000        0.0000000000        0.0000000000
taud_H1            0.5000000000        0.5377726500        0.4764419500  0.0000        0.0000000000        0.0000000000        0.0000000000
taud_H2            0.5000000000        0.4622273500        0.4764419500  0.0000        0.0000000000        0.0000000000        0.0000000000



                          Volume (Bohr^3) = 53986.7
                             Volume (A^3) = 7999.99

 Lattice vectors: (Cartesian coordinate: in unit of a_0)
                  +20                  +0                  +0
                   +0                 +20                  +0
                   +0                  +0                 +20
 Reciprocal vectors: (Cartesian coordinate: in unit of 2 pi/a_0)
                +0.05                  -0                  +0
                   -0               +0.05                  -0
                   +0                  -0               +0.05
 The esolver type has been set to : ksdft_lcao

 RUNNING WITH DEVICE  : CPU / Intel(R) Xeon(R) Gold 6248 CPU @ 2.50GHz




 >>>>>>>>>>>>>>>>>>>>>>>>>>>>>>>>>>>>>>>>>>>>>>>>>>>>>>>>>>>>>>>>>>>>>>
 |                                                                    |
 | Reading pseudopotentials files:                                    |
 | The pseudopotential file is in UPF format. The 'NC' indicates that |
 | the type of pseudopotential is 'norm conserving'. Functional of    |
 | exchange and correlation is decided by 4 given parameters in UPF   |
 | file.  We also read in the 'core correction' if there exists.      |
 | Also we can read the valence electrons number and the maximal      |
 | angular momentum used in this pseudopotential. We also read in the |
 | trail wave function, trail atomic density and local-pseudopotential|
 | on logrithmic grid. The non-local pseudopotential projector is also|
 | read in if there is any.                                           |
 |                                                                    |
 <<<<<<<<<<<<<<<<<<<<<<<<<<<<<<<<<<<<<<<<<<<<<<<<<<<<<<<<<<<<<<<<<<<<<<




                PAO radial cut off (Bohr) = 15

 Read in pseudopotential file is O.upf
                     pseudopotential type = NC
          exchange-correlation functional = PBE
                 nonlocal core correction = 1
                        valence electrons = 6
                                     lmax = 2
                           number of zeta = 2
                     number of projectors = 5
                           L of projector = 0
                           L of projector = 0
                           L of projector = 1
                           L of projector = 1
                           L of projector = 2
 XC functional updated to : hse
          exchange-correlation functional = HSE
                PAO radial cut off (Bohr) = 15

 Read in pseudopotential file is H.upf
                     pseudopotential type = NC
          exchange-correlation functional = PBE
                 nonlocal core correction = 0
                        valence electrons = 1
                                     lmax = 1
                           number of zeta = 1
                     number of projectors = 3
                           L of projector = 0
                           L of projector = 0
                           L of projector = 1
 XC functional updated to : hse
          exchange-correlation functional = HSE
     initial pseudo atomic orbital number = 6

 SETUP THE ELECTRONS NUMBER
             electron number of element O = 6
       total electron number of element O = 6
             electron number of element H = 1
       total electron number of element H = 2
            AUTOSET number of electrons:  = 8
                           occupied bands = 4
                                   NLOCAL = 40
                                   NBANDS = 14
                                   NBANDS = 14
                                   NLOCAL = 40




 >>>>>>>>>>>>>>>>>>>>>>>>>>>>>>>>>>>>>>>>>>>>>>>>>>>>>>>>>>>>>>>>>>>>>>
 |                                                                    |
 | Setup plane waves of charge/potential:                             |
 | Use the energy cutoff and the lattice vectors to generate the      |
 | dimensions of FFT grid. The number of FFT grid on each processor   |
 | is 'nrxx'. The number of plane wave basis in reciprocal space is   |
 | different for charege/potential and wave functions. We also set    |
 | the 'sticks' for the parallel of FFT. The number of plane waves    |
 | is 'npw' in each processor.                                        |
 <<<<<<<<<<<<<<<<<<<<<<<<<<<<<<<<<<<<<<<<<<<<<<<<<<<<<<<<<<<<<<<<<<<<<<





 SETUP THE PLANE WAVE BASIS
 energy cutoff for charge/potential (unit:Ry) = 400
            fft grid for charge/potential = [ 243, 243, 243 ]
                        fft grid division = [ 3, 3, 3 ]
        big fft grid for charge/potential = [ 81, 81, 81 ]
                                     nbxx = 531441
                                     nrxx = 14348907

 SETUP PLANE WAVES FOR CHARGE/POTENTIAL
                    number of plane waves = 7292125
                         number of sticks = 45461

 PARALLEL PW FOR CHARGE/POTENTIAL
     PROC   COLUMNS(POT)             PW
        1          45461        7292125
 --------------- sum -------------------
        1          45461        7292125
                            number of |g| = 12063
                                  max |g| = 36.18
                                  min |g| = 0
 DONE : SETUP UNITCELL Time : 2.1661 (SEC)


----------- Double Check Mixing Parameters Begin ------------
mixing_type: pulay
mixing_beta: 0.4
mixing_gg0: 1
mixing_gg0_min: 0.1
mixing_ndim: 20
----------- Double Check Mixing Parameters End ------------




 >>>>>>>>>>>>>>>>>>>>>>>>>>>>>>>>>>>>>>>>>>>>>>>>>>>>>>>>>>>>>>>>>>>>>>
 |                                                                    |
 | Setup K-points                                                     |
 | We setup the k-points according to input parameters.               |
 | The reduced k-points are set according to symmetry operations.     |
 | We treat the spin as another set of k-points.                      |
 |                                                                    |
 <<<<<<<<<<<<<<<<<<<<<<<<<<<<<<<<<<<<<<<<<<<<<<<<<<<<<<<<<<<<<<<<<<<<<<





 SETUP K-POINTS
                                    nspin = 1
                   Input type of k points = Monkhorst-Pack(Gamma)
                                   nkstot = 1
                               nkstot_ibz = 1
K-POINTS REDUCTION ACCORDING TO SYMMETRY
     IBZ    DIRECT_X    DIRECT_Y    DIRECT_Z  WEIGHT  ibz2bz
       1  0.00000000  0.00000000  0.00000000  1.0000       0

                               nkstot now = 1
K-POINTS DIRECT COORDINATES
 KPOINTS    DIRECT_X    DIRECT_Y    DIRECT_Z  WEIGHT
       1  0.00000000  0.00000000  0.00000000  1.0000


           k-point number in this process = 1
       minimum distributed K point number = 1

K-POINTS CARTESIAN COORDINATES
 KPOINTS CARTESIAN_X CARTESIAN_Y CARTESIAN_Z  WEIGHT
       1  0.00000000  0.00000000  0.00000000  2.0000


K-POINTS DIRECT COORDINATES
 KPOINTS    DIRECT_X    DIRECT_Y    DIRECT_Z  WEIGHT
       1  0.00000000  0.00000000  0.00000000  2.0000

 DONE : INIT K-POINTS Time : 2.16839 (SEC)


 Warning_Memory_Consuming allocated:  PW_B_K::gk2 6.95734 MB

 Warning_Memory_Consuming allocated:  PW_B_K::gcar 20.872 MB




 >>>>>>>>>>>>>>>>>>>>>>>>>>>>>>>>>>>>>>>>>>>>>>>>>>>>>>>>>>>>>>>>>>>>>>
 |                                                                    |
 | Setup plane waves of wave functions:                               |
 | Use the energy cutoff and the lattice vectors to generate the      |
 | dimensions of FFT grid. The number of FFT grid on each processor   |
 | is 'nrxx'. The number of plane wave basis in reciprocal space is   |
 | different for charege/potential and wave functions. We also set    |
 | the 'sticks' for the parallel of FFT. The number of plane wave of  |
 | each k-point is 'npwk[ik]' in each processor                       |
 <<<<<<<<<<<<<<<<<<<<<<<<<<<<<<<<<<<<<<<<<<<<<<<<<<<<<<<<<<<<<<<<<<<<<<





 SETUP PLANE WAVES FOR WAVE FUNCTIONS
     energy cutoff for wavefunc (unit:Ry) = 100
              fft grid for wave functions = [ 243, 243, 243 ]
                    number of plane waves = 911913
                         number of sticks = 11369

 PARALLEL PW FOR WAVE FUNCTIONS
     PROC   COLUMNS(POT)             PW
        1          11369         911913
 --------------- sum -------------------
        1          11369         911913
 DONE : INIT PLANEWAVE Time : 2.31648 (SEC)


 Warning_Memory_Consuming allocated:  SF::strucFac 222.538 MB
 SET NONLOCAL PSEUDOPOTENTIAL PROJECTORS
 SET NONLOCAL PSEUDOPOTENTIAL PROJECTORS
 max number of nonlocal projetors among all species is 5

 Warning_Memory_Consuming allocated:  ORB::Jl(x) 921.868 MB
 Auxiliary basis functions
		O		9 s		7 p		7 d		5 f		3 g		
		H		6 s		4 p		3 d		

 Warning_Memory_Consuming allocated:  ORB::Jl(x) 5063.37 MB
 DONE : LOCAL POTENTIAL Time : 66.1899 (SEC)


 Warning_Memory_Consuming allocated:  Chg::rho 109.473 MB

 Warning_Memory_Consuming allocated:  Chg::rho_save 109.473 MB

 Warning_Memory_Consuming allocated:  Chg::rhog 55.6345 MB

 Warning_Memory_Consuming allocated:  Chg::rhog_save 55.6345 MB

 Warning_Memory_Consuming allocated:  Chg::rho_core 109.473 MB

 Warning_Memory_Consuming allocated:  Chg::rhog_core 55.6345 MB

 Warning_Memory_Consuming allocated:  Pot::veff_fix 109.473 MB

 Warning_Memory_Consuming allocated:  Pot::veff 109.473 MB

 Warning_Memory_Consuming allocated:  Pot::veff_smooth 109.473 MB

 -------------------------------------------
 SELF-CONSISTENT
 -------------------------------------------




 >>>>>>>>>>>>>>>>>>>>>>>>>>>>>>>>>>>>>>>>>>>>>>>>>>>>>>>>>>>>>>>>>>>>>>
 |                                                                    |
 | Search adjacent atoms:                                             |
 | Set the adjacent atoms for each atom and set the periodic boundary |
 | condition for the atoms on real space FFT grid. For k-dependent    |
 | algorithm, we also need to set the sparse H and S matrix element   |
 | for each atom.                                                     |
 |                                                                    |
 <<<<<<<<<<<<<<<<<<<<<<<<<<<<<<<<<<<<<<<<<<<<<<<<<<<<<<<<<<<<<<<<<<<<<<





 SETUP SEARCHING RADIUS FOR PROGRAM TO SEARCH ADJACENT ATOMS
                  longest orb rcut (Bohr) = 9
   longest nonlocal projector rcut (Bohr) = 1.5
                     search radius (Bohr) = 21
              searching radius is (Bohr)) = 21
         searching radius unit is (Bohr)) = 1.89
                         PeriodicBoundary = 1
                        Radius(unit:lat0) = 11.1
                                   glayer = [ 2, 2, 2 ]
                             glayer_minus = [ 1, 1, 1 ]

Find the coordinate range of the input atom(unit:lat0).
                                  min_tau = [ -10, -10.8, -10.5 ]
                                  max_tau = [ 30, 30.8, 30.1 ]
                                BoxNumber = [ 3, 3, 3 ]

 SETUP EXTENDED REAL SPACE GRID FOR GRID INTEGRATION
                          real space grid = [ 243, 243, 243 ]
                 big cell numbers in grid = [ 81, 81, 81 ]
             meshcell numbers in big cell = [ 3, 3, 3 ]
                        extended fft grid = [ 20, 20, 20 ]
                dimension of extened grid = [ 122, 122, 122 ]
                            UnitCellTotal = 27

 Warning_Memory_Consuming allocated:  GT::ind_bigcell 6.93 MB

 Warning_Memory_Consuming allocated:  GT::in_this_processor 6.93 MB

 Warning_Memory_Consuming allocated:  GT::index2normal 6.93 MB

 Warning_Memory_Consuming allocated:  GT::index2ucell 6.93 MB
              Atom number in sub-FFT-grid = 3
    Local orbitals number in sub-FFT-grid = 40
                                ParaV.nnr = 1600
                                 init_chg = auto
 try to read charge from file
!!! Couldn't find the file: OUT.MOLAPT_HSE//SPIN1_CHG.cube
 DONE : INIT SCF Time : 69.4495 (SEC)


 LCAO ALGORITHM --------------- ION=   1  ELEC=   1--------------------------------

 Density error is 0.225614015888
----------------------------------------------------------
     Energy           Rydberg                 eV          
----------------------------------------------------------
 E_KohnSham     -35.3801246980       -481.3712918437      
 E_Harris       -30.7622132847       -418.5413837630      
 E_Fermi        -0.8804310296        -11.9788786988       
----------------------------------------------------------


 LCAO ALGORITHM --------------- ION=   1  ELEC=   2--------------------------------

 Density error is 0.111804252795
----------------------------------------------------------
     Energy           Rydberg                 eV          
----------------------------------------------------------
 E_KohnSham     -35.4324571033       -482.0833107452      
 E_Harris       -34.2806814508       -466.4125990538      
 E_Fermi        -0.6369851178        -8.6666271438        
----------------------------------------------------------


 LCAO ALGORITHM --------------- ION=   1  ELEC=   3--------------------------------

 Density error is 0.0806318869367
----------------------------------------------------------
     Energy           Rydberg                 eV          
----------------------------------------------------------
 E_KohnSham     -35.4266027076       -482.0036576056      
 E_Harris       -34.7928271715       -473.3806990611      
 E_Fermi        -0.5948336465        -8.0931269542        
----------------------------------------------------------


 LCAO ALGORITHM --------------- ION=   1  ELEC=   4--------------------------------

 Density error is 0.0296790238066
----------------------------------------------------------
     Energy           Rydberg                 eV          
----------------------------------------------------------
 E_KohnSham     -35.4268827675       -482.0074680158      
 E_Harris       -35.2136936154       -479.1068807954      
 E_Fermi        -0.5492195465        -7.4725152851        
----------------------------------------------------------


 LCAO ALGORITHM --------------- ION=   1  ELEC=   5--------------------------------

 Density error is 0.0215175031547
----------------------------------------------------------
     Energy           Rydberg                 eV          
----------------------------------------------------------
 E_KohnSham     -35.4270310950       -482.0094861157      
 E_Harris       -35.3885855509       -481.4864076522      
 E_Fermi        -0.5349935229        -7.2789603041        
----------------------------------------------------------


 LCAO ALGORITHM --------------- ION=   1  ELEC=   6--------------------------------

 Density error is 0.0167711504314
----------------------------------------------------------
     Energy           Rydberg                 eV          
----------------------------------------------------------
 E_KohnSham     -35.4271823377       -482.0115438772      
 E_Harris       -35.3722621498       -481.2643163871      
 E_Fermi        -0.5346950823        -7.2748998121        
----------------------------------------------------------


 LCAO ALGORITHM --------------- ION=   1  ELEC=   7--------------------------------

 Density error is 0.0101887023275
----------------------------------------------------------
     Energy           Rydberg                 eV          
----------------------------------------------------------
 E_KohnSham     -35.4271935704       -482.0116967063      
 E_Harris       -35.4053038328       -481.7138715476      
 E_Fermi        -0.5308965772        -7.2232184981        
----------------------------------------------------------


 LCAO ALGORITHM --------------- ION=   1  ELEC=   8--------------------------------

 Density error is 0.00842153819672
----------------------------------------------------------
     Energy           Rydberg                 eV          
----------------------------------------------------------
 E_KohnSham     -35.4272248429       -482.0121221907      
 E_Harris       -35.4018343932       -481.6666674005      
 E_Fermi        -0.5308340557        -7.2223678494        
----------------------------------------------------------


 LCAO ALGORITHM --------------- ION=   1  ELEC=   9--------------------------------

 Density error is 0.00455641914131
----------------------------------------------------------
     Energy           Rydberg                 eV          
----------------------------------------------------------
 E_KohnSham     -35.4272318772       -482.0122178978      
 E_Harris       -35.4196690722       -481.9093206566      
 E_Fermi        -0.5290544207        -7.1981546739        
----------------------------------------------------------


 LCAO ALGORITHM --------------- ION=   1  ELEC=  10--------------------------------

 Density error is 0.00243792715863
----------------------------------------------------------
     Energy           Rydberg                 eV          
----------------------------------------------------------
 E_KohnSham     -35.4272324250       -482.0122253505      
 E_Harris       -35.4245240472       -481.9753759802      
 E_Fermi        -0.5285582189        -7.1914035021        
----------------------------------------------------------


 LCAO ALGORITHM --------------- ION=   1  ELEC=  11--------------------------------

 Density error is 0.00185608863425
----------------------------------------------------------
     Energy           Rydberg                 eV          
----------------------------------------------------------
 E_KohnSham     -35.4272323240       -482.0122239761      
 E_Harris       -35.4249260131       -481.9808450062      
 E_Fermi        -0.5284881131        -7.1904496632        
----------------------------------------------------------


 LCAO ALGORITHM --------------- ION=   1  ELEC=  12--------------------------------

 Density error is 0.000890861414339
----------------------------------------------------------
     Energy           Rydberg                 eV          
----------------------------------------------------------
 E_KohnSham     -35.4272321889       -482.0122221382      
 E_Harris       -35.4261051879       -481.9968885022      
 E_Fermi        -0.5283430940        -7.1884765780        
----------------------------------------------------------


 LCAO ALGORITHM --------------- ION=   1  ELEC=  13--------------------------------

 Density error is 0.000354655343149
----------------------------------------------------------
     Energy           Rydberg                 eV          
----------------------------------------------------------
 E_KohnSham     -35.4272322255       -482.0122226365      
 E_Harris       -35.4269164218       -482.0079259056      
 E_Fermi        -0.5282616567        -7.1873685657        
----------------------------------------------------------


 LCAO ALGORITHM --------------- ION=   1  ELEC=  14--------------------------------

 Density error is 0.000302950397342
----------------------------------------------------------
     Energy           Rydberg                 eV          
----------------------------------------------------------
 E_KohnSham     -35.4272324245       -482.0122253434      
 E_Harris       -35.4270262904       -482.0094207449      
 E_Fermi        -0.5282521233        -7.1872388575        
----------------------------------------------------------


 LCAO ALGORITHM --------------- ION=   1  ELEC=  15--------------------------------

 Density error is 8.89554261738e-05
----------------------------------------------------------
     Energy           Rydberg                 eV          
----------------------------------------------------------
 E_KohnSham     -35.4272324896       -482.0122262288      
 E_Harris       -35.4271972642       -482.0117469626      
 E_Fermi        -0.5282328736        -7.1869769523        
----------------------------------------------------------


 LCAO ALGORITHM --------------- ION=   1  ELEC=  16--------------------------------

 Density error is 3.74914451309e-05
----------------------------------------------------------
     Energy           Rydberg                 eV          
----------------------------------------------------------
 E_KohnSham     -35.4272325149       -482.0122265736      
 E_Harris       -35.4272013380       -482.0118023894      
 E_Fermi        -0.5282316640        -7.1869604944        
----------------------------------------------------------


 LCAO ALGORITHM --------------- ION=   1  ELEC=  17--------------------------------

 Density error is 2.26308825359e-05
----------------------------------------------------------
     Energy           Rydberg                 eV          
----------------------------------------------------------
 E_KohnSham     -35.4272325235       -482.0122266911      
 E_Harris       -35.4272129031       -482.0119597415      
 E_Fermi        -0.5282299573        -7.1869372738        
----------------------------------------------------------


 LCAO ALGORITHM --------------- ION=   1  ELEC=  18--------------------------------

 Density error is 8.37839964389e-06
----------------------------------------------------------
     Energy           Rydberg                 eV          
----------------------------------------------------------
 E_KohnSham     -35.4272325245       -482.0122267045      
 E_Harris       -35.4272321249       -482.0122212673      
 E_Fermi        -0.5282283702        -7.1869156800        
----------------------------------------------------------


 LCAO ALGORITHM --------------- ION=   1  ELEC=  19--------------------------------

 Density error is 6.95127960702e-06
----------------------------------------------------------
     Energy           Rydberg                 eV          
----------------------------------------------------------
 E_KohnSham     -35.4272325269       -482.0122267369      
 E_Harris       -35.4272325278       -482.0122267491      
 E_Fermi        -0.5282283393        -7.1869152598        
----------------------------------------------------------


 LCAO ALGORITHM --------------- ION=   1  ELEC=  20--------------------------------

 Density error is 2.20452477278e-06
----------------------------------------------------------
     Energy           Rydberg                 eV          
----------------------------------------------------------
 E_KohnSham     -35.4272325278       -482.0122267495      
 E_Harris       -35.4272305445       -482.0121997653      
 E_Fermi        -0.5282283952        -7.1869160197        
----------------------------------------------------------


 LCAO ALGORITHM --------------- ION=   1  ELEC=  21--------------------------------

 Density error is 8.35267911485e-07
----------------------------------------------------------
     Energy           Rydberg                 eV          
----------------------------------------------------------
 E_KohnSham     -35.4272325282       -482.0122267544      
 E_Harris       -35.4272324815       -482.0122261188      
 E_Fermi        -0.5282282278        -7.1869137427        
----------------------------------------------------------


 LCAO ALGORITHM --------------- ION=   1  ELEC=  22--------------------------------

 Density error is 4.99285272676e-07
----------------------------------------------------------
     Energy           Rydberg                 eV          
----------------------------------------------------------
 E_KohnSham     -35.4272325284       -482.0122267570      
 E_Harris       -35.4272322903       -482.0122235173      
 E_Fermi        -0.5282282420        -7.1869139363        
----------------------------------------------------------


 LCAO ALGORITHM --------------- ION=   1  ELEC=  23--------------------------------

 Density error is 1.77575567269e-07
----------------------------------------------------------
     Energy           Rydberg                 eV          
----------------------------------------------------------
 E_KohnSham     -35.4272325284       -482.0122267572      
 E_Harris       -35.4272324520       -482.0122257171      
 E_Fermi        -0.5282282256        -7.1869137131        
----------------------------------------------------------


 LCAO ALGORITHM --------------- ION=   1  ELEC=  24--------------------------------

 Density error is 5.61035674707e-08
----------------------------------------------------------
     Energy           Rydberg                 eV          
----------------------------------------------------------
 E_KohnSham     -35.4272325284       -482.0122267571      
 E_KS(sigma->0) -35.4272325284       -482.0122267571      
 E_Harris       -35.4272324780       -482.0122260712      
 E_band         -8.1046211192        -110.2690273524      
 E_one_elec     -72.6853513864       -988.9349399873      
 E_Hartree      37.8662273860        515.1964542131       
 E_xc           -9.7661183136        -132.8748564073      
 E_Ewald        9.1580097856         124.6011154245       
 E_entropy(-TS) 0.0000000000         0.0000000000         
 E_descf        0.0000000000         0.0000000000         
 E_exx          0.0000000000         0.0000000000         
 E_Fermi        -0.5282282214        -7.1869136554        
----------------------------------------------------------


 LCAO ALGORITHM --------------- ION=   1  ELEC=   1--------------------------------

 Density error is 0.100252882116
----------------------------------------------------------
     Energy           Rydberg                 eV          
----------------------------------------------------------
 E_KohnSham     -34.9998730020       -476.1977021035      
 E_Harris       -36.1923718681       -492.4224815416      
 E_Fermi        -0.9426566052        -12.8255010875       
----------------------------------------------------------


 LCAO ALGORITHM --------------- ION=   1  ELEC=   2--------------------------------

 Density error is 0.0965905935155
----------------------------------------------------------
     Energy           Rydberg                 eV          
----------------------------------------------------------
 E_KohnSham     -35.1185103578       -477.8118461374      
 E_Harris       -37.2592034711       -506.9374701484      
 E_Fermi        -0.5295450760        -7.2048303819        
----------------------------------------------------------


 LCAO ALGORITHM --------------- ION=   1  ELEC=   3--------------------------------

 Density error is 0.0502987806401
----------------------------------------------------------
     Energy           Rydberg                 eV          
----------------------------------------------------------
 E_KohnSham     -35.1134260012       -477.7426699176      
 E_Harris       -36.1991699317       -492.5149739419      
 E_Fermi        -0.5778048340        -7.8614380748        
----------------------------------------------------------


 LCAO ALGORITHM --------------- ION=   1  ELEC=   4--------------------------------

 Density error is 0.0175952830835
----------------------------------------------------------
     Energy           Rydberg                 eV          
----------------------------------------------------------
 E_KohnSham     -35.1146047525       -477.7587076519      
 E_Harris       -35.4794167515       -482.7222295375      
 E_Fermi        -0.6128776149        -8.3386277395        
----------------------------------------------------------


 LCAO ALGORITHM --------------- ION=   1  ELEC=   5--------------------------------

 Density error is 0.00721429316343
----------------------------------------------------------
     Energy           Rydberg                 eV          
----------------------------------------------------------
 E_KohnSham     -35.1145797862       -477.7583679676      
 E_Harris       -35.2552115701       -479.6717615486      
 E_Fermi        -0.6239420556        -8.4891671777        
----------------------------------------------------------


 LCAO ALGORITHM --------------- ION=   1  ELEC=   6--------------------------------

 Density error is 0.000733444500875
----------------------------------------------------------
     Energy           Rydberg                 eV          
----------------------------------------------------------
 E_KohnSham     -35.1146774937       -477.7596973467      
 E_Harris       -35.1099699981       -477.6956485839      
 E_Fermi        -0.6312959339        -8.5892218255        
----------------------------------------------------------


 LCAO ALGORITHM --------------- ION=   1  ELEC=   7--------------------------------

 Density error is 0.000472714134256
----------------------------------------------------------
     Energy           Rydberg                 eV          
----------------------------------------------------------
 E_KohnSham     -35.1146780982       -477.7597055711      
 E_Harris       -35.1139032642       -477.7491634139      
 E_Fermi        -0.6310658086        -8.5860908100        
----------------------------------------------------------


 LCAO ALGORITHM --------------- ION=   1  ELEC=   8--------------------------------

 Density error is 0.000394350455641
----------------------------------------------------------
     Energy           Rydberg                 eV          
----------------------------------------------------------
 E_KohnSham     -35.1146785936       -477.7597123114      
 E_Harris       -35.1116302502       -477.7182374724      
 E_Fermi        -0.6311576990        -8.5873410434        
----------------------------------------------------------


 LCAO ALGORITHM --------------- ION=   1  ELEC=   9--------------------------------

 Density error is 0.000291771869394
----------------------------------------------------------
     Energy           Rydberg                 eV          
----------------------------------------------------------
 E_KohnSham     -35.1146793723       -477.7597229070      
 E_Harris       -35.1144283356       -477.7563073775      
 E_Fermi        -0.6309990079        -8.5851819392        
----------------------------------------------------------


 LCAO ALGORITHM --------------- ION=   1  ELEC=  10--------------------------------

 Density error is 0.000158409115053
----------------------------------------------------------
     Energy           Rydberg                 eV          
----------------------------------------------------------
 E_KohnSham     -35.1146798231       -477.7597290396      
 E_Harris       -35.1145287135       -477.7576730881      
 E_Fermi        -0.6309668992        -8.5847450788        
----------------------------------------------------------


 LCAO ALGORITHM --------------- ION=   1  ELEC=  11--------------------------------

 Density error is 7.9783903217e-05
----------------------------------------------------------
     Energy           Rydberg                 eV          
----------------------------------------------------------
 E_KohnSham     -35.1146799427       -477.7597306667      
 E_Harris       -35.1145269456       -477.7576490354      
 E_Fermi        -0.6309561862        -8.5845993210        
----------------------------------------------------------


 LCAO ALGORITHM --------------- ION=   1  ELEC=  12--------------------------------

 Density error is 5.98941318821e-05
----------------------------------------------------------
     Energy           Rydberg                 eV          
----------------------------------------------------------
 E_KohnSham     -35.1146800865       -477.7597326241      
 E_Harris       -35.1144647156       -477.7568023523      
 E_Fermi        -0.6309569677        -8.5846099534        
----------------------------------------------------------


 LCAO ALGORITHM --------------- ION=   1  ELEC=  13--------------------------------

 Density error is 2.76903751629e-05
----------------------------------------------------------
     Energy           Rydberg                 eV          
----------------------------------------------------------
 E_KohnSham     -35.1146801087       -477.7597329261      
 E_Harris       -35.1147242325       -477.7603332607      
 E_Fermi        -0.6309413683        -8.5843977132        
----------------------------------------------------------


 LCAO ALGORITHM --------------- ION=   1  ELEC=  14--------------------------------

 Density error is 1.11779940452e-05
----------------------------------------------------------
     Energy           Rydberg                 eV          
----------------------------------------------------------
 E_KohnSham     -35.1146801118       -477.7597329674      
 E_Harris       -35.1146389422       -477.7591728270      
 E_Fermi        -0.6309446718        -8.5844426593        
----------------------------------------------------------


 LCAO ALGORITHM --------------- ION=   1  ELEC=  15--------------------------------

 Density error is 5.87593189181e-06
----------------------------------------------------------
     Energy           Rydberg                 eV          
----------------------------------------------------------
 E_KohnSham     -35.1146801188       -477.7597330633      
 E_Harris       -35.1146669575       -477.7595539938      
 E_Fermi        -0.6309430101        -8.5844200506        
----------------------------------------------------------


 LCAO ALGORITHM --------------- ION=   1  ELEC=  16--------------------------------

 Density error is 2.30123168983e-06
----------------------------------------------------------
     Energy           Rydberg                 eV          
----------------------------------------------------------
 E_KohnSham     -35.1146801168       -477.7597330359      
 E_Harris       -35.1146853670       -477.7598044682      
 E_Fermi        -0.6309418739        -8.5844045912        
----------------------------------------------------------


 LCAO ALGORITHM --------------- ION=   1  ELEC=  17--------------------------------

 Density error is 8.04375699645e-07
----------------------------------------------------------
     Energy           Rydberg                 eV          
----------------------------------------------------------
 E_KohnSham     -35.1146801168       -477.7597330359      
 E_Harris       -35.1146782404       -477.7597075062      
 E_Fermi        -0.6309421772        -8.5844087188        
----------------------------------------------------------


 LCAO ALGORITHM --------------- ION=   1  ELEC=  18--------------------------------

 Density error is 5.35758895502e-07
----------------------------------------------------------
     Energy           Rydberg                 eV          
----------------------------------------------------------
 E_KohnSham     -35.1146801178       -477.7597330496      
 E_Harris       -35.1146806063       -477.7597396959      
 E_Fermi        -0.6309420443        -8.5844069101        
----------------------------------------------------------


 LCAO ALGORITHM --------------- ION=   1  ELEC=  19--------------------------------

 Density error is 2.37756073274e-07
----------------------------------------------------------
     Energy           Rydberg                 eV          
----------------------------------------------------------
 E_KohnSham     -35.1146801178       -477.7597330496      
 E_Harris       -35.1146800836       -477.7597325846      
 E_Fermi        -0.6309420644        -8.5844071834        
----------------------------------------------------------


 LCAO ALGORITHM --------------- ION=   1  ELEC=  20--------------------------------

 Density error is 2.04117385213e-07
----------------------------------------------------------
     Energy           Rydberg                 eV          
----------------------------------------------------------
 E_KohnSham     -35.1146801178       -477.7597330496      
 E_Harris       -35.1146797357       -477.7597278507      
 E_Fermi        -0.6309420806        -8.5844074048        
----------------------------------------------------------


 LCAO ALGORITHM --------------- ION=   1  ELEC=  21--------------------------------

 Density error is 7.0380062101e-08
----------------------------------------------------------
     Energy           Rydberg                 eV          
----------------------------------------------------------
 E_KohnSham     -35.1146801178       -477.7597330496      
 E_KS(sigma->0) -35.1146801178       -477.7597330496      
 E_Harris       -35.1146801228       -477.7597331168      
 E_band         -9.1237605614        -124.1351308231      
 E_one_elec     -72.7412174332       -989.6950365482      
 E_Hartree      37.9253894422        516.0013952835       
 E_xc           -7.7397580286        -105.3048103302      
 E_Ewald        9.1580097856         124.6011154245       
 E_entropy(-TS) 0.0000000000         0.0000000000         
 E_descf        0.0000000000         0.0000000000         
 E_exx          -1.7171038839        -23.3623968791       
 E_Fermi        -0.6309420605        -8.5844071301        
----------------------------------------------------------


 LCAO ALGORITHM --------------- ION=   1  ELEC=   1--------------------------------

 Density error is 0.000588061234692
----------------------------------------------------------
     Energy           Rydberg                 eV          
----------------------------------------------------------
 E_KohnSham     -35.1147698826       -477.7609543616      
 E_Harris       -35.1175881716       -477.7992991513      
 E_Fermi        -0.6317930732        -8.5959857521        
----------------------------------------------------------


 LCAO ALGORITHM --------------- ION=   1  ELEC=   2--------------------------------

 Density error is 0.000362447513777
----------------------------------------------------------
     Energy           Rydberg                 eV          
----------------------------------------------------------
 E_KohnSham     -35.1147697982       -477.7609532136      
 E_Harris       -35.1115203730       -477.7167425163      
 E_Fermi        -0.6316041240        -8.5934149665        
----------------------------------------------------------


 LCAO ALGORITHM --------------- ION=   1  ELEC=   3--------------------------------

 Density error is 8.77734196568e-05
----------------------------------------------------------
     Energy           Rydberg                 eV          
----------------------------------------------------------
 E_KohnSham     -35.1147695604       -477.7609499778      
 E_Harris       -35.1139542907       -477.7498576655      
 E_Fermi        -0.6313320115        -8.5897126865        
----------------------------------------------------------


 LCAO ALGORITHM --------------- ION=   1  ELEC=   4--------------------------------

 Density error is 6.44312867156e-05
----------------------------------------------------------
     Energy           Rydberg                 eV          
----------------------------------------------------------
 E_KohnSham     -35.1147693075       -477.7609465378      
 E_Harris       -35.1141287340       -477.7522310877      
 E_Fermi        -0.6313090902        -8.5894008259        
----------------------------------------------------------


 LCAO ALGORITHM --------------- ION=   1  ELEC=   5--------------------------------

 Density error is 4.8047862731e-05
----------------------------------------------------------
     Energy           Rydberg                 eV          
----------------------------------------------------------
 E_KohnSham     -35.1147690203       -477.7609426300      
 E_Harris       -35.1143871757       -477.7557473674      
 E_Fermi        -0.6312796488        -8.5890002557        
----------------------------------------------------------


 LCAO ALGORITHM --------------- ION=   1  ELEC=   6--------------------------------

 Density error is 3.12233061299e-05
----------------------------------------------------------
     Energy           Rydberg                 eV          
----------------------------------------------------------
 E_KohnSham     -35.1147689457       -477.7609416155      
 E_Harris       -35.1146031457       -477.7586857898      
 E_Fermi        -0.6312540296        -8.5886516886        
----------------------------------------------------------


 LCAO ALGORITHM --------------- ION=   1  ELEC=   7--------------------------------

 Density error is 2.02160726956e-05
----------------------------------------------------------
     Energy           Rydberg                 eV          
----------------------------------------------------------
 E_KohnSham     -35.1147689797       -477.7609420781      
 E_Harris       -35.1146881840       -477.7598427953      
 E_Fermi        -0.6312440828        -8.5885163545        
----------------------------------------------------------


 LCAO ALGORITHM --------------- ION=   1  ELEC=   8--------------------------------

 Density error is 1.19348775548e-05
----------------------------------------------------------
     Energy           Rydberg                 eV          
----------------------------------------------------------
 E_KohnSham     -35.1147690144       -477.7609425496      
 E_Harris       -35.1147417193       -477.7605711804      
 E_Fermi        -0.6312384733        -8.5884400335        
----------------------------------------------------------


 LCAO ALGORITHM --------------- ION=   1  ELEC=   9--------------------------------

 Density error is 8.43924159593e-06
----------------------------------------------------------
     Energy           Rydberg                 eV          
----------------------------------------------------------
 E_KohnSham     -35.1147690508       -477.7609430450      
 E_Harris       -35.1147498311       -477.7606815478      
 E_Fermi        -0.6312376389        -8.5884286809        
----------------------------------------------------------


 LCAO ALGORITHM --------------- ION=   1  ELEC=  10--------------------------------

 Density error is 4.15126706965e-06
----------------------------------------------------------
     Energy           Rydberg                 eV          
----------------------------------------------------------
 E_KohnSham     -35.1147690558       -477.7609431136      
 E_Harris       -35.1147615842       -477.7608414570      
 E_Fermi        -0.6312364991        -8.5884131737        
----------------------------------------------------------


 LCAO ALGORITHM --------------- ION=   1  ELEC=  11--------------------------------

 Density error is 2.72596319167e-06
----------------------------------------------------------
     Energy           Rydberg                 eV          
----------------------------------------------------------
 E_KohnSham     -35.1147690599       -477.7609431684      
 E_Harris       -35.1147647041       -477.7608839052      
 E_Fermi        -0.6312361648        -8.5884086252        
----------------------------------------------------------


 LCAO ALGORITHM --------------- ION=   1  ELEC=  12--------------------------------

 Density error is 1.1994268697e-06
----------------------------------------------------------
     Energy           Rydberg                 eV          
----------------------------------------------------------
 E_KohnSham     -35.1147690619       -477.7609431958      
 E_Harris       -35.1147675611       -477.7609227767      
 E_Fermi        -0.6312358514        -8.5884043609        
----------------------------------------------------------


 LCAO ALGORITHM --------------- ION=   1  ELEC=  13--------------------------------

 Density error is 8.9181187318e-07
----------------------------------------------------------
     Energy           Rydberg                 eV          
----------------------------------------------------------
 E_KohnSham     -35.1147690639       -477.7609432232      
 E_Harris       -35.1147679519       -477.7609280936      
 E_Fermi        -0.6312358115        -8.5884038186        
----------------------------------------------------------


 LCAO ALGORITHM --------------- ION=   1  ELEC=  14--------------------------------

 Density error is 3.1412844154e-07
----------------------------------------------------------
     Energy           Rydberg                 eV          
----------------------------------------------------------
 E_KohnSham     -35.1147690639       -477.7609432232      
 E_Harris       -35.1147689539       -477.7609417260      
 E_Fermi        -0.6312357075        -8.5884024033        
----------------------------------------------------------


 LCAO ALGORITHM --------------- ION=   1  ELEC=  15--------------------------------

 Density error is 1.42617104792e-07
----------------------------------------------------------
     Energy           Rydberg                 eV          
----------------------------------------------------------
 E_KohnSham     -35.1147690639       -477.7609432232      
 E_Harris       -35.1147689049       -477.7609410595      
 E_Fermi        -0.6312357077        -8.5884024058        
----------------------------------------------------------


 LCAO ALGORITHM --------------- ION=   1  ELEC=  16--------------------------------

 Density error is 8.20120913009e-08
----------------------------------------------------------
     Energy           Rydberg                 eV          
----------------------------------------------------------
 E_KohnSham     -35.1147690639       -477.7609432232      
 E_KS(sigma->0) -35.1147690639       -477.7609432232      
 E_Harris       -35.1147689744       -477.7609420056      
 E_band         -9.1236442736        -124.1335486455      
 E_one_elec     -72.7412279445       -989.6951795615      
 E_Hartree      37.9297623674        516.0608919826       
 E_xc           -7.7402321897        -105.3112616230      
 E_Ewald        9.1580097856         124.6011154245       
 E_entropy(-TS) 0.0000000000         0.0000000000         
 E_descf        0.0000000000         0.0000000000         
 E_exx          -1.7210810828        -23.4165094459       
 E_Fermi        -0.6312357010        -8.5884023148        
----------------------------------------------------------


 LCAO ALGORITHM --------------- ION=   1  ELEC=   1--------------------------------

 Density error is 4.6602653999e-05
----------------------------------------------------------
     Energy           Rydberg                 eV          
----------------------------------------------------------
 E_KohnSham     -35.1147695017       -477.7609491794      
 E_Harris       -35.1149270684       -477.7630929850      
 E_Fermi        -0.6313124011        -8.5894458735        
----------------------------------------------------------


 LCAO ALGORITHM --------------- ION=   1  ELEC=   2--------------------------------

 Density error is 2.82988855304e-05
----------------------------------------------------------
     Energy           Rydberg                 eV          
----------------------------------------------------------
 E_KohnSham     -35.1147695054       -477.7609492296      
 E_Harris       -35.1145251245       -477.7576242579      
 E_Fermi        -0.6312961810        -8.5892251879        
----------------------------------------------------------


 LCAO ALGORITHM --------------- ION=   1  ELEC=   3--------------------------------

 Density error is 6.77099360729e-06
----------------------------------------------------------
     Energy           Rydberg                 eV          
----------------------------------------------------------
 E_KohnSham     -35.1147694924       -477.7609490537      
 E_Harris       -35.1147051960       -477.7600742555      
 E_Fermi        -0.6312758710        -8.5889488554        
----------------------------------------------------------


 LCAO ALGORITHM --------------- ION=   1  ELEC=   4--------------------------------

 Density error is 5.00459784029e-06
----------------------------------------------------------
     Energy           Rydberg                 eV          
----------------------------------------------------------
 E_KohnSham     -35.1147694754       -477.7609488216      
 E_Harris       -35.1147188506       -477.7602600361      
 E_Fermi        -0.6312740315        -8.5889238281        
----------------------------------------------------------


 LCAO ALGORITHM --------------- ION=   1  ELEC=   5--------------------------------

 Density error is 3.61962629295e-06
----------------------------------------------------------
     Energy           Rydberg                 eV          
----------------------------------------------------------
 E_KohnSham     -35.1147694563       -477.7609485622      
 E_Harris       -35.1147399159       -477.7605466437      
 E_Fermi        -0.6312716596        -8.5888915568        
----------------------------------------------------------


 LCAO ALGORITHM --------------- ION=   1  ELEC=   6--------------------------------

 Density error is 2.34105745323e-06
----------------------------------------------------------
     Energy           Rydberg                 eV          
----------------------------------------------------------
 E_KohnSham     -35.1147694503       -477.7609484802      
 E_Harris       -35.1147569516       -477.7607784272      
 E_Fermi        -0.6312696725        -8.5888645200        
----------------------------------------------------------


 LCAO ALGORITHM --------------- ION=   1  ELEC=   7--------------------------------

 Density error is 1.60441776272e-06
----------------------------------------------------------
     Energy           Rydberg                 eV          
----------------------------------------------------------
 E_KohnSham     -35.1147694473       -477.7609484391      
 E_Harris       -35.1147621276       -477.7608488497      
 E_Fermi        -0.6312690415        -8.5888559357        
----------------------------------------------------------


 LCAO ALGORITHM --------------- ION=   1  ELEC=   8--------------------------------

 Density error is 1.18770233566e-06
----------------------------------------------------------
     Energy           Rydberg                 eV          
----------------------------------------------------------
 E_KohnSham     -35.1147694523       -477.7609485077      
 E_Harris       -35.1147654967       -477.7608946888      
 E_Fermi        -0.6312686738        -8.5888509322        
----------------------------------------------------------


 LCAO ALGORITHM --------------- ION=   1  ELEC=   9--------------------------------

 Density error is 6.90001036566e-07
----------------------------------------------------------
     Energy           Rydberg                 eV          
----------------------------------------------------------
 E_KohnSham     -35.1147694543       -477.7609485351      
 E_Harris       -35.1147679190       -477.7609276461      
 E_Fermi        -0.6312684246        -8.5888475414        
----------------------------------------------------------


 LCAO ALGORITHM --------------- ION=   1  ELEC=  10--------------------------------

 Density error is 5.8410911639e-07
----------------------------------------------------------
     Energy           Rydberg                 eV          
----------------------------------------------------------
 E_KohnSham     -35.1147694563       -477.7609485626      
 E_Harris       -35.1147680261       -477.7609291028      
 E_Fermi        -0.6312684172        -8.5888474417        
----------------------------------------------------------


 LCAO ALGORITHM --------------- ION=   1  ELEC=  11--------------------------------

 Density error is 2.55073150707e-07
----------------------------------------------------------
     Energy           Rydberg                 eV          
----------------------------------------------------------
 E_KohnSham     -35.1147694563       -477.7609485626      
 E_Harris       -35.1147686490       -477.7609375783      
 E_Fermi        -0.6312683530        -8.5888465682        
----------------------------------------------------------


 LCAO ALGORITHM --------------- ION=   1  ELEC=  12--------------------------------

 Density error is 2.14438375704e-07
----------------------------------------------------------
     Energy           Rydberg                 eV          
----------------------------------------------------------
 E_KohnSham     -35.1147694563       -477.7609485626      
 E_Harris       -35.1147690128       -477.7609425280      
 E_Fermi        -0.6312683152        -8.5888460539        
----------------------------------------------------------


 LCAO ALGORITHM --------------- ION=   1  ELEC=  13--------------------------------

 Density error is 9.13124809386e-08
----------------------------------------------------------
     Energy           Rydberg                 eV          
----------------------------------------------------------
 E_KohnSham     -35.1147694563       -477.7609485626      
 E_KS(sigma->0) -35.1147694563       -477.7609485626      
 E_Harris       -35.1147693694       -477.7609473799      
 E_band         -9.1235976379        -124.1329141347      
 E_one_elec     -72.7412442375       -989.6954012399      
 E_Hartree      37.9301133405        516.0656672167       
 E_xc           -7.7402799628        -105.3119116099      
 E_Ewald        9.1580097856         124.6011154245       
 E_entropy(-TS) 0.0000000000         0.0000000000         
 E_descf        0.0000000000         0.0000000000         
 E_exx          -1.7213683821        -23.4204183539       
 E_Fermi        -0.6312682786        -8.5888455551        
----------------------------------------------------------


 LCAO ALGORITHM --------------- ION=   1  ELEC=   1--------------------------------

 Density error is 5.18877846235e-06
----------------------------------------------------------
     Energy           Rydberg                 eV          
----------------------------------------------------------
 E_KohnSham     -35.1147694611       -477.7609486272      
 E_Harris       -35.1147848578       -477.7611581106      
 E_Fermi        -0.6312764877        -8.5889572466        
----------------------------------------------------------


 LCAO ALGORITHM --------------- ION=   1  ELEC=   2--------------------------------

 Density error is 3.10629981273e-06
----------------------------------------------------------
     Energy           Rydberg                 eV          
----------------------------------------------------------
 E_KohnSham     -35.1147694641       -477.7609486681      
 E_Harris       -35.1147486205       -477.7606650769      
 E_Fermi        -0.6312751885        -8.5889395703        
----------------------------------------------------------


 LCAO ALGORITHM --------------- ION=   1  ELEC=   3--------------------------------

 Density error is 6.25029708838e-07
----------------------------------------------------------
     Energy           Rydberg                 eV          
----------------------------------------------------------
 E_KohnSham     -35.1147694621       -477.7609486407      
 E_Harris       -35.1147638798       -477.7608726897      
 E_Fermi        -0.6312734002        -8.5889152391        
----------------------------------------------------------


 LCAO ALGORITHM --------------- ION=   1  ELEC=   4--------------------------------

 Density error is 3.83057555267e-07
----------------------------------------------------------
     Energy           Rydberg                 eV          
----------------------------------------------------------
 E_KohnSham     -35.1147694601       -477.7609486133      
 E_Harris       -35.1147659628       -477.7609010305      
 E_Fermi        -0.6312731460        -8.5889117799        
----------------------------------------------------------


 LCAO ALGORITHM --------------- ION=   1  ELEC=   5--------------------------------

 Density error is 3.0395624638e-07
----------------------------------------------------------
     Energy           Rydberg                 eV          
----------------------------------------------------------
 E_KohnSham     -35.1147694591       -477.7609485996      
 E_Harris       -35.1147670998       -477.7609165002      
 E_Fermi        -0.6312730194        -8.5889100580        
----------------------------------------------------------


 LCAO ALGORITHM --------------- ION=   1  ELEC=   6--------------------------------

 Density error is 1.92066588886e-07
----------------------------------------------------------
     Energy           Rydberg                 eV          
----------------------------------------------------------
 E_KohnSham     -35.1147694601       -477.7609486133      
 E_Harris       -35.1147684549       -477.7609349371      
 E_Fermi        -0.6312728655        -8.5889079641        
----------------------------------------------------------


 LCAO ALGORITHM --------------- ION=   1  ELEC=   7--------------------------------

 Density error is 1.57022073799e-07
----------------------------------------------------------
     Energy           Rydberg                 eV          
----------------------------------------------------------
 E_KohnSham     -35.1147694601       -477.7609486133      
 E_Harris       -35.1147687047       -477.7609383361      
 E_Fermi        -0.6312728393        -8.5889076073        
----------------------------------------------------------


 LCAO ALGORITHM --------------- ION=   1  ELEC=   8--------------------------------

 Density error is 1.06054373722e-07
----------------------------------------------------------
     Energy           Rydberg                 eV          
----------------------------------------------------------
 E_KohnSham     -35.1147694591       -477.7609485996      
 E_Harris       -35.1147690086       -477.7609424706      
 E_Fermi        -0.6312728037        -8.5889071229        
----------------------------------------------------------


 LCAO ALGORITHM --------------- ION=   1  ELEC=   9--------------------------------

 Density error is 7.27340880056e-08
----------------------------------------------------------
     Energy           Rydberg                 eV          
----------------------------------------------------------
 E_KohnSham     -35.1147694601       -477.7609486134      
 E_KS(sigma->0) -35.1147694601       -477.7609486134      
 E_Harris       -35.1147691973       -477.7609450386      
 E_band         -9.1235931913        -124.1328536360      
 E_one_elec     -72.7412453549       -989.6954164424      
 E_Hartree      37.9301435084        516.0660776726       
 E_xc           -7.7402850981        -105.3119814791      
 E_Ewald        9.1580097856         124.6011154245       
 E_entropy(-TS) 0.0000000000         0.0000000000         
 E_descf        0.0000000000         0.0000000000         
 E_exx          -1.7213923011        -23.4207437889       
 E_Fermi        -0.6312727785        -8.5889067803        
----------------------------------------------------------


 LCAO ALGORITHM --------------- ION=   1  ELEC=   1--------------------------------

 Density error is 7.44482016048e-07
----------------------------------------------------------
     Energy           Rydberg                 eV          
----------------------------------------------------------
 E_KohnSham     -35.1147694601       -477.7609486142      
 E_Harris       -35.1147718473       -477.7609810936      
 E_Fermi        -0.6312737646        -8.5889201971        
----------------------------------------------------------


 LCAO ALGORITHM --------------- ION=   1  ELEC=   2--------------------------------

 Density error is 4.47749588874e-07
----------------------------------------------------------
     Energy           Rydberg                 eV          
----------------------------------------------------------
 E_KohnSham     -35.1147694601       -477.7609486142      
 E_Harris       -35.1147674211       -477.7609208716      
 E_Fermi        -0.6312736774        -8.5889190103        
----------------------------------------------------------


 LCAO ALGORITHM --------------- ION=   1  ELEC=   3--------------------------------

 Density error is 7.85632139488e-08
----------------------------------------------------------
     Energy           Rydberg                 eV          
----------------------------------------------------------
 E_KohnSham     -35.1147694591       -477.7609486005      
 E_KS(sigma->0) -35.1147694591       -477.7609486005      
 E_Harris       -35.1147688483       -477.7609402891      
 E_band         -9.1235931458        -124.1328530161      
 E_one_elec     -72.7412453479       -989.6954163478      
 E_Hartree      37.9301463948        516.0661169428       
 E_xc           -7.7402857134        -105.3119898500      
 E_Ewald        9.1580097856         124.6011154245       
 E_entropy(-TS) 0.0000000000         0.0000000000         
 E_descf        0.0000000000         0.0000000000         
 E_exx          -1.7213945782        -23.4207747699       
 E_Fermi        -0.6312734915        -8.5889164806        
----------------------------------------------------------


 LCAO ALGORITHM --------------- ION=   1  ELEC=   1--------------------------------

 Density error is 1.15554368615e-07
----------------------------------------------------------
     Energy           Rydberg                 eV          
----------------------------------------------------------
 E_KohnSham     -35.1147694591       -477.7609486006      
 E_Harris       -35.1147700575       -477.7609567415      
 E_Fermi        -0.6312735518        -8.5889173013        
----------------------------------------------------------


 LCAO ALGORITHM --------------- ION=   1  ELEC=   2--------------------------------

 Density error is 7.02544280502e-08
----------------------------------------------------------
     Energy           Rydberg                 eV          
----------------------------------------------------------
 E_KohnSham     -35.1147694591       -477.7609486005      
 E_KS(sigma->0) -35.1147694591       -477.7609486005      
 E_Harris       -35.1147692492       -477.7609457444      
 E_band         -9.1235927795        -124.1328480322      
 E_one_elec     -72.7412452550       -989.6954150841      
 E_Hartree      37.9301466287        516.0661201261       
 E_xc           -7.7402857874        -105.3119908570      
 E_Ewald        9.1580097856         124.6011154245       
 E_entropy(-TS) 0.0000000000         0.0000000000         
 E_descf        0.0000000000         0.0000000000         
 E_exx          -1.7213948310        -23.4207782100       
 E_Fermi        -0.6312735566        -8.5889173663        
----------------------------------------------------------


 LCAO ALGORITHM --------------- ION=   1  ELEC=   1--------------------------------

 Density error is 1.22769300312e-08
----------------------------------------------------------
     Energy           Rydberg                 eV          
----------------------------------------------------------
 E_KohnSham     -35.1147694591       -477.7609486005      
 E_KS(sigma->0) -35.1147694591       -477.7609486005      
 E_Harris       -35.1147695685       -477.7609500887      
 E_band         -9.1235925538        -124.1328449625      
 E_one_elec     -72.7412451753       -989.6954139987      
 E_Hartree      37.9301465740        516.0661193812       
 E_xc           -7.7402857828        -105.3119907947      
 E_Ewald        9.1580097856         124.6011154245       
 E_entropy(-TS) 0.0000000000         0.0000000000         
 E_descf        0.0000000000         0.0000000000         
 E_exx          -1.7213948606        -23.4207786127       
 E_Fermi        -0.6312735458        -8.5889172201        
----------------------------------------------------------


 charge density convergence is achieved
 final etot is -477.7609486 eV
 EFERMI = -8.5889172201 eV

 STATE ENERGY(eV) AND OCCUPATIONS    NSPIN == 1
 1/1 kpoint (Cartesian) = 0.0000 0.0000 0.0000 (911913 pws)
       1       -28.0895        2.00000
       2       -14.6337        2.00000
       3       -10.7542        2.00000
       4       -8.58892        2.00000
       5     0.00319073        0.00000
       6        1.77978        0.00000
       7        3.07205        0.00000
       8        3.28375        0.00000
       9        5.83840        0.00000
      10        6.27994        0.00000
      11        7.62668        0.00000
      12        10.1742        0.00000
      13        10.4059        0.00000
      14        13.1967        0.00000



 --------------------------------------------
 !FINAL_ETOT_IS -477.7609486005322 eV
 --------------------------------------------


TIME STATISTICS
--------------------------------------------------------------------------------------
     CLASS_NAME                     NAME                TIME/s  CALLS   AVG/s  PER/%  
--------------------------------------------------------------------------------------
                     total                              349.84 11       31.80  100.00 
 Driver              reading                            0.03   1        0.03   0.01   
 Input_Conv          Convert                            0.00   1        0.00   0.00   
 Driver              driver_line                        349.81 1        349.81 99.99  
 UnitCell            check_tau                          0.00   1        0.00   0.00   
 ESolver_KS_LCAO     before_all_runners                 66.44  1        66.44  18.99  
 PW_Basis_Sup        setuptransform                     0.08   1        0.08   0.02   
 PW_Basis_Sup        distributeg                        0.08   1        0.08   0.02   
 mymath              heapsort                           1.38   3        0.46   0.39   
 Charge_Mixing       init_mixing                        0.00   1        0.00   0.00   
 PW_Basis_K          setuptransform                     0.08   1        0.08   0.02   
 PW_Basis_K          distributeg                        0.06   1        0.06   0.02   
 PW_Basis            setup_struc_factor                 0.13   1        0.13   0.04   
 NOrbital_Lm         extra_uniform                      3.21   14339    0.00   0.92   
 Mathzone_Add1       SplineD2                           0.24   14339    0.00   0.07   
 Mathzone_Add1       Cubic_Spline_Interpolation         0.61   14339    0.00   0.17   
 Exx_LRI             init                               63.49  1        63.49  18.15  
 Matrix_Orbs21       init                               2.13   2        1.06   0.61   
 ORB_gaunt_table     init_Gaunt_CH                      0.15   3        0.05   0.04   
 ORB_gaunt_table     Calc_Gaunt_CH                      0.07   82305    0.00   0.02   
 ORB_gaunt_table     init_Gaunt                         1.22   3        0.41   0.35   
 ORB_gaunt_table     Get_Gaunt_SH                       29.65  3635313  0.00   8.48   
 Matrix_Orbs21       init_radial                        0.00   2        0.00   0.00   
 Matrix_Orbs21       init_radial_table                  26.88  2        13.44  7.68   
 Center2_Orb         cal_ST_Phi12_R                     46.57  25523    0.00   13.31  
 LRI_CV              set_orbitals                       52.33  1        52.33  14.96  
 Matrix_Orbs11       init                               2.48   1        2.48   0.71   
 Matrix_Orbs11       init_radial                        0.00   1        0.00   0.00   
 Matrix_Orbs11       init_radial_table                  28.97  1        28.97  8.28   
 ppcell_vl           init_vloc                          0.01   1        0.01   0.00   
 Ions                opt_ions                           283.23 1        283.23 80.96  
 ESolver_KS_LCAO     runner                             283.23 1        283.23 80.96  
 ESolver_KS_LCAO     before_scf                         2.98   1        2.98   0.85   
 atom_arrange        search                             0.00   1        0.00   0.00   
 atom_arrange        grid_d.init                        0.00   1        0.00   0.00   
 Grid                Construct_Adjacent_expand          0.00   1        0.00   0.00   
 Grid                Construct_Adjacent_expand_periodic 0.00   3        0.00   0.00   
 Grid_Technique      init                               0.10   1        0.10   0.03   
 Grid_BigCell        grid_expansion_index               0.04   2        0.02   0.01   
 Grid_Driver         Find_atom                          0.00   18       0.00   0.00   
 Record_adj          for_2d                             0.00   1        0.00   0.00   
 LCAO_domain         grid_prepare                       0.00   1        0.00   0.00   
 Veff                initialize_HR                      0.00   1        0.00   0.00   
 OverlapNew          initialize_SR                      0.00   1        0.00   0.00   
 EkineticNew         initialize_HR                      0.00   1        0.00   0.00   
 NonlocalNew         initialize_HR                      0.00   1        0.00   0.00   
 Exx_LRI             cal_exx_ions                       0.19   1        0.19   0.06   
 LRI_CV              cal_datas                          0.13   2        0.07   0.04   
 Charge              set_rho_core                       0.30   1        0.30   0.09   
 PW_Basis_Sup        recip2real                         23.18  535      0.04   6.63   
 PW_Basis_Sup        gathers_scatterp                   4.96   535      0.01   1.42   
 ModuleIO            read_rhog                          0.00   1        0.00   0.00   
 Charge              atomic_rho                         0.51   2        0.25   0.14   
 Potential           init_pot                           1.71   1        1.71   0.49   
 Potential           update_from_charge                 206.76 90       2.30   59.10  
 Potential           cal_fixed_v                        0.19   1        0.19   0.05   
 PotLocal            cal_fixed_v                        0.17   1        0.17   0.05   
 Potential           cal_v_eff                          204.56 90       2.27   58.47  
 H_Hartree_pw        v_hartree                          19.37  90       0.22   5.54   
 PW_Basis_Sup        real2recip                         18.96  565      0.03   5.42   
 PW_Basis_Sup        gatherp_scatters                   2.24   565      0.00   0.64   
 PotXC               cal_v_eff                          181.16 90       2.01   51.78  
 XC_Functional       v_xc                               135.69 58       2.34   38.79  
 Potential           interpolate_vrs                    2.01   90       0.02   0.58   
 H_Ewald_pw          compute_ewald                      0.31   1        0.31   0.09   
 HSolverLCAO         solve                              15.81  89       0.18   4.52   
 HamiltLCAO          updateHk                           3.41   89       0.04   0.97   
 OperatorLCAO        init                               3.40   356      0.01   0.97   
 Veff                contributeHR                       3.39   89       0.04   0.97   
 Gint_interface      cal_gint                           7.27   178      0.04   2.08   
 Gint_interface      cal_gint_vlocal                    3.38   89       0.04   0.97   
 Gint_Tools          cal_psir_ylm                       4.47   147316   0.00   1.28   
 Gint_k              transfer_pvpR                      0.00   89       0.00   0.00   
 OverlapNew          calculate_SR                       0.00   1        0.00   0.00   
 OverlapNew          contributeHk                       0.00   89       0.00   0.00   
 EkineticNew         contributeHR                       0.00   89       0.00   0.00   
 EkineticNew         calculate_HR                       0.00   1        0.00   0.00   
 NonlocalNew         contributeHR                       0.01   89       0.00   0.00   
 NonlocalNew         calculate_HR                       0.00   1        0.00   0.00   
 OperatorLCAO        contributeHk                       0.00   89       0.00   0.00   
 HSolverLCAO         hamiltSolvePsiK                    0.25   89       0.00   0.07   
 DiagoElpa           elpa_solve                         0.22   89       0.00   0.06   
 elecstate           cal_dm                             0.00   89       0.00   0.00   
 psiMulPsiMpi        pdgemm                             0.00   89       0.00   0.00   
 DensityMatrix       cal_DMR                            0.00   89       0.00   0.00   
 ElecStateLCAO       psiToRho                           12.15  89       0.14   3.47   
 Gint                transfer_DMR                       0.00   89       0.00   0.00   
 Gint_interface      cal_gint_rho                       3.87   89       0.04   1.11   
 Charge_Mixing       get_drho                           0.31   89       0.00   0.09   
 Charge              mix_rho                            25.89  81       0.32   7.40   
 Charge              Pulay_mixing                       1.53   81       0.02   0.44   
 ModuleIO            write_rhog                         8.17   8        1.02   2.34   
 RI_2D_Comm          split_m2D_ktoR                     0.00   7        0.00   0.00   
 Exx_LRI             cal_exx_elec                       0.69   7        0.10   0.20   
 RI_2D_Comm          add_HexxR                          0.00   65       0.00   0.00   
 XC_Functional_Libxc v_xc_libxc                         154.84 65       2.38   44.26  
 ESolver_KS_LCAO     after_scf                          4.06   1        4.06   1.16   
 ModuleIO            save_sparse                        0.00   1        0.00   0.00   
 ESolver_KS_LCAO     after_all_runners                  0.00   1        0.00   0.00   
 ModuleIO            write_istate_info                  0.00   1        0.00   0.00   
--------------------------------------------------------------------------------------


 NAME-------------------------|MEMORY(MB)--------
                         total          6186.
                    ORB::Jl(x)          5063.
                  SF::strucFac          222.5
                      Chg::rho          109.5
                 Chg::rho_save          109.5
                 Chg::rho_core          109.5
                 Pot::veff_fix          109.5
                     Pot::veff          109.5
              Pot::veff_smooth          109.5
                     Chg::rhog          55.63
                Chg::rhog_save          55.63
                Chg::rhog_core          55.63
                  PW_B_K::gcar          20.87
                   PW_B_K::gk2          6.957
               GT::ind_bigcell          6.927
         GT::in_this_processor          6.927
              GT::index2normal          6.927
               GT::index2ucell          6.927
       TwoCenterTable: Kinetic          3.071
       TwoCenterTable: Overlap          3.071
                 GT::start_ind          2.027
            GT::how_many_atoms          2.027
               GT::bcell_start          2.027
            GT::how many atoms          2.027
      TwoCenterTable: Nonlocal          1.857
      GT::bigcell_on_processor          1.732
 -------------   < 1.0 MB has been ignored ----------------
 ----------------------------------------------------------

 Start  Time  : Wed Sep  2 20:30:56 2026
 Finish Time  : Wed Sep  2 20:36:46 2026
 Total  Time  : 0 h 5 mins 50 secs 
