f_stru=STRU
symm_tol=0.001
force_delete=False
atom_input=None
move_input=['x', 'y', 'z']
scf_input=INPUT.seed
xc=pbe
dimension=2
vdw=None
init_chg_bool=True
k_grid=0.1
nscf_calculator=pyatb
input_mode=pyatb
input_sets=['/home/zhuxd/abacus/8.dielec/4.In2Se3/pporb/In_ONCV_PBE_FR-1.0.upf', '/home/zhuxd/abacus/8.dielec/4.In2Se3/pporb/Se_ONCV_PBE_FR-1.1.upf', '/home/zhuxd/abacus/8.dielec/4.In2Se3/pporb/In_gga_10au_100Ry_2s2p2d1f.orb', '/home/zhuxd/abacus/8.dielec/4.In2Se3/pporb/Se_gga_10au_100Ry_2s2p1d.orb']
source_dir=/home/zhuxd/abacus/agent-runs/20260827-in2se3-pbesol-bec/bec
extract_starred_atoms_only=False
displacement_angstrom=0.01
f_stru=STRU
symm_tol=0.001
force_delete=True
atom_input=None
move_input=['x', 'y', 'z']
scf_input=INPUT.seed
xc=pbesol
dimension=2
vdw=d3_0
init_chg_bool=True
k_grid=0.1
nscf_calculator=pyatb
input_mode=pyatb
input_sets=['/home/zhuxd/abacus/8.dielec/4.In2Se3/pporb/In_ONCV_PBE_FR-1.0.upf', '/home/zhuxd/abacus/8.dielec/4.In2Se3/pporb/Se_ONCV_PBE_FR-1.1.upf', '/home/zhuxd/abacus/8.dielec/4.In2Se3/pporb/In_gga_10au_100Ry_2s2p2d1f.orb', '/home/zhuxd/abacus/8.dielec/4.In2Se3/pporb/Se_gga_10au_100Ry_2s2p1d.orb']
source_dir=/home/zhuxd/abacus/agent-runs/20260827-in2se3-pbesol-bec/bec
extract_starred_atoms_only=False
displacement_angstrom=0.01
