Spglib version 2.6.0

Calculator interface: abacus
Crystal structure was read from "/tmp/tmp6lvpgsuk/STRU.phonopy".
Unit of length: au
Displacements creation mode
  Systematic displacements
Settings:
  Symmetry tolerance: 1.00e-03
  Supercell: [1 1 1]
Spacegroup: P3m1 (156)
Number of symmetry operations in supercell: 6
------------------------------ primitive cell ------------------------------
Lattice vectors:
  a    7.519595023385365    0.000000000000000    0.000000000000000
  b   -3.759797511692682    6.512160316522356    0.000000000000000
  c    0.000000000000000    0.000000000000000   68.723233456751998
Atomic positions (fractional):
   *1 In  0.00000000000000  0.00000000000000  0.57573074500000 114.818
   *2 In  0.66666666670000  0.33333333330000  0.46084599740000 114.818
   *3 Se  0.33333333330000  0.66666666670000  0.61313916720000  78.960
   *4 Se  0.66666666670000  0.33333333330000  0.52969500930000  78.960
   *5 Se  0.33333333330000  0.66666666670000  0.42573438070000  78.960
-------------------------------- unit cell ---------------------------------
Lattice vectors:
  a    7.519595023385365   -0.000000000000000   -0.000000000000000
  b   -3.759797511692682    6.512160316522356   -0.000000000000000
  c    0.000000000000000    0.000000000000000   68.723233456751998
Atomic positions (fractional):
   *1 In  0.00000000000000  0.00000000000000  0.57573074500000 114.818 > 1
   *2 In  0.66666666670000  0.33333333330000  0.46084599740000 114.818 > 2
   *3 Se  0.33333333330000  0.66666666670000  0.61313916720000  78.960 > 3
   *4 Se  0.66666666670000  0.33333333330000  0.52969500930000  78.960 > 4
   *5 Se  0.33333333330000  0.66666666670000  0.42573438070000  78.960 > 5
-------------------------------- super cell --------------------------------
Lattice vectors:
  a    7.519595023385365    0.000000000000000    0.000000000000000
  b   -3.759797511692682    6.512160316522356    0.000000000000000
  c    0.000000000000000    0.000000000000000   68.723233456751998
Atomic positions (fractional):
   *1 In  0.00000000000000  0.00000000000000  0.57573074500000 114.818 > 1
   *2 In  0.66666666670000  0.33333333330000  0.46084599740000 114.818 > 2
   *3 Se  0.33333333330000  0.66666666670000  0.61313916720000  78.960 > 3
   *4 Se  0.66666666670000  0.33333333330000  0.52969500930000  78.960 > 4
   *5 Se  0.33333333330000  0.66666666670000  0.42573438070000  78.960 > 5
----------------------------------------------------------------------------
Generated number of supercells: 10
"phonopy_disp.yaml" and supercells have been created.