program start at Tue Sep  1 11:32:46 2026
processor number is 20

ABACUS CSR matrices were converted to pyatb atom-pair HDF5 files:
 >> HR : /home/zhuxd/abacus/zstar_validation/hfo2_pbesol_tzdp9_20260901/phonon_gamma/raman_high/mode-0014/plus/pyatb/data-HR-sparse_SPIN0_atom_pairs.h5
 >> SR : /home/zhuxd/abacus/zstar_validation/hfo2_pbesol_tzdp9_20260901/phonon_gamma/raman_high/mode-0014/plus/pyatb/data-SR-sparse_SPIN0_atom_pairs.h5
 >> rR : /home/zhuxd/abacus/zstar_validation/hfo2_pbesol_tzdp9_20260901/phonon_gamma/raman_high/mode-0014/plus/pyatb/data-rR-sparse_atom_pairs.h5


------------------------------------------------------
|                                                    |
|                     Structure                      |
|                                                    |
------------------------------------------------------

Lattice Constant : 1.000000 Angstrom
Symmetry Standardization : disabled
Lattice Vector   : 
       3.556519        0.000000        0.000000 
       0.000000        3.556519        0.000000 
       0.000000        0.000000        5.134867 


------------------------------------------------------
|                                                    |
|               Optical Conductivity                 |
|                                                    |
------------------------------------------------------


Parameter setting : 
 >> occ_band                      : 24
 >> static_dielectric_only        : 1

Enter the optical_conductivity calculation module ==> 
 >> Calculated        800 k points, took 2.834407e+00 s
 >> Calculated        800 k points, took 2.821277e+00 s
 >> Calculated        800 k points, took 2.823164e+00 s
 >> Calculated        800 k points, took 2.824240e+00 s
 >> Calculated        800 k points, took 2.823045e+00 s
 >> Calculated        800 k points, took 2.843670e+00 s
 >> Calculated        800 k points, took 2.868030e+00 s
 >> Calculated        800 k points, took 2.863916e+00 s
 >> Calculated        800 k points, took 2.856073e+00 s
 >> Calculated        800 k points, took 2.860574e+00 s
 >> Calculated        800 k points, took 2.867483e+00 s
 >> Calculated        800 k points, took 2.860749e+00 s
 >> Calculated        800 k points, took 2.860038e+00 s
 >> Calculated        800 k points, took 2.865361e+00 s
 >> Calculated        800 k points, took 2.866668e+00 s
 >> Calculated        800 k points, took 2.864764e+00 s
 >> Calculated        800 k points, took 2.865977e+00 s
 >> Calculated        800 k points, took 2.865282e+00 s
 >> Calculated        800 k points, took 2.863931e+00 s
 >> Calculated        800 k points, took 2.859532e+00 s
 >> Calculated        800 k points, took 2.862140e+00 s
 >> Calculated        800 k points, took 2.864012e+00 s
 >> Calculated        800 k points, took 2.865608e+00 s
 >> Calculated        800 k points, took 2.864056e+00 s
 >> Calculated        800 k points, took 2.867476e+00 s
 >> Calculated        800 k points, took 2.866971e+00 s
 >> Calculated        800 k points, took 2.866528e+00 s
 >> Calculated        800 k points, took 2.870033e+00 s
 >> Calculated        800 k points, took 2.866520e+00 s
 >> Calculated        800 k points, took 2.869113e+00 s
 >> Calculated        800 k points, took 2.870495e+00 s
 >> Calculated        800 k points, took 2.859089e+00 s
 >> Calculated        800 k points, took 2.857074e+00 s
 >> Calculated        800 k points, took 2.854061e+00 s
 >> Calculated        800 k points, took 2.854608e+00 s
 >> Calculated        800 k points, took 2.851833e+00 s
 >> Calculated        600 k points, took 2.147430e+00 s


------------------------------------------------------
|                                                    |
|                   Time Statistics                  |
|                                                    |
------------------------------------------------------

read_input : 
 >> Read Input File                :    2.206564e-03 s
optical_conductivity : 
 >> calculate optical conductivity :    1.052468e+02 s
Total time : 0 h 1 m 51 s
