                                                                                     
                              ABACUS v3.10.0

               Atomic-orbital Based Ab-initio Computation at UStc                    

                     Website: http://abacus.ustc.edu.cn/                             
               Documentation: https://abacus.deepmodeling.com/                       
                  Repository: https://github.com/abacusmodeling/abacus-develop       
                              https://github.com/deepmodeling/abacus-develop         
                      Commit: e84abb4 (Sat Jun 28 13:06:46 2025 +0800)

    Start Time is Fri Sep  4 16:35:21 2026
                                                                                     
 ------------------------------------------------------------------------------------

 READING GENERAL INFORMATION
                           global_out_dir = OUT.POLAR/
                           global_in_card = INPUT
                               pseudo_dir = ./
                              orbital_dir = ./
                                    DRANK = 1
                                    DSIZE = 1
                                   DCOLOR = 1
                                    GRANK = 1
                                    GSIZE = 1




 >>>>>>>>>>>>>>>>>>>>>>>>>>>>>>>>>>>>>>>>>>>>>>>>>>>>>>>>>>>>>>>>>>>>>>
 |                                                                    |
 | Reading atom information in unitcell:                              |
 | From the input file and the structure file we know the number of   |
 | different elments in this unitcell, then we list the detail        |
 | information for each element, especially the zeta and polar atomic |
 | orbital number for each element. The total atom number is counted. |
 | We calculate the nearest atom distance for each atom and show the  |
 | Cartesian and Direct coordinates for each atom. We list the file   |
 | address for atomic orbitals. The volume and the lattice vectors    |
 | in real and reciprocal space is also shown.                        |
 |                                                                    |
 <<<<<<<<<<<<<<<<<<<<<<<<<<<<<<<<<<<<<<<<<<<<<<<<<<<<<<<<<<<<<<<<<<<<<<




 READING UNITCELL INFORMATION
                                    ntype = 2
                  lattice constant (Bohr) = 1.88973
              lattice constant (Angstrom) = 1

 READING ATOM TYPE 1
                               atom label = N
                      L=0, number of zeta = 2
                      L=1, number of zeta = 2
                      L=2, number of zeta = 1
             number of atom for this type = 1

 READING ATOM TYPE 2
                               atom label = B
                      L=0, number of zeta = 2
                      L=1, number of zeta = 2
                      L=2, number of zeta = 1
             number of atom for this type = 1

                        TOTAL ATOM NUMBER = 2
DIRECT COORDINATES
    atom                   x                   y                   z     mag                  vx                  vy                  vz
taud_N1            0.3333333430        0.6666666870        0.5000000000  0.0000        0.0000000000        0.0000000000        0.0000000000
taud_B1            0.6666666270        0.3333333130        0.5003527848  0.0000        0.0000000000        0.0000000000        0.0000000000



                          Volume (Bohr^3) = 1105.12
                             Volume (A^3) = 163.761

 Lattice vectors: (Cartesian coordinate: in unit of a_0)
             +2.51061                  +0                  +0
             -1.25531            +2.17425                  +0
                   +0                  +0                 +30
 Reciprocal vectors: (Cartesian coordinate: in unit of 2 pi/a_0)
            +0.398309           +0.229964                  -0
                   -0           +0.459928                  -0
                   +0                  -0          +0.0333333
 The esolver type has been set to : ksdft_lcao

 RUNNING WITH DEVICE  : CPU / Intel(R) Xeon(R) Gold 6248 CPU @ 2.50GHz




 >>>>>>>>>>>>>>>>>>>>>>>>>>>>>>>>>>>>>>>>>>>>>>>>>>>>>>>>>>>>>>>>>>>>>>
 |                                                                    |
 | Reading pseudopotentials files:                                    |
 | The pseudopotential file is in UPF format. The 'NC' indicates that |
 | the type of pseudopotential is 'norm conserving'. Functional of    |
 | exchange and correlation is decided by 4 given parameters in UPF   |
 | file.  We also read in the 'core correction' if there exists.      |
 | Also we can read the valence electrons number and the maximal      |
 | angular momentum used in this pseudopotential. We also read in the |
 | trail wave function, trail atomic density and local-pseudopotential|
 | on logrithmic grid. The non-local pseudopotential projector is also|
 | read in if there is any.                                           |
 |                                                                    |
 <<<<<<<<<<<<<<<<<<<<<<<<<<<<<<<<<<<<<<<<<<<<<<<<<<<<<<<<<<<<<<<<<<<<<<




                PAO radial cut off (Bohr) = 15

 Read in pseudopotential file is N.upf
                     pseudopotential type = NC
          exchange-correlation functional = PBE
                 nonlocal core correction = 1
                        valence electrons = 5
                                     lmax = 1
                           number of zeta = 2
                     number of projectors = 4
                           L of projector = 0
                           L of projector = 0
                           L of projector = 1
                           L of projector = 1
                PAO radial cut off (Bohr) = 15

 Read in pseudopotential file is B.upf
                     pseudopotential type = NC
          exchange-correlation functional = PBE
                 nonlocal core correction = 1
                        valence electrons = 3
                                     lmax = 1
                           number of zeta = 2
                     number of projectors = 4
                           L of projector = 0
                           L of projector = 0
                           L of projector = 1
                           L of projector = 1
     initial pseudo atomic orbital number = 8

 SETUP THE ELECTRONS NUMBER
             electron number of element N = 5
       total electron number of element N = 5
             electron number of element B = 3
       total electron number of element B = 3
            AUTOSET number of electrons:  = 8
                           occupied bands = 4
                                   NLOCAL = 26
                                   NBANDS = 14
                                   NBANDS = 14
                                   NLOCAL = 26




 >>>>>>>>>>>>>>>>>>>>>>>>>>>>>>>>>>>>>>>>>>>>>>>>>>>>>>>>>>>>>>>>>>>>>>
 |                                                                    |
 | Setup plane waves of charge/potential:                             |
 | Use the energy cutoff and the lattice vectors to generate the      |
 | dimensions of FFT grid. The number of FFT grid on each processor   |
 | is 'nrxx'. The number of plane wave basis in reciprocal space is   |
 | different for charege/potential and wave functions. We also set    |
 | the 'sticks' for the parallel of FFT. The number of plane waves    |
 | is 'npw' in each processor.                                        |
 <<<<<<<<<<<<<<<<<<<<<<<<<<<<<<<<<<<<<<<<<<<<<<<<<<<<<<<<<<<<<<<<<<<<<<





 SETUP THE PLANE WAVE BASIS
 energy cutoff for charge/potential (unit:Ry) = 400
            fft grid for charge/potential = [ 32, 32, 375 ]
                        fft grid division = [ 4, 4, 3 ]
        big fft grid for charge/potential = [ 8, 8, 125 ]
                                     nbxx = 8000
                                     nrxx = 384000

 SETUP PLANE WAVES FOR CHARGE/POTENTIAL
                    number of plane waves = 148909
                         number of sticks = 625

 PARALLEL PW FOR CHARGE/POTENTIAL
     PROC   COLUMNS(POT)             PW
        1            625         148909
 --------------- sum -------------------
        1            625         148909
                            number of |g| = 7324
                                  max |g| = 36.1822
                                  min |g| = 0
 DONE : SETUP UNITCELL Time : 0.109516 (SEC)


----------- Double Check Mixing Parameters Begin ------------
mixing_type: broyden
mixing_beta: 0.8
mixing_gg0: 1
mixing_gg0_min: 0.1
mixing_ndim: 8
----------- Double Check Mixing Parameters End ------------




 >>>>>>>>>>>>>>>>>>>>>>>>>>>>>>>>>>>>>>>>>>>>>>>>>>>>>>>>>>>>>>>>>>>>>>
 |                                                                    |
 | Doing symmetry analysis:                                           |
 | We calculate the norm of 3 vectors and the angles between them,    |
 | the type of Bravais lattice is given. We can judge if the unticell |
 | is a primitive cell. Finally we give the point group operation for |
 | this unitcell. We use the point group operations to do symmetry |
 | analysis on given k-point mesh and the charge density.             |
 |                                                                    |
 <<<<<<<<<<<<<<<<<<<<<<<<<<<<<<<<<<<<<<<<<<<<<<<<<<<<<<<<<<<<<<<<<<<<<<




 LATTICE VECTORS: (CARTESIAN COORDINATE: IN UNIT OF A0)
             +2.51061                  +0                  +0
             -1.25531            +2.17425                  +0
                   +0                  +0                 +30
                       right hand lattice = 1
                                   NORM_A = 2.51061
                                   NORM_B = 2.51061
                                   NORM_C = 30
                           ALPHA (DEGREE) = 90
                           BETA  (DEGREE) = 90
                           GAMMA (DEGREE) = 120

 The lattice vectors have been changed (STRU_SIMPLE.cif)

(for optimal symmetric configuration:)
                             BRAVAIS TYPE = 4
                     BRAVAIS LATTICE NAME = 04. Hexagonal cell
                                    ibrav = 4
                                    IBRAV = 4
                                  BRAVAIS = HEXAGONAL CELL
                       LATTICE CONSTANT A = 2.51061
                                C/A RATIO = 11.9493
Original cell was already a primitive cell.
                        ROTATION MATRICES = 24
              PURE POINT GROUP OPERATIONS = 6
                   SPACE GROUP OPERATIONS = 6
                                       C2 = 0
                                       C3 = 2
                                       C4 = 0
                                       C6 = 0
                                       S1 = 3
                                       S3 = 0
                                       S4 = 0
                                       S6 = 0
                              POINT GROUP = C_3v
                                       C2 = 0
                                       C3 = 2
                                       C4 = 0
                                       C6 = 0
                                       S1 = 3
                                       S3 = 0
                                       S4 = 0
                                       S6 = 0
               POINT GROUP IN SPACE GROUP = C_3v
 DONE : SYMMETRY Time : 0.133974 (SEC)





 >>>>>>>>>>>>>>>>>>>>>>>>>>>>>>>>>>>>>>>>>>>>>>>>>>>>>>>>>>>>>>>>>>>>>>
 |                                                                    |
 | Setup K-points                                                     |
 | We setup the k-points according to input parameters.               |
 | The reduced k-points are set according to symmetry operations.     |
 | We treat the spin as another set of k-points.                      |
 |                                                                    |
 <<<<<<<<<<<<<<<<<<<<<<<<<<<<<<<<<<<<<<<<<<<<<<<<<<<<<<<<<<<<<<<<<<<<<<





 SETUP K-POINTS
                                    nspin = 1
                   Input type of k points = Monkhorst-Pack(Gamma)
                                   nkstot = 256
                       right hand lattice = 1
(for reciprocal lattice: )
                             BRAVAIS TYPE = 4
                     BRAVAIS LATTICE NAME = 04. Hexagonal cell
                                    ibrav = 4
                       right hand lattice = 1
(for k-lattice: )
                             BRAVAIS TYPE = 4
                     BRAVAIS LATTICE NAME = 04. Hexagonal cell
                                    ibrav = 4
                       right hand lattice = 1
                        ROTATION MATRICES = 24
                               nkstot_ibz = 30
K-POINTS REDUCTION ACCORDING TO SYMMETRY
     IBZ    DIRECT_X    DIRECT_Y    DIRECT_Z  WEIGHT  ibz2bz
       1  0.00000000  0.00000000  0.00000000  0.0039       0
       2 -0.06250000  0.06250000  0.00000000  0.0234       1
       3 -0.12500000  0.12500000  0.00000000  0.0234       2
       4 -0.18750000  0.18750000  0.00000000  0.0234       3
       5 -0.25000000  0.25000000  0.00000000  0.0234       4
       6 -0.31250000  0.31250000  0.00000000  0.0234       5
       7 -0.37500000  0.37500000  0.00000000  0.0234       6
       8 -0.43750000  0.43750000  0.00000000  0.0234       7
       9  0.50000000  0.50000000  0.00000000  0.0117       8
      10 -0.06250000  0.12500000  0.00000000  0.0234      17
      11 -0.12500000  0.18750000  0.00000000  0.0469      18
      12 -0.18750000  0.25000000  0.00000000  0.0469      19
      13 -0.25000000  0.31250000  0.00000000  0.0469      20
      14 -0.31250000  0.37500000  0.00000000  0.0469      21
      15 -0.37500000  0.43750000  0.00000000  0.0469      22
      16  0.50000000  0.43750000  0.00000000  0.0469      23
      17 -0.12500000  0.25000000  0.00000000  0.0234      34
      18 -0.18750000  0.31250000  0.00000000  0.0469      35
      19 -0.25000000  0.37500000  0.00000000  0.0469      36
      20 -0.31250000  0.43750000  0.00000000  0.0469      37
      21  0.50000000  0.37500000  0.00000000  0.0469      38
      22  0.43750000  0.43750000  0.00000000  0.0234      39
      23 -0.18750000  0.37500000  0.00000000  0.0234      51
      24 -0.25000000  0.43750000  0.00000000  0.0469      52
      25  0.50000000  0.31250000  0.00000000  0.0469      53
      26  0.43750000  0.37500000  0.00000000  0.0469      54
      27  0.50000000  0.25000000  0.00000000  0.0234      68
      28  0.43750000  0.31250000  0.00000000  0.0469      69
      29  0.37500000  0.37500000  0.00000000  0.0234      70
      30  0.37500000  0.31250000  0.00000000  0.0234      85

                               nkstot now = 30
K-POINTS DIRECT COORDINATES
 KPOINTS    DIRECT_X    DIRECT_Y    DIRECT_Z  WEIGHT
       1  0.00000000  0.00000000  0.00000000  0.0039
       2 -0.06250000  0.06250000  0.00000000  0.0234
       3 -0.12500000  0.12500000  0.00000000  0.0234
       4 -0.18750000  0.18750000  0.00000000  0.0234
       5 -0.25000000  0.25000000  0.00000000  0.0234
       6 -0.31250000  0.31250000  0.00000000  0.0234
       7 -0.37500000  0.37500000  0.00000000  0.0234
       8 -0.43750000  0.43750000  0.00000000  0.0234
       9  0.50000000  0.50000000  0.00000000  0.0117
      10 -0.06250000  0.12500000  0.00000000  0.0234
      11 -0.12500000  0.18750000  0.00000000  0.0469
      12 -0.18750000  0.25000000  0.00000000  0.0469
      13 -0.25000000  0.31250000  0.00000000  0.0469
      14 -0.31250000  0.37500000  0.00000000  0.0469
      15 -0.37500000  0.43750000  0.00000000  0.0469
      16  0.50000000  0.43750000  0.00000000  0.0469
      17 -0.12500000  0.25000000  0.00000000  0.0234
      18 -0.18750000  0.31250000  0.00000000  0.0469
      19 -0.25000000  0.37500000  0.00000000  0.0469
      20 -0.31250000  0.43750000  0.00000000  0.0469
      21  0.50000000  0.37500000  0.00000000  0.0469
      22  0.43750000  0.43750000  0.00000000  0.0234
      23 -0.18750000  0.37500000  0.00000000  0.0234
      24 -0.25000000  0.43750000  0.00000000  0.0469
      25  0.50000000  0.31250000  0.00000000  0.0469
      26  0.43750000  0.37500000  0.00000000  0.0469
      27  0.50000000  0.25000000  0.00000000  0.0234
      28  0.43750000  0.31250000  0.00000000  0.0469
      29  0.37500000  0.37500000  0.00000000  0.0234
      30  0.37500000  0.31250000  0.00000000  0.0234


           k-point number in this process = 30
       minimum distributed K point number = 30
starsize: 1
isym: 0 ks_vec: 0 0 0
starsize: 6
isym: 0 ks_vec: -0.0625 0.0625 0
isym: 1 ks_vec: 0 -0.0625 0
isym: 2 ks_vec: 0.0625 0 0
isym: 6 ks_vec: 0.0625 -0.0625 0
isym: 7 ks_vec: 0 0.0625 0
isym: 8 ks_vec: -0.0625 0 0
starsize: 6
isym: 0 ks_vec: -0.125 0.125 0
isym: 1 ks_vec: 0 -0.125 0
isym: 2 ks_vec: 0.125 0 0
isym: 6 ks_vec: 0.125 -0.125 0
isym: 7 ks_vec: 0 0.125 0
isym: 8 ks_vec: -0.125 0 0
starsize: 6
isym: 0 ks_vec: -0.1875 0.1875 0
isym: 1 ks_vec: 0 -0.1875 0
isym: 2 ks_vec: 0.1875 0 0
isym: 6 ks_vec: 0.1875 -0.1875 0
isym: 7 ks_vec: 0 0.1875 0
isym: 8 ks_vec: -0.1875 0 0
starsize: 6
isym: 0 ks_vec: -0.25 0.25 0
isym: 1 ks_vec: 0 -0.25 0
isym: 2 ks_vec: 0.25 0 0
isym: 6 ks_vec: 0.25 -0.25 0
isym: 7 ks_vec: 0 0.25 0
isym: 8 ks_vec: -0.25 0 0
starsize: 6
isym: 0 ks_vec: -0.3125 0.3125 0
isym: 1 ks_vec: 0 -0.3125 0
isym: 2 ks_vec: 0.3125 0 0
isym: 6 ks_vec: 0.3125 -0.3125 0
isym: 7 ks_vec: 0 0.3125 0
isym: 8 ks_vec: -0.3125 0 0
starsize: 6
isym: 0 ks_vec: -0.375 0.375 0
isym: 1 ks_vec: 0 -0.375 0
isym: 2 ks_vec: 0.375 0 0
isym: 6 ks_vec: 0.375 -0.375 0
isym: 7 ks_vec: 0 0.375 0
isym: 8 ks_vec: -0.375 0 0
starsize: 6
isym: 0 ks_vec: -0.4375 0.4375 0
isym: 1 ks_vec: 0 -0.4375 0
isym: 2 ks_vec: 0.4375 0 0
isym: 6 ks_vec: 0.4375 -0.4375 0
isym: 7 ks_vec: 0 0.4375 0
isym: 8 ks_vec: -0.4375 0 0
starsize: 3
isym: 0 ks_vec: 0.5 0.5 0
isym: 1 ks_vec: 0 0.5 0
isym: 2 ks_vec: 0.5 0 0
starsize: 6
isym: 0 ks_vec: -0.0625 0.125 0
isym: 1 ks_vec: -0.0625 -0.0625 0
isym: 2 ks_vec: 0.125 -0.0625 0
isym: 3 ks_vec: 0.0625 0.0625 0
isym: 4 ks_vec: -0.125 0.0625 0
isym: 5 ks_vec: 0.0625 -0.125 0
starsize: 12
isym: 0 ks_vec: -0.125 0.1875 0
isym: 1 ks_vec: -0.0625 -0.125 0
isym: 2 ks_vec: 0.1875 -0.0625 0
isym: 3 ks_vec: 0.125 0.0625 0
isym: 4 ks_vec: -0.1875 0.125 0
isym: 5 ks_vec: 0.0625 -0.1875 0
isym: 6 ks_vec: 0.125 -0.1875 0
isym: 7 ks_vec: 0.0625 0.125 0
isym: 8 ks_vec: -0.1875 0.0625 0
isym: 9 ks_vec: -0.125 -0.0625 0
isym: 10 ks_vec: 0.1875 -0.125 0
isym: 11 ks_vec: -0.0625 0.1875 0
starsize: 12
isym: 0 ks_vec: -0.1875 0.25 0
isym: 1 ks_vec: -0.0625 -0.1875 0
isym: 2 ks_vec: 0.25 -0.0625 0
isym: 3 ks_vec: 0.1875 0.0625 0
isym: 4 ks_vec: -0.25 0.1875 0
isym: 5 ks_vec: 0.0625 -0.25 0
isym: 6 ks_vec: 0.1875 -0.25 0
isym: 7 ks_vec: 0.0625 0.1875 0
isym: 8 ks_vec: -0.25 0.0625 0
isym: 9 ks_vec: -0.1875 -0.0625 0
isym: 10 ks_vec: 0.25 -0.1875 0
isym: 11 ks_vec: -0.0625 0.25 0
starsize: 12
isym: 0 ks_vec: -0.25 0.3125 0
isym: 1 ks_vec: -0.0625 -0.25 0
isym: 2 ks_vec: 0.3125 -0.0625 0
isym: 3 ks_vec: 0.25 0.0625 0
isym: 4 ks_vec: -0.3125 0.25 0
isym: 5 ks_vec: 0.0625 -0.3125 0
isym: 6 ks_vec: 0.25 -0.3125 0
isym: 7 ks_vec: 0.0625 0.25 0
isym: 8 ks_vec: -0.3125 0.0625 0
isym: 9 ks_vec: -0.25 -0.0625 0
isym: 10 ks_vec: 0.3125 -0.25 0
isym: 11 ks_vec: -0.0625 0.3125 0
starsize: 12
isym: 0 ks_vec: -0.3125 0.375 0
isym: 1 ks_vec: -0.0625 -0.3125 0
isym: 2 ks_vec: 0.375 -0.0625 0
isym: 3 ks_vec: 0.3125 0.0625 0
isym: 4 ks_vec: -0.375 0.3125 0
isym: 5 ks_vec: 0.0625 -0.375 0
isym: 6 ks_vec: 0.3125 -0.375 0
isym: 7 ks_vec: 0.0625 0.3125 0
isym: 8 ks_vec: -0.375 0.0625 0
isym: 9 ks_vec: -0.3125 -0.0625 0
isym: 10 ks_vec: 0.375 -0.3125 0
isym: 11 ks_vec: -0.0625 0.375 0
starsize: 12
isym: 0 ks_vec: -0.375 0.4375 0
isym: 1 ks_vec: -0.0625 -0.375 0
isym: 2 ks_vec: 0.4375 -0.0625 0
isym: 3 ks_vec: 0.375 0.0625 0
isym: 4 ks_vec: -0.4375 0.375 0
isym: 5 ks_vec: 0.0625 -0.4375 0
isym: 6 ks_vec: 0.375 -0.4375 0
isym: 7 ks_vec: 0.0625 0.375 0
isym: 8 ks_vec: -0.4375 0.0625 0
isym: 9 ks_vec: -0.375 -0.0625 0
isym: 10 ks_vec: 0.4375 -0.375 0
isym: 11 ks_vec: -0.0625 0.4375 0
starsize: 12
isym: 0 ks_vec: 0.5 0.4375 0
isym: 1 ks_vec: 0.0625 0.5 0
isym: 2 ks_vec: 0.4375 0.0625 0
isym: 3 ks_vec: 0.5 -0.0625 0
isym: 4 ks_vec: -0.4375 0.5 0
isym: 5 ks_vec: -0.0625 -0.4375 0
isym: 6 ks_vec: 0.5 -0.4375 0
isym: 7 ks_vec: -0.0625 0.5 0
isym: 8 ks_vec: -0.4375 -0.0625 0
isym: 9 ks_vec: 0.5 0.0625 0
isym: 10 ks_vec: 0.4375 0.5 0
isym: 11 ks_vec: 0.0625 0.4375 0
starsize: 6
isym: 0 ks_vec: -0.125 0.25 0
isym: 1 ks_vec: -0.125 -0.125 0
isym: 2 ks_vec: 0.25 -0.125 0
isym: 3 ks_vec: 0.125 0.125 0
isym: 4 ks_vec: -0.25 0.125 0
isym: 5 ks_vec: 0.125 -0.25 0
starsize: 12
isym: 0 ks_vec: -0.1875 0.3125 0
isym: 1 ks_vec: -0.125 -0.1875 0
isym: 2 ks_vec: 0.3125 -0.125 0
isym: 3 ks_vec: 0.1875 0.125 0
isym: 4 ks_vec: -0.3125 0.1875 0
isym: 5 ks_vec: 0.125 -0.3125 0
isym: 6 ks_vec: 0.1875 -0.3125 0
isym: 7 ks_vec: 0.125 0.1875 0
isym: 8 ks_vec: -0.3125 0.125 0
isym: 9 ks_vec: -0.1875 -0.125 0
isym: 10 ks_vec: 0.3125 -0.1875 0
isym: 11 ks_vec: -0.125 0.3125 0
starsize: 12
isym: 0 ks_vec: -0.25 0.375 0
isym: 1 ks_vec: -0.125 -0.25 0
isym: 2 ks_vec: 0.375 -0.125 0
isym: 3 ks_vec: 0.25 0.125 0
isym: 4 ks_vec: -0.375 0.25 0
isym: 5 ks_vec: 0.125 -0.375 0
isym: 6 ks_vec: 0.25 -0.375 0
isym: 7 ks_vec: 0.125 0.25 0
isym: 8 ks_vec: -0.375 0.125 0
isym: 9 ks_vec: -0.25 -0.125 0
isym: 10 ks_vec: 0.375 -0.25 0
isym: 11 ks_vec: -0.125 0.375 0
starsize: 12
isym: 0 ks_vec: -0.3125 0.4375 0
isym: 1 ks_vec: -0.125 -0.3125 0
isym: 2 ks_vec: 0.4375 -0.125 0
isym: 3 ks_vec: 0.3125 0.125 0
isym: 4 ks_vec: -0.4375 0.3125 0
isym: 5 ks_vec: 0.125 -0.4375 0
isym: 6 ks_vec: 0.3125 -0.4375 0
isym: 7 ks_vec: 0.125 0.3125 0
isym: 8 ks_vec: -0.4375 0.125 0
isym: 9 ks_vec: -0.3125 -0.125 0
isym: 10 ks_vec: 0.4375 -0.3125 0
isym: 11 ks_vec: -0.125 0.4375 0
starsize: 12
isym: 0 ks_vec: 0.5 0.375 0
isym: 1 ks_vec: 0.125 0.5 0
isym: 2 ks_vec: 0.375 0.125 0
isym: 3 ks_vec: 0.5 -0.125 0
isym: 4 ks_vec: -0.375 0.5 0
isym: 5 ks_vec: -0.125 -0.375 0
isym: 6 ks_vec: 0.5 -0.375 0
isym: 7 ks_vec: -0.125 0.5 0
isym: 8 ks_vec: -0.375 -0.125 0
isym: 9 ks_vec: 0.5 0.125 0
isym: 10 ks_vec: 0.375 0.5 0
isym: 11 ks_vec: 0.125 0.375 0
starsize: 6
isym: 0 ks_vec: 0.4375 0.4375 0
isym: 1 ks_vec: 0.125 0.4375 0
isym: 2 ks_vec: 0.4375 0.125 0
isym: 3 ks_vec: -0.4375 -0.125 0
isym: 4 ks_vec: -0.4375 -0.4375 0
isym: 5 ks_vec: -0.125 -0.4375 0
starsize: 6
isym: 0 ks_vec: -0.1875 0.375 0
isym: 1 ks_vec: -0.1875 -0.1875 0
isym: 2 ks_vec: 0.375 -0.1875 0
isym: 3 ks_vec: 0.1875 0.1875 0
isym: 4 ks_vec: -0.375 0.1875 0
isym: 5 ks_vec: 0.1875 -0.375 0
starsize: 12
isym: 0 ks_vec: -0.25 0.4375 0
isym: 1 ks_vec: -0.1875 -0.25 0
isym: 2 ks_vec: 0.4375 -0.1875 0
isym: 3 ks_vec: 0.25 0.1875 0
isym: 4 ks_vec: -0.4375 0.25 0
isym: 5 ks_vec: 0.1875 -0.4375 0
isym: 6 ks_vec: 0.25 -0.4375 0
isym: 7 ks_vec: 0.1875 0.25 0
isym: 8 ks_vec: -0.4375 0.1875 0
isym: 9 ks_vec: -0.25 -0.1875 0
isym: 10 ks_vec: 0.4375 -0.25 0
isym: 11 ks_vec: -0.1875 0.4375 0
starsize: 12
isym: 0 ks_vec: 0.5 0.3125 0
isym: 1 ks_vec: 0.1875 0.5 0
isym: 2 ks_vec: 0.3125 0.1875 0
isym: 3 ks_vec: 0.5 -0.1875 0
isym: 4 ks_vec: -0.3125 0.5 0
isym: 5 ks_vec: -0.1875 -0.3125 0
isym: 6 ks_vec: 0.5 -0.3125 0
isym: 7 ks_vec: -0.1875 0.5 0
isym: 8 ks_vec: -0.3125 -0.1875 0
isym: 9 ks_vec: 0.5 0.1875 0
isym: 10 ks_vec: 0.3125 0.5 0
isym: 11 ks_vec: 0.1875 0.3125 0
starsize: 12
isym: 0 ks_vec: 0.4375 0.375 0
isym: 1 ks_vec: 0.1875 0.4375 0
isym: 2 ks_vec: 0.375 0.1875 0
isym: 3 ks_vec: -0.4375 -0.1875 0
isym: 4 ks_vec: -0.375 -0.4375 0
isym: 5 ks_vec: -0.1875 -0.375 0
isym: 6 ks_vec: -0.4375 -0.375 0
isym: 7 ks_vec: -0.1875 -0.4375 0
isym: 8 ks_vec: -0.375 -0.1875 0
isym: 9 ks_vec: 0.4375 0.1875 0
isym: 10 ks_vec: 0.375 0.4375 0
isym: 11 ks_vec: 0.1875 0.375 0
starsize: 6
isym: 0 ks_vec: 0.5 0.25 0
isym: 1 ks_vec: 0.25 0.5 0
isym: 2 ks_vec: 0.25 0.25 0
isym: 3 ks_vec: 0.5 -0.25 0
isym: 4 ks_vec: -0.25 0.5 0
isym: 5 ks_vec: -0.25 -0.25 0
starsize: 12
isym: 0 ks_vec: 0.4375 0.3125 0
isym: 1 ks_vec: 0.25 0.4375 0
isym: 2 ks_vec: 0.3125 0.25 0
isym: 3 ks_vec: -0.4375 -0.25 0
isym: 4 ks_vec: -0.3125 -0.4375 0
isym: 5 ks_vec: -0.25 -0.3125 0
isym: 6 ks_vec: -0.4375 -0.3125 0
isym: 7 ks_vec: -0.25 -0.4375 0
isym: 8 ks_vec: -0.3125 -0.25 0
isym: 9 ks_vec: 0.4375 0.25 0
isym: 10 ks_vec: 0.3125 0.4375 0
isym: 11 ks_vec: 0.25 0.3125 0
starsize: 6
isym: 0 ks_vec: 0.375 0.375 0
isym: 1 ks_vec: 0.25 0.375 0
isym: 2 ks_vec: 0.375 0.25 0
isym: 3 ks_vec: -0.375 -0.25 0
isym: 4 ks_vec: -0.375 -0.375 0
isym: 5 ks_vec: -0.25 -0.375 0
starsize: 6
isym: 0 ks_vec: 0.375 0.3125 0
isym: 1 ks_vec: 0.3125 0.375 0
isym: 2 ks_vec: 0.3125 0.3125 0
isym: 3 ks_vec: -0.375 -0.3125 0
isym: 4 ks_vec: -0.3125 -0.375 0
isym: 5 ks_vec: -0.3125 -0.3125 0

K-POINTS CARTESIAN COORDINATES
 KPOINTS CARTESIAN_X CARTESIAN_Y CARTESIAN_Z  WEIGHT
       1  0.00000000  0.00000000  0.00000000  0.0078
       2 -0.02489432  0.01437274  0.00000000  0.0469
       3 -0.04978863  0.02874548  0.00000000  0.0469
       4 -0.07468295  0.04311822  0.00000000  0.0469
       5 -0.09957727  0.05749096  0.00000000  0.0469
       6 -0.12447158  0.07186370  0.00000000  0.0469
       7 -0.14936590  0.08623644  0.00000000  0.0469
       8 -0.17426022  0.10060918  0.00000000  0.0469
       9  0.19915453  0.34494577  0.00000000  0.0234
      10 -0.02489432  0.04311822  0.00000000  0.0469
      11 -0.04978863  0.05749096  0.00000000  0.0938
      12 -0.07468295  0.07186370  0.00000000  0.0938
      13 -0.09957727  0.08623644  0.00000000  0.0938
      14 -0.12447158  0.10060918  0.00000000  0.0938
      15 -0.14936590  0.11498192  0.00000000  0.0938
      16  0.19915453  0.31620029  0.00000000  0.0938
      17 -0.04978863  0.08623644  0.00000000  0.0469
      18 -0.07468295  0.10060918  0.00000000  0.0938
      19 -0.09957727  0.11498192  0.00000000  0.0938
      20 -0.12447158  0.12935466  0.00000000  0.0938
      21  0.19915453  0.28745481  0.00000000  0.0938
      22  0.17426022  0.30182755  0.00000000  0.0469
      23 -0.07468295  0.12935466  0.00000000  0.0469
      24 -0.09957727  0.14372740  0.00000000  0.0938
      25  0.19915453  0.25870933  0.00000000  0.0938
      26  0.17426022  0.27308207  0.00000000  0.0938
      27  0.19915453  0.22996385  0.00000000  0.0469
      28  0.17426022  0.24433659  0.00000000  0.0938
      29  0.14936590  0.25870933  0.00000000  0.0469
      30  0.14936590  0.22996385  0.00000000  0.0469


K-POINTS DIRECT COORDINATES
 KPOINTS    DIRECT_X    DIRECT_Y    DIRECT_Z  WEIGHT
       1  0.00000000  0.00000000  0.00000000  0.0078
       2 -0.06250000  0.06250000  0.00000000  0.0469
       3 -0.12500000  0.12500000  0.00000000  0.0469
       4 -0.18750000  0.18750000  0.00000000  0.0469
       5 -0.25000000  0.25000000  0.00000000  0.0469
       6 -0.31250000  0.31250000  0.00000000  0.0469
       7 -0.37500000  0.37500000  0.00000000  0.0469
       8 -0.43750000  0.43750000  0.00000000  0.0469
       9  0.50000000  0.50000000  0.00000000  0.0234
      10 -0.06250000  0.12500000  0.00000000  0.0469
      11 -0.12500000  0.18750000  0.00000000  0.0938
      12 -0.18750000  0.25000000  0.00000000  0.0938
      13 -0.25000000  0.31250000  0.00000000  0.0938
      14 -0.31250000  0.37500000  0.00000000  0.0938
      15 -0.37500000  0.43750000  0.00000000  0.0938
      16  0.50000000  0.43750000  0.00000000  0.0938
      17 -0.12500000  0.25000000  0.00000000  0.0469
      18 -0.18750000  0.31250000  0.00000000  0.0938
      19 -0.25000000  0.37500000  0.00000000  0.0938
      20 -0.31250000  0.43750000  0.00000000  0.0938
      21  0.50000000  0.37500000  0.00000000  0.0938
      22  0.43750000  0.43750000  0.00000000  0.0469
      23 -0.18750000  0.37500000  0.00000000  0.0469
      24 -0.25000000  0.43750000  0.00000000  0.0938
      25  0.50000000  0.31250000  0.00000000  0.0938
      26  0.43750000  0.37500000  0.00000000  0.0938
      27  0.50000000  0.25000000  0.00000000  0.0469
      28  0.43750000  0.31250000  0.00000000  0.0938
      29  0.37500000  0.37500000  0.00000000  0.0469
      30  0.37500000  0.31250000  0.00000000  0.0469

 DONE : INIT K-POINTS Time : 0.211848 (SEC)


 Warning_Memory_Consuming allocated:  PW_B_K::gcar 12.8904 MB




 >>>>>>>>>>>>>>>>>>>>>>>>>>>>>>>>>>>>>>>>>>>>>>>>>>>>>>>>>>>>>>>>>>>>>>
 |                                                                    |
 | Setup plane waves of wave functions:                               |
 | Use the energy cutoff and the lattice vectors to generate the      |
 | dimensions of FFT grid. The number of FFT grid on each processor   |
 | is 'nrxx'. The number of plane wave basis in reciprocal space is   |
 | different for charege/potential and wave functions. We also set    |
 | the 'sticks' for the parallel of FFT. The number of plane wave of  |
 | each k-point is 'npwk[ik]' in each processor                       |
 <<<<<<<<<<<<<<<<<<<<<<<<<<<<<<<<<<<<<<<<<<<<<<<<<<<<<<<<<<<<<<<<<<<<<<





 SETUP PLANE WAVES FOR WAVE FUNCTIONS
     energy cutoff for wavefunc (unit:Ry) = 100
              fft grid for wave functions = [ 32, 32, 375 ]
                    number of plane waves = 27271
                         number of sticks = 199

 PARALLEL PW FOR WAVE FUNCTIONS
     PROC   COLUMNS(POT)             PW
        1            199          27271
 --------------- sum -------------------
        1            199          27271
 DONE : INIT PLANEWAVE Time : 0.249931 (SEC)

 SET NONLOCAL PSEUDOPOTENTIAL PROJECTORS
 SET NONLOCAL PSEUDOPOTENTIAL PROJECTORS
 max number of nonlocal projetors among all species is 4
 DONE : LOCAL POTENTIAL Time : 0.432356 (SEC)


 -------------------------------------------
 SELF-CONSISTENT
 -------------------------------------------




 >>>>>>>>>>>>>>>>>>>>>>>>>>>>>>>>>>>>>>>>>>>>>>>>>>>>>>>>>>>>>>>>>>>>>>
 |                                                                    |
 | Search adjacent atoms:                                             |
 | Set the adjacent atoms for each atom and set the periodic boundary |
 | condition for the atoms on real space FFT grid. For k-dependent    |
 | algorithm, we also need to set the sparse H and S matrix element   |
 | for each atom.                                                     |
 |                                                                    |
 <<<<<<<<<<<<<<<<<<<<<<<<<<<<<<<<<<<<<<<<<<<<<<<<<<<<<<<<<<<<<<<<<<<<<<





 SETUP SEARCHING RADIUS FOR PROGRAM TO SEARCH ADJACENT ATOMS
                  longest orb rcut (Bohr) = 10
   longest nonlocal projector rcut (Bohr) = 1.38
                     search radius (Bohr) = 22.8
              searching radius is (Bohr)) = 22.8
         searching radius unit is (Bohr)) = 1.89
                         PeriodicBoundary = 1
                        Radius(unit:lat0) = 12
                                   glayer = [ 7, 7, 2 ]
                             glayer_minus = [ 6, 6, 1 ]

Find the coordinate range of the input atom(unit:lat0).
                                  min_tau = [ -22.6, -12.3, -15 ]
                                  max_tau = [ 23.9, 14.5, 45 ]
                                BoxNumber = [ 13, 13, 3 ]

 SETUP EXTENDED REAL SPACE GRID FOR GRID INTEGRATION
                          real space grid = [ 32, 32, 375 ]
                 big cell numbers in grid = [ 8, 8, 125 ]
             meshcell numbers in big cell = [ 4, 4, 3 ]
                        extended fft grid = [ 20, 20, 23 ]
                dimension of extened grid = [ 49, 49, 172 ]
                            UnitCellTotal = 147
              Atom number in sub-FFT-grid = 2
    Local orbitals number in sub-FFT-grid = 26
                                ParaV.nnr = 47996
                                 init_chg = file
 try to read charge from file
 Read in the charge density: OUT.POLAR//POLAR-CHARGE-DENSITY.restart
 DONE : INIT SCF Time : 0.60055 (SEC)


 LCAO ALGORITHM --------------- ION=   1  ELEC=   1--------------------------------

 Density error is 0.0131083021618
----------------------------------------------------------
     Energy           Rydberg                 eV          
----------------------------------------------------------
 E_KohnSham     -26.8060629411       -364.7151969461      
 E_Harris       -26.8160719658       -364.8513767123      
 E_Fermi        -0.1324691803        -1.8023356620        
----------------------------------------------------------


 LCAO ALGORITHM --------------- ION=   1  ELEC=   2--------------------------------

 Density error is 0.00453972017543
----------------------------------------------------------
     Energy           Rydberg                 eV          
----------------------------------------------------------
 E_KohnSham     -26.8065554658       -364.7218980883      
 E_Harris       -26.7997538986       -364.6293580183      
 E_Fermi        -0.1327332420        -1.8059284051        
----------------------------------------------------------


 LCAO ALGORITHM --------------- ION=   1  ELEC=   3--------------------------------

 Density error is 0.00229203570067
----------------------------------------------------------
     Energy           Rydberg                 eV          
----------------------------------------------------------
 E_KohnSham     -26.8065377335       -364.7216568274      
 E_Harris       -26.8095532619       -364.7626851962      
 E_Fermi        -0.1323142530        -1.8002277675        
----------------------------------------------------------


 LCAO ALGORITHM --------------- ION=   1  ELEC=   4--------------------------------

 Density error is 0.00171959512994
----------------------------------------------------------
     Energy           Rydberg                 eV          
----------------------------------------------------------
 E_KohnSham     -26.8065253721       -364.7214886423      
 E_Harris       -26.8035815290       -364.6814356022      
 E_Fermi        -0.1325453762        -1.8033723594        
----------------------------------------------------------


 LCAO ALGORITHM --------------- ION=   1  ELEC=   5--------------------------------

 Density error is 0.00134183143294
----------------------------------------------------------
     Energy           Rydberg                 eV          
----------------------------------------------------------
 E_KohnSham     -26.8065075530       -364.7212462013      
 E_Harris       -26.8067690935       -364.7248046418      
 E_Fermi        -0.1324005322        -1.8014016557        
----------------------------------------------------------


 LCAO ALGORITHM --------------- ION=   1  ELEC=   6--------------------------------

 Density error is 0.000900667480246
----------------------------------------------------------
     Energy           Rydberg                 eV          
----------------------------------------------------------
 E_KohnSham     -26.8064927010       -364.7210441289      
 E_Harris       -26.8063867818       -364.7196030248      
 E_Fermi        -0.1323988358        -1.8013785760        
----------------------------------------------------------


 LCAO ALGORITHM --------------- ION=   1  ELEC=   7--------------------------------

 Density error is 0.000548347342046
----------------------------------------------------------
     Energy           Rydberg                 eV          
----------------------------------------------------------
 E_KohnSham     -26.8064863305       -364.7209574542      
 E_Harris       -26.8063766387       -364.7194650198      
 E_Fermi        -0.1323798554        -1.8011203335        
----------------------------------------------------------


 LCAO ALGORITHM --------------- ION=   1  ELEC=   8--------------------------------

 Density error is 0.000314049592057
----------------------------------------------------------
     Energy           Rydberg                 eV          
----------------------------------------------------------
 E_KohnSham     -26.8064841269       -364.7209274718      
 E_Harris       -26.8064169060       -364.7200128845      
 E_Fermi        -0.1323626261        -1.8008859172        
----------------------------------------------------------


 LCAO ALGORITHM --------------- ION=   1  ELEC=   9--------------------------------

 Density error is 0.000159387807094
----------------------------------------------------------
     Energy           Rydberg                 eV          
----------------------------------------------------------
 E_KohnSham     -26.8064835783       -364.7209200082      
 E_Harris       -26.8064154714       -364.7199933661      
 E_Fermi        -0.1323544395        -1.8007745325        
----------------------------------------------------------


 LCAO ALGORITHM --------------- ION=   1  ELEC=  10--------------------------------

 Density error is 8.2628712777e-05
----------------------------------------------------------
     Energy           Rydberg                 eV          
----------------------------------------------------------
 E_KohnSham     -26.8064833789       -364.7209172953      
 E_Harris       -26.8064476215       -364.7204307911      
 E_Fermi        -0.1323490749        -1.8007015431        
----------------------------------------------------------


 LCAO ALGORITHM --------------- ION=   1  ELEC=  11--------------------------------

 Density error is 3.21494236007e-05
----------------------------------------------------------
     Energy           Rydberg                 eV          
----------------------------------------------------------
 E_KohnSham     -26.8064833547       -364.7209169656      
 E_Harris       -26.8064610373       -364.7206133228      
 E_Fermi        -0.1323460155        -1.8006599188        
----------------------------------------------------------


 LCAO ALGORITHM --------------- ION=   1  ELEC=  12--------------------------------

 Density error is 1.79603982339e-05
----------------------------------------------------------
     Energy           Rydberg                 eV          
----------------------------------------------------------
 E_KohnSham     -26.8064833510       -364.7209169164      
 E_Harris       -26.8064676706       -364.7207035728      
 E_Fermi        -0.1323446965        -1.8006419730        
----------------------------------------------------------


 LCAO ALGORITHM --------------- ION=   1  ELEC=  13--------------------------------

 Density error is 1.37973477873e-05
----------------------------------------------------------
     Energy           Rydberg                 eV          
----------------------------------------------------------
 E_KohnSham     -26.8064833478       -364.7209168722      
 E_Harris       -26.8064711272       -364.7207506028      
 E_Fermi        -0.1323442809        -1.8006363175        
----------------------------------------------------------


 LCAO ALGORITHM --------------- ION=   1  ELEC=  14--------------------------------

 Density error is 1.14908955302e-05
----------------------------------------------------------
     Energy           Rydberg                 eV          
----------------------------------------------------------
 E_KohnSham     -26.8064833455       -364.7209168405      
 E_Harris       -26.8064729049       -364.7207747893      
 E_Fermi        -0.1323439884        -1.8006323387        
----------------------------------------------------------


 LCAO ALGORITHM --------------- ION=   1  ELEC=  15--------------------------------

 Density error is 7.74119226192e-06
----------------------------------------------------------
     Energy           Rydberg                 eV          
----------------------------------------------------------
 E_KohnSham     -26.8064833456       -364.7209168427      
 E_Harris       -26.8064774651       -364.7208368335      
 E_Fermi        -0.1323434896        -1.8006255515        
----------------------------------------------------------


 LCAO ALGORITHM --------------- ION=   1  ELEC=  16--------------------------------

 Density error is 3.03704210374e-06
----------------------------------------------------------
     Energy           Rydberg                 eV          
----------------------------------------------------------
 E_KohnSham     -26.8064833454       -364.7209168401      
 E_Harris       -26.8064801357       -364.7208731687      
 E_Fermi        -0.1323430692        -1.8006198325        
----------------------------------------------------------


 LCAO ALGORITHM --------------- ION=   1  ELEC=  17--------------------------------

 Density error is 6.55920683433e-07
----------------------------------------------------------
     Energy           Rydberg                 eV          
----------------------------------------------------------
 E_KohnSham     -26.8064833455       -364.7209168412      
 E_Harris       -26.8064825471       -364.7209059783      
 E_Fermi        -0.1323428045        -1.8006162302        
----------------------------------------------------------


 LCAO ALGORITHM --------------- ION=   1  ELEC=  18--------------------------------

 Density error is 1.03906154579e-07
----------------------------------------------------------
     Energy           Rydberg                 eV          
----------------------------------------------------------
 E_KohnSham     -26.8064833455       -364.7209168412      
 E_Harris       -26.8064830293       -364.7209125384      
 E_Fermi        -0.1323427327        -1.8006152532        
----------------------------------------------------------


 LCAO ALGORITHM --------------- ION=   1  ELEC=  19--------------------------------

 Density error is 1.6002193222e-08
----------------------------------------------------------
     Energy           Rydberg                 eV          
----------------------------------------------------------
 E_KohnSham     -26.8064833455       -364.7209168415      
 E_Harris       -26.8064831628       -364.7209143557      
 E_Fermi        -0.1323427152        -1.8006150161        
----------------------------------------------------------


 LCAO ALGORITHM --------------- ION=   1  ELEC=  20--------------------------------

 Density error is 6.65473980113e-09
----------------------------------------------------------
     Energy           Rydberg                 eV          
----------------------------------------------------------
 E_KohnSham     -26.8064833455       -364.7209168413      
 E_KS(sigma->0) -26.8064833455       -364.7209168413      
 E_Harris       -26.8064832056       -364.7209149371      
 E_band         -7.0587869243        -96.0397231380       
 E_one_elec     -348.9727243674      -4748.0174979804     
 E_Hartree      175.8481230844       2392.5364565532      
 E_xc           -8.6466943889        -117.6443125538      
 E_Ewald        154.9648123264       2108.4044371397      
 E_entropy(-TS) -0.0000000000        -0.0000000000        
 E_descf        0.0000000000         0.0000000000         
 E_exx          0.0000000000         0.0000000000         
 E_Fermi        -0.1323427093        -1.8006149359        
----------------------------------------------------------


 charge density convergence is achieved
 final etot is -364.72091684 eV
 EFERMI = -1.8006149359 eV

 STATE ENERGY(eV) AND OCCUPATIONS    NSPIN == 1
 1/30 kpoint (Cartesian) = 0.0000 0.0000 0.0000 (18679 pws)
       1       -22.5070     0.00781250
       2       -10.0069     0.00781250
       3       -6.29049     0.00781250
       4       -6.29048     0.00781250
       5        3.72838        0.00000
       6        4.00774        0.00000
       7        6.75048        0.00000
       8        6.75049        0.00000
       9        10.4032        0.00000
      10        17.5951        0.00000
      11        32.8088        0.00000
      12        32.8088        0.00000
      13        40.7818        0.00000
      14        44.0799        0.00000

 2/30 kpoint (Cartesian) = -0.024894 0.014373 0.0000 (18713 pws)
       1       -22.4323      0.0468750
       2       -9.90679      0.0468750
       3       -6.60913      0.0468750
       4       -6.43812      0.0468750
       5        3.72774        0.00000
       6        4.06664        0.00000
       7        6.83832        0.00000
       8        7.08916        0.00000
       9        10.3007        0.00000
      10        16.8276        0.00000
      11        31.3837        0.00000
      12        31.9450        0.00000
      13        32.4236        0.00000
      14        43.8654        0.00000

 3/30 kpoint (Cartesian) = -0.049789 0.028745 0.0000 (18765 pws)
       1       -22.2105      0.0468750
       2       -9.60899      0.0468750
       3       -7.46870      0.0468750
       4       -6.82957      0.0468750
       5        3.79380        0.00000
       6        4.21979        0.00000
       7        7.07230        0.00000
       8        8.04598        0.00000
       9        10.0984        0.00000
      10        15.3492        0.00000
      11        28.0191        0.00000
      12        30.1323        0.00000
      13        31.4303        0.00000
      14        43.2156        0.00000

 4/30 kpoint (Cartesian) = -0.074683 0.043118 0.0000 (18773 pws)
       1       -21.8487      0.0468750
       2       -9.12200      0.0468750
       3       -8.66726      0.0468750
       4       -7.35171      0.0468750
       5        3.99867        0.00000
       6        4.27112        0.00000
       7        7.38978        0.00000
       8        9.48240        0.00000
       9        10.1532        0.00000
      10        14.6004        0.00000
      11        28.1995        0.00000
      12        28.4309        0.00000
      13        30.1573        0.00000
      14        42.1303        0.00000

 5/30 kpoint (Cartesian) = -0.099577 0.057491 0.0000 (18745 pws)
       1       -21.3624      0.0468750
       2       -10.0145      0.0468750
       3       -8.46261      0.0468750
       4       -7.89465      0.0468750
       5        3.75250        0.00000
       6        4.44107        0.00000
       7        7.81655        0.00000
       8        11.0094        0.00000
       9        11.2372        0.00000
      10        14.7094        0.00000
      11        26.6577        0.00000
      12        28.8846        0.00000
      13        29.6298        0.00000
      14        40.4649        0.00000

 6/30 kpoint (Cartesian) = -0.12447 0.071864 0.0000 (18685 pws)
       1       -20.7822      0.0468750
       2       -11.3579      0.0468750
       3       -8.37890      0.0468750
       4       -7.66563      0.0468750
       5        2.79925        0.00000
       6        4.79927        0.00000
       7        8.56044        0.00000
       8        12.9494        0.00000
       9        13.1341        0.00000
      10        15.3785        0.00000
      11        25.3286        0.00000
      12        27.7864        0.00000
      13        30.3419        0.00000
      14        38.8267        0.00000

 7/30 kpoint (Cartesian) = -0.14937 0.086236 0.0000 (18669 pws)
       1       -20.1711      0.0468750
       2       -12.5584      0.0468750
       3       -8.75381      0.0468750
       4       -6.80374      0.0468750
       5        1.60537        0.00000
       6        5.02615        0.00000
       7        9.81867        0.00000
       8        14.9424        0.00000
       9        15.7046        0.00000
      10        16.3707        0.00000
      11        24.2745        0.00000
      12        26.9582        0.00000
      13        29.8694        0.00000
      14        37.1601        0.00000

 8/30 kpoint (Cartesian) = -0.17426 0.10061 0.0000 (18611 pws)
       1       -19.6560      0.0468750
       2       -13.4437      0.0468750
       3       -8.98925      0.0468750
       4       -6.04402      0.0468750
       5       0.561671        0.00000
       6        5.11352        0.00000
       7        11.2938        0.00000
       8        16.3211        0.00000
       9        17.4200        0.00000
      10        18.3866        0.00000
      11        23.4777        0.00000
      12        26.4480        0.00000
      13        29.1193        0.00000
      14        35.7859        0.00000

 9/30 kpoint (Cartesian) = 0.19915 0.34495 0.0000 (18582 pws)
       1       -19.4416      0.0234375
       2       -13.7842      0.0234375
       3       -9.06938      0.0234375
       4       -5.71219      0.0234375
       5       0.121638        0.00000
       6        5.13197        0.00000
       7        12.0018        0.00000
       8        16.8531        0.00000
       9        17.9621        0.00000
      10        19.5781        0.00000
      11        23.0953        0.00000
      12        26.2763        0.00000
      13        28.8440        0.00000
      14        35.2508        0.00000

 10/30 kpoint (Cartesian) = -0.024894 0.043118 0.0000 (18725 pws)
       1       -22.2841      0.0468750
       2       -9.70781      0.0468750
       3       -7.17461      0.0468750
       4       -6.73116      0.0468750
       5        3.77258        0.00000
       6        4.17899        0.00000
       7        6.98873        0.00000
       8        7.73517        0.00000
       9        10.1478        0.00000
      10        15.7155        0.00000
      11        28.3756        0.00000
      12        30.5865        0.00000
      13        31.7875        0.00000
      14        43.3024        0.00000

 11/30 kpoint (Cartesian) = -0.049789 0.057491 0.0000 (18750 pws)
       1       -21.9921      0.0937500
       2       -9.31518      0.0937500
       3       -8.15553      0.0937500
       4       -7.23592      0.0937500
       5        3.96203        0.00000
       6        4.29301        0.00000
       7        7.26792        0.00000
       8        8.86740        0.00000
       9        10.0719        0.00000
      10        14.7857        0.00000
      11        28.0027        0.00000
      12        28.6986        0.00000
      13        30.8232        0.00000
      14        41.9029        0.00000

 12/30 kpoint (Cartesian) = -0.074683 0.071864 0.0000 (18759 pws)
       1       -21.5672      0.0937500
       2       -9.38771      0.0937500
       3       -8.74100      0.0937500
       4       -7.80970      0.0937500
       5        3.99512        0.00000
       6        4.42335        0.00000
       7        7.63795        0.00000
       8        10.3305        0.00000
       9        10.5459        0.00000
      10        14.6849        0.00000
      11        26.8081        0.00000
      12        29.0413        0.00000
      13        29.8050        0.00000
      14        39.6421        0.00000

 13/30 kpoint (Cartesian) = -0.099577 0.086236 0.0000 (18737 pws)
       1       -21.0314      0.0937500
       2       -10.7075      0.0937500
       3       -8.35066      0.0937500
       4       -8.00994      0.0937500
       5        3.27842        0.00000
       6        4.86128        0.00000
       7        8.17772        0.00000
       8        11.9882        0.00000
       9        12.0173        0.00000
      10        15.2693        0.00000
      11        25.1766        0.00000
      12        28.8263        0.00000
      13        30.0321        0.00000
      14        37.4844        0.00000

 14/30 kpoint (Cartesian) = -0.12447 0.10061 0.0000 (18665 pws)
       1       -20.4285      0.0937500
       2       -11.9697      0.0937500
       3       -8.79624      0.0937500
       4       -7.17129      0.0937500
       5        2.17177        0.00000
       6        5.22577        0.00000
       7        9.14113        0.00000
       8        13.7419        0.00000
       9        14.4174        0.00000
      10        16.2612        0.00000
      11        23.9341        0.00000
      12        27.9884        0.00000
      13        29.7507        0.00000
      14        36.3087        0.00000

 15/30 kpoint (Cartesian) = -0.14937 0.11498 0.0000 (18644 pws)
       1       -19.8485      0.0937500
       2       -13.0201      0.0937500
       3       -9.10995      0.0937500
       4       -6.33491      0.0937500
       5        1.02341        0.00000
       6        5.40396        0.00000
       7        10.5635        0.00000
       8        15.3382        0.00000
       9        17.1182        0.00000
      10        17.3819        0.00000
      11        23.2405        0.00000
      12        27.2443        0.00000
      13        28.7375        0.00000
      14        35.3939        0.00000

 16/30 kpoint (Cartesian) = 0.19915 0.31620 0.0000 (18599 pws)
       1       -19.4603      0.0937500
       2       -13.6524      0.0937500
       3       -9.27140      0.0937500
       4       -5.74498      0.0937500
       5       0.238649        0.00000
       6        5.45815        0.00000
       7        11.7774        0.00000
       8        16.3821        0.00000
       9        18.2311        0.00000
      10        18.8327        0.00000
      11        23.2135        0.00000
      12        26.6692        0.00000
      13        28.1075        0.00000
      14        34.5772        0.00000

 17/30 kpoint (Cartesian) = -0.049789 0.086236 0.0000 (18755 pws)
       1       -21.6365      0.0468750
       2       -9.08506      0.0468750
       3       -8.83476      0.0468750
       4       -7.87748      0.0468750
       5        4.06625        0.00000
       6        4.49044        0.00000
       7        7.59635        0.00000
       8        9.91164        0.00000
       9        10.4222        0.00000
      10        14.7445        0.00000
      11        26.7107        0.00000
      12        28.7987        0.00000
      13        30.2712        0.00000
      14        39.2158        0.00000

 18/30 kpoint (Cartesian) = -0.074683 0.10061 0.0000 (18704 pws)
       1       -21.1597      0.0937500
       2       -10.1925      0.0937500
       3       -8.54852      0.0937500
       4       -8.18607      0.0937500
       5        3.53577        0.00000
       6        5.10225        0.00000
       7        8.02863        0.00000
       8        11.0974        0.00000
       9        11.5629        0.00000
      10        15.3786        0.00000
      11        24.7435        0.00000
      12        29.5152        0.00000
      13        29.8395        0.00000
      14        36.6389        0.00000

 19/30 kpoint (Cartesian) = -0.099577 0.11498 0.0000 (18652 pws)
       1       -20.5930      0.0937500
       2       -11.3711      0.0937500
       3       -9.11782      0.0937500
       4       -7.40363      0.0937500
       5        2.59368        0.00000
       6        5.75940        0.00000
       7        8.66537        0.00000
       8        12.5063        0.00000
       9        13.6022        0.00000
      10        16.4481        0.00000
      11        23.1590        0.00000
      12        29.0153        0.00000
      13        29.3207        0.00000
      14        35.4728        0.00000

 20/30 kpoint (Cartesian) = -0.12447 0.12935 0.0000 (18650 pws)
       1       -19.9996      0.0937500
       2       -12.4662      0.0937500
       3       -9.53941      0.0937500
       4       -6.56040      0.0937500
       5        1.48623        0.00000
       6        6.18521        0.00000
       7        9.78331        0.00000
       8        14.0828        0.00000
       9        16.0184        0.00000
      10        17.6307        0.00000
      11        22.3759        0.00000
      12        27.6967        0.00000
      13        28.5423        0.00000
      14        35.0191        0.00000

 21/30 kpoint (Cartesian) = 0.19915 0.28745 0.0000 (18631 pws)
       1       -19.5039      0.0937500
       2       -13.2872      0.0937500
       3       -9.79709      0.0937500
       4       -5.82095      0.0937500
       5       0.526627        0.00000
       6        6.34495        0.00000
       7        11.1668        0.00000
       8        15.4402        0.00000
       9        17.4956        0.00000
      10        18.6777        0.00000
      11        22.9519        0.00000
      12        26.6428        0.00000
      13        27.7165        0.00000
      14        34.1994        0.00000

 22/30 kpoint (Cartesian) = 0.17426 0.30183 0.0000 (18596 pws)
       1       -19.2994      0.0468750
       2       -13.6041      0.0468750
       3       -9.88373      0.0468750
       4       -5.49958      0.0468750
       5       0.121538        0.00000
       6        6.37817        0.00000
       7        11.8527        0.00000
       8        15.9511        0.00000
       9        17.7886        0.00000
      10        19.1859        0.00000
      11        23.7513        0.00000
      12        26.3659        0.00000
      13        27.1611        0.00000
      14        33.6639        0.00000

 23/30 kpoint (Cartesian) = -0.074683 0.12935 0.0000 (18677 pws)
       1       -20.6494      0.0468750
       2       -11.0614      0.0468750
       3       -9.34755      0.0468750
       4       -7.48293      0.0468750
       5        2.75128        0.00000
       6        6.07696        0.00000
       7        8.48359        0.00000
       8        11.9684        0.00000
       9        13.3287        0.00000
      10        16.5435        0.00000
      11        22.8337        0.00000
      12        28.8300        0.00000
      13        29.6599        0.00000
      14        35.2034        0.00000

 24/30 kpoint (Cartesian) = -0.099577 0.14373 0.0000 (18622 pws)
       1       -20.0820      0.0937500
       2       -11.9722      0.0937500
       3       -10.0036      0.0937500
       4       -6.68227      0.0937500
       5        1.78147        0.00000
       6        7.05403        0.00000
       7        9.11041        0.00000
       8        13.2103        0.00000
       9        15.4000        0.00000
      10        17.8299        0.00000
      11        21.7613        0.00000
      12        26.9965        0.00000
      13        29.3214        0.00000
      14        34.9627        0.00000

 25/30 kpoint (Cartesian) = 0.19915 0.25871 0.0000 (18598 pws)
       1       -19.5460      0.0937500
       2       -12.7970      0.0937500
       3       -10.4369      0.0937500
       4       -5.89290      0.0937500
       5       0.824520        0.00000
       6        7.55332        0.00000
       7        10.2922        0.00000
       8        14.5471        0.00000
       9        16.4362        0.00000
      10        19.0435        0.00000
      11        22.4933        0.00000
      12        25.5129        0.00000
      13        28.6728        0.00000
      14        34.3385        0.00000

 26/30 kpoint (Cartesian) = 0.17426 0.27308 0.0000 (18585 pws)
       1       -19.1952      0.0937500
       2       -13.3127      0.0937500
       3       -10.6484      0.0937500
       4       -5.34414      0.0937500
       5       0.174601        0.00000
       6        7.67602        0.00000
       7        11.4841        0.00000
       8        15.1982        0.00000
       9        16.4259        0.00000
      10        20.0546        0.00000
      11        24.1611        0.00000
      12        24.9672        0.00000
      13        27.8053        0.00000
      14        33.4191        0.00000

 27/30 kpoint (Cartesian) = 0.19915 0.22996 0.0000 (18594 pws)
       1       -19.5629      0.0468750
       2       -12.5033      0.0468750
       3       -10.7897      0.0468750
       4       -5.92164      0.0468750
       5       0.951525        0.00000
       6        8.47280        0.00000
       7        9.53107        0.00000
       8        14.1747        0.00000
       9        16.0381        0.00000
      10        19.1875        0.00000
      11        22.2918        0.00000
      12        25.1074        0.00000
      13        29.0391        0.00000
      14        34.5053        0.00000

 28/30 kpoint (Cartesian) = 0.17426 0.24434 0.0000 (18575 pws)
       1       -19.1472      0.0937500
       2       -12.9226      0.0937500
       3       -11.3018      0.0937500
       4       -5.27521      0.0937500
       5       0.266012        0.00000
       6        9.02790        0.00000
       7        10.7208        0.00000
       8        14.5822        0.00000
       9        15.5740        0.00000
      10        20.6284        0.00000
      11        24.1680        0.00000
      12        24.2455        0.00000
      13        28.3109        0.00000
      14        33.6684        0.00000

 29/30 kpoint (Cartesian) = 0.14937 0.25871 0.0000 (18600 pws)
       1       -18.9821      0.0468750
       2       -13.0941      0.0468750
       3       -11.4731      0.0468750
       4       -5.00267      0.0468750
       5     -0.0187969        0.00000
       6        9.08232        0.00000
       7        11.5987        0.00000
       8        14.3603        0.00000
       9        15.2911        0.00000
      10        21.4617        0.00000
      11        24.0064        0.00000
      12        25.4498        0.00000
      13        27.6390        0.00000
      14        33.1486        0.00000

 30/30 kpoint (Cartesian) = 0.14937 0.22996 0.0000 (18582 pws)
       1       -18.9065      0.0468750
       2       -12.8558      0.0468750
       3       -11.9264      0.0468750
       4       -4.87842      0.0468750
       5     -0.0769906        0.00000
       6        9.81780        0.00000
       7        11.6537        0.00000
       8        13.7371        0.00000
       9        14.8399        0.00000
      10        22.2456        0.00000
      11        23.5364        0.00000
      12        25.9872        0.00000
      13        27.4942        0.00000
      14        33.2475        0.00000


 Warning_Memory_Consuming allocated:  ORB::Jl(x) 737.494 MB
 correction force for each atom along direction 1 is 0.124921
 correction force for each atom along direction 2 is -0.0506937
 correction force for each atom along direction 3 is 2.34345e-08
------------------------------------------------------------------------------------------
 TOTAL-FORCE (eV/Angstrom)                                                                
------------------------------------------------------------------------------------------
                        N1         0.0000000000         0.0000000000         0.1617013917 
                        B1         0.0000000000         0.0000000000        -0.1617013917 
------------------------------------------------------------------------------------------



 --------------------------------------------
 !FINAL_ETOT_IS -364.7209168412596 eV
 --------------------------------------------


TIME STATISTICS
------------------------------------------------------------------------------------
    CLASS_NAME                    NAME                TIME/s  CALLS   AVG/s  PER/%  
------------------------------------------------------------------------------------
                   total                              9.80   13       0.75   100.00 
 Driver            reading                            0.03   1        0.03   0.28   
 Input_Conv        Convert                            0.00   1        0.00   0.01   
 Driver            driver_line                        9.77   1        9.77   99.71  
 UnitCell          check_tau                          0.00   1        0.00   0.00   
 ESolver_KS_LCAO   before_all_runners                 0.41   1        0.41   4.20   
 PW_Basis_Sup      setuptransform                     0.01   1        0.01   0.06   
 PW_Basis_Sup      distributeg                        0.00   1        0.00   0.02   
 mymath            heapsort                           0.01   4        0.00   0.15   
 Charge_Mixing     init_mixing                        0.00   1        0.00   0.00   
 Symmetry          analy_sys                          0.02   1        0.02   0.25   
 PW_Basis_K        setuptransform                     0.02   1        0.02   0.24   
 PW_Basis_K        distributeg                        0.00   1        0.00   0.02   
 PW_Basis          setup_struc_factor                 0.01   1        0.01   0.08   
 NOrbital_Lm       extra_uniform                      0.78   181      0.00   7.98   
 Mathzone_Add1     SplineD2                           0.00   181      0.00   0.02   
 Mathzone_Add1     Cubic_Spline_Interpolation         0.00   181      0.00   0.04   
 Mathzone_Add1     Uni_Deriv_Phi                      0.76   181      0.00   7.79   
 ppcell_vl         init_vloc                          0.01   1        0.01   0.06   
 Ions              opt_ions                           9.34   1        9.34   95.37  
 ESolver_KS_LCAO   runner                             8.96   1        8.96   91.43  
 ESolver_KS_LCAO   before_scf                         0.16   1        0.16   1.59   
 atom_arrange      search                             0.00   1        0.00   0.00   
 atom_arrange      grid_d.init                        0.00   1        0.00   0.00   
 Grid              Construct_Adjacent_expand          0.00   1        0.00   0.00   
 Grid              Construct_Adjacent_expand_periodic 0.00   2        0.00   0.00   
 Grid_Technique    init                               0.05   1        0.05   0.55   
 Grid_BigCell      grid_expansion_index               0.01   2        0.01   0.13   
 Grid_Driver       Find_atom                          0.00   12       0.00   0.00   
 Record_adj        for_2d                             0.00   1        0.00   0.00   
 LCAO_domain       grid_prepare                       0.00   1        0.00   0.00   
 Veff              initialize_HR                      0.00   1        0.00   0.00   
 OverlapNew        initialize_SR                      0.00   1        0.00   0.00   
 EkineticNew       initialize_HR                      0.00   1        0.00   0.00   
 NonlocalNew       initialize_HR                      0.00   1        0.00   0.01   
 Charge            set_rho_core                       0.01   1        0.01   0.13   
 PW_Basis_Sup      recip2real                         0.18   153      0.00   1.88   
 PW_Basis_Sup      gathers_scatterp                   0.03   153      0.00   0.35   
 ModuleIO          read_rhog                          0.02   1        0.02   0.21   
 Potential         init_pot                           0.04   1        0.04   0.39   
 Potential         update_from_charge                 0.67   21       0.03   6.80   
 Potential         cal_fixed_v                        0.00   1        0.00   0.03   
 PotLocal          cal_fixed_v                        0.00   1        0.00   0.03   
 Potential         cal_v_eff                          0.65   21       0.03   6.65   
 H_Hartree_pw      v_hartree                          0.09   21       0.00   0.95   
 PW_Basis_Sup      real2recip                         0.19   176      0.00   1.90   
 PW_Basis_Sup      gatherp_scatters                   0.02   176      0.00   0.24   
 PotXC             cal_v_eff                          0.53   21       0.03   5.45   
 XC_Functional     v_xc                               0.54   22       0.02   5.56   
 Potential         interpolate_vrs                    0.01   21       0.00   0.12   
 Symmetry          rhog_symmetry                      0.17   21       0.01   1.70   
 Symmetry          group fft grids                    0.12   21       0.01   1.19   
 H_Ewald_pw        compute_ewald                      0.01   1        0.01   0.07   
 HSolverLCAO       solve                              3.97   20       0.20   40.51  
 HamiltLCAO        updateHk                           1.57   600      0.00   16.03  
 OperatorLCAO      init                               1.52   1800     0.00   15.49  
 Veff              contributeHR                       1.39   20       0.07   14.20  
 Gint_interface    cal_gint                           3.12   41       0.08   31.88  
 Gint_interface    cal_gint_vlocal                    1.36   20       0.07   13.85  
 Gint_Tools        cal_psir_ylm                       1.22   2697     0.00   12.41  
 Gint_k            transfer_pvpR                      0.00   20       0.00   0.04   
 OverlapNew        calculate_SR                       0.04   1        0.04   0.38   
 OverlapNew        contributeHk                       0.01   600      0.00   0.14   
 EkineticNew       contributeHR                       0.06   20       0.00   0.61   
 EkineticNew       calculate_HR                       0.06   1        0.06   0.61   
 NonlocalNew       contributeHR                       0.05   20       0.00   0.54   
 NonlocalNew       calculate_HR                       0.05   1        0.05   0.52   
 OperatorLCAO      contributeHk                       0.01   600      0.00   0.12   
 HSolverLCAO       hamiltSolvePsiK                    0.75   600      0.00   7.66   
 DiagoElpa         elpa_solve                         0.61   600      0.00   6.26   
 elecstate         cal_dm                             0.01   21       0.00   0.08   
 psiMulPsiMpi      pdgemm                             0.00   630      0.00   0.05   
 DensityMatrix     cal_DMR                            0.01   21       0.00   0.07   
 ElecStateLCAO     psiToRho                           1.63   20       0.08   16.65  
 Gint              transfer_DMR                       0.01   20       0.00   0.06   
 Gint_interface    cal_gint_rho                       1.58   20       0.08   16.10  
 Charge_Mixing     get_drho                           0.00   20       0.00   0.02   
 Charge            mix_rho                            0.14   19       0.01   1.45   
 Charge            Broyden_mixing                     0.02   19       0.00   0.25   
 ModuleIO          write_rhog                         0.03   1        0.03   0.34   
 ESolver_KS_LCAO   after_scf                          3.62   1        3.62   36.94  
 Charge            atomic_rho                         0.02   1        0.02   0.17   
 ModuleIO          output_HSR                         0.25   1        0.25   2.52   
 ModuleIO          save_HSR_sparse                    0.24   1        0.24   2.40   
 cal_r_overlap_R   init                               2.66   1        2.66   27.18  
 ORB_gaunt_table   init_Gaunt_CH                      0.00   1        0.00   0.01   
 ORB_gaunt_table   Calc_Gaunt_CH                      0.00   601      0.00   0.00   
 ORB_gaunt_table   init_Gaunt                         0.00   1        0.00   0.03   
 ORB_gaunt_table   Get_Gaunt_SH                       0.00   6272     0.00   0.01   
 Center2_Orb       cal_ST_Phi12_R                     0.95   384      0.00   9.66   
 cal_r_overlap_R   out_rR_other                       0.49   1        0.49   5.04   
 ESolver_KS_LCAO   cal_force                          0.39   1        0.39   3.94   
 Force_Stress_LCAO getForceStress                     0.39   1        0.39   3.94   
 Forces            cal_force_loc                      0.01   1        0.01   0.15   
 Forces            cal_force_ew                       0.01   1        0.01   0.07   
 Forces            cal_force_cc                       0.04   1        0.04   0.43   
 Forces            cal_force_scc                      0.01   1        0.01   0.10   
 Force_LCAO        ftable                             0.27   1        0.27   2.75   
 Force_LCAO        allocate                           0.11   1        0.11   1.11   
 LCAO_domain       build_ST_new                       0.11   2        0.05   1.11   
 Force_LCAO        cal_pulay_fs_center2               0.00   2        0.00   0.01   
 Gint_interface    cal_gint_force                     0.16   1        0.16   1.62   
 Gint_Tools        cal_dpsir_ylm                      0.04   67       0.00   0.38   
 NonlocalNew       cal_force_stress                   0.04   1        0.04   0.43   
 ESolver_KS_LCAO   after_all_runners                  0.00   1        0.00   0.02   
 ModuleIO          write_istate_info                  0.00   1        0.00   0.02   
------------------------------------------------------------------------------------


 NAME-------------------------|MEMORY(MB)--------
                         total          799.1
                    ORB::Jl(x)          737.5
                  PW_B_K::gcar          12.89
                  SF::strucFac          4.544
                   PW_B_K::gk2          4.297
                      Chg::rho          2.930
                 Chg::rho_save          2.930
                 Chg::rho_core          2.930
                 Pot::veff_fix          2.930
                     Pot::veff          2.930
              Pot::veff_smooth          2.930
       TwoCenterTable: Kinetic          2.152
       TwoCenterTable: Overlap          2.152
      TwoCenterTable: Nonlocal          1.599
               GT::ind_bigcell          1.575
         GT::in_this_processor          1.575
              GT::index2normal          1.575
               GT::index2ucell          1.575
                     Chg::rhog          1.136
                Chg::rhog_save          1.136
                Chg::rhog_core          1.136
                   Force::dS_K          1.099
                  Force::dTVNL          1.099
 -------------   < 1.0 MB has been ignored ----------------
 ----------------------------------------------------------

 Start  Time  : Fri Sep  4 16:35:21 2026
 Finish Time  : Fri Sep  4 16:35:31 2026
 Total  Time  : 0 h 0 mins 10 secs 
