                                                                                     
                              ABACUS v3.10.0

               Atomic-orbital Based Ab-initio Computation at UStc                    

                     Website: http://abacus.ustc.edu.cn/                             
               Documentation: https://abacus.deepmodeling.com/                       
                  Repository: https://github.com/abacusmodeling/abacus-develop       
                              https://github.com/deepmodeling/abacus-develop         
                      Commit: e84abb4 (Sat Jun 28 13:06:46 2025 +0800)

    Start Time is Fri Sep  4 17:49:05 2026
                                                                                     
 ------------------------------------------------------------------------------------

 READING GENERAL INFORMATION
                           global_out_dir = OUT.H2O/
                           global_in_card = INPUT
                               pseudo_dir = ./
                              orbital_dir = ./
                                    DRANK = 1
                                    DSIZE = 1
                                   DCOLOR = 1
                                    GRANK = 1
                                    GSIZE = 1




 >>>>>>>>>>>>>>>>>>>>>>>>>>>>>>>>>>>>>>>>>>>>>>>>>>>>>>>>>>>>>>>>>>>>>>
 |                                                                    |
 | Reading atom information in unitcell:                              |
 | From the input file and the structure file we know the number of   |
 | different elments in this unitcell, then we list the detail        |
 | information for each element, especially the zeta and polar atomic |
 | orbital number for each element. The total atom number is counted. |
 | We calculate the nearest atom distance for each atom and show the  |
 | Cartesian and Direct coordinates for each atom. We list the file   |
 | address for atomic orbitals. The volume and the lattice vectors    |
 | in real and reciprocal space is also shown.                        |
 |                                                                    |
 <<<<<<<<<<<<<<<<<<<<<<<<<<<<<<<<<<<<<<<<<<<<<<<<<<<<<<<<<<<<<<<<<<<<<<




 READING UNITCELL INFORMATION
                                    ntype = 2
                  lattice constant (Bohr) = 1.88973
              lattice constant (Angstrom) = 1

 READING ATOM TYPE 1
                               atom label = O
                      L=0, number of zeta = 2
                      L=1, number of zeta = 2
                      L=2, number of zeta = 1
             number of atom for this type = 1

 READING ATOM TYPE 2
                               atom label = H
                      L=0, number of zeta = 3
                      L=1, number of zeta = 2
             number of atom for this type = 2

                        TOTAL ATOM NUMBER = 3
DIRECT COORDINATES
    atom                   x                   y                   z     mag                  vx                  vy                  vz
taud_O1            0.5000000000        0.5000000000        0.5060620626  0.0000        0.0000000000        0.0000000000        0.0000000000
taud_H1            0.5000000000        0.5386633066        0.4763556687  0.0000        0.0000000000        0.0000000000        0.0000000000
taud_H2            0.5000000000        0.4618658706        0.4763556687  0.0000        0.0000000000        0.0000000000        0.0000000000



                          Volume (Bohr^3) = 53986.7
                             Volume (A^3) = 7999.99

 Lattice vectors: (Cartesian coordinate: in unit of a_0)
                  +20                  +0                  +0
                   +0                 +20                  +0
                   +0                  +0                 +20
 Reciprocal vectors: (Cartesian coordinate: in unit of 2 pi/a_0)
                +0.05                  -0                  +0
                   -0               +0.05                  -0
                   +0                  -0               +0.05
 The esolver type has been set to : ksdft_lcao

 RUNNING WITH DEVICE  : CPU / Intel(R) Xeon(R) Gold 6248 CPU @ 2.50GHz




 >>>>>>>>>>>>>>>>>>>>>>>>>>>>>>>>>>>>>>>>>>>>>>>>>>>>>>>>>>>>>>>>>>>>>>
 |                                                                    |
 | Reading pseudopotentials files:                                    |
 | The pseudopotential file is in UPF format. The 'NC' indicates that |
 | the type of pseudopotential is 'norm conserving'. Functional of    |
 | exchange and correlation is decided by 4 given parameters in UPF   |
 | file.  We also read in the 'core correction' if there exists.      |
 | Also we can read the valence electrons number and the maximal      |
 | angular momentum used in this pseudopotential. We also read in the |
 | trail wave function, trail atomic density and local-pseudopotential|
 | on logrithmic grid. The non-local pseudopotential projector is also|
 | read in if there is any.                                           |
 |                                                                    |
 <<<<<<<<<<<<<<<<<<<<<<<<<<<<<<<<<<<<<<<<<<<<<<<<<<<<<<<<<<<<<<<<<<<<<<




                PAO radial cut off (Bohr) = 15

 Read in pseudopotential file is O.upf
                     pseudopotential type = NC
          exchange-correlation functional = PBE
                 nonlocal core correction = 1
                        valence electrons = 6
                                     lmax = 2
                           number of zeta = 2
                     number of projectors = 5
                           L of projector = 0
                           L of projector = 0
                           L of projector = 1
                           L of projector = 1
                           L of projector = 2
                PAO radial cut off (Bohr) = 15

 Read in pseudopotential file is H.upf
                     pseudopotential type = NC
          exchange-correlation functional = PBE
                 nonlocal core correction = 0
                        valence electrons = 1
                                     lmax = 1
                           number of zeta = 1
                     number of projectors = 3
                           L of projector = 0
                           L of projector = 0
                           L of projector = 1
     initial pseudo atomic orbital number = 6

 SETUP THE ELECTRONS NUMBER
             electron number of element O = 6
       total electron number of element O = 6
             electron number of element H = 1
       total electron number of element H = 2
            AUTOSET number of electrons:  = 8
                           occupied bands = 4
                                   NLOCAL = 31
                                   NBANDS = 14
                                   NBANDS = 14
                                   NLOCAL = 31




 >>>>>>>>>>>>>>>>>>>>>>>>>>>>>>>>>>>>>>>>>>>>>>>>>>>>>>>>>>>>>>>>>>>>>>
 |                                                                    |
 | Setup plane waves of charge/potential:                             |
 | Use the energy cutoff and the lattice vectors to generate the      |
 | dimensions of FFT grid. The number of FFT grid on each processor   |
 | is 'nrxx'. The number of plane wave basis in reciprocal space is   |
 | different for charege/potential and wave functions. We also set    |
 | the 'sticks' for the parallel of FFT. The number of plane waves    |
 | is 'npw' in each processor.                                        |
 <<<<<<<<<<<<<<<<<<<<<<<<<<<<<<<<<<<<<<<<<<<<<<<<<<<<<<<<<<<<<<<<<<<<<<





 SETUP THE PLANE WAVE BASIS
 energy cutoff for charge/potential (unit:Ry) = 400
            fft grid for charge/potential = [ 243, 243, 243 ]
                        fft grid division = [ 3, 3, 3 ]
        big fft grid for charge/potential = [ 81, 81, 81 ]
                                     nbxx = 531441
                                     nrxx = 14348907

 SETUP PLANE WAVES FOR CHARGE/POTENTIAL
                    number of plane waves = 7292125
                         number of sticks = 45461

 PARALLEL PW FOR CHARGE/POTENTIAL
     PROC   COLUMNS(POT)             PW
        1          45461        7292125
 --------------- sum -------------------
        1          45461        7292125
                            number of |g| = 12063
                                  max |g| = 36.18
                                  min |g| = 0
 DONE : SETUP UNITCELL Time : 2.38435 (SEC)


----------- Double Check Mixing Parameters Begin ------------
mixing_type: pulay
mixing_beta: 0.2
mixing_gg0: 1
mixing_gg0_min: 0.1
mixing_ndim: 20
----------- Double Check Mixing Parameters End ------------




 >>>>>>>>>>>>>>>>>>>>>>>>>>>>>>>>>>>>>>>>>>>>>>>>>>>>>>>>>>>>>>>>>>>>>>
 |                                                                    |
 | Doing symmetry analysis:                                           |
 | We calculate the norm of 3 vectors and the angles between them,    |
 | the type of Bravais lattice is given. We can judge if the unticell |
 | is a primitive cell. Finally we give the point group operation for |
 | this unitcell. We use the point group operations to do symmetry |
 | analysis on given k-point mesh and the charge density.             |
 |                                                                    |
 <<<<<<<<<<<<<<<<<<<<<<<<<<<<<<<<<<<<<<<<<<<<<<<<<<<<<<<<<<<<<<<<<<<<<<




 LATTICE VECTORS: (CARTESIAN COORDINATE: IN UNIT OF A0)
                  +20                  +0                  +0
                   +0                 +20                  +0
                   +0                  +0                 +20
                       right hand lattice = 1
                                   NORM_A = 20
                                   NORM_B = 20
                                   NORM_C = 20
                           ALPHA (DEGREE) = 90
                           BETA  (DEGREE) = 90
                           GAMMA (DEGREE) = 90

 The lattice vectors have been changed (STRU_SIMPLE.cif)

(for optimal symmetric configuration:)
                             BRAVAIS TYPE = 1
                     BRAVAIS LATTICE NAME = 01. Cubic P (simple)
                                    ibrav = 1
                                    IBRAV = 1
                                  BRAVAIS = SIMPLE CUBIC
                       LATTICE CONSTANT A = 20
Original cell was already a primitive cell.
                        ROTATION MATRICES = 48
              PURE POINT GROUP OPERATIONS = 2
                   SPACE GROUP OPERATIONS = 2
                                       C2 = 0
                                       C3 = 0
                                       C4 = 0
                                       C6 = 0
                                       S1 = 1
                                       S3 = 0
                                       S4 = 0
                                       S6 = 0
                              POINT GROUP = C_1h
                                       C2 = 0
                                       C3 = 0
                                       C4 = 0
                                       C6 = 0
                                       S1 = 1
                                       S3 = 0
                                       S4 = 0
                                       S6 = 0
               POINT GROUP IN SPACE GROUP = C_1h
 DONE : SYMMETRY Time : 2.40918 (SEC)





 >>>>>>>>>>>>>>>>>>>>>>>>>>>>>>>>>>>>>>>>>>>>>>>>>>>>>>>>>>>>>>>>>>>>>>
 |                                                                    |
 | Setup K-points                                                     |
 | We setup the k-points according to input parameters.               |
 | The reduced k-points are set according to symmetry operations.     |
 | We treat the spin as another set of k-points.                      |
 |                                                                    |
 <<<<<<<<<<<<<<<<<<<<<<<<<<<<<<<<<<<<<<<<<<<<<<<<<<<<<<<<<<<<<<<<<<<<<<





 SETUP K-POINTS
                                    nspin = 1
                   Input type of k points = Monkhorst-Pack(Gamma)
                                   nkstot = 1
                       right hand lattice = 1
(for reciprocal lattice: )
                             BRAVAIS TYPE = 1
                     BRAVAIS LATTICE NAME = 01. Cubic P (simple)
                                    ibrav = 1
                       right hand lattice = 1
(for k-lattice: )
                             BRAVAIS TYPE = 1
                     BRAVAIS LATTICE NAME = 01. Cubic P (simple)
                                    ibrav = 1
                       right hand lattice = 1
                        ROTATION MATRICES = 48
                               nkstot_ibz = 1
K-POINTS REDUCTION ACCORDING TO SYMMETRY
     IBZ    DIRECT_X    DIRECT_Y    DIRECT_Z  WEIGHT  ibz2bz
       1  0.00000000  0.00000000  0.00000000  1.0000       0

                               nkstot now = 1
K-POINTS DIRECT COORDINATES
 KPOINTS    DIRECT_X    DIRECT_Y    DIRECT_Z  WEIGHT
       1  0.00000000  0.00000000  0.00000000  1.0000


           k-point number in this process = 1
       minimum distributed K point number = 1
starsize: 1
isym: 0 ks_vec: 0 0 0

K-POINTS CARTESIAN COORDINATES
 KPOINTS CARTESIAN_X CARTESIAN_Y CARTESIAN_Z  WEIGHT
       1  0.00000000  0.00000000  0.00000000  2.0000


K-POINTS DIRECT COORDINATES
 KPOINTS    DIRECT_X    DIRECT_Y    DIRECT_Z  WEIGHT
       1  0.00000000  0.00000000  0.00000000  2.0000

 DONE : INIT K-POINTS Time : 2.4847 (SEC)


 Warning_Memory_Consuming allocated:  PW_B_K::gk2 6.95734 MB

 Warning_Memory_Consuming allocated:  PW_B_K::gcar 20.872 MB




 >>>>>>>>>>>>>>>>>>>>>>>>>>>>>>>>>>>>>>>>>>>>>>>>>>>>>>>>>>>>>>>>>>>>>>
 |                                                                    |
 | Setup plane waves of wave functions:                               |
 | Use the energy cutoff and the lattice vectors to generate the      |
 | dimensions of FFT grid. The number of FFT grid on each processor   |
 | is 'nrxx'. The number of plane wave basis in reciprocal space is   |
 | different for charege/potential and wave functions. We also set    |
 | the 'sticks' for the parallel of FFT. The number of plane wave of  |
 | each k-point is 'npwk[ik]' in each processor                       |
 <<<<<<<<<<<<<<<<<<<<<<<<<<<<<<<<<<<<<<<<<<<<<<<<<<<<<<<<<<<<<<<<<<<<<<





 SETUP PLANE WAVES FOR WAVE FUNCTIONS
     energy cutoff for wavefunc (unit:Ry) = 100
              fft grid for wave functions = [ 243, 243, 243 ]
                    number of plane waves = 911913
                         number of sticks = 11369

 PARALLEL PW FOR WAVE FUNCTIONS
     PROC   COLUMNS(POT)             PW
        1          11369         911913
 --------------- sum -------------------
        1          11369         911913
 DONE : INIT PLANEWAVE Time : 2.63765 (SEC)


 Warning_Memory_Consuming allocated:  SF::strucFac 222.538 MB
 SET NONLOCAL PSEUDOPOTENTIAL PROJECTORS
 SET NONLOCAL PSEUDOPOTENTIAL PROJECTORS
 max number of nonlocal projetors among all species is 5
 DONE : LOCAL POTENTIAL Time : 2.99212 (SEC)


 Warning_Memory_Consuming allocated:  Chg::rho 109.473 MB

 Warning_Memory_Consuming allocated:  Chg::rho_save 109.473 MB

 Warning_Memory_Consuming allocated:  Chg::rhog 55.6345 MB

 Warning_Memory_Consuming allocated:  Chg::rhog_save 55.6345 MB

 Warning_Memory_Consuming allocated:  Chg::rho_core 109.473 MB

 Warning_Memory_Consuming allocated:  Chg::rhog_core 55.6345 MB

 Warning_Memory_Consuming allocated:  Pot::veff_fix 109.473 MB

 Warning_Memory_Consuming allocated:  Pot::veff 109.473 MB

 Warning_Memory_Consuming allocated:  Pot::veff_smooth 109.473 MB

 -------------------------------------------
 SELF-CONSISTENT
 -------------------------------------------




 >>>>>>>>>>>>>>>>>>>>>>>>>>>>>>>>>>>>>>>>>>>>>>>>>>>>>>>>>>>>>>>>>>>>>>
 |                                                                    |
 | Search adjacent atoms:                                             |
 | Set the adjacent atoms for each atom and set the periodic boundary |
 | condition for the atoms on real space FFT grid. For k-dependent    |
 | algorithm, we also need to set the sparse H and S matrix element   |
 | for each atom.                                                     |
 |                                                                    |
 <<<<<<<<<<<<<<<<<<<<<<<<<<<<<<<<<<<<<<<<<<<<<<<<<<<<<<<<<<<<<<<<<<<<<<





 SETUP SEARCHING RADIUS FOR PROGRAM TO SEARCH ADJACENT ATOMS
                  longest orb rcut (Bohr) = 9
   longest nonlocal projector rcut (Bohr) = 1.5
                     search radius (Bohr) = 21
              searching radius is (Bohr)) = 21
         searching radius unit is (Bohr)) = 1.89
                         PeriodicBoundary = 1
                        Radius(unit:lat0) = 11.1
                                   glayer = [ 2, 2, 2 ]
                             glayer_minus = [ 1, 1, 1 ]

Find the coordinate range of the input atom(unit:lat0).
                                  min_tau = [ -10, -10.8, -10.5 ]
                                  max_tau = [ 30, 30.8, 30.1 ]
                                BoxNumber = [ 3, 3, 3 ]

 SETUP EXTENDED REAL SPACE GRID FOR GRID INTEGRATION
                          real space grid = [ 243, 243, 243 ]
                 big cell numbers in grid = [ 81, 81, 81 ]
             meshcell numbers in big cell = [ 3, 3, 3 ]
                        extended fft grid = [ 20, 20, 20 ]
                dimension of extened grid = [ 122, 122, 122 ]
                            UnitCellTotal = 27

 Warning_Memory_Consuming allocated:  GT::ind_bigcell 6.93 MB

 Warning_Memory_Consuming allocated:  GT::in_this_processor 6.93 MB

 Warning_Memory_Consuming allocated:  GT::index2normal 6.93 MB

 Warning_Memory_Consuming allocated:  GT::index2ucell 6.93 MB
              Atom number in sub-FFT-grid = 3
    Local orbitals number in sub-FFT-grid = 31
                                ParaV.nnr = 961
                                 init_chg = file
 try to read charge from file
 Read in the charge density: OUT.H2O//H2O-CHARGE-DENSITY.restart
 DONE : INIT SCF Time : 9.11896 (SEC)


 LCAO ALGORITHM --------------- ION=   1  ELEC=   1--------------------------------

 Density error is 0.00506398860604
----------------------------------------------------------
     Energy           Rydberg                 eV          
----------------------------------------------------------
 E_KohnSham     -35.4241177903       -481.9698485713      
 E_Harris       -35.5243252908       -483.3332415603      
 E_Fermi        -0.5209295219        -7.0876097548        
----------------------------------------------------------


 LCAO ALGORITHM --------------- ION=   1  ELEC=   2--------------------------------

 Density error is 0.00306291252762
----------------------------------------------------------
     Energy           Rydberg                 eV          
----------------------------------------------------------
 E_KohnSham     -35.4240887941       -481.9694540582      
 E_Harris       -35.4789069036       -482.7152927006      
 E_Fermi        -0.5232611218        -7.1193327980        
----------------------------------------------------------


 LCAO ALGORITHM --------------- ION=   1  ELEC=   3--------------------------------

 Density error is 0.00191735514771
----------------------------------------------------------
     Energy           Rydberg                 eV          
----------------------------------------------------------
 E_KohnSham     -35.4240951128       -481.9695400285      
 E_Harris       -35.4261578283       -481.9976047125      
 E_Fermi        -0.5260338062        -7.1570571045        
----------------------------------------------------------


 LCAO ALGORITHM --------------- ION=   1  ELEC=   4--------------------------------

 Density error is 0.000693767122592
----------------------------------------------------------
     Energy           Rydberg                 eV          
----------------------------------------------------------
 E_KohnSham     -35.4240971807       -481.9695681638      
 E_Harris       -35.4265982625       -482.0035971269      
 E_Fermi        -0.5261751546        -7.1589802488        
----------------------------------------------------------


 LCAO ALGORITHM --------------- ION=   1  ELEC=   5--------------------------------

 Density error is 0.00032568155112
----------------------------------------------------------
     Energy           Rydberg                 eV          
----------------------------------------------------------
 E_KohnSham     -35.4240975111       -481.9695726582      
 E_Harris       -35.4254671271       -481.9882072403      
 E_Fermi        -0.5262795415        -7.1604005058        
----------------------------------------------------------


 LCAO ALGORITHM --------------- ION=   1  ELEC=   6--------------------------------

 Density error is 0.000258722662047
----------------------------------------------------------
     Energy           Rydberg                 eV          
----------------------------------------------------------
 E_KohnSham     -35.4240979305       -481.9695783648      
 E_Harris       -35.4244499847       -481.9743683081      
 E_Fermi        -0.5263466406        -7.1613134360        
----------------------------------------------------------


 LCAO ALGORITHM --------------- ION=   1  ELEC=   7--------------------------------

 Density error is 0.000129528314237
----------------------------------------------------------
     Energy           Rydberg                 eV          
----------------------------------------------------------
 E_KohnSham     -35.4240981626       -481.9695815224      
 E_Harris       -35.4244138604       -481.9738768121      
 E_Fermi        -0.5263748845        -7.1616977137        
----------------------------------------------------------


 LCAO ALGORITHM --------------- ION=   1  ELEC=   8--------------------------------

 Density error is 4.79540736926e-05
----------------------------------------------------------
     Energy           Rydberg                 eV          
----------------------------------------------------------
 E_KohnSham     -35.4240982046       -481.9695820941      
 E_Harris       -35.4241538860       -481.9703396786      
 E_Fermi        -0.5264040572        -7.1620946287        
----------------------------------------------------------


 LCAO ALGORITHM --------------- ION=   1  ELEC=   9--------------------------------

 Density error is 2.28874985787e-05
----------------------------------------------------------
     Energy           Rydberg                 eV          
----------------------------------------------------------
 E_KohnSham     -35.4240982082       -481.9695821430      
 E_Harris       -35.4241226540       -481.9699147457      
 E_Fermi        -0.5264089493        -7.1621611890        
----------------------------------------------------------


 LCAO ALGORITHM --------------- ION=   1  ELEC=  10--------------------------------

 Density error is 1.62109707419e-05
----------------------------------------------------------
     Energy           Rydberg                 eV          
----------------------------------------------------------
 E_KohnSham     -35.4240982097       -481.9695821641      
 E_Harris       -35.4241059740       -481.9696878024      
 E_Fermi        -0.5264099409        -7.1621746807        
----------------------------------------------------------


 LCAO ALGORITHM --------------- ION=   1  ELEC=  11--------------------------------

 Density error is 4.47988095296e-06
----------------------------------------------------------
     Energy           Rydberg                 eV          
----------------------------------------------------------
 E_KohnSham     -35.4240982076       -481.9695821345      
 E_Harris       -35.4240996224       -481.9696013841      
 E_Fermi        -0.5264108626        -7.1621872207        
----------------------------------------------------------


 LCAO ALGORITHM --------------- ION=   1  ELEC=  12--------------------------------

 Density error is 1.48873539387e-06
----------------------------------------------------------
     Energy           Rydberg                 eV          
----------------------------------------------------------
 E_KohnSham     -35.4240982076       -481.9695821344      
 E_Harris       -35.4240984418       -481.9695853216      
 E_Fermi        -0.5264109979        -7.1621890618        
----------------------------------------------------------


 LCAO ALGORITHM --------------- ION=   1  ELEC=  13--------------------------------

 Density error is 9.92304860356e-07
----------------------------------------------------------
     Energy           Rydberg                 eV          
----------------------------------------------------------
 E_KohnSham     -35.4240982072       -481.9695821290      
 E_Harris       -35.4240975362       -481.9695729999      
 E_Fermi        -0.5264110543        -7.1621898288        
----------------------------------------------------------


 LCAO ALGORITHM --------------- ION=   1  ELEC=  14--------------------------------

 Density error is 2.38497522444e-07
----------------------------------------------------------
     Energy           Rydberg                 eV          
----------------------------------------------------------
 E_KohnSham     -35.4240982071       -481.9695821281      
 E_Harris       -35.4240981348       -481.9695811450      
 E_Fermi        -0.5264109923        -7.1621889857        
----------------------------------------------------------


 LCAO ALGORITHM --------------- ION=   1  ELEC=  15--------------------------------

 Density error is 1.07956170983e-07
----------------------------------------------------------
     Energy           Rydberg                 eV          
----------------------------------------------------------
 E_KohnSham     -35.4240982071       -481.9695821280      
 E_Harris       -35.4240981820       -481.9695817872      
 E_Fermi        -0.5264109892        -7.1621889433        
----------------------------------------------------------


 LCAO ALGORITHM --------------- ION=   1  ELEC=  16--------------------------------

 Density error is 4.12099317663e-08
----------------------------------------------------------
     Energy           Rydberg                 eV          
----------------------------------------------------------
 E_KohnSham     -35.4240982071       -481.9695821280      
 E_Harris       -35.4240981990       -481.9695820181      
 E_Fermi        -0.5264109856        -7.1621888937        
----------------------------------------------------------


 LCAO ALGORITHM --------------- ION=   1  ELEC=  17--------------------------------

 Density error is 9.59950212215e-09
----------------------------------------------------------
     Energy           Rydberg                 eV          
----------------------------------------------------------
 E_KohnSham     -35.4240982071       -481.9695821281      
 E_KS(sigma->0) -35.4240982071       -481.9695821281      
 E_Harris       -35.4240981996       -481.9695820265      
 E_band         -8.0648109075        -109.7273816341      
 E_one_elec     -72.3588754444       -984.4930069163      
 E_Hartree      37.7063459327        513.0211554432       
 E_xc           -9.7400360453        -132.5199889419      
 E_Ewald        8.9684673500         122.0222582869       
 E_entropy(-TS) 0.0000000000         0.0000000000         
 E_descf        0.0000000000         0.0000000000         
 E_exx          0.0000000000         0.0000000000         
 E_Fermi        -0.5264109851        -7.1621888870        
----------------------------------------------------------


 charge density convergence is achieved
 final etot is -481.96958213 eV
 EFERMI = -7.162188887 eV

 STATE ENERGY(eV) AND OCCUPATIONS    NSPIN == 1
 1/1 kpoint (Cartesian) = 0.0000 0.0000 0.0000 (911913 pws)
       1       -25.2700        2.00000
       2       -13.1669        2.00000
       3       -9.26460        2.00000
       4       -7.16219        2.00000
       5      -0.393408        0.00000
       6        1.29796        0.00000
       7        3.06082        0.00000
       8        3.08939        0.00000
       9        5.66006        0.00000
      10        5.87683        0.00000
      11        7.04749        0.00000
      12        9.93859        0.00000
      13        10.0674        0.00000
      14        16.1183        0.00000


 Warning_Memory_Consuming allocated:  ORB::Jl(x) 737.494 MB
 correction force for each atom along direction 1 is 3.03236e-13
 correction force for each atom along direction 2 is -2.43597e-08
 correction force for each atom along direction 3 is 3.40310e-06
------------------------------------------------------------------------------------------
 TOTAL-FORCE (eV/Angstrom)                                                                
------------------------------------------------------------------------------------------
                        O1         0.0000000000         0.3251287926        -0.1877738067 
                        H1         0.0000000000        -0.3540586980         0.2190045676 
                        H2         0.0000000000         0.0289299054        -0.0312307609 
------------------------------------------------------------------------------------------



 --------------------------------------------
 !FINAL_ETOT_IS -481.9695821280884 eV
 --------------------------------------------


TIME STATISTICS
------------------------------------------------------------------------------------
    CLASS_NAME                    NAME                TIME/s  CALLS   AVG/s  PER/%  
------------------------------------------------------------------------------------
                   total                              92.42  13       7.11   100.00 
 Driver            reading                            0.03   1        0.03   0.03   
 Input_Conv        Convert                            0.00   1        0.00   0.00   
 Driver            driver_line                        92.39  1        92.39  99.97  
 UnitCell          check_tau                          0.00   1        0.00   0.00   
 ESolver_KS_LCAO   before_all_runners                 3.47   1        3.47   3.76   
 PW_Basis_Sup      setuptransform                     0.09   1        0.09   0.10   
 PW_Basis_Sup      distributeg                        0.09   1        0.09   0.10   
 mymath            heapsort                           1.43   263      0.01   1.54   
 Charge_Mixing     init_mixing                        0.00   1        0.00   0.00   
 Symmetry          analy_sys                          0.02   1        0.02   0.03   
 PW_Basis_K        setuptransform                     0.08   1        0.08   0.09   
 PW_Basis_K        distributeg                        0.06   1        0.06   0.06   
 PW_Basis          setup_struc_factor                 0.22   1        0.22   0.24   
 NOrbital_Lm       extra_uniform                      0.34   171      0.00   0.37   
 Mathzone_Add1     SplineD2                           0.00   171      0.00   0.00   
 Mathzone_Add1     Cubic_Spline_Interpolation         0.00   171      0.00   0.00   
 Mathzone_Add1     Uni_Deriv_Phi                      0.33   171      0.00   0.35   
 ppcell_vl         init_vloc                          0.01   1        0.01   0.01   
 Ions              opt_ions                           88.27  1        88.27  95.51  
 ESolver_KS_LCAO   runner                             85.04  1        85.04  92.02  
 ESolver_KS_LCAO   before_scf                         5.61   1        5.61   6.07   
 atom_arrange      search                             0.00   1        0.00   0.00   
 atom_arrange      grid_d.init                        0.00   1        0.00   0.00   
 Grid              Construct_Adjacent_expand          0.00   1        0.00   0.00   
 Grid              Construct_Adjacent_expand_periodic 0.00   3        0.00   0.00   
 Grid_Technique    init                               0.10   1        0.10   0.11   
 Grid_BigCell      grid_expansion_index               0.04   2        0.02   0.05   
 Grid_Driver       Find_atom                          0.00   18       0.00   0.00   
 Record_adj        for_2d                             0.00   1        0.00   0.00   
 LCAO_domain       grid_prepare                       0.00   1        0.00   0.00   
 Veff              initialize_HR                      0.00   1        0.00   0.00   
 OverlapNew        initialize_SR                      0.00   1        0.00   0.00   
 EkineticNew       initialize_HR                      0.00   1        0.00   0.00   
 NonlocalNew       initialize_HR                      0.00   1        0.00   0.00   
 Charge            set_rho_core                       0.25   1        0.25   0.27   
 PW_Basis_Sup      recip2real                         5.54   132      0.04   5.99   
 PW_Basis_Sup      gathers_scatterp                   1.07   132      0.01   1.16   
 ModuleIO          read_rhog                          0.90   1        0.90   0.97   
 Potential         init_pot                           2.34   1        2.34   2.53   
 Potential         update_from_charge                 33.15  18       1.84   35.87  
 Potential         cal_fixed_v                        0.22   1        0.22   0.24   
 PotLocal          cal_fixed_v                        0.21   1        0.21   0.23   
 Potential         cal_v_eff                          32.35  18       1.80   35.00  
 H_Hartree_pw      v_hartree                          5.82   18       0.32   6.29   
 PW_Basis_Sup      real2recip                         5.03   152      0.03   5.44   
 PW_Basis_Sup      gatherp_scatters                   0.65   152      0.00   0.71   
 PotXC             cal_v_eff                          25.09  18       1.39   27.15  
 XC_Functional     v_xc                               25.73  19       1.35   27.84  
 Potential         interpolate_vrs                    0.58   18       0.03   0.63   
 Symmetry          rhog_symmetry                      17.69  18       0.98   19.14  
 Symmetry          group fft grids                    13.05  18       0.72   14.12  
 H_Ewald_pw        compute_ewald                      0.37   1        0.37   0.40   
 HSolverLCAO       solve                              3.76   17       0.22   4.07   
 HamiltLCAO        updateHk                           0.58   17       0.03   0.62   
 OperatorLCAO      init                               0.57   51       0.01   0.62   
 Veff              contributeHR                       0.57   17       0.03   0.61   
 Gint_interface    cal_gint                           2.06   35       0.06   2.23   
 Gint_interface    cal_gint_vlocal                    0.56   17       0.03   0.61   
 Gint_Tools        cal_psir_ylm                       0.70   29289    0.00   0.75   
 Gint_k            transfer_pvpR                      0.00   17       0.00   0.00   
 OverlapNew        calculate_SR                       0.00   1        0.00   0.00   
 OverlapNew        contributeHk                       0.00   17       0.00   0.00   
 EkineticNew       contributeHR                       0.00   17       0.00   0.00   
 EkineticNew       calculate_HR                       0.00   1        0.00   0.00   
 NonlocalNew       contributeHR                       0.01   17       0.00   0.01   
 NonlocalNew       calculate_HR                       0.01   1        0.01   0.01   
 OperatorLCAO      contributeHk                       0.00   17       0.00   0.00   
 HSolverLCAO       hamiltSolvePsiK                    0.04   17       0.00   0.04   
 DiagoElpa         elpa_solve                         0.03   17       0.00   0.03   
 elecstate         cal_dm                             0.00   18       0.00   0.00   
 psiMulPsiMpi      pdgemm                             0.00   18       0.00   0.00   
 DensityMatrix     cal_DMR                            0.00   18       0.00   0.00   
 ElecStateLCAO     psiToRho                           3.15   17       0.19   3.40   
 Gint              transfer_DMR                       0.00   17       0.00   0.00   
 Gint_interface    cal_gint_rho                       1.44   17       0.08   1.56   
 Charge_Mixing     get_drho                           0.09   17       0.01   0.10   
 Charge            mix_rho                            8.15   16       0.51   8.82   
 Charge            Pulay_mixing                       0.66   16       0.04   0.71   
 ModuleIO          write_rhog                         1.07   1        1.07   1.15   
 ESolver_KS_LCAO   after_scf                          7.34   1        7.34   7.94   
 Charge            atomic_rho                         0.27   1        0.27   0.29   
 ModuleIO          output_HSR                         0.00   1        0.00   0.00   
 ModuleIO          save_HSR_sparse                    0.00   1        0.00   0.00   
 cal_r_overlap_R   init                               1.76   1        1.76   1.91   
 ORB_gaunt_table   init_Gaunt_CH                      0.00   1        0.00   0.00   
 ORB_gaunt_table   Calc_Gaunt_CH                      0.00   601      0.00   0.00   
 ORB_gaunt_table   init_Gaunt                         0.00   1        0.00   0.00   
 ORB_gaunt_table   Get_Gaunt_SH                       0.00   6272     0.00   0.00   
 Center2_Orb       cal_ST_Phi12_R                     0.59   336      0.00   0.64   
 cal_r_overlap_R   out_rR_other                       0.01   1        0.01   0.01   
 ESolver_KS_LCAO   cal_force                          3.23   1        3.23   3.49   
 Force_Stress_LCAO getForceStress                     3.23   1        3.23   3.49   
 Forces            cal_force_loc                      0.64   1        0.64   0.69   
 Forces            cal_force_ew                       0.41   1        0.41   0.44   
 Forces            cal_force_cc                       1.88   1        1.88   2.03   
 Forces            cal_force_scc                      0.16   1        0.16   0.17   
 Force_LCAO        ftable                             0.06   1        0.06   0.06   
 Force_LCAO        allocate                           0.00   1        0.00   0.00   
 LCAO_domain       build_ST_new                       0.00   2        0.00   0.00   
 Force_LCAO        cal_pulay_fs_center2               0.00   2        0.00   0.00   
 Gint_interface    cal_gint_force                     0.06   1        0.06   0.06   
 Gint_Tools        cal_dpsir_ylm                      0.02   852      0.00   0.02   
 NonlocalNew       cal_force_stress                   0.00   1        0.00   0.00   
 ESolver_KS_LCAO   after_all_runners                  0.00   1        0.00   0.00   
 ModuleIO          write_istate_info                  0.00   1        0.00   0.00   
------------------------------------------------------------------------------------


 NAME-------------------------|MEMORY(MB)--------
                         total          1856.
                    ORB::Jl(x)          737.5
                  SF::strucFac          222.5
                      Chg::rho          109.5
                 Chg::rho_save          109.5
                 Chg::rho_core          109.5
                 Pot::veff_fix          109.5
                     Pot::veff          109.5
              Pot::veff_smooth          109.5
                     Chg::rhog          55.63
                Chg::rhog_save          55.63
                Chg::rhog_core          55.63
                  PW_B_K::gcar          20.87
                   PW_B_K::gk2          6.957
               GT::ind_bigcell          6.927
         GT::in_this_processor          6.927
              GT::index2normal          6.927
               GT::index2ucell          6.927
                 GT::start_ind          2.027
            GT::how_many_atoms          2.027
               GT::bcell_start          2.027
            GT::how many atoms          2.027
       TwoCenterTable: Kinetic          1.752
       TwoCenterTable: Overlap          1.752
      GT::bigcell_on_processor          1.732
      TwoCenterTable: Nonlocal          1.404
 -------------   < 1.0 MB has been ignored ----------------
 ----------------------------------------------------------

 Start  Time  : Fri Sep  4 17:49:05 2026
 Finish Time  : Fri Sep  4 17:50:37 2026
 Total  Time  : 0 h 1 mins 32 secs 
