No. Atom             xx            xy            xz            yx            yy            yz            zx            zy            zz
*    1 As    -0.08346277    0.09248100    0.16936774    0.09306756   -0.18944198    0.09119802   -0.08143168   -0.04654558   -0.98037868
*    2 As    -0.23874900    0.00000055    0.00000000   -0.00000101   -0.02694560    0.18239603   -0.00000043   -0.09434156   -0.98037868
     3 As    -0.08346277   -0.09248102    0.16936774   -0.09306652   -0.18944198   -0.09119802   -0.08143168    0.04654558   -0.98037868
     4 As    -0.08346277   -0.09248102   -0.16936774   -0.09306652   -0.18944198    0.09119802    0.08143168   -0.04654558   -0.98037868
     5 As    -0.23874900    0.00000055    0.00000000   -0.00000101   -0.02694560   -0.18239603    0.00000043    0.09434156   -0.98037868
     6 As    -0.08346277    0.09248100   -0.16936774    0.09306756   -0.18944198   -0.09119802    0.08143168    0.04654558   -0.98037868
*    7 Ga     0.53422643   -0.02085695   -0.79472557   -0.01914922    0.55683924   -0.45599008   -0.04033771   -0.02354057    2.10732560
*    8 Ga     0.58223225   -0.00000020    0.00000000   -0.00000186    0.52743646   -0.89895188   -0.00000385   -0.04616449    2.10732560
     9 Ga     0.53422643    0.02085693   -0.79472557    0.01915025    0.55683924    0.45599008   -0.04033771    0.02354057    2.10732560
    10 Ga     0.53422643    0.02085693    0.79472557    0.01915025    0.55683924   -0.45599008    0.04033771   -0.02354057    2.10732560
    11 Ga     0.58223225   -0.00000020    0.00000000   -0.00000186    0.52743646    0.89895188    0.00000385    0.04616449    2.10732560
    12 Ga     0.53422643   -0.02085695    0.79472557   -0.01914922    0.55683924    0.45599008    0.04033771    0.02354057    2.10732560
*   13 H     -0.32312538   -0.07882226   -0.01302829   -0.07939877   -0.22827212   -0.01302829   -0.03594824   -0.02030903   -0.71981291
*   14 H     -0.18326646   -0.00000003    0.00000000   -0.00000057   -0.36799462   -0.01302829   -0.00000231   -0.04197582   -0.71981291
*   15 H     -0.16393601   -0.04323786    0.06514144   -0.04374588   -0.11165423    0.03908486    0.04308832    0.02439153   -0.40713400
*   16 H     -0.08762130   -0.00000021    0.00000000   -0.00000066   -0.18743803    0.06514144    0.00000300    0.05023952   -0.40713400
    17 H     -0.32312538    0.07882224   -0.01302829    0.07939981   -0.22827212    0.01302829   -0.03594824    0.02030903   -0.71981291
    18 H     -0.16393601    0.04323784    0.06514144    0.04374691   -0.11165423   -0.03908486    0.04308832   -0.02439153   -0.40713400
    19 H     -0.32312538    0.07882224    0.01302829    0.07939981   -0.22827212   -0.01302829    0.03594824   -0.02030903   -0.71981291
    20 H     -0.16393601    0.04323784   -0.06514144    0.04374691   -0.11165423    0.03908486   -0.04308832    0.02439153   -0.40713400
    21 H     -0.18326646   -0.00000003    0.00000000   -0.00000057   -0.36799462    0.01302829    0.00000231    0.04197582   -0.71981291
    22 H     -0.32312538   -0.07882226    0.01302829   -0.07939877   -0.22827212    0.01302829    0.03594824    0.02030903   -0.71981291
    23 H     -0.08762130   -0.00000021    0.00000000   -0.00000066   -0.18743803   -0.06514144   -0.00000300   -0.05023952   -0.40713400
    24 H     -0.16393601   -0.04323786   -0.06514144   -0.04374588   -0.11165423   -0.03908486   -0.04308832   -0.02439153   -0.40713400
