                                                                                     
                              ABACUS v3.10.0

               Atomic-orbital Based Ab-initio Computation at UStc                    

                     Website: http://abacus.ustc.edu.cn/                             
               Documentation: https://abacus.deepmodeling.com/                       
                  Repository: https://github.com/abacusmodeling/abacus-develop       
                              https://github.com/deepmodeling/abacus-develop         
                      Commit: e84abb4 (Sat Jun 28 13:06:46 2025 +0800)

    Start Time is Fri Sep  4 21:54:31 2026
                                                                                     
 ------------------------------------------------------------------------------------

 READING GENERAL INFORMATION
                           global_out_dir = OUT.H2O/
                           global_in_card = INPUT
                               pseudo_dir = ./
                              orbital_dir = ./
                                    DRANK = 1
                                    DSIZE = 1
                                   DCOLOR = 1
                                    GRANK = 1
                                    GSIZE = 1




 >>>>>>>>>>>>>>>>>>>>>>>>>>>>>>>>>>>>>>>>>>>>>>>>>>>>>>>>>>>>>>>>>>>>>>
 |                                                                    |
 | Reading atom information in unitcell:                              |
 | From the input file and the structure file we know the number of   |
 | different elments in this unitcell, then we list the detail        |
 | information for each element, especially the zeta and polar atomic |
 | orbital number for each element. The total atom number is counted. |
 | We calculate the nearest atom distance for each atom and show the  |
 | Cartesian and Direct coordinates for each atom. We list the file   |
 | address for atomic orbitals. The volume and the lattice vectors    |
 | in real and reciprocal space is also shown.                        |
 |                                                                    |
 <<<<<<<<<<<<<<<<<<<<<<<<<<<<<<<<<<<<<<<<<<<<<<<<<<<<<<<<<<<<<<<<<<<<<<




 READING UNITCELL INFORMATION
                                    ntype = 2
                  lattice constant (Bohr) = 1.88973
              lattice constant (Angstrom) = 1

 READING ATOM TYPE 1
                               atom label = O
                      L=0, number of zeta = 2
                      L=1, number of zeta = 2
                      L=2, number of zeta = 1
             number of atom for this type = 1

 READING ATOM TYPE 2
                               atom label = H
                      L=0, number of zeta = 3
                      L=1, number of zeta = 2
             number of atom for this type = 2

                        TOTAL ATOM NUMBER = 3
DIRECT COORDINATES
    atom                   x                   y                   z     mag                  vx                  vy                  vz
taud_O1            0.5000000000        0.5000000000        0.5060620626  0.0000        0.0000000000        0.0000000000        0.0000000000
taud_H1            0.5000000000        0.5381341294        0.4768848459  0.0000        0.0000000000        0.0000000000        0.0000000000
taud_H2            0.5000000000        0.4618658706        0.4763556687  0.0000        0.0000000000        0.0000000000        0.0000000000



                          Volume (Bohr^3) = 53986.7
                             Volume (A^3) = 7999.99

 Lattice vectors: (Cartesian coordinate: in unit of a_0)
                  +20                  +0                  +0
                   +0                 +20                  +0
                   +0                  +0                 +20
 Reciprocal vectors: (Cartesian coordinate: in unit of 2 pi/a_0)
                +0.05                  -0                  +0
                   -0               +0.05                  -0
                   +0                  -0               +0.05
 The esolver type has been set to : ksdft_lcao

 RUNNING WITH DEVICE  : CPU / Intel(R) Xeon(R) Gold 6248 CPU @ 2.50GHz




 >>>>>>>>>>>>>>>>>>>>>>>>>>>>>>>>>>>>>>>>>>>>>>>>>>>>>>>>>>>>>>>>>>>>>>
 |                                                                    |
 | Reading pseudopotentials files:                                    |
 | The pseudopotential file is in UPF format. The 'NC' indicates that |
 | the type of pseudopotential is 'norm conserving'. Functional of    |
 | exchange and correlation is decided by 4 given parameters in UPF   |
 | file.  We also read in the 'core correction' if there exists.      |
 | Also we can read the valence electrons number and the maximal      |
 | angular momentum used in this pseudopotential. We also read in the |
 | trail wave function, trail atomic density and local-pseudopotential|
 | on logrithmic grid. The non-local pseudopotential projector is also|
 | read in if there is any.                                           |
 |                                                                    |
 <<<<<<<<<<<<<<<<<<<<<<<<<<<<<<<<<<<<<<<<<<<<<<<<<<<<<<<<<<<<<<<<<<<<<<




                PAO radial cut off (Bohr) = 15

 Read in pseudopotential file is O.upf
                     pseudopotential type = NC
          exchange-correlation functional = PBE
                 nonlocal core correction = 1
                        valence electrons = 6
                                     lmax = 2
                           number of zeta = 2
                     number of projectors = 5
                           L of projector = 0
                           L of projector = 0
                           L of projector = 1
                           L of projector = 1
                           L of projector = 2
                PAO radial cut off (Bohr) = 15

 Read in pseudopotential file is H.upf
                     pseudopotential type = NC
          exchange-correlation functional = PBE
                 nonlocal core correction = 0
                        valence electrons = 1
                                     lmax = 1
                           number of zeta = 1
                     number of projectors = 3
                           L of projector = 0
                           L of projector = 0
                           L of projector = 1
     initial pseudo atomic orbital number = 6

 SETUP THE ELECTRONS NUMBER
             electron number of element O = 6
       total electron number of element O = 6
             electron number of element H = 1
       total electron number of element H = 2
            AUTOSET number of electrons:  = 8
                           occupied bands = 4
                                   NLOCAL = 31
                                   NBANDS = 14
                                   NBANDS = 14
                                   NLOCAL = 31




 >>>>>>>>>>>>>>>>>>>>>>>>>>>>>>>>>>>>>>>>>>>>>>>>>>>>>>>>>>>>>>>>>>>>>>
 |                                                                    |
 | Setup plane waves of charge/potential:                             |
 | Use the energy cutoff and the lattice vectors to generate the      |
 | dimensions of FFT grid. The number of FFT grid on each processor   |
 | is 'nrxx'. The number of plane wave basis in reciprocal space is   |
 | different for charege/potential and wave functions. We also set    |
 | the 'sticks' for the parallel of FFT. The number of plane waves    |
 | is 'npw' in each processor.                                        |
 <<<<<<<<<<<<<<<<<<<<<<<<<<<<<<<<<<<<<<<<<<<<<<<<<<<<<<<<<<<<<<<<<<<<<<





 SETUP THE PLANE WAVE BASIS
 energy cutoff for charge/potential (unit:Ry) = 400
            fft grid for charge/potential = [ 243, 243, 243 ]
                        fft grid division = [ 3, 3, 3 ]
        big fft grid for charge/potential = [ 81, 81, 81 ]
                                     nbxx = 531441
                                     nrxx = 14348907

 SETUP PLANE WAVES FOR CHARGE/POTENTIAL
                    number of plane waves = 7292125
                         number of sticks = 45461

 PARALLEL PW FOR CHARGE/POTENTIAL
     PROC   COLUMNS(POT)             PW
        1          45461        7292125
 --------------- sum -------------------
        1          45461        7292125
                            number of |g| = 12063
                                  max |g| = 36.18
                                  min |g| = 0
 DONE : SETUP UNITCELL Time : 2.39424 (SEC)


----------- Double Check Mixing Parameters Begin ------------
mixing_type: pulay
mixing_beta: 0.2
mixing_gg0: 1
mixing_gg0_min: 0.1
mixing_ndim: 20
----------- Double Check Mixing Parameters End ------------




 >>>>>>>>>>>>>>>>>>>>>>>>>>>>>>>>>>>>>>>>>>>>>>>>>>>>>>>>>>>>>>>>>>>>>>
 |                                                                    |
 | Doing symmetry analysis:                                           |
 | We calculate the norm of 3 vectors and the angles between them,    |
 | the type of Bravais lattice is given. We can judge if the unticell |
 | is a primitive cell. Finally we give the point group operation for |
 | this unitcell. We use the point group operations to do symmetry |
 | analysis on given k-point mesh and the charge density.             |
 |                                                                    |
 <<<<<<<<<<<<<<<<<<<<<<<<<<<<<<<<<<<<<<<<<<<<<<<<<<<<<<<<<<<<<<<<<<<<<<




 LATTICE VECTORS: (CARTESIAN COORDINATE: IN UNIT OF A0)
                  +20                  +0                  +0
                   +0                 +20                  +0
                   +0                  +0                 +20
                       right hand lattice = 1
                                   NORM_A = 20
                                   NORM_B = 20
                                   NORM_C = 20
                           ALPHA (DEGREE) = 90
                           BETA  (DEGREE) = 90
                           GAMMA (DEGREE) = 90

 The lattice vectors have been changed (STRU_SIMPLE.cif)

(for optimal symmetric configuration:)
                             BRAVAIS TYPE = 1
                     BRAVAIS LATTICE NAME = 01. Cubic P (simple)
                                    ibrav = 1
                                    IBRAV = 1
                                  BRAVAIS = SIMPLE CUBIC
                       LATTICE CONSTANT A = 20
Original cell was already a primitive cell.
                        ROTATION MATRICES = 48
              PURE POINT GROUP OPERATIONS = 2
                   SPACE GROUP OPERATIONS = 2
                                       C2 = 0
                                       C3 = 0
                                       C4 = 0
                                       C6 = 0
                                       S1 = 1
                                       S3 = 0
                                       S4 = 0
                                       S6 = 0
                              POINT GROUP = C_1h
                                       C2 = 0
                                       C3 = 0
                                       C4 = 0
                                       C6 = 0
                                       S1 = 1
                                       S3 = 0
                                       S4 = 0
                                       S6 = 0
               POINT GROUP IN SPACE GROUP = C_1h
 DONE : SYMMETRY Time : 2.41906 (SEC)





 >>>>>>>>>>>>>>>>>>>>>>>>>>>>>>>>>>>>>>>>>>>>>>>>>>>>>>>>>>>>>>>>>>>>>>
 |                                                                    |
 | Setup K-points                                                     |
 | We setup the k-points according to input parameters.               |
 | The reduced k-points are set according to symmetry operations.     |
 | We treat the spin as another set of k-points.                      |
 |                                                                    |
 <<<<<<<<<<<<<<<<<<<<<<<<<<<<<<<<<<<<<<<<<<<<<<<<<<<<<<<<<<<<<<<<<<<<<<





 SETUP K-POINTS
                                    nspin = 1
                   Input type of k points = Monkhorst-Pack(Gamma)
                                   nkstot = 1
                       right hand lattice = 1
(for reciprocal lattice: )
                             BRAVAIS TYPE = 1
                     BRAVAIS LATTICE NAME = 01. Cubic P (simple)
                                    ibrav = 1
                       right hand lattice = 1
(for k-lattice: )
                             BRAVAIS TYPE = 1
                     BRAVAIS LATTICE NAME = 01. Cubic P (simple)
                                    ibrav = 1
                       right hand lattice = 1
                        ROTATION MATRICES = 48
                               nkstot_ibz = 1
K-POINTS REDUCTION ACCORDING TO SYMMETRY
     IBZ    DIRECT_X    DIRECT_Y    DIRECT_Z  WEIGHT  ibz2bz
       1  0.00000000  0.00000000  0.00000000  1.0000       0

                               nkstot now = 1
K-POINTS DIRECT COORDINATES
 KPOINTS    DIRECT_X    DIRECT_Y    DIRECT_Z  WEIGHT
       1  0.00000000  0.00000000  0.00000000  1.0000


           k-point number in this process = 1
       minimum distributed K point number = 1
starsize: 1
isym: 0 ks_vec: 0 0 0

K-POINTS CARTESIAN COORDINATES
 KPOINTS CARTESIAN_X CARTESIAN_Y CARTESIAN_Z  WEIGHT
       1  0.00000000  0.00000000  0.00000000  2.0000


K-POINTS DIRECT COORDINATES
 KPOINTS    DIRECT_X    DIRECT_Y    DIRECT_Z  WEIGHT
       1  0.00000000  0.00000000  0.00000000  2.0000

 DONE : INIT K-POINTS Time : 2.49435 (SEC)


 Warning_Memory_Consuming allocated:  PW_B_K::gk2 6.95734 MB

 Warning_Memory_Consuming allocated:  PW_B_K::gcar 20.872 MB




 >>>>>>>>>>>>>>>>>>>>>>>>>>>>>>>>>>>>>>>>>>>>>>>>>>>>>>>>>>>>>>>>>>>>>>
 |                                                                    |
 | Setup plane waves of wave functions:                               |
 | Use the energy cutoff and the lattice vectors to generate the      |
 | dimensions of FFT grid. The number of FFT grid on each processor   |
 | is 'nrxx'. The number of plane wave basis in reciprocal space is   |
 | different for charege/potential and wave functions. We also set    |
 | the 'sticks' for the parallel of FFT. The number of plane wave of  |
 | each k-point is 'npwk[ik]' in each processor                       |
 <<<<<<<<<<<<<<<<<<<<<<<<<<<<<<<<<<<<<<<<<<<<<<<<<<<<<<<<<<<<<<<<<<<<<<





 SETUP PLANE WAVES FOR WAVE FUNCTIONS
     energy cutoff for wavefunc (unit:Ry) = 100
              fft grid for wave functions = [ 243, 243, 243 ]
                    number of plane waves = 911913
                         number of sticks = 11369

 PARALLEL PW FOR WAVE FUNCTIONS
     PROC   COLUMNS(POT)             PW
        1          11369         911913
 --------------- sum -------------------
        1          11369         911913
 DONE : INIT PLANEWAVE Time : 2.64734 (SEC)


 Warning_Memory_Consuming allocated:  SF::strucFac 222.538 MB
 SET NONLOCAL PSEUDOPOTENTIAL PROJECTORS
 SET NONLOCAL PSEUDOPOTENTIAL PROJECTORS
 max number of nonlocal projetors among all species is 5
 DONE : LOCAL POTENTIAL Time : 3.04285 (SEC)


 Warning_Memory_Consuming allocated:  Chg::rho 109.473 MB

 Warning_Memory_Consuming allocated:  Chg::rho_save 109.473 MB

 Warning_Memory_Consuming allocated:  Chg::rhog 55.6345 MB

 Warning_Memory_Consuming allocated:  Chg::rhog_save 55.6345 MB

 Warning_Memory_Consuming allocated:  Chg::rho_core 109.473 MB

 Warning_Memory_Consuming allocated:  Chg::rhog_core 55.6345 MB

 Warning_Memory_Consuming allocated:  Pot::veff_fix 109.473 MB

 Warning_Memory_Consuming allocated:  Pot::veff 109.473 MB

 Warning_Memory_Consuming allocated:  Pot::veff_smooth 109.473 MB

 -------------------------------------------
 SELF-CONSISTENT
 -------------------------------------------




 >>>>>>>>>>>>>>>>>>>>>>>>>>>>>>>>>>>>>>>>>>>>>>>>>>>>>>>>>>>>>>>>>>>>>>
 |                                                                    |
 | Search adjacent atoms:                                             |
 | Set the adjacent atoms for each atom and set the periodic boundary |
 | condition for the atoms on real space FFT grid. For k-dependent    |
 | algorithm, we also need to set the sparse H and S matrix element   |
 | for each atom.                                                     |
 |                                                                    |
 <<<<<<<<<<<<<<<<<<<<<<<<<<<<<<<<<<<<<<<<<<<<<<<<<<<<<<<<<<<<<<<<<<<<<<





 SETUP SEARCHING RADIUS FOR PROGRAM TO SEARCH ADJACENT ATOMS
                  longest orb rcut (Bohr) = 9
   longest nonlocal projector rcut (Bohr) = 1.5
                     search radius (Bohr) = 21
              searching radius is (Bohr)) = 21
         searching radius unit is (Bohr)) = 1.89
                         PeriodicBoundary = 1
                        Radius(unit:lat0) = 11.1
                                   glayer = [ 2, 2, 2 ]
                             glayer_minus = [ 1, 1, 1 ]

Find the coordinate range of the input atom(unit:lat0).
                                  min_tau = [ -10, -10.8, -10.5 ]
                                  max_tau = [ 30, 30.8, 30.1 ]
                                BoxNumber = [ 3, 3, 3 ]

 SETUP EXTENDED REAL SPACE GRID FOR GRID INTEGRATION
                          real space grid = [ 243, 243, 243 ]
                 big cell numbers in grid = [ 81, 81, 81 ]
             meshcell numbers in big cell = [ 3, 3, 3 ]
                        extended fft grid = [ 20, 20, 20 ]
                dimension of extened grid = [ 122, 122, 122 ]
                            UnitCellTotal = 27

 Warning_Memory_Consuming allocated:  GT::ind_bigcell 6.93 MB

 Warning_Memory_Consuming allocated:  GT::in_this_processor 6.93 MB

 Warning_Memory_Consuming allocated:  GT::index2normal 6.93 MB

 Warning_Memory_Consuming allocated:  GT::index2ucell 6.93 MB
              Atom number in sub-FFT-grid = 3
    Local orbitals number in sub-FFT-grid = 31
                                ParaV.nnr = 961
                                 init_chg = auto
 try to read charge from file
!!! Couldn't find the file: OUT.H2O//SPIN1_CHG.cube
 DONE : INIT SCF Time : 6.9833 (SEC)


 LCAO ALGORITHM --------------- ION=   1  ELEC=   1--------------------------------

 Density error is 0.22681652563
----------------------------------------------------------
     Energy           Rydberg                 eV          
----------------------------------------------------------
 E_KohnSham     -35.4666179012       -482.5480922453      
 E_Harris       -30.8683173956       -419.9850042532      
 E_Fermi        -0.8763650505        -11.9235582144       
----------------------------------------------------------


 LCAO ALGORITHM --------------- ION=   1  ELEC=   2--------------------------------

 Density error is 0.157648718308
----------------------------------------------------------
     Energy           Rydberg                 eV          
----------------------------------------------------------
 E_KohnSham     -35.4136208477       -481.8270303408      
 E_Harris       -32.4636796782       -441.6910216699      
 E_Fermi        -0.7510674347        -10.2187966943       
----------------------------------------------------------


 LCAO ALGORITHM --------------- ION=   1  ELEC=   3--------------------------------

 Density error is 0.0980710090596
----------------------------------------------------------
     Energy           Rydberg                 eV          
----------------------------------------------------------
 E_KohnSham     -35.4255292647       -481.9890526655      
 E_Harris       -34.6118432844       -470.9182869503      
 E_Fermi        -0.6084394394        -8.2782432638        
----------------------------------------------------------


 LCAO ALGORITHM --------------- ION=   1  ELEC=   4--------------------------------

 Density error is 0.0443904225699
----------------------------------------------------------
     Energy           Rydberg                 eV          
----------------------------------------------------------
 E_KohnSham     -35.4228290423       -481.9523142552      
 E_Harris       -34.7358787005       -472.6058753639      
 E_Fermi        -0.5763197647        -7.8412326693        
----------------------------------------------------------


 LCAO ALGORITHM --------------- ION=   1  ELEC=   5--------------------------------

 Density error is 0.0272017270488
----------------------------------------------------------
     Energy           Rydberg                 eV          
----------------------------------------------------------
 E_KohnSham     -35.4238207848       -481.9658076046      
 E_Harris       -35.2475839654       -479.5679826626      
 E_Fermi        -0.5437983713        -7.3987564132        
----------------------------------------------------------


 LCAO ALGORITHM --------------- ION=   1  ELEC=   6--------------------------------

 Density error is 0.0134050579052
----------------------------------------------------------
     Energy           Rydberg                 eV          
----------------------------------------------------------
 E_KohnSham     -35.4238875239       -481.9667156357      
 E_Harris       -35.3825716995       -481.4045850074      
 E_Fermi        -0.5321684614        -7.2405233705        
----------------------------------------------------------


 LCAO ALGORITHM --------------- ION=   1  ELEC=   7--------------------------------

 Density error is 0.0122627177007
----------------------------------------------------------
     Energy           Rydberg                 eV          
----------------------------------------------------------
 E_KohnSham     -35.4240696469       -481.9691935469      
 E_Harris       -35.4093316483       -481.7686727883      
 E_Fermi        -0.5299880055        -7.2108567470        
----------------------------------------------------------


 LCAO ALGORITHM --------------- ION=   1  ELEC=   8--------------------------------

 Density error is 0.00439607699549
----------------------------------------------------------
     Energy           Rydberg                 eV          
----------------------------------------------------------
 E_KohnSham     -35.4241398697       -481.9701489764      
 E_Harris       -35.4162506594       -481.8628107634      
 E_Fermi        -0.5283249354        -7.1882295163        
----------------------------------------------------------


 LCAO ALGORITHM --------------- ION=   1  ELEC=   9--------------------------------

 Density error is 0.00146888015196
----------------------------------------------------------
     Energy           Rydberg                 eV          
----------------------------------------------------------
 E_KohnSham     -35.4241407280       -481.9701606545      
 E_Harris       -35.4212946189       -481.9314373531      
 E_Fermi        -0.5276988368        -7.1797110086        
----------------------------------------------------------


 LCAO ALGORITHM --------------- ION=   1  ELEC=  10--------------------------------

 Density error is 0.00132235790259
----------------------------------------------------------
     Energy           Rydberg                 eV          
----------------------------------------------------------
 E_KohnSham     -35.4241526683       -481.9703231106      
 E_Harris       -35.4224126043       -481.9466483257      
 E_Fermi        -0.5276641733        -7.1792393874        
----------------------------------------------------------


 LCAO ALGORITHM --------------- ION=   1  ELEC=  11--------------------------------

 Density error is 0.00037645638142
----------------------------------------------------------
     Energy           Rydberg                 eV          
----------------------------------------------------------
 E_KohnSham     -35.4241536630       -481.9703366438      
 E_Harris       -35.4242886426       -481.9721731365      
 E_Fermi        -0.5275157659        -7.1772202010        
----------------------------------------------------------


 LCAO ALGORITHM --------------- ION=   1  ELEC=  12--------------------------------

 Density error is 0.000211728244352
----------------------------------------------------------
     Energy           Rydberg                 eV          
----------------------------------------------------------
 E_KohnSham     -35.4241541783       -481.9703436556      
 E_Harris       -35.4243714829       -481.9733002360      
 E_Fermi        -0.5275109358        -7.1771544836        
----------------------------------------------------------


 LCAO ALGORITHM --------------- ION=   1  ELEC=  13--------------------------------

 Density error is 6.96250361399e-05
----------------------------------------------------------
     Energy           Rydberg                 eV          
----------------------------------------------------------
 E_KohnSham     -35.4241542276       -481.9703443267      
 E_Harris       -35.4241782237       -481.9706708101      
 E_Fermi        -0.5275257639        -7.1773562312        
----------------------------------------------------------


 LCAO ALGORITHM --------------- ION=   1  ELEC=  14--------------------------------

 Density error is 2.72196655316e-05
----------------------------------------------------------
     Energy           Rydberg                 eV          
----------------------------------------------------------
 E_KohnSham     -35.4241542329       -481.9703443983      
 E_Harris       -35.4241159479       -481.9698235040      
 E_Fermi        -0.5275293495        -7.1774050152        
----------------------------------------------------------


 LCAO ALGORITHM --------------- ION=   1  ELEC=  15--------------------------------

 Density error is 1.59402643605e-05
----------------------------------------------------------
     Energy           Rydberg                 eV          
----------------------------------------------------------
 E_KohnSham     -35.4241542319       -481.9703443850      
 E_Harris       -35.4241532885       -481.9703315489      
 E_Fermi        -0.5275268977        -7.1773716566        
----------------------------------------------------------


 LCAO ALGORITHM --------------- ION=   1  ELEC=  16--------------------------------

 Density error is 4.94876239066e-06
----------------------------------------------------------
     Energy           Rydberg                 eV          
----------------------------------------------------------
 E_KohnSham     -35.4241542330       -481.9703443993      
 E_Harris       -35.4241523908       -481.9703193351      
 E_Fermi        -0.5275269961        -7.1773729955        
----------------------------------------------------------


 LCAO ALGORITHM --------------- ION=   1  ELEC=  17--------------------------------

 Density error is 1.7931446269e-06
----------------------------------------------------------
     Energy           Rydberg                 eV          
----------------------------------------------------------
 E_KohnSham     -35.4241542330       -481.9703443998      
 E_Harris       -35.4241551190       -481.9703564541      
 E_Fermi        -0.5275269106        -7.1773718324        
----------------------------------------------------------


 LCAO ALGORITHM --------------- ION=   1  ELEC=  18--------------------------------

 Density error is 8.31117859583e-07
----------------------------------------------------------
     Energy           Rydberg                 eV          
----------------------------------------------------------
 E_KohnSham     -35.4241542334       -481.9703444048      
 E_Harris       -35.4241553132       -481.9703590970      
 E_Fermi        -0.5275268579        -7.1773711148        
----------------------------------------------------------


 LCAO ALGORITHM --------------- ION=   1  ELEC=  19--------------------------------

 Density error is 1.93407962964e-07
----------------------------------------------------------
     Energy           Rydberg                 eV          
----------------------------------------------------------
 E_KohnSham     -35.4241542333       -481.9703444033      
 E_Harris       -35.4241540112       -481.9703413824      
 E_Fermi        -0.5275269327        -7.1773721336        
----------------------------------------------------------


 LCAO ALGORITHM --------------- ION=   1  ELEC=  20--------------------------------

 Density error is 1.19109857548e-07
----------------------------------------------------------
     Energy           Rydberg                 eV          
----------------------------------------------------------
 E_KohnSham     -35.4241542333       -481.9703444033      
 E_Harris       -35.4241542107       -481.9703440956      
 E_Fermi        -0.5275269234        -7.1773720068        
----------------------------------------------------------


 LCAO ALGORITHM --------------- ION=   1  ELEC=  21--------------------------------

 Density error is 3.00277120676e-08
----------------------------------------------------------
     Energy           Rydberg                 eV          
----------------------------------------------------------
 E_KohnSham     -35.4241542333       -481.9703444031      
 E_Harris       -35.4241542448       -481.9703445608      
 E_Fermi        -0.5275269219        -7.1773719857        
----------------------------------------------------------


 LCAO ALGORITHM --------------- ION=   1  ELEC=  22--------------------------------

 Density error is 1.18579035298e-08
----------------------------------------------------------
     Energy           Rydberg                 eV          
----------------------------------------------------------
 E_KohnSham     -35.4241542332       -481.9703444030      
 E_Harris       -35.4241542540       -481.9703446851      
 E_Fermi        -0.5275269218        -7.1773719845        
----------------------------------------------------------


 LCAO ALGORITHM --------------- ION=   1  ELEC=  23--------------------------------

 Density error is 5.02071440072e-09
----------------------------------------------------------
     Energy           Rydberg                 eV          
----------------------------------------------------------
 E_KohnSham     -35.4241542332       -481.9703444030      
 E_KS(sigma->0) -35.4241542332       -481.9703444030      
 E_Harris       -35.4241542358       -481.9703444373      
 E_band         -8.0903877563        -110.0753725147      
 E_one_elec     -72.5341788511       -986.8781321260      
 E_Hartree      37.7904851245        514.1659278781       
 E_xc           -9.7542559523        -132.7134607018      
 E_Ewald        9.0737954456         123.4553205468       
 E_entropy(-TS) 0.0000000000         0.0000000000         
 E_descf        0.0000000000         0.0000000000         
 E_exx          0.0000000000         0.0000000000         
 E_Fermi        -0.5275269229        -7.1773719993        
----------------------------------------------------------


 charge density convergence is achieved
 final etot is -481.9703444 eV
 EFERMI = -7.1773719993 eV

 STATE ENERGY(eV) AND OCCUPATIONS    NSPIN == 1
 1/1 kpoint (Cartesian) = 0.0000 0.0000 0.0000 (911913 pws)
       1       -25.3489        2.00000
       2       -13.2418        2.00000
       3       -9.26959        2.00000
       4       -7.17737        2.00000
       5      -0.352524        0.00000
       6        1.33175        0.00000
       7        3.06616        0.00000
       8        3.09842        0.00000
       9        5.71389        0.00000
      10        5.89825        0.00000
      11        7.08108        0.00000
      12        10.0649        0.00000
      13        10.1478        0.00000
      14        16.1247        0.00000

 correction force for each atom along direction 1 is 3.16613e-14
 correction force for each atom along direction 2 is 3.94309e-08
 correction force for each atom along direction 3 is 3.50070e-06
------------------------------------------------------------------------------------------
 TOTAL-FORCE (eV/Angstrom)                                                                
------------------------------------------------------------------------------------------
                        O1         0.0000000000        -0.2648721571         0.2232011959 
                        H1         0.0000000000         0.2329028726        -0.2131528432 
                        H2         0.0000000000         0.0319692845        -0.0100483527 
------------------------------------------------------------------------------------------



 --------------------------------------------
 !FINAL_ETOT_IS -481.9703444029843 eV
 --------------------------------------------


TIME STATISTICS
------------------------------------------------------------------------------------
    CLASS_NAME                    NAME                TIME/s  CALLS   AVG/s  PER/%  
------------------------------------------------------------------------------------
                   total                              77.77  13       5.98   100.00 
 Driver            reading                            0.03   1        0.03   0.04   
 Input_Conv        Convert                            0.00   1        0.00   0.00   
 Driver            driver_line                        77.74  1        77.74  99.96  
 UnitCell          check_tau                          0.00   1        0.00   0.00   
 ESolver_KS_LCAO   before_all_runners                 3.29   1        3.29   4.23   
 PW_Basis_Sup      setuptransform                     0.09   1        0.09   0.11   
 PW_Basis_Sup      distributeg                        0.08   1        0.08   0.11   
 mymath            heapsort                           1.43   231      0.01   1.83   
 Charge_Mixing     init_mixing                        0.00   1        0.00   0.00   
 Symmetry          analy_sys                          0.02   1        0.02   0.03   
 PW_Basis_K        setuptransform                     0.08   1        0.08   0.11   
 PW_Basis_K        distributeg                        0.06   1        0.06   0.08   
 PW_Basis          setup_struc_factor                 0.23   1        0.23   0.29   
 NOrbital_Lm       extra_uniform                      0.06   10       0.01   0.08   
 Mathzone_Add1     SplineD2                           0.00   10       0.00   0.00   
 Mathzone_Add1     Cubic_Spline_Interpolation         0.00   10       0.00   0.00   
 Mathzone_Add1     Uni_Deriv_Phi                      0.06   10       0.01   0.08   
 ppcell_vl         init_vloc                          0.01   1        0.01   0.01   
 Ions              opt_ions                           73.81  1        73.81  94.90  
 ESolver_KS_LCAO   runner                             71.49  1        71.49  91.92  
 ESolver_KS_LCAO   before_scf                         3.65   1        3.65   4.70   
 atom_arrange      search                             0.00   1        0.00   0.00   
 atom_arrange      grid_d.init                        0.00   1        0.00   0.00   
 Grid              Construct_Adjacent_expand          0.00   1        0.00   0.00   
 Grid              Construct_Adjacent_expand_periodic 0.00   3        0.00   0.00   
 Grid_Technique    init                               0.10   1        0.10   0.12   
 Grid_BigCell      grid_expansion_index               0.04   2        0.02   0.06   
 Grid_Driver       Find_atom                          0.00   18       0.00   0.00   
 Record_adj        for_2d                             0.00   1        0.00   0.00   
 LCAO_domain       grid_prepare                       0.00   1        0.00   0.00   
 Veff              initialize_HR                      0.00   1        0.00   0.00   
 OverlapNew        initialize_SR                      0.00   1        0.00   0.00   
 EkineticNew       initialize_HR                      0.00   1        0.00   0.00   
 NonlocalNew       initialize_HR                      0.00   1        0.00   0.00   
 Charge            set_rho_core                       0.37   1        0.37   0.48   
 PW_Basis_Sup      recip2real                         6.90   174      0.04   8.88   
 PW_Basis_Sup      gathers_scatterp                   1.53   174      0.01   1.97   
 ModuleIO          read_rhog                          0.00   1        0.00   0.00   
 Charge            atomic_rho                         0.46   2        0.23   0.59   
 Potential         init_pot                           1.60   1        1.60   2.05   
 Potential         update_from_charge                 29.50  24       1.23   37.93  
 Potential         cal_fixed_v                        0.33   1        0.33   0.43   
 PotLocal          cal_fixed_v                        0.32   1        0.32   0.41   
 Potential         cal_v_eff                          28.61  24       1.19   36.79  
 H_Hartree_pw      v_hartree                          5.19   24       0.22   6.68   
 PW_Basis_Sup      real2recip                         6.22   199      0.03   7.99   
 PW_Basis_Sup      gatherp_scatters                   0.87   199      0.00   1.11   
 PotXC             cal_v_eff                          22.40  24       0.93   28.80  
 XC_Functional     v_xc                               22.79  25       0.91   29.30  
 Potential         interpolate_vrs                    0.56   24       0.02   0.71   
 Symmetry          rhog_symmetry                      13.89  24       0.58   17.86  
 Symmetry          group fft grids                    10.47  24       0.44   13.46  
 H_Ewald_pw        compute_ewald                      0.33   1        0.33   0.42   
 HSolverLCAO       solve                              4.79   23       0.21   6.16   
 HamiltLCAO        updateHk                           0.67   23       0.03   0.87   
 OperatorLCAO      init                               0.67   69       0.01   0.86   
 Veff              contributeHR                       0.66   23       0.03   0.85   
 Gint_interface    cal_gint                           2.75   47       0.06   3.54   
 Gint_interface    cal_gint_vlocal                    0.66   23       0.03   0.85   
 Gint_Tools        cal_psir_ylm                       0.86   36261    0.00   1.11   
 Gint_k            transfer_pvpR                      0.00   23       0.00   0.00   
 OverlapNew        calculate_SR                       0.00   1        0.00   0.00   
 OverlapNew        contributeHk                       0.00   23       0.00   0.00   
 EkineticNew       contributeHR                       0.00   23       0.00   0.00   
 EkineticNew       calculate_HR                       0.00   1        0.00   0.00   
 NonlocalNew       contributeHR                       0.00   23       0.00   0.01   
 NonlocalNew       calculate_HR                       0.00   1        0.00   0.01   
 OperatorLCAO      contributeHk                       0.00   23       0.00   0.00   
 HSolverLCAO       hamiltSolvePsiK                    0.05   23       0.00   0.06   
 DiagoElpa         elpa_solve                         0.04   23       0.00   0.05   
 elecstate         cal_dm                             0.00   24       0.00   0.00   
 psiMulPsiMpi      pdgemm                             0.00   24       0.00   0.00   
 DensityMatrix     cal_DMR                            0.00   24       0.00   0.00   
 ElecStateLCAO     psiToRho                           4.07   23       0.18   5.23   
 Gint              transfer_DMR                       0.00   23       0.00   0.00   
 Gint_interface    cal_gint_rho                       2.03   23       0.09   2.61   
 Charge_Mixing     get_drho                           0.09   23       0.00   0.11   
 Charge            mix_rho                            8.07   22       0.37   10.38  
 Charge            Pulay_mixing                       1.16   22       0.05   1.49   
 ModuleIO          write_rhog                         1.04   1        1.04   1.33   
 ESolver_KS_LCAO   after_scf                          0.28   1        0.28   0.36   
 ESolver_KS_LCAO   cal_force                          2.32   1        2.32   2.98   
 Force_Stress_LCAO getForceStress                     2.32   1        2.32   2.98   
 Forces            cal_force_loc                      0.49   1        0.49   0.63   
 Forces            cal_force_ew                       0.32   1        0.32   0.41   
 Forces            cal_force_cc                       1.32   1        1.32   1.70   
 Forces            cal_force_scc                      0.12   1        0.12   0.15   
 Force_LCAO        ftable                             0.06   1        0.06   0.08   
 Force_LCAO        allocate                           0.00   1        0.00   0.00   
 LCAO_domain       build_ST_new                       0.00   2        0.00   0.00   
 Force_LCAO        cal_pulay_fs_center2               0.00   2        0.00   0.00   
 Gint_interface    cal_gint_force                     0.06   1        0.06   0.08   
 Gint_Tools        cal_dpsir_ylm                      0.02   895      0.00   0.03   
 NonlocalNew       cal_force_stress                   0.00   1        0.00   0.00   
 ESolver_KS_LCAO   after_all_runners                  0.00   1        0.00   0.00   
 ModuleIO          write_istate_info                  0.00   1        0.00   0.00   
------------------------------------------------------------------------------------


 NAME-------------------------|MEMORY(MB)--------
                         total          1119.
                  SF::strucFac          222.5
                      Chg::rho          109.5
                 Chg::rho_save          109.5
                 Chg::rho_core          109.5
                 Pot::veff_fix          109.5
                     Pot::veff          109.5
              Pot::veff_smooth          109.5
                     Chg::rhog          55.63
                Chg::rhog_save          55.63
                Chg::rhog_core          55.63
                  PW_B_K::gcar          20.87
                   PW_B_K::gk2          6.957
               GT::ind_bigcell          6.927
         GT::in_this_processor          6.927
              GT::index2normal          6.927
               GT::index2ucell          6.927
                 GT::start_ind          2.027
            GT::how_many_atoms          2.027
               GT::bcell_start          2.027
            GT::how many atoms          2.027
       TwoCenterTable: Kinetic          1.752
       TwoCenterTable: Overlap          1.752
      GT::bigcell_on_processor          1.732
      TwoCenterTable: Nonlocal          1.404
 -------------   < 1.0 MB has been ignored ----------------
 ----------------------------------------------------------

 Start  Time  : Fri Sep  4 21:54:31 2026
 Finish Time  : Fri Sep  4 21:55:49 2026
 Total  Time  : 0 h 1 mins 18 secs 
