 In SCAN_END, can't find: </PP_RELWFC.1> block.
 In SCAN_END, can't find: </PP_RELWFC.2> block.
 In SCAN_END, can't find: </PP_RELWFC.3> block.
 In SCAN_END, can't find: </PP_RELWFC.4> block.
 In SCAN_END, can't find: </PP_RELBETA.1> block.
 In SCAN_END, can't find: </PP_RELBETA.2> block.
 In SCAN_END, can't find: </PP_RELBETA.3> block.
 In SCAN_END, can't find: </PP_RELBETA.4> block.
 In SCAN_END, can't find: </PP_RELBETA.5> block.
 In SCAN_END, can't find: </PP_RELBETA.6> block.
 In SCAN_END, can't find: </PP_RELBETA.7> block.
 In SCAN_END, can't find: </PP_RELBETA.8> block.
 In SCAN_END, can't find: </PP_RELBETA.9> block.
 In SCAN_END, can't find: </PP_RELBETA.10> block.
 In SCAN_END, can't find: </PP_SPIN_ORB> block.
 dft_functional readin is: pbesol
 dft_functional in pseudopot file is: PBE
 Please make sure this is what you need
 In SCAN_END, can't find: </PP_RELWFC.1> block.
 In SCAN_END, can't find: </PP_RELWFC.2> block.
 In SCAN_END, can't find: </PP_RELWFC.3> block.
 In SCAN_END, can't find: </PP_RELWFC.4> block.
 In SCAN_END, can't find: </PP_RELWFC.5> block.
 In SCAN_END, can't find: </PP_RELWFC.6> block.
 In SCAN_END, can't find: </PP_RELBETA.1> block.
 In SCAN_END, can't find: </PP_RELBETA.2> block.
 In SCAN_END, can't find: </PP_RELBETA.3> block.
 In SCAN_END, can't find: </PP_RELBETA.4> block.
 In SCAN_END, can't find: </PP_RELBETA.5> block.
 In SCAN_END, can't find: </PP_RELBETA.6> block.
 In SCAN_END, can't find: </PP_RELBETA.7> block.
 In SCAN_END, can't find: </PP_RELBETA.8> block.
 In SCAN_END, can't find: </PP_RELBETA.9> block.
 In SCAN_END, can't find: </PP_RELBETA.10> block.
 In SCAN_END, can't find: </PP_SPIN_ORB> block.
 dft_functional readin is: pbesol
 dft_functional in pseudopot file is: PBE
 Please make sure this is what you need
 In SCAN_END, can't find: </PP_RELWFC.1> block.
 In SCAN_END, can't find: </PP_RELWFC.2> block.
 In SCAN_END, can't find: </PP_RELWFC.3> block.
 In SCAN_END, can't find: </PP_RELBETA.1> block.
 In SCAN_END, can't find: </PP_RELBETA.2> block.
 In SCAN_END, can't find: </PP_RELBETA.3> block.
 In SCAN_END, can't find: </PP_RELBETA.4> block.
 In SCAN_END, can't find: </PP_RELBETA.5> block.
 In SCAN_END, can't find: </PP_RELBETA.6> block.
 In SCAN_END, can't find: </PP_RELBETA.7> block.
 In SCAN_END, can't find: </PP_RELBETA.8> block.
 In SCAN_END, can't find: </PP_SPIN_ORB> block.
 dft_functional readin is: pbesol
 dft_functional in pseudopot file is: PBE
 Please make sure this is what you need
 AUTO_SET NBANDS to 30
 AUTO_SET NBANDS to 30
      Processor           Atom
              1             60
 ModuleIO::read_rhog  warning : Can't open file OUT.POLAR//POLAR-CHARGE-DENSITY.restart
                            startmag_type = 2
                       charge from rho_at = 9.99984
                         charge should be = 10
                            startmag_type = 2
                       charge from rho_at = 12
                         charge should be = 12
                            startmag_type = 2
                       charge from rho_at = 6
                         charge should be = 6

 SETUP ATOMIC RHO FOR SPIN 1
                 Electron number from rho = 40
           total electron number from rho = 40
                                should be = 40
                 charge before normalized = 40
                  charge after normalized = 40
                 charge before normalized = 39.9999990668167
                  charge after normalized = 39.9999999999999
                 charge before normalized = 39.9999999999989
                  charge after normalized = 40.0000000000005
                 charge before normalized = 40.000000082634
                  charge after normalized = 39.9999999999996
                 charge before normalized = 40.0000000000013
                  charge after normalized = 40.0000000000001
                 charge before normalized = 39.9999990878502
                  charge after normalized = 40.0000000000002
                 charge before normalized = 39.9999999999995
                  charge after normalized = 40.0000000000001
                 charge before normalized = 39.9999991884182
                  charge after normalized = 40
                 charge before normalized = 40.0000000000016
                  charge after normalized = 40.0000000000002
                 charge before normalized = 39.9999993461671
                  charge after normalized = 39.9999999999994
                 charge before normalized = 40.0000000000006
                  charge after normalized = 40
                 charge before normalized = 39.9999993978576
                  charge after normalized = 40.0000000000003
                 charge before normalized = 39.9999999999988
                  charge after normalized = 40.0000000000002
                 charge before normalized = 39.9999993902599
                  charge after normalized = 39.9999999999997
                 charge before normalized = 39.9999999999986
                  charge after normalized = 40.0000000000001
                 charge before normalized = 39.9999993873881
                  charge after normalized = 40.0000000000002
                 charge before normalized = 40.0000000000015
                  charge after normalized = 40
                 charge before normalized = 39.9999993862064
                  charge after normalized = 39.9999999999999
                 charge before normalized = 39.9999999999979
                  charge after normalized = 40
                 charge before normalized = 39.9999993864321
                  charge after normalized = 40.0000000000001
                 charge before normalized = 40.0000000000006
                  charge after normalized = 40
                 charge before normalized = 39.9999993863228
                  charge after normalized = 40.0000000000002
                 charge before normalized = 39.9999999999987
                  charge after normalized = 40
                 charge before normalized = 39.9999993863016
                  charge after normalized = 40.0000000000004
                 charge before normalized = 40.0000000000017
                  charge after normalized = 40
                 charge before normalized = 39.9999993863053
                  charge after normalized = 40.0000000000002
                            startmag_type = 2
                       charge from rho_at = 9.99984437259022
                         charge should be = 10
                            startmag_type = 2
                       charge from rho_at = 11.9999945058124
                         charge should be = 12
                            startmag_type = 2
                       charge from rho_at = 5.99999614925575
                         charge should be = 6

 SETUP ATOMIC RHO FOR SPIN 1
                 Electron number from rho = 40
           total electron number from rho = 40
                                should be = 40
