1000    0.65483  0.03317  0.04152  0.04161  0.43353  0.25517  0.04221  0.75249  0.03676  0.46999  0.18255  0.03051  0.81133  
2000    0.61987  0.04170  0.05258  0.03224  0.42716  0.39150  0.02610  0.24441  0.03082  0.44955  0.31840  0.01624  0.34149  
3000    0.61011  0.04767  0.06110  0.03863  0.41511  0.23596  0.02396  0.21603  0.03532  0.45636  0.16678  0.01793  0.31592  
4000    0.61483  0.05387  0.06988  0.03604  0.41727  0.21854  0.01437  0.14486  0.03171  0.44618  0.17372  0.01083  0.12642  
5000    0.61446  0.05786  0.07556  0.03847  0.40353  0.18080  0.05902  0.15058  0.03446  0.44713  0.10891  0.05763  0.11374  
6000    0.61835  0.06164  0.08049  0.04009  0.40612  0.17781  0.00830  0.11389  0.03618  0.44681  0.10193  0.00828  0.09279  
7000    0.61881  0.06354  0.08305  0.03599  0.40201  0.23001  0.00389  0.10829  0.03239  0.44817  0.19942  0.00207  0.12999  
8000    0.61298  0.06373  0.08320  0.03955  0.40077  0.16512  0.00528  0.08685  0.03436  0.45010  0.11021  0.00549  0.08332  
9000    0.61199  0.06352  0.08331  0.03717  0.39797  0.19872  0.01402  0.08736  0.03052  0.45004  0.16765  0.00720  0.12787  
10000   0.60857  0.06268  0.08196  0.03871  0.39981  0.17414  0.01206  0.06785  0.03291  0.44955  0.12832  0.00584  0.07462  
11000   0.59990  0.06288  0.08213  0.03363  0.39680  0.13737  0.01914  0.08804  0.03272  0.44818  0.14164  0.01747  0.08131  
12000   0.59502  0.06377  0.08331  0.03394  0.39542  0.08531  0.02158  0.07895  0.02902  0.45055  0.18229  0.00695  0.09105  
13000   0.59543  0.06375  0.08344  0.03655  0.39449  0.08431  0.01725  0.07052  0.03131  0.44404  0.22282  0.02038  0.10564  
14000   0.59069  0.06415  0.08343  0.03487  0.39469  0.05374  0.01710  0.06461  0.03082  0.44929  0.21760  0.01345  0.08727  
15000   0.58204  0.06211  0.08106  0.03223  0.39392  0.04165  0.01801  0.06752  0.03103  0.45113  0.23305  0.01060  0.09901  
16000   0.57616  0.06123  0.08007  0.03173  0.39131  0.04293  0.01454  0.06070  0.02986  0.45992  0.26377  0.01257  0.10915  
17000   0.56906  0.05884  0.07720  0.03027  0.38955  0.06052  0.01172  0.05967  0.02869  0.45581  0.30631  0.01223  0.07566  
18000   0.56105  0.05659  0.07473  0.02759  0.38819  0.07756  0.01277  0.04922  0.02598  0.45139  0.37925  0.01627  0.07293  
19000   0.55371  0.05412  0.07200  0.02909  0.38781  0.05737  0.01005  0.03951  0.02710  0.45453  0.38728  0.01324  0.07689  
20000   0.54849  0.05236  0.06983  0.02669  0.38673  0.07116  0.01418  0.04354  0.02673  0.45120  0.44600  0.01807  0.08187  
21000   0.54316  0.04998  0.06695  0.02757  0.38603  0.06635  0.02026  0.03978  0.02725  0.45051  0.42032  0.00776  0.07646  
22000   0.53392  0.04700  0.06361  0.02704  0.38457  0.07038  0.01155  0.03505  0.02518  0.45244  0.44055  0.01136  0.07512  
23000   0.52972  0.04556  0.06202  0.02660  0.38344  0.07212  0.01033  0.03860  0.02625  0.44898  0.46000  0.01196  0.07899  
24000   0.52488  0.04402  0.05999  0.02680  0.38283  0.06545  0.00827  0.03858  0.02583  0.45123  0.45034  0.01011  0.07538  
25000   0.52002  0.04288  0.05863  0.02605  0.38138  0.07075  0.00968  0.03041  0.02520  0.45159  0.48616  0.00841  0.07240  
26000   0.51626  0.04119  0.05677  0.02461  0.38052  0.08837  0.00811  0.03530  0.02422  0.45120  0.53159  0.01220  0.07211  
27000   0.51171  0.04037  0.05580  0.02535  0.37864  0.07553  0.00939  0.03050  0.02505  0.45359  0.51232  0.00654  0.07466  
28000   0.50899  0.03990  0.05525  0.02510  0.37729  0.08157  0.00756  0.02532  0.02463  0.45549  0.54593  0.00773  0.07588  
29000   0.50641  0.03955  0.05471  0.02462  0.37615  0.07638  0.00694  0.03055  0.02364  0.46088  0.54881  0.01086  0.07897  
30000   0.50387  0.03915  0.05401  0.02565  0.37472  0.07082  0.00751  0.02512  0.02539  0.45939  0.51753  0.00693  0.07550  
31000   0.49983  0.03784  0.05267  0.02470  0.37281  0.07752  0.00784  0.03281  0.02479  0.46280  0.55429  0.00751  0.07391  
32000   0.49692  0.03748  0.05209  0.02393  0.37154  0.08131  0.00994  0.02750  0.02371  0.45921  0.57786  0.00654  0.07072  
33000   0.49468  0.03704  0.05150  0.02446  0.37050  0.07494  0.00731  0.02960  0.02319  0.46711  0.58270  0.00911  0.07685  
34000   0.49108  0.03573  0.05035  0.02385  0.37015  0.07516  0.00802  0.02677  0.02382  0.46157  0.59101  0.00748  0.07544  
35000   0.48855  0.03488  0.04937  0.02408  0.36879  0.07827  0.00708  0.02887  0.02440  0.46594  0.57881  0.00909  0.06595  
36000   0.48483  0.03380  0.04842  0.02343  0.36737  0.07906  0.00879  0.03030  0.02315  0.46428  0.60402  0.00700  0.06661  
37000   0.48208  0.03315  0.04772  0.02306  0.36654  0.08067  0.00814  0.02728  0.02259  0.46936  0.62464  0.00776  0.06646  
38000   0.47846  0.03220  0.04687  0.02280  0.36513  0.08244  0.00695  0.02521  0.02273  0.47646  0.62276  0.00812  0.06569  
39000   0.47722  0.03179  0.04629  0.02286  0.36446  0.08177  0.00782  0.02861  0.02325  0.48251  0.61357  0.01042  0.06854  
40000   0.47441  0.03107  0.04557  0.02312  0.36320  0.07893  0.00695  0.02862  0.02285  0.47985  0.61682  0.00847  0.06816  
41000   0.47241  0.03046  0.04514  0.02335  0.36195  0.07886  0.00747  0.02871  0.02394  0.48887  0.61894  0.00794  0.06966  
42000   0.47110  0.03013  0.04472  0.02222  0.36217  0.08244  0.00712  0.02907  0.02303  0.49040  0.64889  0.00727  0.06542  
43000   0.46980  0.03000  0.04450  0.02228  0.36149  0.08026  0.00602  0.02911  0.02294  0.48446  0.65546  0.00720  0.06047  
44000   0.46859  0.02960  0.04415  0.02178  0.36130  0.08256  0.00589  0.02918  0.02269  0.48821  0.68360  0.00749  0.06056  
45000   0.46664  0.02929  0.04369  0.02200  0.35983  0.08628  0.00651  0.02549  0.02170  0.49145  0.67281  0.00592  0.06164  
46000   0.46504  0.02879  0.04327  0.02154  0.35938  0.08855  0.00635  0.02569  0.02264  0.48718  0.68570  0.00741  0.06632  
47000   0.46456  0.02866  0.04296  0.02201  0.35912  0.08747  0.00621  0.02443  0.02215  0.48985  0.68113  0.00682  0.06624  
48000   0.46344  0.02870  0.04288  0.02223  0.35848  0.07985  0.00557  0.02597  0.02268  0.49166  0.67300  0.00736  0.06504  
49000   0.46254  0.02846  0.04261  0.02146  0.35903  0.08063  0.00643  0.02273  0.02286  0.49140  0.71837  0.00588  0.06799  
50000   0.46136  0.02838  0.04235  0.02108  0.35779  0.08765  0.00523  0.02469  0.02228  0.48847  0.73281  0.00651  0.06549  
51000   0.46057  0.02814  0.04220  0.02074  0.35826  0.08511  0.00488  0.02225  0.02161  0.49449  0.73662  0.00600  0.06530  
