f_stru=STRU
symm_tol=0.001
force_delete=True
atom_input=None
move_input=['x', 'y', 'z']
scf_input=INPUT.seed
xc=pbe
dimension=2
vdw=d3_bj
init_chg_bool=True
k_grid=0.1
nscf_calculator=pyatb
input_mode=pyatb
input_sets=[]
source_dir=<archived-source>/mos2_pbed3bj_response
extract_starred_atoms_only=True
displacement_angstrom=0.01
f_stru=STRU
symm_tol=0.001
force_delete=True
atom_input=None
move_input=['x', 'y', 'z']
scf_input=INPUT.seed
xc=pbe
dimension=2
vdw=d3_bj
init_chg_bool=True
k_grid=0.1
nscf_calculator=pyatb
input_mode=pyatb
input_sets=[]
source_dir=<archived-source>/mos2_pbed3bj_response
extract_starred_atoms_only=True
displacement_angstrom=0.01
