Spglib version 2.7.0

Calculator interface: abacus
Crystal structure was read from "/tmp/tmpt9t_d4x9/STRU.phonopy".
Unit of length: au
Displacements creation mode
  Systematic displacements
Settings:
  Symmetry tolerance: 1.00e-03
  Supercell: [1 1 1]
Spacegroup: P-6m2 (187)
Number of symmetry operations in supercell: 12
------------------------------ primitive cell ------------------------------
Lattice vectors:
  a    5.950747569199500    0.000000000000000    0.000000000000000
  b   -2.975373784599750    5.153498566402765    0.000000000000000
  c    0.000000000000000    0.000000000000000   37.794522510000000
Atomic positions (fractional):
   *1 Mo  0.33333333330000  0.66666666670000  0.50000000000000  95.960
   *2 S   0.66666666670000  0.33333333330000  0.42157500000000  32.065
    3 S   0.66666666670000  0.33333333330000  0.57842500000000  32.065
-------------------------------- unit cell ---------------------------------
Lattice vectors:
  a    5.950747569199500    0.000000000000000    0.000000000000000
  b   -2.975373784599750    5.153498566402765    0.000000000000000
  c    0.000000000000000    0.000000000000000   37.794522510000000
Atomic positions (fractional):
   *1 Mo  0.33333333330000  0.66666666670000  0.50000000000000  95.960 > 1
   *2 S   0.66666666670000  0.33333333330000  0.42157500000000  32.065 > 2
    3 S   0.66666666670000  0.33333333330000  0.57842500000000  32.065 > 3
-------------------------------- super cell --------------------------------
Lattice vectors:
  a    5.950747569199500    0.000000000000000    0.000000000000000
  b   -2.975373784599750    5.153498566402765    0.000000000000000
  c    0.000000000000000    0.000000000000000   37.794522510000000
Atomic positions (fractional):
   *1 Mo  0.33333333330000  0.66666666670000  0.50000000000000  95.960 > 1
   *2 S   0.66666666670000  0.33333333330000  0.42157500000000  32.065 > 2
    3 S   0.66666666670000  0.33333333330000  0.57842500000000  32.065 > 3
----------------------------------------------------------------------------
Generated number of supercells: 3
"phonopy_disp.yaml" and supercells have been created.