                                                                                     
                              ABACUS v3.10.0

               Atomic-orbital Based Ab-initio Computation at UStc                    

                     Website: http://abacus.ustc.edu.cn/                             
               Documentation: https://abacus.deepmodeling.com/                       
                  Repository: https://github.com/abacusmodeling/abacus-develop       
                              https://github.com/deepmodeling/abacus-develop         
                      Commit: e84abb4 (Sat Jun 28 13:06:46 2025 +0800)

    Start Time is Fri Sep  4 22:02:14 2026
                                                                                     
 ------------------------------------------------------------------------------------

 READING GENERAL INFORMATION
                           global_out_dir = OUT.CH4/
                           global_in_card = INPUT
                               pseudo_dir = ./
                              orbital_dir = ./
                                    DRANK = 1
                                    DSIZE = 1
                                   DCOLOR = 1
                                    GRANK = 1
                                    GSIZE = 1




 >>>>>>>>>>>>>>>>>>>>>>>>>>>>>>>>>>>>>>>>>>>>>>>>>>>>>>>>>>>>>>>>>>>>>>
 |                                                                    |
 | Reading atom information in unitcell:                              |
 | From the input file and the structure file we know the number of   |
 | different elments in this unitcell, then we list the detail        |
 | information for each element, especially the zeta and polar atomic |
 | orbital number for each element. The total atom number is counted. |
 | We calculate the nearest atom distance for each atom and show the  |
 | Cartesian and Direct coordinates for each atom. We list the file   |
 | address for atomic orbitals. The volume and the lattice vectors    |
 | in real and reciprocal space is also shown.                        |
 |                                                                    |
 <<<<<<<<<<<<<<<<<<<<<<<<<<<<<<<<<<<<<<<<<<<<<<<<<<<<<<<<<<<<<<<<<<<<<<




 READING UNITCELL INFORMATION
                                    ntype = 2
                  lattice constant (Bohr) = 1.88973
              lattice constant (Angstrom) = 1

 READING ATOM TYPE 1
                               atom label = C
                      L=0, number of zeta = 3
                      L=1, number of zeta = 3
                      L=2, number of zeta = 2
             number of atom for this type = 1

 READING ATOM TYPE 2
                               atom label = H
                      L=0, number of zeta = 3
                      L=1, number of zeta = 2
             number of atom for this type = 4

                        TOTAL ATOM NUMBER = 5
DIRECT COORDINATES
    atom                   x                   y                   z     mag                  vx                  vy                  vz
taud_C1            0.5000000002        0.5000000002        0.5000000002  0.0000        0.0000000000        0.0000000000        0.0000000000
taud_H1            0.5310692812        0.5315984584        0.5315984584  0.0000        0.0000000000        0.0000000000        0.0000000000
taud_H2            0.5315984584        0.4684015420        0.4684015420  0.0000        0.0000000000        0.0000000000        0.0000000000
taud_H3            0.4684015420        0.5315984584        0.4684015420  0.0000        0.0000000000        0.0000000000        0.0000000000
taud_H4            0.4684015420        0.4684015420        0.5315984584  0.0000        0.0000000000        0.0000000000        0.0000000000



                          Volume (Bohr^3) = 53986.7
                             Volume (A^3) = 7999.99

 Lattice vectors: (Cartesian coordinate: in unit of a_0)
                  +20                  +0                  +0
                   +0                 +20                  +0
                   +0                  +0                 +20
 Reciprocal vectors: (Cartesian coordinate: in unit of 2 pi/a_0)
                +0.05                  -0                  +0
                   -0               +0.05                  -0
                   +0                  -0               +0.05
 The esolver type has been set to : ksdft_lcao

 RUNNING WITH DEVICE  : CPU / Intel(R) Xeon(R) Gold 6248 CPU @ 2.50GHz




 >>>>>>>>>>>>>>>>>>>>>>>>>>>>>>>>>>>>>>>>>>>>>>>>>>>>>>>>>>>>>>>>>>>>>>
 |                                                                    |
 | Reading pseudopotentials files:                                    |
 | The pseudopotential file is in UPF format. The 'NC' indicates that |
 | the type of pseudopotential is 'norm conserving'. Functional of    |
 | exchange and correlation is decided by 4 given parameters in UPF   |
 | file.  We also read in the 'core correction' if there exists.      |
 | Also we can read the valence electrons number and the maximal      |
 | angular momentum used in this pseudopotential. We also read in the |
 | trail wave function, trail atomic density and local-pseudopotential|
 | on logrithmic grid. The non-local pseudopotential projector is also|
 | read in if there is any.                                           |
 |                                                                    |
 <<<<<<<<<<<<<<<<<<<<<<<<<<<<<<<<<<<<<<<<<<<<<<<<<<<<<<<<<<<<<<<<<<<<<<




                PAO radial cut off (Bohr) = 15

 Read in pseudopotential file is C.upf
                     pseudopotential type = NC
          exchange-correlation functional = PBE
                 nonlocal core correction = 1
                        valence electrons = 4
                                     lmax = 1
                           number of zeta = 2
                     number of projectors = 4
                           L of projector = 0
                           L of projector = 0
                           L of projector = 1
                           L of projector = 1
                PAO radial cut off (Bohr) = 15

 Read in pseudopotential file is H.upf
                     pseudopotential type = NC
          exchange-correlation functional = PBE
                 nonlocal core correction = 0
                        valence electrons = 1
                                     lmax = 1
                           number of zeta = 1
                     number of projectors = 3
                           L of projector = 0
                           L of projector = 0
                           L of projector = 1
     initial pseudo atomic orbital number = 8

 SETUP THE ELECTRONS NUMBER
             electron number of element C = 4
       total electron number of element C = 4
             electron number of element H = 1
       total electron number of element H = 4
            AUTOSET number of electrons:  = 8
                           occupied bands = 4
                                   NLOCAL = 58
                                   NBANDS = 14
                                   NBANDS = 14
                                   NLOCAL = 58




 >>>>>>>>>>>>>>>>>>>>>>>>>>>>>>>>>>>>>>>>>>>>>>>>>>>>>>>>>>>>>>>>>>>>>>
 |                                                                    |
 | Setup plane waves of charge/potential:                             |
 | Use the energy cutoff and the lattice vectors to generate the      |
 | dimensions of FFT grid. The number of FFT grid on each processor   |
 | is 'nrxx'. The number of plane wave basis in reciprocal space is   |
 | different for charege/potential and wave functions. We also set    |
 | the 'sticks' for the parallel of FFT. The number of plane waves    |
 | is 'npw' in each processor.                                        |
 <<<<<<<<<<<<<<<<<<<<<<<<<<<<<<<<<<<<<<<<<<<<<<<<<<<<<<<<<<<<<<<<<<<<<<





 SETUP THE PLANE WAVE BASIS
 energy cutoff for charge/potential (unit:Ry) = 400
            fft grid for charge/potential = [ 243, 243, 243 ]
                        fft grid division = [ 3, 3, 3 ]
        big fft grid for charge/potential = [ 81, 81, 81 ]
                                     nbxx = 531441
                                     nrxx = 14348907

 SETUP PLANE WAVES FOR CHARGE/POTENTIAL
                    number of plane waves = 7292125
                         number of sticks = 45461

 PARALLEL PW FOR CHARGE/POTENTIAL
     PROC   COLUMNS(POT)             PW
        1          45461        7292125
 --------------- sum -------------------
        1          45461        7292125
                            number of |g| = 12063
                                  max |g| = 36.18
                                  min |g| = 0
 DONE : SETUP UNITCELL Time : 2.14605 (SEC)


----------- Double Check Mixing Parameters Begin ------------
mixing_type: pulay
mixing_beta: 0.2
mixing_gg0: 1
mixing_gg0_min: 0.1
mixing_ndim: 20
----------- Double Check Mixing Parameters End ------------




 >>>>>>>>>>>>>>>>>>>>>>>>>>>>>>>>>>>>>>>>>>>>>>>>>>>>>>>>>>>>>>>>>>>>>>
 |                                                                    |
 | Doing symmetry analysis:                                           |
 | We calculate the norm of 3 vectors and the angles between them,    |
 | the type of Bravais lattice is given. We can judge if the unticell |
 | is a primitive cell. Finally we give the point group operation for |
 | this unitcell. We use the point group operations to do symmetry |
 | analysis on given k-point mesh and the charge density.             |
 |                                                                    |
 <<<<<<<<<<<<<<<<<<<<<<<<<<<<<<<<<<<<<<<<<<<<<<<<<<<<<<<<<<<<<<<<<<<<<<




 LATTICE VECTORS: (CARTESIAN COORDINATE: IN UNIT OF A0)
                  +20                  +0                  +0
                   +0                 +20                  +0
                   +0                  +0                 +20
                       right hand lattice = 1
                                   NORM_A = 20
                                   NORM_B = 20
                                   NORM_C = 20
                           ALPHA (DEGREE) = 90
                           BETA  (DEGREE) = 90
                           GAMMA (DEGREE) = 90

 The lattice vectors have been changed (STRU_SIMPLE.cif)

(for optimal symmetric configuration:)
                             BRAVAIS TYPE = 1
                     BRAVAIS LATTICE NAME = 01. Cubic P (simple)
                                    ibrav = 1
                                    IBRAV = 1
                                  BRAVAIS = SIMPLE CUBIC
                       LATTICE CONSTANT A = 20
Original cell was already a primitive cell.
                        ROTATION MATRICES = 48
              PURE POINT GROUP OPERATIONS = 2
                   SPACE GROUP OPERATIONS = 2
                                       C2 = 0
                                       C3 = 0
                                       C4 = 0
                                       C6 = 0
                                       S1 = 1
                                       S3 = 0
                                       S4 = 0
                                       S6 = 0
                              POINT GROUP = C_1h
                                       C2 = 0
                                       C3 = 0
                                       C4 = 0
                                       C6 = 0
                                       S1 = 1
                                       S3 = 0
                                       S4 = 0
                                       S6 = 0
               POINT GROUP IN SPACE GROUP = C_1h
 DONE : SYMMETRY Time : 2.17093 (SEC)





 >>>>>>>>>>>>>>>>>>>>>>>>>>>>>>>>>>>>>>>>>>>>>>>>>>>>>>>>>>>>>>>>>>>>>>
 |                                                                    |
 | Setup K-points                                                     |
 | We setup the k-points according to input parameters.               |
 | The reduced k-points are set according to symmetry operations.     |
 | We treat the spin as another set of k-points.                      |
 |                                                                    |
 <<<<<<<<<<<<<<<<<<<<<<<<<<<<<<<<<<<<<<<<<<<<<<<<<<<<<<<<<<<<<<<<<<<<<<





 SETUP K-POINTS
                                    nspin = 1
                   Input type of k points = Monkhorst-Pack(Gamma)
                                   nkstot = 1
                       right hand lattice = 1
(for reciprocal lattice: )
                             BRAVAIS TYPE = 1
                     BRAVAIS LATTICE NAME = 01. Cubic P (simple)
                                    ibrav = 1
                       right hand lattice = 1
(for k-lattice: )
                             BRAVAIS TYPE = 1
                     BRAVAIS LATTICE NAME = 01. Cubic P (simple)
                                    ibrav = 1
                       right hand lattice = 1
                        ROTATION MATRICES = 48
                               nkstot_ibz = 1
K-POINTS REDUCTION ACCORDING TO SYMMETRY
     IBZ    DIRECT_X    DIRECT_Y    DIRECT_Z  WEIGHT  ibz2bz
       1  0.00000000  0.00000000  0.00000000  1.0000       0

                               nkstot now = 1
K-POINTS DIRECT COORDINATES
 KPOINTS    DIRECT_X    DIRECT_Y    DIRECT_Z  WEIGHT
       1  0.00000000  0.00000000  0.00000000  1.0000


           k-point number in this process = 1
       minimum distributed K point number = 1
starsize: 1
isym: 0 ks_vec: 0 0 0

K-POINTS CARTESIAN COORDINATES
 KPOINTS CARTESIAN_X CARTESIAN_Y CARTESIAN_Z  WEIGHT
       1  0.00000000  0.00000000  0.00000000  2.0000


K-POINTS DIRECT COORDINATES
 KPOINTS    DIRECT_X    DIRECT_Y    DIRECT_Z  WEIGHT
       1  0.00000000  0.00000000  0.00000000  2.0000

 DONE : INIT K-POINTS Time : 2.25022 (SEC)


 Warning_Memory_Consuming allocated:  PW_B_K::gk2 6.95734 MB

 Warning_Memory_Consuming allocated:  PW_B_K::gcar 20.872 MB




 >>>>>>>>>>>>>>>>>>>>>>>>>>>>>>>>>>>>>>>>>>>>>>>>>>>>>>>>>>>>>>>>>>>>>>
 |                                                                    |
 | Setup plane waves of wave functions:                               |
 | Use the energy cutoff and the lattice vectors to generate the      |
 | dimensions of FFT grid. The number of FFT grid on each processor   |
 | is 'nrxx'. The number of plane wave basis in reciprocal space is   |
 | different for charege/potential and wave functions. We also set    |
 | the 'sticks' for the parallel of FFT. The number of plane wave of  |
 | each k-point is 'npwk[ik]' in each processor                       |
 <<<<<<<<<<<<<<<<<<<<<<<<<<<<<<<<<<<<<<<<<<<<<<<<<<<<<<<<<<<<<<<<<<<<<<





 SETUP PLANE WAVES FOR WAVE FUNCTIONS
     energy cutoff for wavefunc (unit:Ry) = 100
              fft grid for wave functions = [ 243, 243, 243 ]
                    number of plane waves = 911913
                         number of sticks = 11369

 PARALLEL PW FOR WAVE FUNCTIONS
     PROC   COLUMNS(POT)             PW
        1          11369         911913
 --------------- sum -------------------
        1          11369         911913
 DONE : INIT PLANEWAVE Time : 2.39851 (SEC)


 Warning_Memory_Consuming allocated:  SF::strucFac 222.538 MB
 SET NONLOCAL PSEUDOPOTENTIAL PROJECTORS
 SET NONLOCAL PSEUDOPOTENTIAL PROJECTORS
 max number of nonlocal projetors among all species is 4
 DONE : LOCAL POTENTIAL Time : 2.74069 (SEC)


 Warning_Memory_Consuming allocated:  Chg::rho 109.473 MB

 Warning_Memory_Consuming allocated:  Chg::rho_save 109.473 MB

 Warning_Memory_Consuming allocated:  Chg::rhog 55.6345 MB

 Warning_Memory_Consuming allocated:  Chg::rhog_save 55.6345 MB

 Warning_Memory_Consuming allocated:  Chg::rho_core 109.473 MB

 Warning_Memory_Consuming allocated:  Chg::rhog_core 55.6345 MB

 Warning_Memory_Consuming allocated:  Pot::veff_fix 109.473 MB

 Warning_Memory_Consuming allocated:  Pot::veff 109.473 MB

 Warning_Memory_Consuming allocated:  Pot::veff_smooth 109.473 MB

 -------------------------------------------
 SELF-CONSISTENT
 -------------------------------------------




 >>>>>>>>>>>>>>>>>>>>>>>>>>>>>>>>>>>>>>>>>>>>>>>>>>>>>>>>>>>>>>>>>>>>>>
 |                                                                    |
 | Search adjacent atoms:                                             |
 | Set the adjacent atoms for each atom and set the periodic boundary |
 | condition for the atoms on real space FFT grid. For k-dependent    |
 | algorithm, we also need to set the sparse H and S matrix element   |
 | for each atom.                                                     |
 |                                                                    |
 <<<<<<<<<<<<<<<<<<<<<<<<<<<<<<<<<<<<<<<<<<<<<<<<<<<<<<<<<<<<<<<<<<<<<<





 SETUP SEARCHING RADIUS FOR PROGRAM TO SEARCH ADJACENT ATOMS
                  longest orb rcut (Bohr) = 9
   longest nonlocal projector rcut (Bohr) = 1.3
                     search radius (Bohr) = 20.6
              searching radius is (Bohr)) = 20.6
         searching radius unit is (Bohr)) = 1.89
                         PeriodicBoundary = 1
                        Radius(unit:lat0) = 10.9
                                   glayer = [ 2, 2, 2 ]
                             glayer_minus = [ 1, 1, 1 ]

Find the coordinate range of the input atom(unit:lat0).
                                  min_tau = [ -10.6, -10.6, -10.6 ]
                                  max_tau = [ 30.6, 30.6, 30.6 ]
                                BoxNumber = [ 3, 3, 3 ]

 SETUP EXTENDED REAL SPACE GRID FOR GRID INTEGRATION
                          real space grid = [ 243, 243, 243 ]
                 big cell numbers in grid = [ 81, 81, 81 ]
             meshcell numbers in big cell = [ 3, 3, 3 ]
                        extended fft grid = [ 20, 20, 20 ]
                dimension of extened grid = [ 122, 122, 122 ]
                            UnitCellTotal = 27

 Warning_Memory_Consuming allocated:  GT::ind_bigcell 6.93 MB

 Warning_Memory_Consuming allocated:  GT::in_this_processor 6.93 MB

 Warning_Memory_Consuming allocated:  GT::index2normal 6.93 MB

 Warning_Memory_Consuming allocated:  GT::index2ucell 6.93 MB
              Atom number in sub-FFT-grid = 5
    Local orbitals number in sub-FFT-grid = 58
                                ParaV.nnr = 3364
                                 init_chg = auto
 try to read charge from file
!!! Couldn't find the file: OUT.CH4//SPIN1_CHG.cube
 DONE : INIT SCF Time : 6.4457 (SEC)


 LCAO ALGORITHM --------------- ION=   1  ELEC=   1--------------------------------

 Density error is 0.351366400285
----------------------------------------------------------
     Energy           Rydberg                 eV          
----------------------------------------------------------
 E_KohnSham     -16.9142386473       -230.1300229354      
 E_Harris       -12.8484307940       -174.8118691565      
 E_Fermi        -1.0721909946        -14.5879068713       
----------------------------------------------------------


 LCAO ALGORITHM --------------- ION=   1  ELEC=   2--------------------------------

 Density error is 0.255031241721
----------------------------------------------------------
     Energy           Rydberg                 eV          
----------------------------------------------------------
 E_KohnSham     -16.7907371143       -228.4496983750      
 E_Harris       -13.8179410013       -188.0027322454      
 E_Fermi        -0.9705455639        -13.2049498378       
----------------------------------------------------------


 LCAO ALGORITHM --------------- ION=   1  ELEC=   3--------------------------------

 Density error is 0.125256254266
----------------------------------------------------------
     Energy           Rydberg                 eV          
----------------------------------------------------------
 E_KohnSham     -16.8050970025       -228.6450746765      
 E_Harris       -15.8331608740       -215.4212052370      
 E_Fermi        -0.8078842386        -10.9918289696       
----------------------------------------------------------


 LCAO ALGORITHM --------------- ION=   1  ELEC=   4--------------------------------

 Density error is 0.0475363907997
----------------------------------------------------------
     Energy           Rydberg                 eV          
----------------------------------------------------------
 E_KohnSham     -16.8052528547       -228.6471951540      
 E_Harris       -16.3888023482       -222.9810953309      
 E_Fermi        -0.7373435453        -10.0320735998       
----------------------------------------------------------


 LCAO ALGORITHM --------------- ION=   1  ELEC=   5--------------------------------

 Density error is 0.0351154654543
----------------------------------------------------------
     Energy           Rydberg                 eV          
----------------------------------------------------------
 E_KohnSham     -16.8048546241       -228.6417769490      
 E_Harris       -16.5275343957       -224.8686416719      
 E_Fermi        -0.7207731554        -9.8066218787        
----------------------------------------------------------


 LCAO ALGORITHM --------------- ION=   1  ELEC=   6--------------------------------

 Density error is 0.0147443995369
----------------------------------------------------------
     Energy           Rydberg                 eV          
----------------------------------------------------------
 E_KohnSham     -16.8050283799       -228.6441410177      
 E_Harris       -16.7354514410       -227.6974982000      
 E_Fermi        -0.6989233752        -9.5093403680        
----------------------------------------------------------


 LCAO ALGORITHM --------------- ION=   1  ELEC=   7--------------------------------

 Density error is 0.0124259217946
----------------------------------------------------------
     Energy           Rydberg                 eV          
----------------------------------------------------------
 E_KohnSham     -16.8052273149       -228.6468476682      
 E_Harris       -16.7929591163       -228.4799302632      
 E_Fermi        -0.6933183889        -9.4330806166        
----------------------------------------------------------


 LCAO ALGORITHM --------------- ION=   1  ELEC=   8--------------------------------

 Density error is 0.00396940150367
----------------------------------------------------------
     Energy           Rydberg                 eV          
----------------------------------------------------------
 E_KohnSham     -16.8052786896       -228.6475466563      
 E_Harris       -16.7991172857       -228.5637164562      
 E_Fermi        -0.6920907970        -9.4163783732        
----------------------------------------------------------


 LCAO ALGORITHM --------------- ION=   1  ELEC=   9--------------------------------

 Density error is 0.00171503442091
----------------------------------------------------------
     Energy           Rydberg                 eV          
----------------------------------------------------------
 E_KohnSham     -16.8052908135       -228.6477116101      
 E_Harris       -16.8008696934       -228.5875591859      
 E_Fermi        -0.6918578125        -9.4132084561        
----------------------------------------------------------


 LCAO ALGORITHM --------------- ION=   1  ELEC=  10--------------------------------

 Density error is 0.000882236961187
----------------------------------------------------------
     Energy           Rydberg                 eV          
----------------------------------------------------------
 E_KohnSham     -16.8052960554       -228.6477829297      
 E_Harris       -16.8047269398       -228.6400397155      
 E_Fermi        -0.6914550259        -9.4077282629        
----------------------------------------------------------


 LCAO ALGORITHM --------------- ION=   1  ELEC=  11--------------------------------

 Density error is 0.000327512985539
----------------------------------------------------------
     Energy           Rydberg                 eV          
----------------------------------------------------------
 E_KohnSham     -16.8052968497       -228.6477937372      
 E_Harris       -16.8054252414       -228.6495405955      
 E_Fermi        -0.6913854734        -9.4067819525        
----------------------------------------------------------


 LCAO ALGORITHM --------------- ION=   1  ELEC=  12--------------------------------

 Density error is 0.000219769585938
----------------------------------------------------------
     Energy           Rydberg                 eV          
----------------------------------------------------------
 E_KohnSham     -16.8052976017       -228.6478039686      
 E_Harris       -16.8051084943       -228.6452310308      
 E_Fermi        -0.6914177471        -9.4072210585        
----------------------------------------------------------


 LCAO ALGORITHM --------------- ION=   1  ELEC=  13--------------------------------

 Density error is 5.77080018641e-05
----------------------------------------------------------
     Energy           Rydberg                 eV          
----------------------------------------------------------
 E_KohnSham     -16.8052977078       -228.6478054127      
 E_Harris       -16.8052598786       -228.6472907203      
 E_Fermi        -0.6914039793        -9.4070337378        
----------------------------------------------------------


 LCAO ALGORITHM --------------- ION=   1  ELEC=  14--------------------------------

 Density error is 1.37365376328e-05
----------------------------------------------------------
     Energy           Rydberg                 eV          
----------------------------------------------------------
 E_KohnSham     -16.8052977134       -228.6478054886      
 E_Harris       -16.8053067896       -228.6479289770      
 E_Fermi        -0.6913992865        -9.4069698894        
----------------------------------------------------------


 LCAO ALGORITHM --------------- ION=   1  ELEC=  15--------------------------------

 Density error is 8.34737505663e-06
----------------------------------------------------------
     Energy           Rydberg                 eV          
----------------------------------------------------------
 E_KohnSham     -16.8052977180       -228.6478055511      
 E_Harris       -16.8052884361       -228.6476792650      
 E_Fermi        -0.6914008869        -9.4069916646        
----------------------------------------------------------


 LCAO ALGORITHM --------------- ION=   1  ELEC=  16--------------------------------

 Density error is 2.26915020308e-06
----------------------------------------------------------
     Energy           Rydberg                 eV          
----------------------------------------------------------
 E_KohnSham     -16.8052977182       -228.6478055544      
 E_Harris       -16.8052961856       -228.6477847023      
 E_Fermi        -0.6914001286        -9.4069813463        
----------------------------------------------------------


 LCAO ALGORITHM --------------- ION=   1  ELEC=  17--------------------------------

 Density error is 1.31963647448e-06
----------------------------------------------------------
     Energy           Rydberg                 eV          
----------------------------------------------------------
 E_KohnSham     -16.8052977188       -228.6478055622      
 E_Harris       -16.8052966662       -228.6477912401      
 E_Fermi        -0.6914000888        -9.4069808060        
----------------------------------------------------------


 LCAO ALGORITHM --------------- ION=   1  ELEC=  18--------------------------------

 Density error is 4.20452956804e-07
----------------------------------------------------------
     Energy           Rydberg                 eV          
----------------------------------------------------------
 E_KohnSham     -16.8052977188       -228.6478055627      
 E_Harris       -16.8052978692       -228.6478076085      
 E_Fermi        -0.6913999788        -9.4069793093        
----------------------------------------------------------


 LCAO ALGORITHM --------------- ION=   1  ELEC=  19--------------------------------

 Density error is 1.26387959725e-07
----------------------------------------------------------
     Energy           Rydberg                 eV          
----------------------------------------------------------
 E_KohnSham     -16.8052977188       -228.6478055619      
 E_Harris       -16.8052978316       -228.6478070967      
 E_Fermi        -0.6913999810        -9.4069793388        
----------------------------------------------------------


 LCAO ALGORITHM --------------- ION=   1  ELEC=  20--------------------------------

 Density error is 6.92352282562e-08
----------------------------------------------------------
     Energy           Rydberg                 eV          
----------------------------------------------------------
 E_KohnSham     -16.8052977188       -228.6478055618      
 E_Harris       -16.8052977217       -228.6478056012      
 E_Fermi        -0.6913999904        -9.4069794661        
----------------------------------------------------------


 LCAO ALGORITHM --------------- ION=   1  ELEC=  21--------------------------------

 Density error is 1.19890471831e-08
----------------------------------------------------------
     Energy           Rydberg                 eV          
----------------------------------------------------------
 E_KohnSham     -16.8052977188       -228.6478055622      
 E_Harris       -16.8052977062       -228.6478053911      
 E_Fermi        -0.6913999919        -9.4069794868        
----------------------------------------------------------


 LCAO ALGORITHM --------------- ION=   1  ELEC=  22--------------------------------

 Density error is 3.10730503283e-09
----------------------------------------------------------
     Energy           Rydberg                 eV          
----------------------------------------------------------
 E_KohnSham     -16.8052977188       -228.6478055622      
 E_KS(sigma->0) -16.8052977188       -228.6478055622      
 E_Harris       -16.8052977154       -228.6478055152      
 E_band         -6.6609080743        -90.6263036650       
 E_one_elec     -49.5408832638       -674.0382963407      
 E_Hartree      25.6140196371        348.4966157482       
 E_xc           -7.1336698987        -97.0585582731       
 E_Ewald        14.2552358066        193.9524333033       
 E_entropy(-TS) 0.0000000000         0.0000000000         
 E_descf        0.0000000000         0.0000000000         
 E_exx          0.0000000000         0.0000000000         
 E_Fermi        -0.6913999909        -9.4069794741        
----------------------------------------------------------


 charge density convergence is achieved
 final etot is -228.64780556 eV
 EFERMI = -9.4069794741 eV

 STATE ENERGY(eV) AND OCCUPATIONS    NSPIN == 1
 1/1 kpoint (Cartesian) = 0.0000 0.0000 0.0000 (911913 pws)
       1       -17.0338        2.00000
       2       -9.45319        2.00000
       3       -9.41921        2.00000
       4       -9.40698        2.00000
       5       0.645623        0.00000
       6        2.07971        0.00000
       7        2.08201        0.00000
       8        2.08806        0.00000
       9        3.09659        0.00000
      10        3.11357        0.00000
      11        3.12945        0.00000
      12        4.52190        0.00000
      13        4.53594        0.00000
      14        8.74922        0.00000

 correction force for each atom along direction 1 is -1.80033e-09
 correction force for each atom along direction 2 is 2.43887e-09
 correction force for each atom along direction 3 is 2.43887e-09
------------------------------------------------------------------------------------------
 TOTAL-FORCE (eV/Angstrom)                                                                
------------------------------------------------------------------------------------------
                        C1        -0.1338812532        -0.0930045301        -0.0930045301 
                        H1         0.1430852371         0.1014340123         0.1014340123 
                        H2         0.0119111530         0.0115047549         0.0115047549 
                        H3        -0.0105575685        -0.0114397189        -0.0084945181 
                        H4        -0.0105575685        -0.0084945181        -0.0114397189 
------------------------------------------------------------------------------------------



 --------------------------------------------
 !FINAL_ETOT_IS -228.6478055622198 eV
 --------------------------------------------


TIME STATISTICS
------------------------------------------------------------------------------------
    CLASS_NAME                    NAME                TIME/s  CALLS   AVG/s  PER/%  
------------------------------------------------------------------------------------
                   total                              74.50  13       5.73   100.00 
 Driver            reading                            0.03   1        0.03   0.05   
 Input_Conv        Convert                            0.00   1        0.00   0.00   
 Driver            driver_line                        74.47  1        74.47  99.95  
 UnitCell          check_tau                          0.00   1        0.00   0.00   
 ESolver_KS_LCAO   before_all_runners                 2.99   1        2.99   4.01   
 PW_Basis_Sup      setuptransform                     0.08   1        0.08   0.11   
 PW_Basis_Sup      distributeg                        0.08   1        0.08   0.11   
 mymath            heapsort                           1.35   359      0.00   1.81   
 Charge_Mixing     init_mixing                        0.00   1        0.00   0.00   
 Symmetry          analy_sys                          0.02   1        0.02   0.03   
 PW_Basis_K        setuptransform                     0.08   1        0.08   0.11   
 PW_Basis_K        distributeg                        0.06   1        0.06   0.08   
 PW_Basis          setup_struc_factor                 0.15   1        0.15   0.20   
 NOrbital_Lm       extra_uniform                      0.06   13       0.00   0.08   
 Mathzone_Add1     SplineD2                           0.00   13       0.00   0.00   
 Mathzone_Add1     Cubic_Spline_Interpolation         0.00   13       0.00   0.00   
 Mathzone_Add1     Uni_Deriv_Phi                      0.06   13       0.00   0.08   
 ppcell_vl         init_vloc                          0.01   1        0.01   0.01   
 Ions              opt_ions                           71.45  1        71.45  95.90  
 ESolver_KS_LCAO   runner                             68.98  1        68.98  92.58  
 ESolver_KS_LCAO   before_scf                         3.42   1        3.42   4.58   
 atom_arrange      search                             0.00   1        0.00   0.00   
 atom_arrange      grid_d.init                        0.00   1        0.00   0.00   
 Grid              Construct_Adjacent_expand          0.00   1        0.00   0.00   
 Grid              Construct_Adjacent_expand_periodic 0.00   5        0.00   0.00   
 Grid_Technique    init                               0.11   1        0.11   0.14   
 Grid_BigCell      grid_expansion_index               0.05   2        0.02   0.06   
 Grid_Driver       Find_atom                          0.00   31       0.00   0.00   
 Record_adj        for_2d                             0.00   1        0.00   0.00   
 LCAO_domain       grid_prepare                       0.00   1        0.00   0.00   
 Veff              initialize_HR                      0.00   1        0.00   0.00   
 OverlapNew        initialize_SR                      0.00   1        0.00   0.00   
 EkineticNew       initialize_HR                      0.00   1        0.00   0.00   
 NonlocalNew       initialize_HR                      0.00   1        0.00   0.00   
 Charge            set_rho_core                       0.28   1        0.28   0.38   
 PW_Basis_Sup      recip2real                         7.07   167      0.04   9.50   
 PW_Basis_Sup      gathers_scatterp                   1.43   167      0.01   1.92   
 ModuleIO          read_rhog                          0.00   1        0.00   0.00   
 Charge            atomic_rho                         0.48   2        0.24   0.65   
 Potential         init_pot                           1.43   1        1.43   1.92   
 Potential         update_from_charge                 28.73  23       1.25   38.56  
 Potential         cal_fixed_v                        0.16   1        0.16   0.21   
 PotLocal          cal_fixed_v                        0.15   1        0.15   0.20   
 Potential         cal_v_eff                          28.04  23       1.22   37.63  
 H_Hartree_pw      v_hartree                          4.96   23       0.22   6.65   
 PW_Basis_Sup      real2recip                         6.30   191      0.03   8.45   
 PW_Basis_Sup      gatherp_scatters                   0.70   191      0.00   0.95   
 PotXC             cal_v_eff                          22.10  23       0.96   29.67  
 XC_Functional     v_xc                               22.54  24       0.94   30.25  
 Potential         interpolate_vrs                    0.53   23       0.02   0.72   
 Symmetry          rhog_symmetry                      13.80  23       0.60   18.52  
 Symmetry          group fft grids                    10.44  23       0.45   14.02  
 H_Ewald_pw        compute_ewald                      0.35   1        0.35   0.47   
 HSolverLCAO       solve                              4.55   22       0.21   6.10   
 HamiltLCAO        updateHk                           1.18   22       0.05   1.58   
 OperatorLCAO      init                               1.17   66       0.02   1.58   
 Veff              contributeHR                       1.16   22       0.05   1.56   
 Gint_interface    cal_gint                           2.50   45       0.06   3.35   
 Gint_interface    cal_gint_vlocal                    1.16   22       0.05   1.55   
 Gint_Tools        cal_psir_ylm                       1.60   43764    0.00   2.14   
 Gint_k            transfer_pvpR                      0.00   22       0.00   0.00   
 OverlapNew        calculate_SR                       0.00   1        0.00   0.00   
 OverlapNew        contributeHk                       0.00   22       0.00   0.00   
 EkineticNew       contributeHR                       0.00   22       0.00   0.00   
 EkineticNew       calculate_HR                       0.00   1        0.00   0.00   
 NonlocalNew       contributeHR                       0.01   22       0.00   0.01   
 NonlocalNew       calculate_HR                       0.01   1        0.01   0.01   
 OperatorLCAO      contributeHk                       0.00   22       0.00   0.00   
 HSolverLCAO       hamiltSolvePsiK                    0.12   22       0.01   0.17   
 DiagoElpa         elpa_solve                         0.11   22       0.01   0.15   
 elecstate         cal_dm                             0.00   23       0.00   0.00   
 psiMulPsiMpi      pdgemm                             0.00   23       0.00   0.00   
 DensityMatrix     cal_DMR                            0.00   23       0.00   0.00   
 ElecStateLCAO     psiToRho                           3.24   22       0.15   4.35   
 Gint              transfer_DMR                       0.00   22       0.00   0.00   
 Gint_interface    cal_gint_rho                       1.26   22       0.06   1.70   
 Charge_Mixing     get_drho                           0.08   22       0.00   0.11   
 Charge            mix_rho                            7.26   21       0.35   9.74   
 Charge            Pulay_mixing                       0.43   21       0.02   0.57   
 ModuleIO          write_rhog                         0.96   1        0.96   1.29   
 ESolver_KS_LCAO   after_scf                          0.27   1        0.27   0.36   
 ESolver_KS_LCAO   cal_force                          2.47   1        2.47   3.31   
 Force_Stress_LCAO getForceStress                     2.47   1        2.47   3.31   
 Forces            cal_force_loc                      0.56   1        0.56   0.75   
 Forces            cal_force_ew                       0.32   1        0.32   0.44   
 Forces            cal_force_cc                       1.36   1        1.36   1.83   
 Forces            cal_force_scc                      0.13   1        0.13   0.18   
 Force_LCAO        ftable                             0.08   1        0.08   0.11   
 Force_LCAO        allocate                           0.01   1        0.01   0.01   
 LCAO_domain       build_ST_new                       0.01   2        0.00   0.01   
 Force_LCAO        cal_pulay_fs_center2               0.00   2        0.00   0.00   
 Gint_interface    cal_gint_force                     0.07   1        0.07   0.10   
 Gint_Tools        cal_dpsir_ylm                      0.04   1023     0.00   0.06   
 NonlocalNew       cal_force_stress                   0.00   1        0.00   0.00   
 ESolver_KS_LCAO   after_all_runners                  0.00   1        0.00   0.00   
 ModuleIO          write_istate_info                  0.00   1        0.00   0.00   
------------------------------------------------------------------------------------


 NAME-------------------------|MEMORY(MB)--------
                         total          1123.
                  SF::strucFac          222.5
                      Chg::rho          109.5
                 Chg::rho_save          109.5
                 Chg::rho_core          109.5
                 Pot::veff_fix          109.5
                     Pot::veff          109.5
              Pot::veff_smooth          109.5
                     Chg::rhog          55.63
                Chg::rhog_save          55.63
                Chg::rhog_core          55.63
                  PW_B_K::gcar          20.87
                   PW_B_K::gk2          6.957
               GT::ind_bigcell          6.927
         GT::in_this_processor          6.927
              GT::index2normal          6.927
               GT::index2ucell          6.927
       TwoCenterTable: Kinetic          3.071
       TwoCenterTable: Overlap          3.071
                 GT::start_ind          2.027
            GT::how_many_atoms          2.027
               GT::bcell_start          2.027
            GT::how many atoms          2.027
      GT::bigcell_on_processor          1.732
      TwoCenterTable: Nonlocal          1.551
 -------------   < 1.0 MB has been ignored ----------------
 ----------------------------------------------------------

 Start  Time  : Fri Sep  4 22:02:14 2026
 Finish Time  : Fri Sep  4 22:03:29 2026
 Total  Time  : 0 h 1 mins 15 secs 
