1000    0.65483  0.03317  0.04152  0.04161  0.43353  0.25517  0.04221  0.75249  0.03676  0.46999  0.18255  0.03051  0.81133  
2000    0.61987  0.04170  0.05258  0.03224  0.42716  0.39150  0.02610  0.24441  0.03082  0.44955  0.31840  0.01624  0.34149  
3000    0.61011  0.04767  0.06110  0.03863  0.41511  0.23596  0.02396  0.21603  0.03532  0.45636  0.16678  0.01793  0.31592  
4000    0.61483  0.05387  0.06988  0.03604  0.41727  0.21854  0.01437  0.14486  0.03171  0.44618  0.17372  0.01083  0.12642  
5000    0.61446  0.05786  0.07556  0.03847  0.40353  0.18080  0.05902  0.15058  0.03446  0.44713  0.10891  0.05763  0.11374  
6000    0.61835  0.06164  0.08049  0.04009  0.40612  0.17781  0.00830  0.11389  0.03618  0.44681  0.10193  0.00828  0.09279  
7000    0.61881  0.06354  0.08305  0.03599  0.40201  0.23001  0.00389  0.10829  0.03239  0.44817  0.19942  0.00207  0.12999  
8000    0.61298  0.06373  0.08320  0.03955  0.40077  0.16512  0.00528  0.08685  0.03436  0.45010  0.11021  0.00549  0.08332  
9000    0.61199  0.06352  0.08331  0.03717  0.39797  0.19872  0.01402  0.08736  0.03052  0.45004  0.16765  0.00720  0.12787  
10000   0.60857  0.06268  0.08196  0.03871  0.39981  0.17414  0.01206  0.06785  0.03291  0.44955  0.12832  0.00584  0.07462  
11000   0.59990  0.06288  0.08213  0.03363  0.39680  0.13737  0.01914  0.08804  0.03272  0.44818  0.14164  0.01747  0.08131  
12000   0.59502  0.06377  0.08331  0.03394  0.39542  0.08531  0.02158  0.07895  0.02902  0.45055  0.18229  0.00695  0.09105  
13000   0.59543  0.06375  0.08344  0.03655  0.39449  0.08431  0.01725  0.07052  0.03131  0.44404  0.22282  0.02038  0.10564  
14000   0.59069  0.06415  0.08343  0.03487  0.39469  0.05374  0.01710  0.06461  0.03082  0.44929  0.21760  0.01345  0.08727  
15000   0.58204  0.06211  0.08106  0.03223  0.39392  0.04165  0.01801  0.06752  0.03103  0.45113  0.23305  0.01060  0.09901  
16000   0.57616  0.06123  0.08007  0.03173  0.39131  0.04293  0.01454  0.06070  0.02986  0.45992  0.26377  0.01257  0.10915  
17000   0.56906  0.05884  0.07720  0.03027  0.38955  0.06052  0.01172  0.05967  0.02869  0.45581  0.30631  0.01223  0.07566  
18000   0.56105  0.05659  0.07473  0.02759  0.38819  0.07756  0.01277  0.04922  0.02598  0.45139  0.37925  0.01627  0.07293  
19000   0.55371  0.05412  0.07200  0.02909  0.38781  0.05737  0.01005  0.03951  0.02710  0.45453  0.38728  0.01324  0.07689  
20000   0.54849  0.05236  0.06983  0.02669  0.38673  0.07116  0.01418  0.04354  0.02673  0.45120  0.44600  0.01807  0.08187  
21000   0.54316  0.04998  0.06695  0.02757  0.38603  0.06635  0.02026  0.03978  0.02725  0.45051  0.42032  0.00776  0.07646  
22000   0.53392  0.04700  0.06361  0.02704  0.38457  0.07038  0.01155  0.03505  0.02518  0.45244  0.44055  0.01136  0.07512  
23000   0.52972  0.04556  0.06202  0.02660  0.38344  0.07212  0.01033  0.03860  0.02625  0.44898  0.46000  0.01196  0.07899  
24000   0.52488  0.04402  0.05999  0.02680  0.38283  0.06545  0.00827  0.03858  0.02583  0.45123  0.45034  0.01011  0.07538  
25000   0.52002  0.04288  0.05863  0.02605  0.38138  0.07075  0.00968  0.03041  0.02520  0.45159  0.48616  0.00841  0.07240  
26000   0.51626  0.04119  0.05677  0.02461  0.38052  0.08837  0.00811  0.03530  0.02422  0.45120  0.53159  0.01220  0.07211  
27000   0.51171  0.04037  0.05580  0.02535  0.37864  0.07553  0.00939  0.03050  0.02505  0.45359  0.51232  0.00654  0.07466  
28000   0.50899  0.03990  0.05525  0.02510  0.37729  0.08157  0.00756  0.02532  0.02463  0.45549  0.54593  0.00773  0.07588  
29000   0.50641  0.03955  0.05471  0.02462  0.37615  0.07638  0.00694  0.03055  0.02364  0.46088  0.54881  0.01086  0.07897  
30000   0.50387  0.03915  0.05401  0.02565  0.37472  0.07082  0.00751  0.02512  0.02539  0.45939  0.51753  0.00693  0.07550  
31000   0.49983  0.03784  0.05267  0.02470  0.37281  0.07752  0.00784  0.03281  0.02479  0.46280  0.55429  0.00751  0.07391  
32000   0.49692  0.03748  0.05209  0.02393  0.37154  0.08131  0.00994  0.02750  0.02371  0.45921  0.57786  0.00654  0.07072  
33000   0.49468  0.03704  0.05150  0.02446  0.37050  0.07494  0.00731  0.02960  0.02319  0.46711  0.58270  0.00911  0.07685  
34000   0.49108  0.03573  0.05035  0.02385  0.37015  0.07516  0.00802  0.02677  0.02382  0.46157  0.59101  0.00748  0.07544  
35000   0.48855  0.03488  0.04937  0.02408  0.36879  0.07827  0.00708  0.02887  0.02440  0.46594  0.57881  0.00909  0.06595  
36000   0.48483  0.03380  0.04842  0.02343  0.36737  0.07906  0.00879  0.03030  0.02315  0.46428  0.60402  0.00700  0.06661  
37000   0.48208  0.03315  0.04772  0.02306  0.36654  0.08067  0.00814  0.02728  0.02259  0.46936  0.62464  0.00776  0.06646  
38000   0.47846  0.03220  0.04687  0.02280  0.36513  0.08244  0.00695  0.02521  0.02273  0.47646  0.62276  0.00812  0.06569  
39000   0.47722  0.03179  0.04629  0.02286  0.36446  0.08177  0.00782  0.02861  0.02325  0.48251  0.61357  0.01042  0.06854  
40000   0.47441  0.03107  0.04557  0.02312  0.36320  0.07893  0.00695  0.02862  0.02285  0.47985  0.61682  0.00847  0.06816  
41000   0.47241  0.03046  0.04514  0.02335  0.36195  0.07886  0.00747  0.02871  0.02394  0.48887  0.61894  0.00794  0.06966  
42000   0.47110  0.03013  0.04472  0.02222  0.36217  0.08244  0.00712  0.02907  0.02303  0.49040  0.64889  0.00727  0.06542  
43000   0.46980  0.03000  0.04450  0.02228  0.36149  0.08026  0.00602  0.02911  0.02294  0.48446  0.65546  0.00720  0.06047  
44000   0.46859  0.02960  0.04415  0.02178  0.36130  0.08256  0.00589  0.02918  0.02269  0.48821  0.68360  0.00749  0.06056  
45000   0.46664  0.02929  0.04369  0.02200  0.35983  0.08628  0.00651  0.02549  0.02170  0.49145  0.67281  0.00592  0.06164  
46000   0.46504  0.02879  0.04327  0.02154  0.35938  0.08855  0.00635  0.02569  0.02264  0.48718  0.68570  0.00741  0.06632  
47000   0.46456  0.02866  0.04296  0.02201  0.35912  0.08747  0.00621  0.02443  0.02215  0.48985  0.68113  0.00682  0.06624  
48000   0.46344  0.02870  0.04288  0.02223  0.35848  0.07985  0.00557  0.02597  0.02268  0.49166  0.67300  0.00736  0.06504  
49000   0.46254  0.02846  0.04261  0.02146  0.35903  0.08063  0.00643  0.02273  0.02286  0.49140  0.71837  0.00588  0.06799  
50000   0.46136  0.02838  0.04235  0.02108  0.35779  0.08765  0.00523  0.02469  0.02228  0.48847  0.73281  0.00651  0.06549  
51000   0.46057  0.02814  0.04220  0.02074  0.35826  0.08511  0.00488  0.02225  0.02161  0.49449  0.73662  0.00600  0.06530  
52000   0.45912  0.02792  0.04196  0.02118  0.35704  0.08076  0.00663  0.02290  0.02217  0.49222  0.75817  0.00786  0.06569  
53000   0.45742  0.02761  0.04172  0.02077  0.35652  0.08291  0.00437  0.02079  0.02238  0.49964  0.78577  0.00414  0.06513  
54000   0.45656  0.02734  0.04151  0.02044  0.35582  0.08654  0.00481  0.02322  0.02201  0.50478  0.82488  0.00503  0.06270  
55000   0.45517  0.02700  0.04118  0.01996  0.35567  0.08619  0.00454  0.02282  0.02111  0.49892  0.83078  0.00405  0.06601  
56000   0.45414  0.02702  0.04113  0.01990  0.35457  0.08605  0.00419  0.02501  0.02149  0.49845  0.85638  0.00365  0.07039  
57000   0.45345  0.02701  0.04106  0.01996  0.35427  0.08378  0.00527  0.02244  0.02115  0.50377  0.82394  0.00657  0.07095  
58000   0.45197  0.02659  0.04076  0.02014  0.35347  0.08395  0.00513  0.02109  0.02150  0.50002  0.83680  0.00410  0.06932  
59000   0.45118  0.02637  0.04058  0.01986  0.35315  0.08539  0.00475  0.02209  0.02134  0.50244  0.84934  0.00390  0.07585  
60000   0.44995  0.02625  0.04042  0.01988  0.35245  0.08474  0.00480  0.01989  0.02209  0.50453  0.85889  0.00305  0.07499  
61000   0.44871  0.02615  0.04035  0.01978  0.35170  0.08236  0.00540  0.01960  0.02191  0.50391  0.86679  0.00411  0.07475  
62000   0.44781  0.02610  0.04024  0.01954  0.35096  0.08535  0.00505  0.01920  0.02042  0.50956  0.87172  0.00442  0.07767  
63000   0.44656  0.02588  0.04008  0.01949  0.35035  0.08245  0.00484  0.02030  0.02065  0.50815  0.89093  0.00332  0.07409  
64000   0.44576  0.02578  0.03998  0.01970  0.34972  0.08073  0.00503  0.02006  0.02122  0.51138  0.88943  0.00331  0.07797  
65000   0.44474  0.02555  0.03987  0.01940  0.34931  0.08270  0.00499  0.01838  0.02105  0.51438  0.91772  0.00257  0.07926  
66000   0.44418  0.02554  0.03983  0.01966  0.34818  0.08344  0.00522  0.02108  0.02044  0.50712  0.89597  0.00323  0.08537  
67000   0.44272  0.02525  0.03965  0.01932  0.34752  0.08287  0.00532  0.02155  0.02070  0.50679  0.90967  0.00320  0.08979  
68000   0.44216  0.02511  0.03952  0.01952  0.34731  0.08112  0.00667  0.01921  0.02105  0.50545  0.90105  0.00437  0.08468  
69000   0.44073  0.02488  0.03938  0.01918  0.34645  0.08173  0.00464  0.02199  0.02046  0.51313  0.93658  0.00476  0.08896  
70000   0.43999  0.02476  0.03928  0.01882  0.34633  0.08251  0.00472  0.02080  0.02077  0.51565  0.94411  0.00310  0.08547  
71000   0.43933  0.02478  0.03924  0.01870  0.34591  0.08118  0.00437  0.02142  0.02032  0.51161  0.97010  0.00346  0.09090  
72000   0.43811  0.02451  0.03906  0.01921  0.34516  0.07724  0.00469  0.01978  0.02045  0.51212  0.94013  0.00352  0.09347  
73000   0.43747  0.02456  0.03904  0.01929  0.34413  0.08053  0.00458  0.01936  0.02039  0.51706  0.94426  0.00331  0.09746  
74000   0.43688  0.02447  0.03899  0.01924  0.34422  0.07676  0.00424  0.01857  0.02093  0.50830  0.95879  0.00379  0.09876  
75000   0.43582  0.02435  0.03890  0.01936  0.34320  0.07519  0.00526  0.01967  0.02041  0.50835  0.95805  0.00552  0.09773  
76000   0.43515  0.02430  0.03883  0.01932  0.34283  0.07511  0.00474  0.01884  0.02105  0.50996  0.95624  0.00418  0.10218  
77000   0.43446  0.02416  0.03867  0.01912  0.34265  0.07400  0.00472  0.01985  0.02085  0.50763  0.96810  0.00349  0.10489  
78000   0.43338  0.02411  0.03865  0.01901  0.34166  0.07599  0.00447  0.01904  0.02084  0.50239  0.97673  0.00375  0.10984  
79000   0.43285  0.02409  0.03859  0.01891  0.34122  0.07545  0.00503  0.01993  0.02008  0.49911  0.96847  0.00414  0.10905  
80000   0.43178  0.02388  0.03846  0.01893  0.34091  0.07159  0.00426  0.02018  0.02068  0.50021  0.99686  0.00367  0.10860  
81000   0.43109  0.02378  0.03843  0.01868  0.34044  0.07230  0.00438  0.02099  0.02063  0.49932  1.01672  0.00459  0.10674  
82000   0.43053  0.02368  0.03835  0.01869  0.34021  0.07157  0.00424  0.02013  0.02089  0.50220  1.00972  0.00438  0.10972  
83000   0.42992  0.02352  0.03820  0.01892  0.33959  0.07079  0.00499  0.02112  0.02074  0.49914  1.00040  0.00460  0.10968  
84000   0.42886  0.02327  0.03808  0.01903  0.33939  0.06782  0.00470  0.01832  0.02086  0.49987  1.01197  0.00369  0.11030  
85000   0.42826  0.02316  0.03797  0.01890  0.33908  0.06787  0.00500  0.01859  0.02064  0.50552  1.01755  0.00360  0.11281  
86000   0.42762  0.02296  0.03785  0.01890  0.33862  0.06843  0.00544  0.01901  0.02057  0.50125  1.02101  0.00521  0.11161  
87000   0.42727  0.02304  0.03786  0.01886  0.33822  0.06925  0.00501  0.01860  0.02065  0.50067  1.02979  0.00343  0.11245  
88000   0.42628  0.02284  0.03777  0.01890  0.33739  0.06817  0.00476  0.02082  0.02052  0.50153  1.02793  0.00379  0.11260  
89000   0.42599  0.02277  0.03767  0.01855  0.33742  0.07107  0.00447  0.02032  0.02054  0.49933  1.05210  0.00428  0.11250  
90000   0.42541  0.02268  0.03761  0.01877  0.33691  0.07025  0.00470  0.01927  0.02056  0.50202  1.04895  0.00332  0.11181  
91000   0.42479  0.02251  0.03757  0.01876  0.33674  0.06827  0.00459  0.01927  0.02049  0.50058  1.06663  0.00326  0.11435  
92000   0.42458  0.02246  0.03751  0.01854  0.33662  0.06912  0.00510  0.02027  0.02022  0.50127  1.08809  0.00325  0.11461  
93000   0.42404  0.02241  0.03751  0.01834  0.33657  0.06859  0.00490  0.01865  0.01997  0.50031  1.07603  0.00447  0.11549  
94000   0.42339  0.02236  0.03747  0.01842  0.33579  0.06840  0.00505  0.02007  0.02014  0.49920  1.07141  0.00506  0.11887  
95000   0.42275  0.02231  0.03745  0.01843  0.33537  0.06874  0.00501  0.01822  0.02034  0.50189  1.07981  0.00420  0.11676  
96000   0.42230  0.02223  0.03740  0.01841  0.33522  0.06681  0.00521  0.01835  0.02010  0.50451  1.09068  0.00323  0.11676  
97000   0.42219  0.02212  0.03729  0.01844  0.33511  0.06735  0.00533  0.01959  0.02058  0.50400  1.09029  0.00353  0.11532  
98000   0.42180  0.02209  0.03727  0.01849  0.33469  0.06662  0.00536  0.02062  0.02018  0.50205  1.09082  0.00490  0.11992  
99000   0.42142  0.02211  0.03725  0.01859  0.33426  0.06629  0.00496  0.02083  0.02030  0.50756  1.09207  0.00397  0.11789  
100000  0.42110  0.02197  0.03717  0.01862  0.33447  0.06407  0.00518  0.01937  0.02056  0.50436  1.09006  0.00368  0.12042  
101000  0.42045  0.02177  0.03708  0.01832  0.33396  0.06904  0.00476  0.01943  0.02005  0.50895  1.10117  0.00413  0.12005  
