 In SCAN_END, can't find: </PP_RELWFC.1> block.
 In SCAN_END, can't find: </PP_RELWFC.2> block.
 In SCAN_END, can't find: </PP_RELWFC.3> block.
 In SCAN_END, can't find: </PP_RELWFC.4> block.
 In SCAN_END, can't find: </PP_RELBETA.1> block.
 In SCAN_END, can't find: </PP_RELBETA.2> block.
 In SCAN_END, can't find: </PP_RELBETA.3> block.
 In SCAN_END, can't find: </PP_RELBETA.4> block.
 In SCAN_END, can't find: </PP_RELBETA.5> block.
 In SCAN_END, can't find: </PP_RELBETA.6> block.
 In SCAN_END, can't find: </PP_RELBETA.7> block.
 In SCAN_END, can't find: </PP_RELBETA.8> block.
 In SCAN_END, can't find: </PP_RELBETA.9> block.
 In SCAN_END, can't find: </PP_RELBETA.10> block.
 In SCAN_END, can't find: </PP_SPIN_ORB> block.
 dft_functional readin is: pbesol
 dft_functional in pseudopot file is: PBE
 Please make sure this is what you need
 In SCAN_END, can't find: </PP_RELWFC.1> block.
 In SCAN_END, can't find: </PP_RELWFC.2> block.
 In SCAN_END, can't find: </PP_RELWFC.3> block.
 In SCAN_END, can't find: </PP_RELWFC.4> block.
 In SCAN_END, can't find: </PP_RELWFC.5> block.
 In SCAN_END, can't find: </PP_RELWFC.6> block.
 In SCAN_END, can't find: </PP_RELBETA.1> block.
 In SCAN_END, can't find: </PP_RELBETA.2> block.
 In SCAN_END, can't find: </PP_RELBETA.3> block.
 In SCAN_END, can't find: </PP_RELBETA.4> block.
 In SCAN_END, can't find: </PP_RELBETA.5> block.
 In SCAN_END, can't find: </PP_RELBETA.6> block.
 In SCAN_END, can't find: </PP_RELBETA.7> block.
 In SCAN_END, can't find: </PP_RELBETA.8> block.
 In SCAN_END, can't find: </PP_RELBETA.9> block.
 In SCAN_END, can't find: </PP_RELBETA.10> block.
 In SCAN_END, can't find: </PP_SPIN_ORB> block.
 dft_functional readin is: pbesol
 dft_functional in pseudopot file is: PBE
 Please make sure this is what you need
 In SCAN_END, can't find: </PP_RELWFC.1> block.
 In SCAN_END, can't find: </PP_RELWFC.2> block.
 In SCAN_END, can't find: </PP_RELWFC.3> block.
 In SCAN_END, can't find: </PP_RELBETA.1> block.
 In SCAN_END, can't find: </PP_RELBETA.2> block.
 In SCAN_END, can't find: </PP_RELBETA.3> block.
 In SCAN_END, can't find: </PP_RELBETA.4> block.
 In SCAN_END, can't find: </PP_RELBETA.5> block.
 In SCAN_END, can't find: </PP_RELBETA.6> block.
 In SCAN_END, can't find: </PP_RELBETA.7> block.
 In SCAN_END, can't find: </PP_RELBETA.8> block.
 In SCAN_END, can't find: </PP_SPIN_ORB> block.
 dft_functional readin is: pbesol
 dft_functional in pseudopot file is: PBE
 Please make sure this is what you need
 AUTO_SET NBANDS to 30
 AUTO_SET NBANDS to 30
      Processor           Atom
              1             60
                 charge before normalized = 40.0000000000002
                  charge after normalized = 40.0000000000001
                 charge before normalized = 39.9999994172383
                  charge after normalized = 40.0000000000001
                 charge before normalized = 39.9999999999993
                  charge after normalized = 40.0000000000001
                 charge before normalized = 39.9999993769063
                  charge after normalized = 40
                 charge before normalized = 40.0000000000003
                  charge after normalized = 39.9999999999999
                 charge before normalized = 39.9999993901002
                  charge after normalized = 40
                 charge before normalized = 39.9999999999978
                  charge after normalized = 40
                 charge before normalized = 39.9999993775818
                  charge after normalized = 39.9999999999997
                 charge before normalized = 39.9999999999989
                  charge after normalized = 39.9999999999998
                 charge before normalized = 39.9999993863652
                  charge after normalized = 40.0000000000002
                 charge before normalized = 40.000000000002
                  charge after normalized = 39.9999999999999
                 charge before normalized = 39.9999993863208
                  charge after normalized = 40.0000000000007
                 charge before normalized = 40.0000000000011
                  charge after normalized = 40
                 charge before normalized = 39.9999993863466
                  charge after normalized = 39.999999999999
                 charge before normalized = 39.999999999999
                  charge after normalized = 40.0000000000001
                 charge before normalized = 39.9999993862979
                  charge after normalized = 40.0000000000002
                 charge before normalized = 39.9999999999994
                  charge after normalized = 39.9999999999999
                 charge before normalized = 39.9999993863062
                  charge after normalized = 39.9999999999997
                 charge before normalized = 39.9999999999999
                  charge after normalized = 40
                 charge before normalized = 39.9999993863056
                  charge after normalized = 39.9999999999994
                            startmag_type = 2
                       charge from rho_at = 9.99984437259022
                         charge should be = 10
                            startmag_type = 2
                       charge from rho_at = 11.9999945058124
                         charge should be = 12
                            startmag_type = 2
                       charge from rho_at = 5.99999614925575
                         charge should be = 6

 SETUP ATOMIC RHO FOR SPIN 1
                 Electron number from rho = 40.0000000000016
           total electron number from rho = 40.0000000000016
                                should be = 40
