                                                                                     
                              ABACUS v3.10.0

               Atomic-orbital Based Ab-initio Computation at UStc                    

                     Website: http://abacus.ustc.edu.cn/                             
               Documentation: https://abacus.deepmodeling.com/                       
                  Repository: https://github.com/abacusmodeling/abacus-develop       
                              https://github.com/deepmodeling/abacus-develop         
                      Commit: e84abb4 (Sat Jun 28 13:06:46 2025 +0800)

    Start Time is Wed Sep  2 21:40:39 2026
                                                                                     
 ------------------------------------------------------------------------------------

 READING GENERAL INFORMATION
                           global_out_dir = OUT.MOLAPT_HSE/
                           global_in_card = INPUT
                               pseudo_dir = ./
                              orbital_dir = ./
                                    DRANK = 1
                                    DSIZE = 1
                                   DCOLOR = 1
                                    GRANK = 1
                                    GSIZE = 1




 >>>>>>>>>>>>>>>>>>>>>>>>>>>>>>>>>>>>>>>>>>>>>>>>>>>>>>>>>>>>>>>>>>>>>>
 |                                                                    |
 | Reading atom information in unitcell:                              |
 | From the input file and the structure file we know the number of   |
 | different elments in this unitcell, then we list the detail        |
 | information for each element, especially the zeta and polar atomic |
 | orbital number for each element. The total atom number is counted. |
 | We calculate the nearest atom distance for each atom and show the  |
 | Cartesian and Direct coordinates for each atom. We list the file   |
 | address for atomic orbitals. The volume and the lattice vectors    |
 | in real and reciprocal space is also shown.                        |
 |                                                                    |
 <<<<<<<<<<<<<<<<<<<<<<<<<<<<<<<<<<<<<<<<<<<<<<<<<<<<<<<<<<<<<<<<<<<<<<




 READING UNITCELL INFORMATION
                                    ntype = 2
                  lattice constant (Bohr) = 1.88973
              lattice constant (Angstrom) = 1

 READING ATOM TYPE 1
                               atom label = O
                      L=0, number of zeta = 3
                      L=1, number of zeta = 3
                      L=2, number of zeta = 2
             number of atom for this type = 1

 READING ATOM TYPE 2
                               atom label = H
                      L=0, number of zeta = 3
                      L=1, number of zeta = 2
             number of atom for this type = 2

                        TOTAL ATOM NUMBER = 3
DIRECT COORDINATES
    atom                   x                   y                   z     mag                  vx                  vy                  vz
taud_O1            0.5000000000        0.5000000000        0.5058895000  0.0000        0.0000000000        0.0000000000        0.0000000000
taud_H1            0.5000000000        0.5377726500        0.4764419500  0.0000        0.0000000000        0.0000000000        0.0000000000
taud_H2            0.5000000000        0.4617273500        0.4764419500  0.0000        0.0000000000        0.0000000000        0.0000000000



                          Volume (Bohr^3) = 53986.7
                             Volume (A^3) = 7999.99

 Lattice vectors: (Cartesian coordinate: in unit of a_0)
                  +20                  +0                  +0
                   +0                 +20                  +0
                   +0                  +0                 +20
 Reciprocal vectors: (Cartesian coordinate: in unit of 2 pi/a_0)
                +0.05                  -0                  +0
                   -0               +0.05                  -0
                   +0                  -0               +0.05
 The esolver type has been set to : ksdft_lcao

 RUNNING WITH DEVICE  : CPU / Intel(R) Xeon(R) Gold 6248 CPU @ 2.50GHz




 >>>>>>>>>>>>>>>>>>>>>>>>>>>>>>>>>>>>>>>>>>>>>>>>>>>>>>>>>>>>>>>>>>>>>>
 |                                                                    |
 | Reading pseudopotentials files:                                    |
 | The pseudopotential file is in UPF format. The 'NC' indicates that |
 | the type of pseudopotential is 'norm conserving'. Functional of    |
 | exchange and correlation is decided by 4 given parameters in UPF   |
 | file.  We also read in the 'core correction' if there exists.      |
 | Also we can read the valence electrons number and the maximal      |
 | angular momentum used in this pseudopotential. We also read in the |
 | trail wave function, trail atomic density and local-pseudopotential|
 | on logrithmic grid. The non-local pseudopotential projector is also|
 | read in if there is any.                                           |
 |                                                                    |
 <<<<<<<<<<<<<<<<<<<<<<<<<<<<<<<<<<<<<<<<<<<<<<<<<<<<<<<<<<<<<<<<<<<<<<




                PAO radial cut off (Bohr) = 15

 Read in pseudopotential file is O.upf
                     pseudopotential type = NC
          exchange-correlation functional = PBE
                 nonlocal core correction = 1
                        valence electrons = 6
                                     lmax = 2
                           number of zeta = 2
                     number of projectors = 5
                           L of projector = 0
                           L of projector = 0
                           L of projector = 1
                           L of projector = 1
                           L of projector = 2
 XC functional updated to : hse
          exchange-correlation functional = HSE
                PAO radial cut off (Bohr) = 15

 Read in pseudopotential file is H.upf
                     pseudopotential type = NC
          exchange-correlation functional = PBE
                 nonlocal core correction = 0
                        valence electrons = 1
                                     lmax = 1
                           number of zeta = 1
                     number of projectors = 3
                           L of projector = 0
                           L of projector = 0
                           L of projector = 1
 XC functional updated to : hse
          exchange-correlation functional = HSE
     initial pseudo atomic orbital number = 6

 SETUP THE ELECTRONS NUMBER
             electron number of element O = 6
       total electron number of element O = 6
             electron number of element H = 1
       total electron number of element H = 2
            AUTOSET number of electrons:  = 8
                           occupied bands = 4
                                   NLOCAL = 40
                                   NBANDS = 14
                                   NBANDS = 14
                                   NLOCAL = 40




 >>>>>>>>>>>>>>>>>>>>>>>>>>>>>>>>>>>>>>>>>>>>>>>>>>>>>>>>>>>>>>>>>>>>>>
 |                                                                    |
 | Setup plane waves of charge/potential:                             |
 | Use the energy cutoff and the lattice vectors to generate the      |
 | dimensions of FFT grid. The number of FFT grid on each processor   |
 | is 'nrxx'. The number of plane wave basis in reciprocal space is   |
 | different for charege/potential and wave functions. We also set    |
 | the 'sticks' for the parallel of FFT. The number of plane waves    |
 | is 'npw' in each processor.                                        |
 <<<<<<<<<<<<<<<<<<<<<<<<<<<<<<<<<<<<<<<<<<<<<<<<<<<<<<<<<<<<<<<<<<<<<<





 SETUP THE PLANE WAVE BASIS
 energy cutoff for charge/potential (unit:Ry) = 400
            fft grid for charge/potential = [ 243, 243, 243 ]
                        fft grid division = [ 3, 3, 3 ]
        big fft grid for charge/potential = [ 81, 81, 81 ]
                                     nbxx = 531441
                                     nrxx = 14348907

 SETUP PLANE WAVES FOR CHARGE/POTENTIAL
                    number of plane waves = 7292125
                         number of sticks = 45461

 PARALLEL PW FOR CHARGE/POTENTIAL
     PROC   COLUMNS(POT)             PW
        1          45461        7292125
 --------------- sum -------------------
        1          45461        7292125
                            number of |g| = 12063
                                  max |g| = 36.18
                                  min |g| = 0
 DONE : SETUP UNITCELL Time : 2.40533 (SEC)


----------- Double Check Mixing Parameters Begin ------------
mixing_type: pulay
mixing_beta: 0.4
mixing_gg0: 1
mixing_gg0_min: 0.1
mixing_ndim: 20
----------- Double Check Mixing Parameters End ------------




 >>>>>>>>>>>>>>>>>>>>>>>>>>>>>>>>>>>>>>>>>>>>>>>>>>>>>>>>>>>>>>>>>>>>>>
 |                                                                    |
 | Setup K-points                                                     |
 | We setup the k-points according to input parameters.               |
 | The reduced k-points are set according to symmetry operations.     |
 | We treat the spin as another set of k-points.                      |
 |                                                                    |
 <<<<<<<<<<<<<<<<<<<<<<<<<<<<<<<<<<<<<<<<<<<<<<<<<<<<<<<<<<<<<<<<<<<<<<





 SETUP K-POINTS
                                    nspin = 1
                   Input type of k points = Monkhorst-Pack(Gamma)
                                   nkstot = 1
                               nkstot_ibz = 1
K-POINTS REDUCTION ACCORDING TO SYMMETRY
     IBZ    DIRECT_X    DIRECT_Y    DIRECT_Z  WEIGHT  ibz2bz
       1  0.00000000  0.00000000  0.00000000  1.0000       0

                               nkstot now = 1
K-POINTS DIRECT COORDINATES
 KPOINTS    DIRECT_X    DIRECT_Y    DIRECT_Z  WEIGHT
       1  0.00000000  0.00000000  0.00000000  1.0000


           k-point number in this process = 1
       minimum distributed K point number = 1

K-POINTS CARTESIAN COORDINATES
 KPOINTS CARTESIAN_X CARTESIAN_Y CARTESIAN_Z  WEIGHT
       1  0.00000000  0.00000000  0.00000000  2.0000


K-POINTS DIRECT COORDINATES
 KPOINTS    DIRECT_X    DIRECT_Y    DIRECT_Z  WEIGHT
       1  0.00000000  0.00000000  0.00000000  2.0000

 DONE : INIT K-POINTS Time : 2.40968 (SEC)


 Warning_Memory_Consuming allocated:  PW_B_K::gk2 6.95734 MB

 Warning_Memory_Consuming allocated:  PW_B_K::gcar 20.872 MB




 >>>>>>>>>>>>>>>>>>>>>>>>>>>>>>>>>>>>>>>>>>>>>>>>>>>>>>>>>>>>>>>>>>>>>>
 |                                                                    |
 | Setup plane waves of wave functions:                               |
 | Use the energy cutoff and the lattice vectors to generate the      |
 | dimensions of FFT grid. The number of FFT grid on each processor   |
 | is 'nrxx'. The number of plane wave basis in reciprocal space is   |
 | different for charege/potential and wave functions. We also set    |
 | the 'sticks' for the parallel of FFT. The number of plane wave of  |
 | each k-point is 'npwk[ik]' in each processor                       |
 <<<<<<<<<<<<<<<<<<<<<<<<<<<<<<<<<<<<<<<<<<<<<<<<<<<<<<<<<<<<<<<<<<<<<<





 SETUP PLANE WAVES FOR WAVE FUNCTIONS
     energy cutoff for wavefunc (unit:Ry) = 100
              fft grid for wave functions = [ 243, 243, 243 ]
                    number of plane waves = 911913
                         number of sticks = 11369

 PARALLEL PW FOR WAVE FUNCTIONS
     PROC   COLUMNS(POT)             PW
        1          11369         911913
 --------------- sum -------------------
        1          11369         911913
 DONE : INIT PLANEWAVE Time : 2.56305 (SEC)


 Warning_Memory_Consuming allocated:  SF::strucFac 222.538 MB
 SET NONLOCAL PSEUDOPOTENTIAL PROJECTORS
 SET NONLOCAL PSEUDOPOTENTIAL PROJECTORS
 max number of nonlocal projetors among all species is 5

 Warning_Memory_Consuming allocated:  ORB::Jl(x) 921.868 MB
 Auxiliary basis functions
		O		9 s		7 p		7 d		5 f		3 g		
		H		6 s		4 p		3 d		

 Warning_Memory_Consuming allocated:  ORB::Jl(x) 5063.37 MB
 DONE : LOCAL POTENTIAL Time : 64.8492 (SEC)


 Warning_Memory_Consuming allocated:  Chg::rho 109.473 MB

 Warning_Memory_Consuming allocated:  Chg::rho_save 109.473 MB

 Warning_Memory_Consuming allocated:  Chg::rhog 55.6345 MB

 Warning_Memory_Consuming allocated:  Chg::rhog_save 55.6345 MB

 Warning_Memory_Consuming allocated:  Chg::rho_core 109.473 MB

 Warning_Memory_Consuming allocated:  Chg::rhog_core 55.6345 MB

 Warning_Memory_Consuming allocated:  Pot::veff_fix 109.473 MB

 Warning_Memory_Consuming allocated:  Pot::veff 109.473 MB

 Warning_Memory_Consuming allocated:  Pot::veff_smooth 109.473 MB

 -------------------------------------------
 SELF-CONSISTENT
 -------------------------------------------




 >>>>>>>>>>>>>>>>>>>>>>>>>>>>>>>>>>>>>>>>>>>>>>>>>>>>>>>>>>>>>>>>>>>>>>
 |                                                                    |
 | Search adjacent atoms:                                             |
 | Set the adjacent atoms for each atom and set the periodic boundary |
 | condition for the atoms on real space FFT grid. For k-dependent    |
 | algorithm, we also need to set the sparse H and S matrix element   |
 | for each atom.                                                     |
 |                                                                    |
 <<<<<<<<<<<<<<<<<<<<<<<<<<<<<<<<<<<<<<<<<<<<<<<<<<<<<<<<<<<<<<<<<<<<<<





 SETUP SEARCHING RADIUS FOR PROGRAM TO SEARCH ADJACENT ATOMS
                  longest orb rcut (Bohr) = 9
   longest nonlocal projector rcut (Bohr) = 1.5
                     search radius (Bohr) = 21
              searching radius is (Bohr)) = 21
         searching radius unit is (Bohr)) = 1.89
                         PeriodicBoundary = 1
                        Radius(unit:lat0) = 11.1
                                   glayer = [ 2, 2, 2 ]
                             glayer_minus = [ 1, 1, 1 ]

Find the coordinate range of the input atom(unit:lat0).
                                  min_tau = [ -10, -10.8, -10.5 ]
                                  max_tau = [ 30, 30.8, 30.1 ]
                                BoxNumber = [ 3, 3, 3 ]

 SETUP EXTENDED REAL SPACE GRID FOR GRID INTEGRATION
                          real space grid = [ 243, 243, 243 ]
                 big cell numbers in grid = [ 81, 81, 81 ]
             meshcell numbers in big cell = [ 3, 3, 3 ]
                        extended fft grid = [ 20, 20, 20 ]
                dimension of extened grid = [ 122, 122, 122 ]
                            UnitCellTotal = 27

 Warning_Memory_Consuming allocated:  GT::ind_bigcell 6.93 MB

 Warning_Memory_Consuming allocated:  GT::in_this_processor 6.93 MB

 Warning_Memory_Consuming allocated:  GT::index2normal 6.93 MB

 Warning_Memory_Consuming allocated:  GT::index2ucell 6.93 MB
              Atom number in sub-FFT-grid = 3
    Local orbitals number in sub-FFT-grid = 40
                                ParaV.nnr = 1600
                                 init_chg = file
 try to read charge from file
 Read in the charge density: OUT.MOLAPT_HSE//MOLAPT_HSE-CHARGE-DENSITY.restart
 DONE : INIT SCF Time : 69.3212 (SEC)


 LCAO ALGORITHM --------------- ION=   1  ELEC=   1--------------------------------

 Density error is 0.0123027026214
----------------------------------------------------------
     Energy           Rydberg                 eV          
----------------------------------------------------------
 E_KohnSham     -35.4274023870       -482.0145378015      
 E_Harris       -35.5966337817       -484.3170490507      
 E_Fermi        -0.5143183130        -6.9976596432        
----------------------------------------------------------


 LCAO ALGORITHM --------------- ION=   1  ELEC=   2--------------------------------

 Density error is 0.00734549996136
----------------------------------------------------------
     Energy           Rydberg                 eV          
----------------------------------------------------------
 E_KohnSham     -35.4273922494       -482.0143998728      
 E_Harris       -35.4872945157       -482.8294120177      
 E_Fermi        -0.5211951926        -7.0912243899        
----------------------------------------------------------


 LCAO ALGORITHM --------------- ION=   1  ELEC=   3--------------------------------

 Density error is 0.00327932729468
----------------------------------------------------------
     Energy           Rydberg                 eV          
----------------------------------------------------------
 E_KohnSham     -35.4273873745       -482.0143335465      
 E_Harris       -35.4596475482       -482.4532557279      
 E_Fermi        -0.5240738620        -7.1303906965        
----------------------------------------------------------


 LCAO ALGORITHM --------------- ION=   1  ELEC=   4--------------------------------

 Density error is 0.00144555269431
----------------------------------------------------------
     Energy           Rydberg                 eV          
----------------------------------------------------------
 E_KohnSham     -35.4273875107       -482.0143353991      
 E_Harris       -35.4396842583       -482.1816412338      
 E_Fermi        -0.5260768878        -7.1576432607        
----------------------------------------------------------


 LCAO ALGORITHM --------------- ION=   1  ELEC=   5--------------------------------

 Density error is 0.000974304647666
----------------------------------------------------------
     Energy           Rydberg                 eV          
----------------------------------------------------------
 E_KohnSham     -35.4273844586       -482.0142938737      
 E_Harris       -35.4346296253       -482.1128694240      
 E_Fermi        -0.5266607434        -7.1655870226        
----------------------------------------------------------


 LCAO ALGORITHM --------------- ION=   1  ELEC=   6--------------------------------

 Density error is 0.000648180503243
----------------------------------------------------------
     Energy           Rydberg                 eV          
----------------------------------------------------------
 E_KohnSham     -35.4273819190       -482.0142593205      
 E_Harris       -35.4309028697       -482.0621643124      
 E_Fermi        -0.5270804906        -7.1712979774        
----------------------------------------------------------


 LCAO ALGORITHM --------------- ION=   1  ELEC=   7--------------------------------

 Density error is 0.000472252921013
----------------------------------------------------------
     Energy           Rydberg                 eV          
----------------------------------------------------------
 E_KohnSham     -35.4273801263       -482.0142349302      
 E_Harris       -35.4293866840       -482.0415355471      
 E_Fermi        -0.5272473921        -7.1735687881        
----------------------------------------------------------


 LCAO ALGORITHM --------------- ION=   1  ELEC=   8--------------------------------

 Density error is 0.00033706651871
----------------------------------------------------------
     Energy           Rydberg                 eV          
----------------------------------------------------------
 E_KohnSham     -35.4273786354       -482.0142146452      
 E_Harris       -35.4285063779       -482.0295583685      
 E_Fermi        -0.5273435426        -7.1748769824        
----------------------------------------------------------


 LCAO ALGORITHM --------------- ION=   1  ELEC=   9--------------------------------

 Density error is 0.000187597891944
----------------------------------------------------------
     Energy           Rydberg                 eV          
----------------------------------------------------------
 E_KohnSham     -35.4273782485       -482.0142093806      
 E_Harris       -35.4278290451       -482.0203427826      
 E_Fermi        -0.5274135797        -7.1758298870        
----------------------------------------------------------


 LCAO ALGORITHM --------------- ION=   1  ELEC=  10--------------------------------

 Density error is 0.000111464693061
----------------------------------------------------------
     Energy           Rydberg                 eV          
----------------------------------------------------------
 E_KohnSham     -35.4273781470       -482.0142079998      
 E_Harris       -35.4276085484       -482.0173427715      
 E_Fermi        -0.5274359449        -7.1761341808        
----------------------------------------------------------


 LCAO ALGORITHM --------------- ION=   1  ELEC=  11--------------------------------

 Density error is 7.79660663322e-05
----------------------------------------------------------
     Energy           Rydberg                 eV          
----------------------------------------------------------
 E_KohnSham     -35.4273780622       -482.0142068465      
 E_Harris       -35.4275135360       -482.0160500612      
 E_Fermi        -0.5274452752        -7.1762611262        
----------------------------------------------------------


 LCAO ALGORITHM --------------- ION=   1  ELEC=  12--------------------------------

 Density error is 4.02498069654e-05
----------------------------------------------------------
     Energy           Rydberg                 eV          
----------------------------------------------------------
 E_KohnSham     -35.4273780506       -482.0142066885      
 E_Harris       -35.4274309890       -482.0149269517      
 E_Fermi        -0.5274536697        -7.1763753391        
----------------------------------------------------------


 LCAO ALGORITHM --------------- ION=   1  ELEC=  13--------------------------------

 Density error is 1.58847045342e-05
----------------------------------------------------------
     Energy           Rydberg                 eV          
----------------------------------------------------------
 E_KohnSham     -35.4273780497       -482.0142066761      
 E_Harris       -35.4273991267       -482.0144934434      
 E_Fermi        -0.5274573512        -7.1764254282        
----------------------------------------------------------


 LCAO ALGORITHM --------------- ION=   1  ELEC=  14--------------------------------

 Density error is 1.42497077251e-05
----------------------------------------------------------
     Energy           Rydberg                 eV          
----------------------------------------------------------
 E_KohnSham     -35.4273780419       -482.0142065693      
 E_Harris       -35.4273946423       -482.0144324299      
 E_Fermi        -0.5274577633        -7.1764310347        
----------------------------------------------------------


 LCAO ALGORITHM --------------- ION=   1  ELEC=  15--------------------------------

 Density error is 4.47309404998e-06
----------------------------------------------------------
     Energy           Rydberg                 eV          
----------------------------------------------------------
 E_KohnSham     -35.4273780405       -482.0142065508      
 E_Harris       -35.4273791937       -482.0142222412      
 E_Fermi        -0.5274593584        -7.1764527379        
----------------------------------------------------------


 LCAO ALGORITHM --------------- ION=   1  ELEC=  16--------------------------------

 Density error is 1.743594125e-06
----------------------------------------------------------
     Energy           Rydberg                 eV          
----------------------------------------------------------
 E_KohnSham     -35.4273780396       -482.0142065393      
 E_Harris       -35.4273796119       -482.0142279311      
 E_Fermi        -0.5274593759        -7.1764529762        
----------------------------------------------------------


 LCAO ALGORITHM --------------- ION=   1  ELEC=  17--------------------------------

 Density error is 1.00268983136e-06
----------------------------------------------------------
     Energy           Rydberg                 eV          
----------------------------------------------------------
 E_KohnSham     -35.4273780397       -482.0142065404      
 E_Harris       -35.4273785062       -482.0142128869      
 E_Fermi        -0.5274594824        -7.1764544246        
----------------------------------------------------------


 LCAO ALGORITHM --------------- ION=   1  ELEC=  18--------------------------------

 Density error is 4.85511082518e-07
----------------------------------------------------------
     Energy           Rydberg                 eV          
----------------------------------------------------------
 E_KohnSham     -35.4273780397       -482.0142065403      
 E_Harris       -35.4273784249       -482.0142117803      
 E_Fermi        -0.5274595002        -7.1764546664        
----------------------------------------------------------


 LCAO ALGORITHM --------------- ION=   1  ELEC=  19--------------------------------

 Density error is 2.24966968841e-07
----------------------------------------------------------
     Energy           Rydberg                 eV          
----------------------------------------------------------
 E_KohnSham     -35.4273780397       -482.0142065404      
 E_Harris       -35.4273780843       -482.0142071471      
 E_Fermi        -0.5274595316        -7.1764550935        
----------------------------------------------------------


 LCAO ALGORITHM --------------- ION=   1  ELEC=  20--------------------------------

 Density error is 1.22406892243e-07
----------------------------------------------------------
     Energy           Rydberg                 eV          
----------------------------------------------------------
 E_KohnSham     -35.4273780397       -482.0142065405      
 E_Harris       -35.4273780700       -482.0142069528      
 E_Fermi        -0.5274595341        -7.1764551283        
----------------------------------------------------------


 LCAO ALGORITHM --------------- ION=   1  ELEC=  21--------------------------------

 Density error is 4.28231399974e-08
----------------------------------------------------------
     Energy           Rydberg                 eV          
----------------------------------------------------------
 E_KohnSham     -35.4273780397       -482.0142065406      
 E_KS(sigma->0) -35.4273780397       -482.0142065406      
 E_Harris       -35.4273780674       -482.0142069168      
 E_band         -8.0890327081        -110.0569361391      
 E_one_elec     -72.5889327246       -987.6230967938      
 E_Hartree      37.8207871962        514.5782087135       
 E_xc           -9.7584034848        -132.7698907766      
 E_Ewald        9.0991709735         123.8005723163       
 E_entropy(-TS) 0.0000000000         0.0000000000         
 E_descf        0.0000000000         0.0000000000         
 E_exx          0.0000000000         0.0000000000         
 E_Fermi        -0.5274595349        -7.1764551386        
----------------------------------------------------------


 LCAO ALGORITHM --------------- ION=   1  ELEC=   1--------------------------------

 Density error is 0.100569976906
----------------------------------------------------------
     Energy           Rydberg                 eV          
----------------------------------------------------------
 E_KohnSham     -34.9992416325       -476.1891118812      
 E_Harris       -36.1813543112       -492.2725799897      
 E_Fermi        -0.9417899982        -12.8137102951       
----------------------------------------------------------


 LCAO ALGORITHM --------------- ION=   1  ELEC=   2--------------------------------

 Density error is 0.0971311091151
----------------------------------------------------------
     Energy           Rydberg                 eV          
----------------------------------------------------------
 E_KohnSham     -35.1183602479       -477.8098037876      
 E_Harris       -37.2712509321       -507.1013842644      
 E_Fermi        -0.5283848474        -7.1890446610        
----------------------------------------------------------


 LCAO ALGORITHM --------------- ION=   1  ELEC=   3--------------------------------

 Density error is 0.0505110074436
----------------------------------------------------------
     Energy           Rydberg                 eV          
----------------------------------------------------------
 E_KohnSham     -35.1133195050       -477.7412209622      
 E_Harris       -36.2035650294       -492.5747723131      
 E_Fermi        -0.5768762234        -7.8488036796        
----------------------------------------------------------


 LCAO ALGORITHM --------------- ION=   1  ELEC=   4--------------------------------

 Density error is 0.0178516949712
----------------------------------------------------------
     Energy           Rydberg                 eV          
----------------------------------------------------------
 E_KohnSham     -35.1144581752       -477.7567133659      
 E_Harris       -35.4846781680       -482.7938147814      
 E_Fermi        -0.6118220515        -8.3242660624        
----------------------------------------------------------


 LCAO ALGORITHM --------------- ION=   1  ELEC=   5--------------------------------

 Density error is 0.00729032400714
----------------------------------------------------------
     Energy           Rydberg                 eV          
----------------------------------------------------------
 E_KohnSham     -35.1144373546       -477.7564300866      
 E_Harris       -35.2565891212       -479.6905040928      
 E_Fermi        -0.6230567656        -8.4771221901        
----------------------------------------------------------


 LCAO ALGORITHM --------------- ION=   1  ELEC=   6--------------------------------

 Density error is 0.000717584973181
----------------------------------------------------------
     Energy           Rydberg                 eV          
----------------------------------------------------------
 E_KohnSham     -35.1145357508       -477.7577688363      
 E_Harris       -35.1108190654       -477.7072007369      
 E_Fermi        -0.6304224150        -8.5773369912        
----------------------------------------------------------


 LCAO ALGORITHM --------------- ION=   1  ELEC=   7--------------------------------

 Density error is 0.000469770032129
----------------------------------------------------------
     Energy           Rydberg                 eV          
----------------------------------------------------------
 E_KohnSham     -35.1145363214       -477.7577765984      
 E_Harris       -35.1136305552       -477.7454530171      
 E_Fermi        -0.6302497509        -8.5749877757        
----------------------------------------------------------


 LCAO ALGORITHM --------------- ION=   1  ELEC=   8--------------------------------

 Density error is 0.000398907706867
----------------------------------------------------------
     Energy           Rydberg                 eV          
----------------------------------------------------------
 E_KohnSham     -35.1145368325       -477.7577835525      
 E_Harris       -35.1114396728       -477.7156445332      
 E_Fermi        -0.6303375607        -8.5761824892        
----------------------------------------------------------


 LCAO ALGORITHM --------------- ION=   1  ELEC=   9--------------------------------

 Density error is 0.000293845128187
----------------------------------------------------------
     Energy           Rydberg                 eV          
----------------------------------------------------------
 E_KohnSham     -35.1145375949       -477.7577939255      
 E_Harris       -35.1142875051       -477.7543912789      
 E_Fermi        -0.6301764073        -8.5739898841        
----------------------------------------------------------


 LCAO ALGORITHM --------------- ION=   1  ELEC=  10--------------------------------

 Density error is 0.00016084158814
----------------------------------------------------------
     Energy           Rydberg                 eV          
----------------------------------------------------------
 E_KohnSham     -35.1145380749       -477.7578004560      
 E_Harris       -35.1144000531       -477.7559225732      
 E_Fermi        -0.6301436334        -8.5735439725        
----------------------------------------------------------


 LCAO ALGORITHM --------------- ION=   1  ELEC=  11--------------------------------

 Density error is 8.14563374672e-05
----------------------------------------------------------
     Energy           Rydberg                 eV          
----------------------------------------------------------
 E_KohnSham     -35.1145381965       -477.7578021111      
 E_Harris       -35.1143342259       -477.7550269492      
 E_Fermi        -0.6301358559        -8.5734381550        
----------------------------------------------------------


 LCAO ALGORITHM --------------- ION=   1  ELEC=  12--------------------------------

 Density error is 5.71095401961e-05
----------------------------------------------------------
     Energy           Rydberg                 eV          
----------------------------------------------------------
 E_KohnSham     -35.1145383191       -477.7578037787      
 E_Harris       -35.1143619435       -477.7554040665      
 E_Fermi        -0.6301320607        -8.5733865174        
----------------------------------------------------------


 LCAO ALGORITHM --------------- ION=   1  ELEC=  13--------------------------------

 Density error is 2.8154195413e-05
----------------------------------------------------------
     Energy           Rydberg                 eV          
----------------------------------------------------------
 E_KohnSham     -35.1145383493       -477.7578041898      
 E_Harris       -35.1145696440       -477.7582299763      
 E_Fermi        -0.6301193227        -8.5732132082        
----------------------------------------------------------


 LCAO ALGORITHM --------------- ION=   1  ELEC=  14--------------------------------

 Density error is 1.15054856333e-05
----------------------------------------------------------
     Energy           Rydberg                 eV          
----------------------------------------------------------
 E_KohnSham     -35.1145383558       -477.7578042788      
 E_Harris       -35.1145261103       -477.7576376701      
 E_Fermi        -0.6301205394        -8.5732297629        
----------------------------------------------------------


 LCAO ALGORITHM --------------- ION=   1  ELEC=  15--------------------------------

 Density error is 6.80491861684e-06
----------------------------------------------------------
     Energy           Rydberg                 eV          
----------------------------------------------------------
 E_KohnSham     -35.1145383593       -477.7578043267      
 E_Harris       -35.1145091021       -477.7574062615      
 E_Fermi        -0.6301210478        -8.5732366796        
----------------------------------------------------------


 LCAO ALGORITHM --------------- ION=   1  ELEC=  16--------------------------------

 Density error is 2.95651854835e-06
----------------------------------------------------------
     Energy           Rydberg                 eV          
----------------------------------------------------------
 E_KohnSham     -35.1145383593       -477.7578043267      
 E_Harris       -35.1145367747       -477.7577827665      
 E_Fermi        -0.6301194892        -8.5732154733        
----------------------------------------------------------


 LCAO ALGORITHM --------------- ION=   1  ELEC=  17--------------------------------

 Density error is 1.29329048953e-06
----------------------------------------------------------
     Energy           Rydberg                 eV          
----------------------------------------------------------
 E_KohnSham     -35.1145383604       -477.7578043404      
 E_Harris       -35.1145411633       -477.7578424768      
 E_Fermi        -0.6301191763        -8.5732112173        
----------------------------------------------------------


 LCAO ALGORITHM --------------- ION=   1  ELEC=  18--------------------------------

 Density error is 5.67853709668e-07
----------------------------------------------------------
     Energy           Rydberg                 eV          
----------------------------------------------------------
 E_KohnSham     -35.1145383604       -477.7578043404      
 E_Harris       -35.1145384374       -477.7578053884      
 E_Fermi        -0.6301192890        -8.5732127495        
----------------------------------------------------------


 LCAO ALGORITHM --------------- ION=   1  ELEC=  19--------------------------------

 Density error is 3.6507213244e-07
----------------------------------------------------------
     Energy           Rydberg                 eV          
----------------------------------------------------------
 E_KohnSham     -35.1145383604       -477.7578043404      
 E_Harris       -35.1145379832       -477.7577992087      
 E_Fermi        -0.6301193036        -8.5732129489        
----------------------------------------------------------


 LCAO ALGORITHM --------------- ION=   1  ELEC=  20--------------------------------

 Density error is 1.79360264316e-07
----------------------------------------------------------
     Energy           Rydberg                 eV          
----------------------------------------------------------
 E_KohnSham     -35.1145383604       -477.7578043404      
 E_Harris       -35.1145379809       -477.7577991783      
 E_Fermi        -0.6301192999        -8.5732128986        
----------------------------------------------------------


 LCAO ALGORITHM --------------- ION=   1  ELEC=  21--------------------------------

 Density error is 8.66237172302e-08
----------------------------------------------------------
     Energy           Rydberg                 eV          
----------------------------------------------------------
 E_KohnSham     -35.1145383604       -477.7578043404      
 E_KS(sigma->0) -35.1145383604       -477.7578043404      
 E_Harris       -35.1145384205       -477.7578051587      
 E_band         -9.1062750748        -123.8972285720      
 E_one_elec     -72.6448622296       -988.3840567480      
 E_Hartree      37.8799713715        515.3834507299       
 E_xc           -7.7338420075        -105.2243187332      
 E_Ewald        9.0991709735         123.8005723163       
 E_entropy(-TS) 0.0000000000         0.0000000000         
 E_descf        0.0000000000         0.0000000000         
 E_exx          -1.7149764683        -23.3334519054       
 E_Fermi        -0.6301192751        -8.5732125609        
----------------------------------------------------------


 LCAO ALGORITHM --------------- ION=   1  ELEC=   1--------------------------------

 Density error is 0.000590491270962
----------------------------------------------------------
     Energy           Rydberg                 eV          
----------------------------------------------------------
 E_KohnSham     -35.1146285838       -477.7590318939      
 E_Harris       -35.1174155304       -477.7969502465      
 E_Fermi        -0.6309721216        -8.5848161331        
----------------------------------------------------------


 LCAO ALGORITHM --------------- ION=   1  ELEC=   2--------------------------------

 Density error is 0.000364001123726
----------------------------------------------------------
     Energy           Rydberg                 eV          
----------------------------------------------------------
 E_KohnSham     -35.1146284401       -477.7590299387      
 E_Harris       -35.1113757683       -477.7147750677      
 E_Fermi        -0.6307819480        -8.5822286887        
----------------------------------------------------------


 LCAO ALGORITHM --------------- ION=   1  ELEC=   3--------------------------------

 Density error is 8.8520715615e-05
----------------------------------------------------------
     Energy           Rydberg                 eV          
----------------------------------------------------------
 E_KohnSham     -35.1146282601       -477.7590274889      
 E_Harris       -35.1138124421       -477.7479277163      
 E_Fermi        -0.6305096048        -8.5785232686        
----------------------------------------------------------


 LCAO ALGORITHM --------------- ION=   1  ELEC=   4--------------------------------

 Density error is 6.54499110894e-05
----------------------------------------------------------
     Energy           Rydberg                 eV          
----------------------------------------------------------
 E_KohnSham     -35.1146279960       -477.7590238962      
 E_Harris       -35.1139813050       -477.7502252141      
 E_Fermi        -0.6304874433        -8.5782217458        
----------------------------------------------------------


 LCAO ALGORITHM --------------- ION=   1  ELEC=   5--------------------------------

 Density error is 4.85772074556e-05
----------------------------------------------------------
     Energy           Rydberg                 eV          
----------------------------------------------------------
 E_KohnSham     -35.1146277168       -477.7590200977      
 E_Harris       -35.1142427531       -477.7537823968      
 E_Fermi        -0.6304575434        -8.5778149377        
----------------------------------------------------------


 LCAO ALGORITHM --------------- ION=   1  ELEC=   6--------------------------------

 Density error is 3.15220691455e-05
----------------------------------------------------------
     Energy           Rydberg                 eV          
----------------------------------------------------------
 E_KohnSham     -35.1146276417       -477.7590190750      
 E_Harris       -35.1144638598       -477.7567907086      
 E_Fermi        -0.6304314925        -8.5774604966        
----------------------------------------------------------


 LCAO ALGORITHM --------------- ION=   1  ELEC=   7--------------------------------

 Density error is 2.10536892432e-05
----------------------------------------------------------
     Energy           Rydberg                 eV          
----------------------------------------------------------
 E_KohnSham     -35.1146276462       -477.7590191365      
 E_Harris       -35.1145354369       -477.7577645653      
 E_Fermi        -0.6304228065        -8.5773423173        
----------------------------------------------------------


 LCAO ALGORITHM --------------- ION=   1  ELEC=   8--------------------------------

 Density error is 1.45445330352e-05
----------------------------------------------------------
     Energy           Rydberg                 eV          
----------------------------------------------------------
 E_KohnSham     -35.1146276948       -477.7590197978      
 E_Harris       -35.1145912483       -477.7585239178      
 E_Fermi        -0.6304170411        -8.5772638757        
----------------------------------------------------------


 LCAO ALGORITHM --------------- ION=   1  ELEC=   9--------------------------------

 Density error is 8.70965552397e-06
----------------------------------------------------------
     Energy           Rydberg                 eV          
----------------------------------------------------------
 E_KohnSham     -35.1146277322       -477.7590203072      
 E_Harris       -35.1146094826       -477.7587720087      
 E_Fermi        -0.6304151014        -8.5772374849        
----------------------------------------------------------


 LCAO ALGORITHM --------------- ION=   1  ELEC=  10--------------------------------

 Density error is 4.51016615483e-06
----------------------------------------------------------
     Energy           Rydberg                 eV          
----------------------------------------------------------
 E_KohnSham     -35.1146277494       -477.7590205406      
 E_Harris       -35.1146197156       -477.7589112350      
 E_Fermi        -0.6304141206        -8.5772241405        
----------------------------------------------------------


 LCAO ALGORITHM --------------- ION=   1  ELEC=  11--------------------------------

 Density error is 2.83899208012e-06
----------------------------------------------------------
     Energy           Rydberg                 eV          
----------------------------------------------------------
 E_KohnSham     -35.1146277539       -477.7590206022      
 E_Harris       -35.1146232451       -477.7589592564      
 E_Fermi        -0.6304137803        -8.5772195103        
----------------------------------------------------------


 LCAO ALGORITHM --------------- ION=   1  ELEC=  12--------------------------------

 Density error is 1.33921202881e-06
----------------------------------------------------------
     Energy           Rydberg                 eV          
----------------------------------------------------------
 E_KohnSham     -35.1146277549       -477.7590206159      
 E_Harris       -35.1146259294       -477.7589957782      
 E_Fermi        -0.6304134830        -8.5772154643        
----------------------------------------------------------


 LCAO ALGORITHM --------------- ION=   1  ELEC=  13--------------------------------

 Density error is 9.72013966655e-07
----------------------------------------------------------
     Energy           Rydberg                 eV          
----------------------------------------------------------
 E_KohnSham     -35.1146277544       -477.7590206091      
 E_Harris       -35.1146265665       -477.7590044468      
 E_Fermi        -0.6304134154        -8.5772145457        
----------------------------------------------------------


 LCAO ALGORITHM --------------- ION=   1  ELEC=  14--------------------------------

 Density error is 4.86161265544e-07
----------------------------------------------------------
     Energy           Rydberg                 eV          
----------------------------------------------------------
 E_KohnSham     -35.1146277544       -477.7590206091      
 E_Harris       -35.1146271848       -477.7590128585      
 E_Fermi        -0.6304133401        -8.5772135205        
----------------------------------------------------------


 LCAO ALGORITHM --------------- ION=   1  ELEC=  15--------------------------------

 Density error is 2.33782016837e-07
----------------------------------------------------------
     Energy           Rydberg                 eV          
----------------------------------------------------------
 E_KohnSham     -35.1146277544       -477.7590206091      
 E_Harris       -35.1146275955       -477.7590184473      
 E_Fermi        -0.6304132990        -8.5772129616        
----------------------------------------------------------


 LCAO ALGORITHM --------------- ION=   1  ELEC=  16--------------------------------

 Density error is 1.16739925841e-07
----------------------------------------------------------
     Energy           Rydberg                 eV          
----------------------------------------------------------
 E_KohnSham     -35.1146277544       -477.7590206091      
 E_Harris       -35.1146276918       -477.7590197568      
 E_Fermi        -0.6304132869        -8.5772127963        
----------------------------------------------------------


 LCAO ALGORITHM --------------- ION=   1  ELEC=  17--------------------------------

 Density error is 4.58893957602e-08
----------------------------------------------------------
     Energy           Rydberg                 eV          
----------------------------------------------------------
 E_KohnSham     -35.1146277544       -477.7590206091      
 E_KS(sigma->0) -35.1146277544       -477.7590206091      
 E_Harris       -35.1146277262       -477.7590202250      
 E_band         -9.1061511696        -123.8955427558      
 E_one_elec     -72.6448827663       -988.3843361632      
 E_Hartree      37.8843516322        515.4430472334       
 E_xc           -7.7343143416        -105.2307451692      
 E_Ewald        9.0991709735         123.8005723163       
 E_entropy(-TS) 0.0000000000         0.0000000000         
 E_descf        0.0000000000         0.0000000000         
 E_exx          -1.7189532523        -23.3875588264       
 E_Fermi        -0.6304132817        -8.5772127260        
----------------------------------------------------------


 LCAO ALGORITHM --------------- ION=   1  ELEC=   1--------------------------------

 Density error is 4.67216267813e-05
----------------------------------------------------------
     Energy           Rydberg                 eV          
----------------------------------------------------------
 E_KohnSham     -35.1146281981       -477.7590266452      
 E_Harris       -35.1147825379       -477.7611265468      
 E_Fermi        -0.6304900257        -8.5782568821        
----------------------------------------------------------


 LCAO ALGORITHM --------------- ION=   1  ELEC=   2--------------------------------

 Density error is 2.8392225402e-05
----------------------------------------------------------
     Energy           Rydberg                 eV          
----------------------------------------------------------
 E_KohnSham     -35.1146282042       -477.7590267290      
 E_Harris       -35.1143835232       -477.7556976732      
 E_Fermi        -0.6304736680        -8.5780343243        
----------------------------------------------------------


 LCAO ALGORITHM --------------- ION=   1  ELEC=   3--------------------------------

 Density error is 6.83730030749e-06
----------------------------------------------------------
     Energy           Rydberg                 eV          
----------------------------------------------------------
 E_KohnSham     -35.1146281833       -477.7590264442      
 E_Harris       -35.1145638360       -477.7581509548      
 E_Fermi        -0.6304533724        -8.5777581873        
----------------------------------------------------------


 LCAO ALGORITHM --------------- ION=   1  ELEC=   4--------------------------------

 Density error is 5.08890725532e-06
----------------------------------------------------------
     Energy           Rydberg                 eV          
----------------------------------------------------------
 E_KohnSham     -35.1146281647       -477.7590261916      
 E_Harris       -35.1145767756       -477.7583270062      
 E_Fermi        -0.6304515594        -8.5777335204        
----------------------------------------------------------


 LCAO ALGORITHM --------------- ION=   1  ELEC=   5--------------------------------

 Density error is 3.68073692738e-06
----------------------------------------------------------
     Energy           Rydberg                 eV          
----------------------------------------------------------
 E_KohnSham     -35.1146281472       -477.7590259525      
 E_Harris       -35.1145985349       -477.7586230575      
 E_Fermi        -0.6304491231        -8.5777003737        
----------------------------------------------------------


 LCAO ALGORITHM --------------- ION=   1  ELEC=   6--------------------------------

 Density error is 2.37630467967e-06
----------------------------------------------------------
     Energy           Rydberg                 eV          
----------------------------------------------------------
 E_KohnSham     -35.1146281356       -477.7590257952      
 E_Harris       -35.1146152332       -477.7588502492      
 E_Fermi        -0.6304471581        -8.5776736382        
----------------------------------------------------------


 LCAO ALGORITHM --------------- ION=   1  ELEC=   7--------------------------------

 Density error is 1.53520951082e-06
----------------------------------------------------------
     Energy           Rydberg                 eV          
----------------------------------------------------------
 E_KohnSham     -35.1146281356       -477.7590257952      
 E_Harris       -35.1146221138       -477.7589438646      
 E_Fermi        -0.6304463429        -8.5776625472        
----------------------------------------------------------


 LCAO ALGORITHM --------------- ION=   1  ELEC=   8--------------------------------

 Density error is 1.16711017679e-06
----------------------------------------------------------
     Energy           Rydberg                 eV          
----------------------------------------------------------
 E_KohnSham     -35.1146281391       -477.7590258433      
 E_Harris       -35.1146241195       -477.7589711533      
 E_Fermi        -0.6304461183        -8.5776594907        
----------------------------------------------------------


 LCAO ALGORITHM --------------- ION=   1  ELEC=   9--------------------------------

 Density error is 6.93704336159e-07
----------------------------------------------------------
     Energy           Rydberg                 eV          
----------------------------------------------------------
 E_KohnSham     -35.1146281422       -477.7590258845      
 E_Harris       -35.1146265113       -477.7590036950      
 E_Fermi        -0.6304458754        -8.5776561855        
----------------------------------------------------------


 LCAO ALGORITHM --------------- ION=   1  ELEC=  10--------------------------------

 Density error is 4.92686030064e-07
----------------------------------------------------------
     Energy           Rydberg                 eV          
----------------------------------------------------------
 E_KohnSham     -35.1146281442       -477.7590259119      
 E_Harris       -35.1146267758       -477.7590072936      
 E_Fermi        -0.6304458530        -8.5776558818        
----------------------------------------------------------


 LCAO ALGORITHM --------------- ION=   1  ELEC=  11--------------------------------

 Density error is 3.02367127723e-07
----------------------------------------------------------
     Energy           Rydberg                 eV          
----------------------------------------------------------
 E_KohnSham     -35.1146281447       -477.7590259187      
 E_Harris       -35.1146275775       -477.7590182014      
 E_Fermi        -0.6304457750        -8.5776548202        
----------------------------------------------------------


 LCAO ALGORITHM --------------- ION=   1  ELEC=  12--------------------------------

 Density error is 2.05865660028e-07
----------------------------------------------------------
     Energy           Rydberg                 eV          
----------------------------------------------------------
 E_KohnSham     -35.1146281452       -477.7590259256      
 E_Harris       -35.1146278067       -477.7590213203      
 E_Fermi        -0.6304457508        -8.5776544912        
----------------------------------------------------------


 LCAO ALGORITHM --------------- ION=   1  ELEC=  13--------------------------------

 Density error is 1.55945132947e-07
----------------------------------------------------------
     Energy           Rydberg                 eV          
----------------------------------------------------------
 E_KohnSham     -35.1146281457       -477.7590259324      
 E_Harris       -35.1146279422       -477.7590231638      
 E_Fermi        -0.6304457397        -8.5776543398        
----------------------------------------------------------


 LCAO ALGORITHM --------------- ION=   1  ELEC=  14--------------------------------

 Density error is 7.63365310949e-08
----------------------------------------------------------
     Energy           Rydberg                 eV          
----------------------------------------------------------
 E_KohnSham     -35.1146281457       -477.7590259324      
 E_KS(sigma->0) -35.1146281457       -477.7590259324      
 E_Harris       -35.1146280432       -477.7590245380      
 E_band         -9.1061035174        -123.8948944148      
 E_one_elec     -72.6449002327       -988.3845738065      
 E_Hartree      37.8847038329        515.4478391698       
 E_xc           -7.7343620360        -105.2313940847      
 E_Ewald        9.0991709735         123.8005723163       
 E_entropy(-TS) 0.0000000000         0.0000000000         
 E_descf        0.0000000000         0.0000000000         
 E_exx          -1.7192406834        -23.3914695273       
 E_Fermi        -0.6304457292        -8.5776541972        
----------------------------------------------------------


 LCAO ALGORITHM --------------- ION=   1  ELEC=   1--------------------------------

 Density error is 5.19115139304e-06
----------------------------------------------------------
     Energy           Rydberg                 eV          
----------------------------------------------------------
 E_KohnSham     -35.1146281505       -477.7590259974      
 E_Harris       -35.1146432609       -477.7592315850      
 E_Fermi        -0.6304539132        -8.5777655462        
----------------------------------------------------------


 LCAO ALGORITHM --------------- ION=   1  ELEC=   2--------------------------------

 Density error is 3.10970964613e-06
----------------------------------------------------------
     Energy           Rydberg                 eV          
----------------------------------------------------------
 E_KohnSham     -35.1146281504       -477.7590259972      
 E_Harris       -35.1146072583       -477.7587417455      
 E_Fermi        -0.6304526018        -8.5777477036        
----------------------------------------------------------


 LCAO ALGORITHM --------------- ION=   1  ELEC=   3--------------------------------

 Density error is 6.33903809853e-07
----------------------------------------------------------
     Energy           Rydberg                 eV          
----------------------------------------------------------
 E_KohnSham     -35.1146281489       -477.7590259766      
 E_Harris       -35.1146224189       -477.7589480154      
 E_Fermi        -0.6304508125        -8.5777233588        
----------------------------------------------------------


 LCAO ALGORITHM --------------- ION=   1  ELEC=   4--------------------------------

 Density error is 4.03294990918e-07
----------------------------------------------------------
     Energy           Rydberg                 eV          
----------------------------------------------------------
 E_KohnSham     -35.1146281484       -477.7590259698      
 E_Harris       -35.1146245731       -477.7589773253      
 E_Fermi        -0.6304505625        -8.5777199579        
----------------------------------------------------------


 LCAO ALGORITHM --------------- ION=   1  ELEC=   5--------------------------------

 Density error is 3.15077323089e-07
----------------------------------------------------------
     Energy           Rydberg                 eV          
----------------------------------------------------------
 E_KohnSham     -35.1146281454       -477.7590259287      
 E_Harris       -35.1146257573       -477.7589934371      
 E_Fermi        -0.6304504335        -8.5777182015        
----------------------------------------------------------


 LCAO ALGORITHM --------------- ION=   1  ELEC=   6--------------------------------

 Density error is 2.0102631055e-07
----------------------------------------------------------
     Energy           Rydberg                 eV          
----------------------------------------------------------
 E_KohnSham     -35.1146281459       -477.7590259355      
 E_Harris       -35.1146269433       -477.7590095736      
 E_Fermi        -0.6304502831        -8.5777161554        
----------------------------------------------------------


 LCAO ALGORITHM --------------- ION=   1  ELEC=   7--------------------------------

 Density error is 1.49131973397e-07
----------------------------------------------------------
     Energy           Rydberg                 eV          
----------------------------------------------------------
 E_KohnSham     -35.1146281449       -477.7590259218      
 E_Harris       -35.1146276344       -477.7590189759      
 E_Fermi        -0.6304502171        -8.5777152579        
----------------------------------------------------------


 LCAO ALGORITHM --------------- ION=   1  ELEC=   8--------------------------------

 Density error is 1.14336763813e-07
----------------------------------------------------------
     Energy           Rydberg                 eV          
----------------------------------------------------------
 E_KohnSham     -35.1146281449       -477.7590259218      
 E_Harris       -35.1146277071       -477.7590199653      
 E_Fermi        -0.6304501982        -8.5777150006        
----------------------------------------------------------


 LCAO ALGORITHM --------------- ION=   1  ELEC=   9--------------------------------

 Density error is 9.70568713626e-08
----------------------------------------------------------
     Energy           Rydberg                 eV          
----------------------------------------------------------
 E_KohnSham     -35.1146281464       -477.7590259423      
 E_KS(sigma->0) -35.1146281464       -477.7590259423      
 E_Harris       -35.1146278404       -477.7590217793      
 E_band         -9.1060989288        -123.8948319829      
 E_one_elec     -72.6449015098       -988.3845911821      
 E_Hartree      37.8847341913        515.4482522171       
 E_xc           -7.7343671698        -105.2314639334      
 E_Ewald        9.0991709735         123.8005723163       
 E_entropy(-TS) 0.0000000000         0.0000000000         
 E_descf        0.0000000000         0.0000000000         
 E_exx          -1.7192646316        -23.3917953602       
 E_Fermi        -0.6304501850        -8.5777148205        
----------------------------------------------------------


 LCAO ALGORITHM --------------- ION=   1  ELEC=   1--------------------------------

 Density error is 7.45338787522e-07
----------------------------------------------------------
     Energy           Rydberg                 eV          
----------------------------------------------------------
 E_KohnSham     -35.1146281465       -477.7590259432      
 E_Harris       -35.1146304632       -477.7590574645      
 E_Fermi        -0.6304511607        -8.5777280969        
----------------------------------------------------------


 LCAO ALGORITHM --------------- ION=   1  ELEC=   2--------------------------------

 Density error is 4.48254156015e-07
----------------------------------------------------------
     Energy           Rydberg                 eV          
----------------------------------------------------------
 E_KohnSham     -35.1146281465       -477.7590259432      
 E_Harris       -35.1146261009       -477.7589981123      
 E_Fermi        -0.6304510701        -8.5777268637        
----------------------------------------------------------


 LCAO ALGORITHM --------------- ION=   1  ELEC=   3--------------------------------

 Density error is 7.86953294334e-08
----------------------------------------------------------
     Energy           Rydberg                 eV          
----------------------------------------------------------
 E_KohnSham     -35.1146281465       -477.7590259433      
 E_KS(sigma->0) -35.1146281465       -477.7590259433      
 E_Harris       -35.1146275439       -477.7590177447      
 E_band         -9.1060988142        -123.8948304238      
 E_one_elec     -72.6449015203       -988.3845913244      
 E_Hartree      37.8847371012        515.4482918084       
 E_xc           -7.7343677870        -105.2314723303      
 E_Ewald        9.0991709735         123.8005723163       
 E_entropy(-TS) 0.0000000000         0.0000000000         
 E_descf        0.0000000000         0.0000000000         
 E_exx          -1.7192669140        -23.3918264132       
 E_Fermi        -0.6304508839        -8.5777243304        
----------------------------------------------------------


 LCAO ALGORITHM --------------- ION=   1  ELEC=   1--------------------------------

 Density error is 1.15340637108e-07
----------------------------------------------------------
     Energy           Rydberg                 eV          
----------------------------------------------------------
 E_KohnSham     -35.1146281465       -477.7590259432      
 E_Harris       -35.1146287812       -477.7590345789      
 E_Fermi        -0.6304509450        -8.5777251612        
----------------------------------------------------------


 LCAO ALGORITHM --------------- ION=   1  ELEC=   2--------------------------------

 Density error is 7.02161297463e-08
----------------------------------------------------------
     Energy           Rydberg                 eV          
----------------------------------------------------------
 E_KohnSham     -35.1146281465       -477.7590259432      
 E_KS(sigma->0) -35.1146281465       -477.7590259432      
 E_Harris       -35.1146279513       -477.7590232877      
 E_band         -9.1060984697        -123.8948257376      
 E_one_elec     -72.6449014030       -988.3845897292      
 E_Hartree      37.8847373078        515.4482946199       
 E_xc           -7.7343678574        -105.2314732886      
 E_Ewald        9.0991709735         123.8005723163       
 E_entropy(-TS) 0.0000000000         0.0000000000         
 E_descf        0.0000000000         0.0000000000         
 E_exx          -1.7192671675        -23.3918298616       
 E_Fermi        -0.6304509514        -8.5777252479        
----------------------------------------------------------


 LCAO ALGORITHM --------------- ION=   1  ELEC=   1--------------------------------

 Density error is 1.22568761625e-08
----------------------------------------------------------
     Energy           Rydberg                 eV          
----------------------------------------------------------
 E_KohnSham     -35.1146281465       -477.7590259433      
 E_KS(sigma->0) -35.1146281465       -477.7590259433      
 E_Harris       -35.1146282502       -477.7590273548      
 E_band         -9.1060982589        -123.8948228692      
 E_one_elec     -72.6449013275       -988.3845887018      
 E_Hartree      37.8847372565        515.4482939210       
 E_xc           -7.7343678533        -105.2314732330      
 E_Ewald        9.0991709735         123.8005723163       
 E_entropy(-TS) 0.0000000000         0.0000000000         
 E_descf        0.0000000000         0.0000000000         
 E_exx          -1.7192671957        -23.3918302458       
 E_Fermi        -0.6304509419        -8.5777251198        
----------------------------------------------------------


 charge density convergence is achieved
 final etot is -477.75902594 eV
 EFERMI = -8.5777251198 eV

 STATE ENERGY(eV) AND OCCUPATIONS    NSPIN == 1
 1/1 kpoint (Cartesian) = 0.0000 0.0000 0.0000 (911913 pws)
       1       -28.0353        2.00000
       2       -14.6091        2.00000
       3       -10.7253        2.00000
       4       -8.57773        2.00000
       5     -0.0112451        0.00000
       6        1.76428        0.00000
       7        3.07173        0.00000
       8        3.28547        0.00000
       9        5.79955        0.00000
      10        6.26038        0.00000
      11        7.59562        0.00000
      12        10.1012        0.00000
      13        10.3683        0.00000
      14        13.2044        0.00000



 --------------------------------------------
 !FINAL_ETOT_IS -477.7590259432511 eV
 --------------------------------------------


TIME STATISTICS
--------------------------------------------------------------------------------------
     CLASS_NAME                     NAME                TIME/s  CALLS   AVG/s  PER/%  
--------------------------------------------------------------------------------------
                     total                              448.99 11       40.82  100.00 
 Driver              reading                            0.03   1        0.03   0.01   
 Input_Conv          Convert                            0.00   1        0.00   0.00   
 Driver              driver_line                        448.96 1        448.96 99.99  
 UnitCell            check_tau                          0.00   1        0.00   0.00   
 ESolver_KS_LCAO     before_all_runners                 65.32  1        65.32  14.55  
 PW_Basis_Sup        setuptransform                     0.09   1        0.09   0.02   
 PW_Basis_Sup        distributeg                        0.08   1        0.08   0.02   
 mymath              heapsort                           1.43   3        0.48   0.32   
 Charge_Mixing       init_mixing                        0.00   1        0.00   0.00   
 PW_Basis_K          setuptransform                     0.08   1        0.08   0.02   
 PW_Basis_K          distributeg                        0.06   1        0.06   0.01   
 PW_Basis            setup_struc_factor                 0.23   1        0.23   0.05   
 NOrbital_Lm         extra_uniform                      3.42   14339    0.00   0.76   
 Mathzone_Add1       SplineD2                           0.25   14339    0.00   0.06   
 Mathzone_Add1       Cubic_Spline_Interpolation         0.61   14339    0.00   0.13   
 Exx_LRI             init                               61.91  1        61.91  13.79  
 Matrix_Orbs21       init                               2.35   2        1.17   0.52   
 ORB_gaunt_table     init_Gaunt_CH                      0.15   3        0.05   0.03   
 ORB_gaunt_table     Calc_Gaunt_CH                      0.07   82305    0.00   0.02   
 ORB_gaunt_table     init_Gaunt                         1.42   3        0.47   0.32   
 ORB_gaunt_table     Get_Gaunt_SH                       27.57  3635313  0.00   6.14   
 Matrix_Orbs21       init_radial                        0.00   2        0.00   0.00   
 Matrix_Orbs21       init_radial_table                  27.45  2        13.73  6.11   
 Center2_Orb         cal_ST_Phi12_R                     44.75  25523    0.00   9.97   
 LRI_CV              set_orbitals                       50.57  1        50.57  11.26  
 Matrix_Orbs11       init                               2.45   1        2.45   0.55   
 Matrix_Orbs11       init_radial                        0.00   1        0.00   0.00   
 Matrix_Orbs11       init_radial_table                  26.78  1        26.78  5.96   
 ppcell_vl           init_vloc                          0.01   1        0.01   0.00   
 Ions                opt_ions                           383.07 1        383.07 85.32  
 ESolver_KS_LCAO     runner                             383.07 1        383.07 85.32  
 ESolver_KS_LCAO     before_scf                         3.96   1        3.96   0.88   
 atom_arrange        search                             0.00   1        0.00   0.00   
 atom_arrange        grid_d.init                        0.00   1        0.00   0.00   
 Grid                Construct_Adjacent_expand          0.00   1        0.00   0.00   
 Grid                Construct_Adjacent_expand_periodic 0.00   3        0.00   0.00   
 Grid_Technique      init                               0.10   1        0.10   0.02   
 Grid_BigCell        grid_expansion_index               0.04   2        0.02   0.01   
 Grid_Driver         Find_atom                          0.00   18       0.00   0.00   
 Record_adj          for_2d                             0.00   1        0.00   0.00   
 LCAO_domain         grid_prepare                       0.00   1        0.00   0.00   
 Veff                initialize_HR                      0.00   1        0.00   0.00   
 OverlapNew          initialize_SR                      0.00   1        0.00   0.00   
 EkineticNew         initialize_HR                      0.00   1        0.00   0.00   
 NonlocalNew         initialize_HR                      0.00   1        0.00   0.00   
 Exx_LRI             cal_exx_ions                       0.22   1        0.22   0.05   
 LRI_CV              cal_datas                          0.16   2        0.08   0.04   
 Charge              set_rho_core                       0.28   1        0.28   0.06   
 PW_Basis_Sup        recip2real                         20.83  529      0.04   4.64   
 PW_Basis_Sup        gathers_scatterp                   4.06   529      0.01   0.90   
 ModuleIO            read_rhog                          0.98   1        0.98   0.22   
 Potential           init_pot                           1.92   1        1.92   0.43   
 Potential           update_from_charge                 289.09 89       3.25   64.39  
 Potential           cal_fixed_v                        0.20   1        0.20   0.04   
 PotLocal            cal_fixed_v                        0.19   1        0.19   0.04   
 Potential           cal_v_eff                          286.60 89       3.22   63.83  
 H_Hartree_pw        v_hartree                          28.18  89       0.32   6.28   
 PW_Basis_Sup        real2recip                         17.48  556      0.03   3.89   
 PW_Basis_Sup        gatherp_scatters                   2.23   556      0.00   0.50   
 PotXC               cal_v_eff                          252.00 89       2.83   56.13  
 XC_Functional       v_xc                               182.98 56       3.27   40.75  
 Potential           interpolate_vrs                    2.29   89       0.03   0.51   
 H_Ewald_pw          compute_ewald                      0.30   1        0.30   0.07   
 HSolverLCAO         solve                              18.42  88       0.21   4.10   
 HamiltLCAO          updateHk                           3.48   88       0.04   0.78   
 OperatorLCAO        init                               3.47   352      0.01   0.77   
 Veff                contributeHR                       3.46   88       0.04   0.77   
 Gint_interface      cal_gint                           10.29  176      0.06   2.29   
 Gint_interface      cal_gint_vlocal                    3.45   88       0.04   0.77   
 Gint_Tools          cal_psir_ylm                       4.53   152033   0.00   1.01   
 Gint_k              transfer_pvpR                      0.00   88       0.00   0.00   
 OverlapNew          calculate_SR                       0.00   1        0.00   0.00   
 OverlapNew          contributeHk                       0.00   88       0.00   0.00   
 EkineticNew         contributeHR                       0.00   88       0.00   0.00   
 EkineticNew         calculate_HR                       0.00   1        0.00   0.00   
 NonlocalNew         contributeHR                       0.01   88       0.00   0.00   
 NonlocalNew         calculate_HR                       0.00   1        0.00   0.00   
 OperatorLCAO        contributeHk                       0.00   88       0.00   0.00   
 HSolverLCAO         hamiltSolvePsiK                    0.25   88       0.00   0.06   
 DiagoElpa           elpa_solve                         0.22   88       0.00   0.05   
 elecstate           cal_dm                             0.00   88       0.00   0.00   
 psiMulPsiMpi        pdgemm                             0.00   88       0.00   0.00   
 DensityMatrix       cal_DMR                            0.00   88       0.00   0.00   
 ElecStateLCAO       psiToRho                           14.69  88       0.17   3.27   
 Gint                transfer_DMR                       0.01   88       0.00   0.00   
 Gint_interface      cal_gint_rho                       6.83   88       0.08   1.52   
 Charge_Mixing       get_drho                           0.32   88       0.00   0.07   
 Charge              mix_rho                            38.40  80       0.48   8.55   
 Charge              Pulay_mixing                       2.21   80       0.03   0.49   
 ModuleIO            write_rhog                         8.55   8        1.07   1.90   
 RI_2D_Comm          split_m2D_ktoR                     0.00   7        0.00   0.00   
 Exx_LRI             cal_exx_elec                       0.70   7        0.10   0.16   
 RI_2D_Comm          add_HexxR                          0.00   67       0.00   0.00   
 XC_Functional_Libxc v_xc_libxc                         218.44 67       3.26   48.65  
 ESolver_KS_LCAO     after_scf                          4.56   1        4.56   1.01   
 Charge              atomic_rho                         0.27   1        0.27   0.06   
 ModuleIO            save_sparse                        0.01   1        0.01   0.00   
 ESolver_KS_LCAO     after_all_runners                  0.00   1        0.00   0.00   
 ModuleIO            write_istate_info                  0.00   1        0.00   0.00   
--------------------------------------------------------------------------------------


 NAME-------------------------|MEMORY(MB)--------
                         total          6186.
                    ORB::Jl(x)          5063.
                  SF::strucFac          222.5
                      Chg::rho          109.5
                 Chg::rho_save          109.5
                 Chg::rho_core          109.5
                 Pot::veff_fix          109.5
                     Pot::veff          109.5
              Pot::veff_smooth          109.5
                     Chg::rhog          55.63
                Chg::rhog_save          55.63
                Chg::rhog_core          55.63
                  PW_B_K::gcar          20.87
                   PW_B_K::gk2          6.957
               GT::ind_bigcell          6.927
         GT::in_this_processor          6.927
              GT::index2normal          6.927
               GT::index2ucell          6.927
       TwoCenterTable: Kinetic          3.071
       TwoCenterTable: Overlap          3.071
                 GT::start_ind          2.027
            GT::how_many_atoms          2.027
               GT::bcell_start          2.027
            GT::how many atoms          2.027
      TwoCenterTable: Nonlocal          1.857
      GT::bigcell_on_processor          1.732
 -------------   < 1.0 MB has been ignored ----------------
 ----------------------------------------------------------

 Start  Time  : Wed Sep  2 21:40:39 2026
 Finish Time  : Wed Sep  2 21:48:08 2026
 Total  Time  : 0 h 7 mins 29 secs 
