                                                                                     
                              ABACUS v3.10.0

               Atomic-orbital Based Ab-initio Computation at UStc                    

                     Website: http://abacus.ustc.edu.cn/                             
               Documentation: https://abacus.deepmodeling.com/                       
                  Repository: https://github.com/abacusmodeling/abacus-develop       
                              https://github.com/deepmodeling/abacus-develop         
                      Commit: e84abb4 (Sat Jun 28 13:06:46 2025 +0800)

    Start Time is Wed Sep  2 22:23:15 2026
                                                                                     
 ------------------------------------------------------------------------------------

 READING GENERAL INFORMATION
                           global_out_dir = OUT.MOLAPT_HSE/
                           global_in_card = INPUT
                               pseudo_dir = ./
                              orbital_dir = ./
                                    DRANK = 1
                                    DSIZE = 1
                                   DCOLOR = 1
                                    GRANK = 1
                                    GSIZE = 1




 >>>>>>>>>>>>>>>>>>>>>>>>>>>>>>>>>>>>>>>>>>>>>>>>>>>>>>>>>>>>>>>>>>>>>>
 |                                                                    |
 | Reading atom information in unitcell:                              |
 | From the input file and the structure file we know the number of   |
 | different elments in this unitcell, then we list the detail        |
 | information for each element, especially the zeta and polar atomic |
 | orbital number for each element. The total atom number is counted. |
 | We calculate the nearest atom distance for each atom and show the  |
 | Cartesian and Direct coordinates for each atom. We list the file   |
 | address for atomic orbitals. The volume and the lattice vectors    |
 | in real and reciprocal space is also shown.                        |
 |                                                                    |
 <<<<<<<<<<<<<<<<<<<<<<<<<<<<<<<<<<<<<<<<<<<<<<<<<<<<<<<<<<<<<<<<<<<<<<




 READING UNITCELL INFORMATION
                                    ntype = 2
                  lattice constant (Bohr) = 1.88973
              lattice constant (Angstrom) = 1

 READING ATOM TYPE 1
                               atom label = C
                      L=0, number of zeta = 3
                      L=1, number of zeta = 3
                      L=2, number of zeta = 2
             number of atom for this type = 1

 READING ATOM TYPE 2
                               atom label = H
                      L=0, number of zeta = 3
                      L=1, number of zeta = 2
             number of atom for this type = 4

                        TOTAL ATOM NUMBER = 5
DIRECT COORDINATES
    atom                   x                   y                   z     mag                  vx                  vy                  vz
taud_C1            0.5000000000        0.5000000000        0.5000000000  0.0000        0.0000000000        0.0000000000        0.0000000000
taud_H1            0.5313789500        0.5313789500        0.5313789500  0.0000        0.0000000000        0.0000000000        0.0000000000
taud_H2            0.4686210500        0.4686210500        0.5313789500  0.0000        0.0000000000        0.0000000000        0.0000000000
taud_H3            0.4686210500        0.5313789500        0.4686210500  0.0000        0.0000000000        0.0000000000        0.0000000000
taud_H4            0.5308789500        0.4686210500        0.4686210500  0.0000        0.0000000000        0.0000000000        0.0000000000



                          Volume (Bohr^3) = 53986.7
                             Volume (A^3) = 7999.99

 Lattice vectors: (Cartesian coordinate: in unit of a_0)
                  +20                  +0                  +0
                   +0                 +20                  +0
                   +0                  +0                 +20
 Reciprocal vectors: (Cartesian coordinate: in unit of 2 pi/a_0)
                +0.05                  -0                  +0
                   -0               +0.05                  -0
                   +0                  -0               +0.05
 The esolver type has been set to : ksdft_lcao

 RUNNING WITH DEVICE  : CPU / Intel(R) Xeon(R) Gold 6248 CPU @ 2.50GHz




 >>>>>>>>>>>>>>>>>>>>>>>>>>>>>>>>>>>>>>>>>>>>>>>>>>>>>>>>>>>>>>>>>>>>>>
 |                                                                    |
 | Reading pseudopotentials files:                                    |
 | The pseudopotential file is in UPF format. The 'NC' indicates that |
 | the type of pseudopotential is 'norm conserving'. Functional of    |
 | exchange and correlation is decided by 4 given parameters in UPF   |
 | file.  We also read in the 'core correction' if there exists.      |
 | Also we can read the valence electrons number and the maximal      |
 | angular momentum used in this pseudopotential. We also read in the |
 | trail wave function, trail atomic density and local-pseudopotential|
 | on logrithmic grid. The non-local pseudopotential projector is also|
 | read in if there is any.                                           |
 |                                                                    |
 <<<<<<<<<<<<<<<<<<<<<<<<<<<<<<<<<<<<<<<<<<<<<<<<<<<<<<<<<<<<<<<<<<<<<<




                PAO radial cut off (Bohr) = 15

 Read in pseudopotential file is C.upf
                     pseudopotential type = NC
          exchange-correlation functional = PBE
                 nonlocal core correction = 1
                        valence electrons = 4
                                     lmax = 1
                           number of zeta = 2
                     number of projectors = 4
                           L of projector = 0
                           L of projector = 0
                           L of projector = 1
                           L of projector = 1
 XC functional updated to : hse
          exchange-correlation functional = HSE
                PAO radial cut off (Bohr) = 15

 Read in pseudopotential file is H.upf
                     pseudopotential type = NC
          exchange-correlation functional = PBE
                 nonlocal core correction = 0
                        valence electrons = 1
                                     lmax = 1
                           number of zeta = 1
                     number of projectors = 3
                           L of projector = 0
                           L of projector = 0
                           L of projector = 1
 XC functional updated to : hse
          exchange-correlation functional = HSE
     initial pseudo atomic orbital number = 8

 SETUP THE ELECTRONS NUMBER
             electron number of element C = 4
       total electron number of element C = 4
             electron number of element H = 1
       total electron number of element H = 4
            AUTOSET number of electrons:  = 8
                           occupied bands = 4
                                   NLOCAL = 58
                                   NBANDS = 14
                                   NBANDS = 14
                                   NLOCAL = 58




 >>>>>>>>>>>>>>>>>>>>>>>>>>>>>>>>>>>>>>>>>>>>>>>>>>>>>>>>>>>>>>>>>>>>>>
 |                                                                    |
 | Setup plane waves of charge/potential:                             |
 | Use the energy cutoff and the lattice vectors to generate the      |
 | dimensions of FFT grid. The number of FFT grid on each processor   |
 | is 'nrxx'. The number of plane wave basis in reciprocal space is   |
 | different for charege/potential and wave functions. We also set    |
 | the 'sticks' for the parallel of FFT. The number of plane waves    |
 | is 'npw' in each processor.                                        |
 <<<<<<<<<<<<<<<<<<<<<<<<<<<<<<<<<<<<<<<<<<<<<<<<<<<<<<<<<<<<<<<<<<<<<<





 SETUP THE PLANE WAVE BASIS
 energy cutoff for charge/potential (unit:Ry) = 400
            fft grid for charge/potential = [ 243, 243, 243 ]
                        fft grid division = [ 3, 3, 3 ]
        big fft grid for charge/potential = [ 81, 81, 81 ]
                                     nbxx = 531441
                                     nrxx = 14348907

 SETUP PLANE WAVES FOR CHARGE/POTENTIAL
                    number of plane waves = 7292125
                         number of sticks = 45461

 PARALLEL PW FOR CHARGE/POTENTIAL
     PROC   COLUMNS(POT)             PW
        1          45461        7292125
 --------------- sum -------------------
        1          45461        7292125
                            number of |g| = 12063
                                  max |g| = 36.18
                                  min |g| = 0
 DONE : SETUP UNITCELL Time : 2.41022 (SEC)


----------- Double Check Mixing Parameters Begin ------------
mixing_type: pulay
mixing_beta: 0.4
mixing_gg0: 1
mixing_gg0_min: 0.1
mixing_ndim: 20
----------- Double Check Mixing Parameters End ------------




 >>>>>>>>>>>>>>>>>>>>>>>>>>>>>>>>>>>>>>>>>>>>>>>>>>>>>>>>>>>>>>>>>>>>>>
 |                                                                    |
 | Setup K-points                                                     |
 | We setup the k-points according to input parameters.               |
 | The reduced k-points are set according to symmetry operations.     |
 | We treat the spin as another set of k-points.                      |
 |                                                                    |
 <<<<<<<<<<<<<<<<<<<<<<<<<<<<<<<<<<<<<<<<<<<<<<<<<<<<<<<<<<<<<<<<<<<<<<





 SETUP K-POINTS
                                    nspin = 1
                   Input type of k points = Monkhorst-Pack(Gamma)
                                   nkstot = 1
                               nkstot_ibz = 1
K-POINTS REDUCTION ACCORDING TO SYMMETRY
     IBZ    DIRECT_X    DIRECT_Y    DIRECT_Z  WEIGHT  ibz2bz
       1  0.00000000  0.00000000  0.00000000  1.0000       0

                               nkstot now = 1
K-POINTS DIRECT COORDINATES
 KPOINTS    DIRECT_X    DIRECT_Y    DIRECT_Z  WEIGHT
       1  0.00000000  0.00000000  0.00000000  1.0000


           k-point number in this process = 1
       minimum distributed K point number = 1

K-POINTS CARTESIAN COORDINATES
 KPOINTS CARTESIAN_X CARTESIAN_Y CARTESIAN_Z  WEIGHT
       1  0.00000000  0.00000000  0.00000000  2.0000


K-POINTS DIRECT COORDINATES
 KPOINTS    DIRECT_X    DIRECT_Y    DIRECT_Z  WEIGHT
       1  0.00000000  0.00000000  0.00000000  2.0000

 DONE : INIT K-POINTS Time : 2.41252 (SEC)


 Warning_Memory_Consuming allocated:  PW_B_K::gk2 6.95734 MB

 Warning_Memory_Consuming allocated:  PW_B_K::gcar 20.872 MB




 >>>>>>>>>>>>>>>>>>>>>>>>>>>>>>>>>>>>>>>>>>>>>>>>>>>>>>>>>>>>>>>>>>>>>>
 |                                                                    |
 | Setup plane waves of wave functions:                               |
 | Use the energy cutoff and the lattice vectors to generate the      |
 | dimensions of FFT grid. The number of FFT grid on each processor   |
 | is 'nrxx'. The number of plane wave basis in reciprocal space is   |
 | different for charege/potential and wave functions. We also set    |
 | the 'sticks' for the parallel of FFT. The number of plane wave of  |
 | each k-point is 'npwk[ik]' in each processor                       |
 <<<<<<<<<<<<<<<<<<<<<<<<<<<<<<<<<<<<<<<<<<<<<<<<<<<<<<<<<<<<<<<<<<<<<<





 SETUP PLANE WAVES FOR WAVE FUNCTIONS
     energy cutoff for wavefunc (unit:Ry) = 100
              fft grid for wave functions = [ 243, 243, 243 ]
                    number of plane waves = 911913
                         number of sticks = 11369

 PARALLEL PW FOR WAVE FUNCTIONS
     PROC   COLUMNS(POT)             PW
        1          11369         911913
 --------------- sum -------------------
        1          11369         911913
 DONE : INIT PLANEWAVE Time : 2.56962 (SEC)


 Warning_Memory_Consuming allocated:  SF::strucFac 222.538 MB
 SET NONLOCAL PSEUDOPOTENTIAL PROJECTORS
 SET NONLOCAL PSEUDOPOTENTIAL PROJECTORS
 max number of nonlocal projetors among all species is 4

 Warning_Memory_Consuming allocated:  ORB::Jl(x) 921.868 MB
 Auxiliary basis functions
		C		8 s		7 p		6 d		4 f		3 g		
		H		6 s		4 p		3 d		

 Warning_Memory_Consuming allocated:  ORB::Jl(x) 5063.37 MB
 DONE : LOCAL POTENTIAL Time : 61.594 (SEC)


 Warning_Memory_Consuming allocated:  Chg::rho 109.473 MB

 Warning_Memory_Consuming allocated:  Chg::rho_save 109.473 MB

 Warning_Memory_Consuming allocated:  Chg::rhog 55.6345 MB

 Warning_Memory_Consuming allocated:  Chg::rhog_save 55.6345 MB

 Warning_Memory_Consuming allocated:  Chg::rho_core 109.473 MB

 Warning_Memory_Consuming allocated:  Chg::rhog_core 55.6345 MB

 Warning_Memory_Consuming allocated:  Pot::veff_fix 109.473 MB

 Warning_Memory_Consuming allocated:  Pot::veff 109.473 MB

 Warning_Memory_Consuming allocated:  Pot::veff_smooth 109.473 MB

 -------------------------------------------
 SELF-CONSISTENT
 -------------------------------------------




 >>>>>>>>>>>>>>>>>>>>>>>>>>>>>>>>>>>>>>>>>>>>>>>>>>>>>>>>>>>>>>>>>>>>>>
 |                                                                    |
 | Search adjacent atoms:                                             |
 | Set the adjacent atoms for each atom and set the periodic boundary |
 | condition for the atoms on real space FFT grid. For k-dependent    |
 | algorithm, we also need to set the sparse H and S matrix element   |
 | for each atom.                                                     |
 |                                                                    |
 <<<<<<<<<<<<<<<<<<<<<<<<<<<<<<<<<<<<<<<<<<<<<<<<<<<<<<<<<<<<<<<<<<<<<<





 SETUP SEARCHING RADIUS FOR PROGRAM TO SEARCH ADJACENT ATOMS
                  longest orb rcut (Bohr) = 9
   longest nonlocal projector rcut (Bohr) = 1.3
                     search radius (Bohr) = 20.6
              searching radius is (Bohr)) = 20.6
         searching radius unit is (Bohr)) = 1.89
                         PeriodicBoundary = 1
                        Radius(unit:lat0) = 10.9
                                   glayer = [ 2, 2, 2 ]
                             glayer_minus = [ 1, 1, 1 ]

Find the coordinate range of the input atom(unit:lat0).
                                  min_tau = [ -10.6, -10.6, -10.6 ]
                                  max_tau = [ 30.6, 30.6, 30.6 ]
                                BoxNumber = [ 3, 3, 3 ]

 SETUP EXTENDED REAL SPACE GRID FOR GRID INTEGRATION
                          real space grid = [ 243, 243, 243 ]
                 big cell numbers in grid = [ 81, 81, 81 ]
             meshcell numbers in big cell = [ 3, 3, 3 ]
                        extended fft grid = [ 20, 20, 20 ]
                dimension of extened grid = [ 122, 122, 122 ]
                            UnitCellTotal = 27

 Warning_Memory_Consuming allocated:  GT::ind_bigcell 6.93 MB

 Warning_Memory_Consuming allocated:  GT::in_this_processor 6.93 MB

 Warning_Memory_Consuming allocated:  GT::index2normal 6.93 MB

 Warning_Memory_Consuming allocated:  GT::index2ucell 6.93 MB
              Atom number in sub-FFT-grid = 5
    Local orbitals number in sub-FFT-grid = 58
                                ParaV.nnr = 3364
                                 init_chg = file
 try to read charge from file
 Read in the charge density: OUT.MOLAPT_HSE//MOLAPT_HSE-CHARGE-DENSITY.restart
 DONE : INIT SCF Time : 66.2366 (SEC)


 LCAO ALGORITHM --------------- ION=   1  ELEC=   1--------------------------------

 Density error is 0.0148909845557
----------------------------------------------------------
     Energy           Rydberg                 eV          
----------------------------------------------------------
 E_KohnSham     -16.8047645661       -228.6405516468      
 E_Harris       -16.6861381974       -227.0265570996      
 E_Fermi        -0.6970404588        -9.4837219757        
----------------------------------------------------------


 LCAO ALGORITHM --------------- ION=   1  ELEC=   2--------------------------------

 Density error is 0.00593559378961
----------------------------------------------------------
     Energy           Rydberg                 eV          
----------------------------------------------------------
 E_KohnSham     -16.8049055247       -228.6424694882      
 E_Harris       -16.8023726492       -228.6080079484      
 E_Fermi        -0.6922303571        -9.4182771855        
----------------------------------------------------------


 LCAO ALGORITHM --------------- ION=   1  ELEC=   3--------------------------------

 Density error is 0.00296763642331
----------------------------------------------------------
     Energy           Rydberg                 eV          
----------------------------------------------------------
 E_KohnSham     -16.8049117978       -228.6425548378      
 E_Harris       -16.8214868316       -228.8680697417      
 E_Fermi        -0.6919582137        -9.4145744846        
----------------------------------------------------------


 LCAO ALGORITHM --------------- ION=   1  ELEC=   4--------------------------------

 Density error is 0.000876751062843
----------------------------------------------------------
     Energy           Rydberg                 eV          
----------------------------------------------------------
 E_KohnSham     -16.8049141825       -228.6425872823      
 E_Harris       -16.8089388430       -228.6973455985      
 E_Fermi        -0.6931291530        -9.4305059303        
----------------------------------------------------------


 LCAO ALGORITHM --------------- ION=   1  ELEC=   5--------------------------------

 Density error is 0.00051159967823
----------------------------------------------------------
     Energy           Rydberg                 eV          
----------------------------------------------------------
 E_KohnSham     -16.8049143037       -228.6425889313      
 E_Harris       -16.8071001188       -228.6723284715      
 E_Fermi        -0.6933187078        -9.4330849563        
----------------------------------------------------------


 LCAO ALGORITHM --------------- ION=   1  ELEC=   6--------------------------------

 Density error is 0.000344102190963
----------------------------------------------------------
     Energy           Rydberg                 eV          
----------------------------------------------------------
 E_KohnSham     -16.8049140818       -228.6425859134      
 E_Harris       -16.8062594131       -228.6608900840      
 E_Fermi        -0.6934286798        -9.4345812021        
----------------------------------------------------------


 LCAO ALGORITHM --------------- ION=   1  ELEC=   7--------------------------------

 Density error is 0.000278265876992
----------------------------------------------------------
     Energy           Rydberg                 eV          
----------------------------------------------------------
 E_KohnSham     -16.8049136251       -228.6425796994      
 E_Harris       -16.8057759597       -228.6543123635      
 E_Fermi        -0.6934773318        -9.4352431466        
----------------------------------------------------------


 LCAO ALGORITHM --------------- ION=   1  ELEC=   8--------------------------------

 Density error is 0.000174900394763
----------------------------------------------------------
     Energy           Rydberg                 eV          
----------------------------------------------------------
 E_KohnSham     -16.8049132511       -228.6425746105      
 E_Harris       -16.8052634626       -228.6473394819      
 E_Fermi        -0.6935392327        -9.4360853519        
----------------------------------------------------------


 LCAO ALGORITHM --------------- ION=   1  ELEC=   9--------------------------------

 Density error is 9.36818454477e-05
----------------------------------------------------------
     Energy           Rydberg                 eV          
----------------------------------------------------------
 E_KohnSham     -16.8049131793       -228.6425736332      
 E_Harris       -16.8050351704       -228.6442334080      
 E_Fermi        -0.6935653911        -9.4364412541        
----------------------------------------------------------


 LCAO ALGORITHM --------------- ION=   1  ELEC=  10--------------------------------

 Density error is 6.16127689267e-05
----------------------------------------------------------
     Energy           Rydberg                 eV          
----------------------------------------------------------
 E_KohnSham     -16.8049131336       -228.6425730120      
 E_Harris       -16.8049935716       -228.6436674274      
 E_Fermi        -0.6935696673        -9.4364994350        
----------------------------------------------------------


 LCAO ALGORITHM --------------- ION=   1  ELEC=  11--------------------------------

 Density error is 3.65672115379e-05
----------------------------------------------------------
     Energy           Rydberg                 eV          
----------------------------------------------------------
 E_KohnSham     -16.8049131137       -228.6425727417      
 E_Harris       -16.8049466282       -228.6430287295      
 E_Fermi        -0.6935745835        -9.4365663230        
----------------------------------------------------------


 LCAO ALGORITHM --------------- ION=   1  ELEC=  12--------------------------------

 Density error is 1.48149525846e-05
----------------------------------------------------------
     Energy           Rydberg                 eV          
----------------------------------------------------------
 E_KohnSham     -16.8049131153       -228.6425727628      
 E_Harris       -16.8049187861       -228.6426499188      
 E_Fermi        -0.6935775526        -9.4366067204        
----------------------------------------------------------


 LCAO ALGORITHM --------------- ION=   1  ELEC=  13--------------------------------

 Density error is 1.27524626102e-05
----------------------------------------------------------
     Energy           Rydberg                 eV          
----------------------------------------------------------
 E_KohnSham     -16.8049131149       -228.6425727577      
 E_Harris       -16.8049198329       -228.6426641612      
 E_Fermi        -0.6935774416        -9.4366052101        
----------------------------------------------------------


 LCAO ALGORITHM --------------- ION=   1  ELEC=  14--------------------------------

 Density error is 4.71559041495e-06
----------------------------------------------------------
     Energy           Rydberg                 eV          
----------------------------------------------------------
 E_KohnSham     -16.8049131144       -228.6425727501      
 E_Harris       -16.8049155840       -228.6426063507      
 E_Fermi        -0.6935779663        -9.4366123486        
----------------------------------------------------------


 LCAO ALGORITHM --------------- ION=   1  ELEC=  15--------------------------------

 Density error is 1.89708176425e-06
----------------------------------------------------------
     Energy           Rydberg                 eV          
----------------------------------------------------------
 E_KohnSham     -16.8049131143       -228.6425727499      
 E_Harris       -16.8049141889       -228.6425873695      
 E_Fermi        -0.6935781326        -9.4366146120        
----------------------------------------------------------


 LCAO ALGORITHM --------------- ION=   1  ELEC=  16--------------------------------

 Density error is 1.09018258777e-06
----------------------------------------------------------
     Energy           Rydberg                 eV          
----------------------------------------------------------
 E_KohnSham     -16.8049131140       -228.6425727447      
 E_Harris       -16.8049138001       -228.6425820803      
 E_Fermi        -0.6935781705        -9.4366151272        
----------------------------------------------------------


 LCAO ALGORITHM --------------- ION=   1  ELEC=  17--------------------------------

 Density error is 4.52417905163e-07
----------------------------------------------------------
     Energy           Rydberg                 eV          
----------------------------------------------------------
 E_KohnSham     -16.8049131141       -228.6425727467      
 E_Harris       -16.8049130527       -228.6425719112      
 E_Fermi        -0.6935782564        -9.4366162959        
----------------------------------------------------------


 LCAO ALGORITHM --------------- ION=   1  ELEC=  18--------------------------------

 Density error is 2.22581192616e-07
----------------------------------------------------------
     Energy           Rydberg                 eV          
----------------------------------------------------------
 E_KohnSham     -16.8049131141       -228.6425727463      
 E_Harris       -16.8049131427       -228.6425731356      
 E_Fermi        -0.6935782464        -9.4366161595        
----------------------------------------------------------


 LCAO ALGORITHM --------------- ION=   1  ELEC=  19--------------------------------

 Density error is 1.43986678413e-07
----------------------------------------------------------
     Energy           Rydberg                 eV          
----------------------------------------------------------
 E_KohnSham     -16.8049131141       -228.6425727463      
 E_Harris       -16.8049131814       -228.6425736618      
 E_Fermi        -0.6935782430        -9.4366161132        
----------------------------------------------------------


 LCAO ALGORITHM --------------- ION=   1  ELEC=  20--------------------------------

 Density error is 5.60626595208e-08
----------------------------------------------------------
     Energy           Rydberg                 eV          
----------------------------------------------------------
 E_KohnSham     -16.8049131141       -228.6425727463      
 E_KS(sigma->0) -16.8049131141       -228.6425727463      
 E_Harris       -16.8049131154       -228.6425727638      
 E_band         -6.6820156191        -90.9134865443       
 E_one_elec     -49.7672957936       -677.1187968446      
 E_Hartree      25.7303093021        350.0788178112       
 E_xc           -7.1549780301        -97.3484702739       
 E_Ewald        14.3870514075        195.7458765610       
 E_entropy(-TS) 0.0000000000         0.0000000000         
 E_descf        0.0000000000         0.0000000000         
 E_exx          0.0000000000         0.0000000000         
 E_Fermi        -0.6935782501        -9.4366162106        
----------------------------------------------------------


 LCAO ALGORITHM --------------- ION=   1  ELEC=   1--------------------------------

 Density error is 0.0695906650661
----------------------------------------------------------
     Energy           Rydberg                 eV          
----------------------------------------------------------
 E_KohnSham     -16.5994281151       -225.8468059065      
 E_Harris       -18.1539441023       -246.9970809653      
 E_Fermi        -0.9870214073        -13.4291151867       
----------------------------------------------------------


 LCAO ALGORITHM --------------- ION=   1  ELEC=   2--------------------------------

 Density error is 0.0558112743475
----------------------------------------------------------
     Energy           Rydberg                 eV          
----------------------------------------------------------
 E_KohnSham     -16.6458135585       -226.4779122418      
 E_Harris       -17.3498217863       -236.0564355784      
 E_Fermi        -0.7392062934        -10.0574175875       
----------------------------------------------------------


 LCAO ALGORITHM --------------- ION=   1  ELEC=   3--------------------------------

 Density error is 0.0340638458036
----------------------------------------------------------
     Energy           Rydberg                 eV          
----------------------------------------------------------
 E_KohnSham     -16.6436203047       -226.4480714931      
 E_Harris       -17.0687831194       -232.2327083505      
 E_Fermi        -0.7528192256        -10.2426310315       
----------------------------------------------------------


 LCAO ALGORITHM --------------- ION=   1  ELEC=   4--------------------------------

 Density error is 0.0141193921132
----------------------------------------------------------
     Energy           Rydberg                 eV          
----------------------------------------------------------
 E_KohnSham     -16.6435596249       -226.4472459019      
 E_Harris       -16.8133616659       -228.7575211914      
 E_Fermi        -0.7662596549        -10.4254974539       
----------------------------------------------------------


 LCAO ALGORITHM --------------- ION=   1  ELEC=   5--------------------------------

 Density error is 0.000697134113999
----------------------------------------------------------
     Energy           Rydberg                 eV          
----------------------------------------------------------
 E_KohnSham     -16.6437695686       -226.4501023320      
 E_Harris       -16.6520284128       -226.5624696715      
 E_Fermi        -0.7761471177        -10.5600232874       
----------------------------------------------------------


 LCAO ALGORITHM --------------- ION=   1  ELEC=   6--------------------------------

 Density error is 0.00142129316219
----------------------------------------------------------
     Energy           Rydberg                 eV          
----------------------------------------------------------
 E_KohnSham     -16.6437719291       -226.4501344486      
 E_Harris       -16.6318850077       -226.2884045851      
 E_Fermi        -0.7774037093        -10.5771200934       
----------------------------------------------------------


 LCAO ALGORITHM --------------- ION=   1  ELEC=   7--------------------------------

 Density error is 0.000249909517797
----------------------------------------------------------
     Energy           Rydberg                 eV          
----------------------------------------------------------
 E_KohnSham     -16.6437756856       -226.4501855585      
 E_Harris       -16.6466063418       -226.4886986111      
 E_Fermi        -0.7766011105        -10.5662001763       
----------------------------------------------------------


 LCAO ALGORITHM --------------- ION=   1  ELEC=   8--------------------------------

 Density error is 9.84128305496e-05
----------------------------------------------------------
     Energy           Rydberg                 eV          
----------------------------------------------------------
 E_KohnSham     -16.6437760405       -226.4501903864      
 E_Harris       -16.6437877582       -226.4503498148      
 E_Fermi        -0.7768037865        -10.5689577238       
----------------------------------------------------------


 LCAO ALGORITHM --------------- ION=   1  ELEC=   9--------------------------------

 Density error is 7.7026351224e-05
----------------------------------------------------------
     Energy           Rydberg                 eV          
----------------------------------------------------------
 E_KohnSham     -16.6437761643       -226.4501920714      
 E_Harris       -16.6436667885       -226.4487039369      
 E_Fermi        -0.7768187246        -10.5691609672       
----------------------------------------------------------


 LCAO ALGORITHM --------------- ION=   1  ELEC=  10--------------------------------

 Density error is 3.01394736572e-05
----------------------------------------------------------
     Energy           Rydberg                 eV          
----------------------------------------------------------
 E_KohnSham     -16.6437761271       -226.4501915647      
 E_Harris       -16.6438230528       -226.4508300221      
 E_Fermi        -0.7768136246        -10.5690915786       
----------------------------------------------------------


 LCAO ALGORITHM --------------- ION=   1  ELEC=  11--------------------------------

 Density error is 1.65726294417e-05
----------------------------------------------------------
     Energy           Rydberg                 eV          
----------------------------------------------------------
 E_KohnSham     -16.6437760882       -226.4501910360      
 E_Harris       -16.6438226684       -226.4508247914      
 E_Fermi        -0.7768151582        -10.5691124437       
----------------------------------------------------------


 LCAO ALGORITHM --------------- ION=   1  ELEC=  12--------------------------------

 Density error is 8.89294059946e-06
----------------------------------------------------------
     Energy           Rydberg                 eV          
----------------------------------------------------------
 E_KohnSham     -16.6437760666       -226.4501907417      
 E_Harris       -16.6437848474       -226.4503102112      
 E_Fermi        -0.7768178293        -10.5691487861       
----------------------------------------------------------


 LCAO ALGORITHM --------------- ION=   1  ELEC=  13--------------------------------

 Density error is 4.69547517976e-06
----------------------------------------------------------
     Energy           Rydberg                 eV          
----------------------------------------------------------
 E_KohnSham     -16.6437760606       -226.4501906595      
 E_Harris       -16.6437770514       -226.4502041411      
 E_Fermi        -0.7768184975        -10.5691578782       
----------------------------------------------------------


 LCAO ALGORITHM --------------- ION=   1  ELEC=  14--------------------------------

 Density error is 2.05109250502e-06
----------------------------------------------------------
     Energy           Rydberg                 eV          
----------------------------------------------------------
 E_KohnSham     -16.6437760590       -226.4501906391      
 E_Harris       -16.6437756499       -226.4501850728      
 E_Fermi        -0.7768187113        -10.5691607860       
----------------------------------------------------------


 LCAO ALGORITHM --------------- ION=   1  ELEC=  15--------------------------------

 Density error is 1.1311337684e-06
----------------------------------------------------------
     Energy           Rydberg                 eV          
----------------------------------------------------------
 E_KohnSham     -16.6437760585       -226.4501906321      
 E_Harris       -16.6437759933       -226.4501897445      
 E_Fermi        -0.7768187311        -10.5691610561       
----------------------------------------------------------


 LCAO ALGORITHM --------------- ION=   1  ELEC=  16--------------------------------

 Density error is 6.05251067213e-07
----------------------------------------------------------
     Energy           Rydberg                 eV          
----------------------------------------------------------
 E_KohnSham     -16.6437760585       -226.4501906321      
 E_Harris       -16.6437767875       -226.4502005500      
 E_Fermi        -0.7768187008        -10.5691606438       
----------------------------------------------------------


 LCAO ALGORITHM --------------- ION=   1  ELEC=  17--------------------------------

 Density error is 3.72941133791e-07
----------------------------------------------------------
     Energy           Rydberg                 eV          
----------------------------------------------------------
 E_KohnSham     -16.6437760585       -226.4501906321      
 E_Harris       -16.6437761940       -226.4501924748      
 E_Fermi        -0.7768187412        -10.5691611937       
----------------------------------------------------------


 LCAO ALGORITHM --------------- ION=   1  ELEC=  18--------------------------------

 Density error is 2.0644107545e-07
----------------------------------------------------------
     Energy           Rydberg                 eV          
----------------------------------------------------------
 E_KohnSham     -16.6437760585       -226.4501906321      
 E_Harris       -16.6437759991       -226.4501898231      
 E_Fermi        -0.7768187534        -10.5691613594       
----------------------------------------------------------


 LCAO ALGORITHM --------------- ION=   1  ELEC=  19--------------------------------

 Density error is 9.53345229796e-08
----------------------------------------------------------
     Energy           Rydberg                 eV          
----------------------------------------------------------
 E_KohnSham     -16.6437760585       -226.4501906321      
 E_KS(sigma->0) -16.6437760585       -226.4501906321      
 E_Harris       -16.6437759633       -226.4501893358      
 E_band         -7.4769062917        -101.7285289794      
 E_one_elec     -49.7609815888       -677.0328876806      
 E_Hartree      25.7201121714        349.9400787300       
 E_xc           -5.7575187771        -78.3350617106       
 E_Ewald        14.3870514075        195.7458765610       
 E_entropy(-TS) 0.0000000000         0.0000000000         
 E_descf        0.0000000000         0.0000000000         
 E_exx          -1.2324392715        -16.7681965319       
 E_Fermi        -0.7768187553        -10.5691613847       
----------------------------------------------------------


 LCAO ALGORITHM --------------- ION=   1  ELEC=   1--------------------------------

 Density error is 0.00101603922745
----------------------------------------------------------
     Energy           Rydberg                 eV          
----------------------------------------------------------
 E_KohnSham     -16.6438706170       -226.4514771666      
 E_Harris       -16.6539637692       -226.5888015467      
 E_Fermi        -0.7770917024        -10.5728750209       
----------------------------------------------------------


 LCAO ALGORITHM --------------- ION=   1  ELEC=   2--------------------------------

 Density error is 0.000386557853078
----------------------------------------------------------
     Energy           Rydberg                 eV          
----------------------------------------------------------
 E_KohnSham     -16.6438711589       -226.4514845388      
 E_Harris       -16.6437589572       -226.4499579568      
 E_Fermi        -0.7773318738        -10.5761427213       
----------------------------------------------------------


 LCAO ALGORITHM --------------- ION=   1  ELEC=   3--------------------------------

 Density error is 0.000138139508623
----------------------------------------------------------
     Energy           Rydberg                 eV          
----------------------------------------------------------
 E_KohnSham     -16.6438712703       -226.4514860539      
 E_Harris       -16.6425240319       -226.4331559365      
 E_Fermi        -0.7773262204        -10.5760658025       
----------------------------------------------------------


 LCAO ALGORITHM --------------- ION=   1  ELEC=   4--------------------------------

 Density error is 3.610754461e-05
----------------------------------------------------------
     Energy           Rydberg                 eV          
----------------------------------------------------------
 E_KohnSham     -16.6438710894       -226.4514835937      
 E_Harris       -16.6435591239       -226.4472390853      
 E_Fermi        -0.7772323842        -10.5747890956       
----------------------------------------------------------


 LCAO ALGORITHM --------------- ION=   1  ELEC=   5--------------------------------

 Density error is 1.56818289638e-05
----------------------------------------------------------
     Energy           Rydberg                 eV          
----------------------------------------------------------
 E_KohnSham     -16.6438709599       -226.4514818318      
 E_Harris       -16.6437202535       -226.4494313656      
 E_Fermi        -0.7772141274        -10.5745406987       
----------------------------------------------------------


 LCAO ALGORITHM --------------- ION=   1  ELEC=   6--------------------------------

 Density error is 9.696699183e-06
----------------------------------------------------------
     Energy           Rydberg                 eV          
----------------------------------------------------------
 E_KohnSham     -16.6438709564       -226.4514817837      
 E_Harris       -16.6438125979       -226.4506877759      
 E_Fermi        -0.7772032572        -10.5743928019       
----------------------------------------------------------


 LCAO ALGORITHM --------------- ION=   1  ELEC=   7--------------------------------

 Density error is 7.88941152359e-06
----------------------------------------------------------
     Energy           Rydberg                 eV          
----------------------------------------------------------
 E_KohnSham     -16.6438709501       -226.4514816976      
 E_Harris       -16.6438228316       -226.4508270123      
 E_Fermi        -0.7772019049        -10.5743744034       
----------------------------------------------------------


 LCAO ALGORITHM --------------- ION=   1  ELEC=   8--------------------------------

 Density error is 4.83751111035e-06
----------------------------------------------------------
     Energy           Rydberg                 eV          
----------------------------------------------------------
 E_KohnSham     -16.6438709736       -226.4514820174      
 E_Harris       -16.6438501561       -226.4511987814      
 E_Fermi        -0.7771987959        -10.5743321026       
----------------------------------------------------------


 LCAO ALGORITHM --------------- ION=   1  ELEC=   9--------------------------------

 Density error is 2.44449056002e-06
----------------------------------------------------------
     Energy           Rydberg                 eV          
----------------------------------------------------------
 E_KohnSham     -16.6438709771       -226.4514820655      
 E_Harris       -16.6438631199       -226.4513751627      
 E_Fermi        -0.7771973785        -10.5743128176       
----------------------------------------------------------


 LCAO ALGORITHM --------------- ION=   1  ELEC=  10--------------------------------

 Density error is 1.74353710538e-06
----------------------------------------------------------
     Energy           Rydberg                 eV          
----------------------------------------------------------
 E_KohnSham     -16.6438709816       -226.4514821272      
 E_Harris       -16.6438658779       -226.4514126877      
 E_Fermi        -0.7771970586        -10.5743084659       
----------------------------------------------------------


 LCAO ALGORITHM --------------- ION=   1  ELEC=  11--------------------------------

 Density error is 1.06487037918e-06
----------------------------------------------------------
     Energy           Rydberg                 eV          
----------------------------------------------------------
 E_KohnSham     -16.6438709837       -226.4514821546      
 E_Harris       -16.6438681787       -226.4514439917      
 E_Fermi        -0.7771968025        -10.5743049809       
----------------------------------------------------------


 LCAO ALGORITHM --------------- ION=   1  ELEC=  12--------------------------------

 Density error is 6.44431335966e-07
----------------------------------------------------------
     Energy           Rydberg                 eV          
----------------------------------------------------------
 E_KohnSham     -16.6438709847       -226.4514821684      
 E_Harris       -16.6438694318       -226.4514610406      
 E_Fermi        -0.7771966575        -10.5743030085       
----------------------------------------------------------


 LCAO ALGORITHM --------------- ION=   1  ELEC=  13--------------------------------

 Density error is 4.06479884598e-07
----------------------------------------------------------
     Energy           Rydberg                 eV          
----------------------------------------------------------
 E_KohnSham     -16.6438709852       -226.4514821752      
 E_Harris       -16.6438701272       -226.4514705017      
 E_Fermi        -0.7771965780        -10.5743019272       
----------------------------------------------------------


 LCAO ALGORITHM --------------- ION=   1  ELEC=  14--------------------------------

 Density error is 2.48955769158e-07
----------------------------------------------------------
     Energy           Rydberg                 eV          
----------------------------------------------------------
 E_KohnSham     -16.6438709857       -226.4514821820      
 E_Harris       -16.6438704962       -226.4514755222      
 E_Fermi        -0.7771965364        -10.5743013610       
----------------------------------------------------------


 LCAO ALGORITHM --------------- ION=   1  ELEC=  15--------------------------------

 Density error is 1.30115213624e-07
----------------------------------------------------------
     Energy           Rydberg                 eV          
----------------------------------------------------------
 E_KohnSham     -16.6438709857       -226.4514821821      
 E_Harris       -16.6438708102       -226.4514797945      
 E_Fermi        -0.7771965004        -10.5743008714       
----------------------------------------------------------


 LCAO ALGORITHM --------------- ION=   1  ELEC=  16--------------------------------

 Density error is 9.2048916197e-08
----------------------------------------------------------
     Energy           Rydberg                 eV          
----------------------------------------------------------
 E_KohnSham     -16.6438709857       -226.4514821820      
 E_KS(sigma->0) -16.6438709857       -226.4514821820      
 E_Harris       -16.6438708621       -226.4514805009      
 E_band         -7.4798650146        -101.7687844700      
 E_one_elec     -49.7582129898       -676.9952189592      
 E_Hartree      25.7191576965        349.9270924323       
 E_xc           -5.7576377267        -78.3366801023       
 E_Ewald        14.3870514075        195.7458765610       
 E_entropy(-TS) 0.0000000000         0.0000000000         
 E_descf        0.0000000000         0.0000000000         
 E_exx          -1.2342293732        -16.7925521138       
 E_Fermi        -0.7771964942        -10.5743007869       
----------------------------------------------------------


 LCAO ALGORITHM --------------- ION=   1  ELEC=   1--------------------------------

 Density error is 0.000121368274705
----------------------------------------------------------
     Energy           Rydberg                 eV          
----------------------------------------------------------
 E_KohnSham     -16.6438716408       -226.4514910952      
 E_Harris       -16.6449939316       -226.4667606456      
 E_Fermi        -0.7772308366        -10.5747680394       
----------------------------------------------------------


 LCAO ALGORITHM --------------- ION=   1  ELEC=   2--------------------------------

 Density error is 4.81551323429e-05
----------------------------------------------------------
     Energy           Rydberg                 eV          
----------------------------------------------------------
 E_KohnSham     -16.6438716580       -226.4514913296      
 E_Harris       -16.6438798232       -226.4516024230      
 E_Fermi        -0.7772548120        -10.5750942411       
----------------------------------------------------------


 LCAO ALGORITHM --------------- ION=   1  ELEC=   3--------------------------------

 Density error is 1.5261682949e-05
----------------------------------------------------------
     Energy           Rydberg                 eV          
----------------------------------------------------------
 E_KohnSham     -16.6438716564       -226.4514913078      
 E_Harris       -16.6437458960       -226.4497802495      
 E_Fermi        -0.7772532196        -10.5750725751       
----------------------------------------------------------


 LCAO ALGORITHM --------------- ION=   1  ELEC=   4--------------------------------

 Density error is 3.60128401526e-06
----------------------------------------------------------
     Energy           Rydberg                 eV          
----------------------------------------------------------
 E_KohnSham     -16.6438716427       -226.4514911208      
 E_Harris       -16.6438500067       -226.4511967485      
 E_Fermi        -0.7772435521        -10.5749410420       
----------------------------------------------------------


 LCAO ALGORITHM --------------- ION=   1  ELEC=   5--------------------------------

 Density error is 1.21441565669e-06
----------------------------------------------------------
     Energy           Rydberg                 eV          
----------------------------------------------------------
 E_KohnSham     -16.6438716339       -226.4514910010      
 E_Harris       -16.6438628634       -226.4513716726      
 E_Fermi        -0.7772420404        -10.5749204740       
----------------------------------------------------------


 LCAO ALGORITHM --------------- ION=   1  ELEC=   6--------------------------------

 Density error is 6.66401950112e-07
----------------------------------------------------------
     Energy           Rydberg                 eV          
----------------------------------------------------------
 E_KohnSham     -16.6438716323       -226.4514909804      
 E_Harris       -16.6438675701       -226.4514357114      
 E_Fermi        -0.7772414699        -10.5749127121       
----------------------------------------------------------


 LCAO ALGORITHM --------------- ION=   1  ELEC=   7--------------------------------

 Density error is 5.14409147269e-07
----------------------------------------------------------
     Energy           Rydberg                 eV          
----------------------------------------------------------
 E_KohnSham     -16.6438716318       -226.4514909735      
 E_Harris       -16.6438688247       -226.4514527811      
 E_Fermi        -0.7772413194        -10.5749106654       
----------------------------------------------------------


 LCAO ALGORITHM --------------- ION=   1  ELEC=   8--------------------------------

 Density error is 3.17498248914e-07
----------------------------------------------------------
     Energy           Rydberg                 eV          
----------------------------------------------------------
 E_KohnSham     -16.6438716323       -226.4514909804      
 E_Harris       -16.6438702438       -226.4514720880      
 E_Fermi        -0.7772411562        -10.5749084442       
----------------------------------------------------------


 LCAO ALGORITHM --------------- ION=   1  ELEC=   9--------------------------------

 Density error is 2.35899198738e-07
----------------------------------------------------------
     Energy           Rydberg                 eV          
----------------------------------------------------------
 E_KohnSham     -16.6438716334       -226.4514909941      
 E_Harris       -16.6438707279       -226.4514786746      
 E_Fermi        -0.7772411022        -10.5749077093       
----------------------------------------------------------


 LCAO ALGORITHM --------------- ION=   1  ELEC=  10--------------------------------

 Density error is 1.50712439797e-07
----------------------------------------------------------
     Energy           Rydberg                 eV          
----------------------------------------------------------
 E_KohnSham     -16.6438716333       -226.4514909941      
 E_Harris       -16.6438711564       -226.4514845046      
 E_Fermi        -0.7772410560        -10.5749070806       
----------------------------------------------------------


 LCAO ALGORITHM --------------- ION=   1  ELEC=  11--------------------------------

 Density error is 1.17452147922e-07
----------------------------------------------------------
     Energy           Rydberg                 eV          
----------------------------------------------------------
 E_KohnSham     -16.6438716339       -226.4514910010      
 E_Harris       -16.6438712573       -226.4514858783      
 E_Fermi        -0.7772410435        -10.5749069114       
----------------------------------------------------------


 LCAO ALGORITHM --------------- ION=   1  ELEC=  12--------------------------------

 Density error is 7.55277558164e-08
----------------------------------------------------------
     Energy           Rydberg                 eV          
----------------------------------------------------------
 E_KohnSham     -16.6438716339       -226.4514910010      
 E_KS(sigma->0) -16.6438716339       -226.4514910010      
 E_Harris       -16.6438714453       -226.4514884357      
 E_band         -7.4801804136        -101.7730756924      
 E_one_elec     -49.7578743122       -676.9906110141      
 E_Hartree      25.7190644532        349.9258237929       
 E_xc           -5.7576781948        -78.3372307001       
 E_Ewald        14.3870514075        195.7458765610       
 E_entropy(-TS) 0.0000000000         0.0000000000         
 E_descf        0.0000000000         0.0000000000         
 E_exx          -1.2344349875        -16.7953496405       
 E_Fermi        -0.7772410236        -10.5749066405       
----------------------------------------------------------


 LCAO ALGORITHM --------------- ION=   1  ELEC=   1--------------------------------

 Density error is 1.6272594999e-05
----------------------------------------------------------
     Energy           Rydberg                 eV          
----------------------------------------------------------
 E_KohnSham     -16.6438716418       -226.4514911084      
 E_Harris       -16.6440125928       -226.4534088461      
 E_Fermi        -0.7772457202        -10.5749705414       
----------------------------------------------------------


 LCAO ALGORITHM --------------- ION=   1  ELEC=   2--------------------------------

 Density error is 6.88015074607e-06
----------------------------------------------------------
     Energy           Rydberg                 eV          
----------------------------------------------------------
 E_KohnSham     -16.6438716438       -226.4514911366      
 E_Harris       -16.6438741569       -226.4515253288      
 E_Fermi        -0.7772484751        -10.5750080237       
----------------------------------------------------------


 LCAO ALGORITHM --------------- ION=   1  ELEC=   3--------------------------------

 Density error is 2.36710264646e-06
----------------------------------------------------------
     Energy           Rydberg                 eV          
----------------------------------------------------------
 E_KohnSham     -16.6438716448       -226.4514911503      
 E_Harris       -16.6438577345       -226.4513018911      
 E_Fermi        -0.7772482022        -10.5750043098       
----------------------------------------------------------


 LCAO ALGORITHM --------------- ION=   1  ELEC=   4--------------------------------

 Density error is 5.47175802548e-07
----------------------------------------------------------
     Energy           Rydberg                 eV          
----------------------------------------------------------
 E_KohnSham     -16.6438716423       -226.4514911162      
 E_Harris       -16.6438702716       -226.4514724666      
 E_Fermi        -0.7772470371        -10.5749884582       
----------------------------------------------------------


 LCAO ALGORITHM --------------- ION=   1  ELEC=   5--------------------------------

 Density error is 1.61574148173e-07
----------------------------------------------------------
     Energy           Rydberg                 eV          
----------------------------------------------------------
 E_KohnSham     -16.6438716418       -226.4514911093      
 E_Harris       -16.6438710789       -226.4514834507      
 E_Fermi        -0.7772469239        -10.5749869178       
----------------------------------------------------------


 LCAO ALGORITHM --------------- ION=   1  ELEC=   6--------------------------------

 Density error is 1.03822370392e-07
----------------------------------------------------------
     Energy           Rydberg                 eV          
----------------------------------------------------------
 E_KohnSham     -16.6438716418       -226.4514911093      
 E_Harris       -16.6438712754       -226.4514861235      
 E_Fermi        -0.7772468996        -10.5749865875       
----------------------------------------------------------


 LCAO ALGORITHM --------------- ION=   1  ELEC=   7--------------------------------

 Density error is 6.35061373839e-08
----------------------------------------------------------
     Energy           Rydberg                 eV          
----------------------------------------------------------
 E_KohnSham     -16.6438716418       -226.4514911093      
 E_KS(sigma->0) -16.6438716418       -226.4514911093      
 E_Harris       -16.6438714479       -226.4514884707      
 E_band         -7.4802201700        -101.7736166067      
 E_one_elec     -49.7578297475       -676.9900046799      
 E_Hartree      25.7190540140        349.9256817603       
 E_xc           -5.7576852124        -78.3373261787       
 E_Ewald        14.3870514075        195.7458765610       
 E_entropy(-TS) 0.0000000000         0.0000000000         
 E_descf        0.0000000000         0.0000000000         
 E_exx          -1.2344621034        -16.7957185720       
 E_Fermi        -0.7772468800        -10.5749863203       
----------------------------------------------------------


 LCAO ALGORITHM --------------- ION=   1  ELEC=   1--------------------------------

 Density error is 2.25996621473e-06
----------------------------------------------------------
     Energy           Rydberg                 eV          
----------------------------------------------------------
 E_KohnSham     -16.6438716420       -226.4514911117      
 E_Harris       -16.6438904937       -226.4517476019      
 E_Fermi        -0.7772475073        -10.5749948558       
----------------------------------------------------------


 LCAO ALGORITHM --------------- ION=   1  ELEC=   2--------------------------------

 Density error is 9.92543478829e-07
----------------------------------------------------------
     Energy           Rydberg                 eV          
----------------------------------------------------------
 E_KohnSham     -16.6438716420       -226.4514911116      
 E_Harris       -16.6438721137       -226.4514975293      
 E_Fermi        -0.7772478578        -10.5749996247       
----------------------------------------------------------


 LCAO ALGORITHM --------------- ION=   1  ELEC=   3--------------------------------

 Density error is 3.56918210444e-07
----------------------------------------------------------
     Energy           Rydberg                 eV          
----------------------------------------------------------
 E_KohnSham     -16.6438716420       -226.4514911116      
 E_Harris       -16.6438699282       -226.4514677943      
 E_Fermi        -0.7772478180        -10.5749990825       
----------------------------------------------------------


 LCAO ALGORITHM --------------- ION=   1  ELEC=   4--------------------------------

 Density error is 8.44415259968e-08
----------------------------------------------------------
     Energy           Rydberg                 eV          
----------------------------------------------------------
 E_KohnSham     -16.6438716420       -226.4514911117      
 E_KS(sigma->0) -16.6438716420       -226.4514911117      
 E_Harris       -16.6438715728       -226.4514901708      
 E_band         -7.4802254286        -101.7736881538      
 E_one_elec     -49.7578236134       -676.9899212209      
 E_Hartree      25.7190526669        349.9256634325       
 E_xc           -5.7576862748        -78.3373406340       
 E_Ewald        14.3870514075        195.7458765610       
 E_entropy(-TS) 0.0000000000         0.0000000000         
 E_descf        0.0000000000         0.0000000000         
 E_exx          -1.2344658282        -16.7957692503       
 E_Fermi        -0.7772476657        -10.5749970110       
----------------------------------------------------------


 LCAO ALGORITHM --------------- ION=   1  ELEC=   1--------------------------------

 Density error is 3.15911344444e-07
----------------------------------------------------------
     Energy           Rydberg                 eV          
----------------------------------------------------------
 E_KohnSham     -16.6438716420       -226.4514911117      
 E_Harris       -16.6438742249       -226.4515262539      
 E_Fermi        -0.7772477447        -10.5749980851       
----------------------------------------------------------


 LCAO ALGORITHM --------------- ION=   1  ELEC=   2--------------------------------

 Density error is 1.41807980852e-07
----------------------------------------------------------
     Energy           Rydberg                 eV          
----------------------------------------------------------
 E_KohnSham     -16.6438716420       -226.4514911117      
 E_Harris       -16.6438717220       -226.4514922004      
 E_Fermi        -0.7772477910        -10.5749987159       
----------------------------------------------------------


 LCAO ALGORITHM --------------- ION=   1  ELEC=   3--------------------------------

 Density error is 5.2178083142e-08
----------------------------------------------------------
     Energy           Rydberg                 eV          
----------------------------------------------------------
 E_KohnSham     -16.6438716420       -226.4514911117      
 E_KS(sigma->0) -16.6438716420       -226.4514911117      
 E_Harris       -16.6438714225       -226.4514881248      
 E_band         -7.4802262485        -101.7736993090      
 E_one_elec     -49.7578228558       -676.9899109136      
 E_Hartree      25.7190526029        349.9256625606       
 E_xc           -5.7576864497        -78.3373430131       
 E_Ewald        14.3870514075        195.7458765610       
 E_entropy(-TS) 0.0000000000         0.0000000000         
 E_descf        0.0000000000         0.0000000000         
 E_exx          -1.2344663469        -16.7957763066       
 E_Fermi        -0.7772477856        -10.5749986417       
----------------------------------------------------------


 LCAO ALGORITHM --------------- ION=   1  ELEC=   1--------------------------------

 Density error is 4.87956017971e-08
----------------------------------------------------------
     Energy           Rydberg                 eV          
----------------------------------------------------------
 E_KohnSham     -16.6438716420       -226.4514911117      
 E_KS(sigma->0) -16.6438716420       -226.4514911117      
 E_Harris       -16.6438721996       -226.4514986980      
 E_band         -7.4802260466        -101.7736965623      
 E_one_elec     -49.7578223774       -676.9899044045      
 E_Hartree      25.7190521672        349.9256566326       
 E_xc           -5.7576864132        -78.3373425169       
 E_Ewald        14.3870514075        195.7458765610       
 E_entropy(-TS) 0.0000000000         0.0000000000         
 E_descf        0.0000000000         0.0000000000         
 E_exx          -1.2344664260        -16.7957773838       
 E_Fermi        -0.7772477644        -10.5749983536       
----------------------------------------------------------


 charge density convergence is achieved
 final etot is -226.45149111 eV
 EFERMI = -10.574998354 eV

 STATE ENERGY(eV) AND OCCUPATIONS    NSPIN == 1
 1/1 kpoint (Cartesian) = 0.0000 0.0000 0.0000 (911913 pws)
       1       -19.1017        2.00000
       2       -10.6235        2.00000
       3       -10.5867        2.00000
       4       -10.5750        2.00000
       5        1.07395        0.00000
       6        2.44132        0.00000
       7        2.44499        0.00000
       8        2.44846        0.00000
       9        3.58087        0.00000
      10        3.59657        0.00000
      11        3.61218        0.00000
      12        4.92158        0.00000
      13        4.93520        0.00000
      14        9.18541        0.00000



 --------------------------------------------
 !FINAL_ETOT_IS -226.4514911117127 eV
 --------------------------------------------


TIME STATISTICS
--------------------------------------------------------------------------------------
     CLASS_NAME                     NAME                TIME/s  CALLS   AVG/s  PER/%  
--------------------------------------------------------------------------------------
                     total                              423.22 11       38.47  100.00 
 Driver              reading                            0.04   1        0.04   0.01   
 Input_Conv          Convert                            0.00   1        0.00   0.00   
 Driver              driver_line                        423.18 1        423.18 99.99  
 UnitCell            check_tau                          0.00   1        0.00   0.00   
 ESolver_KS_LCAO     before_all_runners                 62.06  1        62.06  14.66  
 PW_Basis_Sup        setuptransform                     0.09   1        0.09   0.02   
 PW_Basis_Sup        distributeg                        0.09   1        0.09   0.02   
 mymath              heapsort                           1.42   3        0.47   0.34   
 Charge_Mixing       init_mixing                        0.00   1        0.00   0.00   
 PW_Basis_K          setuptransform                     0.08   1        0.08   0.02   
 PW_Basis_K          distributeg                        0.06   1        0.06   0.01   
 PW_Basis            setup_struc_factor                 0.24   1        0.24   0.06   
 NOrbital_Lm         extra_uniform                      3.35   13839    0.00   0.79   
 Mathzone_Add1       SplineD2                           0.24   13839    0.00   0.06   
 Mathzone_Add1       Cubic_Spline_Interpolation         0.62   13839    0.00   0.15   
 Exx_LRI             init                               58.65  1        58.65  13.86  
 Matrix_Orbs21       init                               2.42   2        1.21   0.57   
 ORB_gaunt_table     init_Gaunt_CH                      0.15   3        0.05   0.04   
 ORB_gaunt_table     Calc_Gaunt_CH                      0.08   82305    0.00   0.02   
 ORB_gaunt_table     init_Gaunt                         1.44   3        0.48   0.34   
 ORB_gaunt_table     Get_Gaunt_SH                       27.09  3635313  0.00   6.40   
 Matrix_Orbs21       init_radial                        0.00   2        0.00   0.00   
 Matrix_Orbs21       init_radial_table                  24.51  2        12.25  5.79   
 Center2_Orb         cal_ST_Phi12_R                     41.63  24298    0.00   9.84   
 LRI_CV              set_orbitals                       47.04  1        47.04  11.11  
 Matrix_Orbs11       init                               2.42   1        2.42   0.57   
 Matrix_Orbs11       init_radial                        0.00   1        0.00   0.00   
 Matrix_Orbs11       init_radial_table                  26.28  1        26.28  6.21   
 ppcell_vl           init_vloc                          0.01   1        0.01   0.00   
 Ions                opt_ions                           360.56 1        360.56 85.19  
 ESolver_KS_LCAO     runner                             360.56 1        360.56 85.19  
 ESolver_KS_LCAO     before_scf                         4.13   1        4.13   0.98   
 atom_arrange        search                             0.00   1        0.00   0.00   
 atom_arrange        grid_d.init                        0.00   1        0.00   0.00   
 Grid                Construct_Adjacent_expand          0.00   1        0.00   0.00   
 Grid                Construct_Adjacent_expand_periodic 0.00   5        0.00   0.00   
 Grid_Technique      init                               0.10   1        0.10   0.02   
 Grid_BigCell        grid_expansion_index               0.04   2        0.02   0.01   
 Grid_Driver         Find_atom                          0.00   30       0.00   0.00   
 Record_adj          for_2d                             0.00   1        0.00   0.00   
 LCAO_domain         grid_prepare                       0.00   1        0.00   0.00   
 Veff                initialize_HR                      0.00   1        0.00   0.00   
 OverlapNew          initialize_SR                      0.00   1        0.00   0.00   
 EkineticNew         initialize_HR                      0.00   1        0.00   0.00   
 NonlocalNew         initialize_HR                      0.00   1        0.00   0.00   
 Exx_LRI             cal_exx_ions                       0.40   1        0.40   0.09   
 LRI_CV              cal_datas                          0.30   2        0.15   0.07   
 Charge              set_rho_core                       0.28   1        0.28   0.07   
 PW_Basis_Sup        recip2real                         19.72  493      0.04   4.66   
 PW_Basis_Sup        gathers_scatterp                   3.88   493      0.01   0.92   
 ModuleIO            read_rhog                          0.93   1        0.93   0.22   
 Potential           init_pot                           1.96   1        1.96   0.46   
 Potential           update_from_charge                 271.63 83       3.27   64.18  
 Potential           cal_fixed_v                        0.20   1        0.20   0.05   
 PotLocal            cal_fixed_v                        0.19   1        0.19   0.05   
 Potential           cal_v_eff                          269.28 83       3.24   63.63  
 H_Hartree_pw        v_hartree                          26.47  83       0.32   6.26   
 PW_Basis_Sup        real2recip                         16.52  519      0.03   3.90   
 PW_Basis_Sup        gatherp_scatters                   2.11   519      0.00   0.50   
 PotXC               cal_v_eff                          236.73 83       2.85   55.93  
 XC_Functional       v_xc                               176.69 52       3.40   41.75  
 Potential           interpolate_vrs                    2.14   83       0.03   0.51   
 H_Ewald_pw          compute_ewald                      0.30   1        0.30   0.07   
 HSolverLCAO         solve                              17.13  82       0.21   4.05   
 HamiltLCAO          updateHk                           4.74   82       0.06   1.12   
 OperatorLCAO        init                               4.72   328      0.01   1.12   
 Veff                contributeHR                       4.71   82       0.06   1.11   
 Gint_interface      cal_gint                           9.29   164      0.06   2.19   
 Gint_interface      cal_gint_vlocal                    4.68   82       0.06   1.11   
 Gint_Tools          cal_psir_ylm                       6.18   171648   0.00   1.46   
 Gint_k              transfer_pvpR                      0.00   82       0.00   0.00   
 OverlapNew          calculate_SR                       0.00   1        0.00   0.00   
 OverlapNew          contributeHk                       0.00   82       0.00   0.00   
 EkineticNew         contributeHR                       0.00   82       0.00   0.00   
 EkineticNew         calculate_HR                       0.00   1        0.00   0.00   
 NonlocalNew         contributeHR                       0.01   82       0.00   0.00   
 NonlocalNew         calculate_HR                       0.01   1        0.01   0.00   
 OperatorLCAO        contributeHk                       0.00   82       0.00   0.00   
 HSolverLCAO         hamiltSolvePsiK                    0.38   82       0.00   0.09   
 DiagoElpa           elpa_solve                         0.35   82       0.00   0.08   
 elecstate           cal_dm                             0.01   82       0.00   0.00   
 psiMulPsiMpi        pdgemm                             0.01   82       0.00   0.00   
 DensityMatrix       cal_DMR                            0.01   82       0.00   0.00   
 ElecStateLCAO       psiToRho                           11.99  82       0.15   2.83   
 Gint                transfer_DMR                       0.01   82       0.00   0.00   
 Gint_interface      cal_gint_rho                       4.58   82       0.06   1.08   
 Charge_Mixing       get_drho                           0.34   82       0.00   0.08   
 Charge              mix_rho                            35.42  74       0.48   8.37   
 Charge              Pulay_mixing                       1.87   74       0.03   0.44   
 ModuleIO            write_rhog                         8.65   8        1.08   2.04   
 RI_2D_Comm          split_m2D_ktoR                     0.00   7        0.00   0.00   
 Exx_LRI             cal_exx_elec                       0.75   7        0.11   0.18   
 RI_2D_Comm          add_HexxR                          0.00   62       0.00   0.00   
 XC_Functional_Libxc v_xc_libxc                         204.71 62       3.30   48.37  
 ESolver_KS_LCAO     after_scf                          4.55   1        4.55   1.07   
 Charge              atomic_rho                         0.27   1        0.27   0.06   
 ModuleIO            save_sparse                        0.00   1        0.00   0.00   
 ESolver_KS_LCAO     after_all_runners                  0.00   1        0.00   0.00   
 ModuleIO            write_istate_info                  0.00   1        0.00   0.00   
--------------------------------------------------------------------------------------


 NAME-------------------------|MEMORY(MB)--------
                         total          6187.
                    ORB::Jl(x)          5063.
                  SF::strucFac          222.5
                      Chg::rho          109.5
                 Chg::rho_save          109.5
                 Chg::rho_core          109.5
                 Pot::veff_fix          109.5
                     Pot::veff          109.5
              Pot::veff_smooth          109.5
                     Chg::rhog          55.63
                Chg::rhog_save          55.63
                Chg::rhog_core          55.63
                  PW_B_K::gcar          20.87
                   PW_B_K::gk2          6.957
               GT::ind_bigcell          6.927
         GT::in_this_processor          6.927
              GT::index2normal          6.927
               GT::index2ucell          6.927
       TwoCenterTable: Kinetic          3.071
       TwoCenterTable: Overlap          3.071
                 GT::start_ind          2.027
            GT::how_many_atoms          2.027
               GT::bcell_start          2.027
            GT::how many atoms          2.027
      GT::bigcell_on_processor          1.732
      TwoCenterTable: Nonlocal          1.551
 -------------   < 1.0 MB has been ignored ----------------
 ----------------------------------------------------------

 Start  Time  : Wed Sep  2 22:23:15 2026
 Finish Time  : Wed Sep  2 22:30:18 2026
 Total  Time  : 0 h 7 mins 3 secs 
