 In SCAN_END, can't find: </PP_RELWFC.1> block.
 In SCAN_END, can't find: </PP_RELWFC.2> block.
 In SCAN_END, can't find: </PP_RELWFC.3> block.
 In SCAN_END, can't find: </PP_RELWFC.4> block.
 In SCAN_END, can't find: </PP_RELBETA.1> block.
 In SCAN_END, can't find: </PP_RELBETA.2> block.
 In SCAN_END, can't find: </PP_RELBETA.3> block.
 In SCAN_END, can't find: </PP_RELBETA.4> block.
 In SCAN_END, can't find: </PP_RELBETA.5> block.
 In SCAN_END, can't find: </PP_RELBETA.6> block.
 In SCAN_END, can't find: </PP_RELBETA.7> block.
 In SCAN_END, can't find: </PP_RELBETA.8> block.
 In SCAN_END, can't find: </PP_RELBETA.9> block.
 In SCAN_END, can't find: </PP_RELBETA.10> block.
 In SCAN_END, can't find: </PP_SPIN_ORB> block.
 dft_functional readin is: pbesol
 dft_functional in pseudopot file is: PBE
 Please make sure this is what you need
 In SCAN_END, can't find: </PP_RELWFC.1> block.
 In SCAN_END, can't find: </PP_RELWFC.2> block.
 In SCAN_END, can't find: </PP_RELWFC.3> block.
 In SCAN_END, can't find: </PP_RELWFC.4> block.
 In SCAN_END, can't find: </PP_RELWFC.5> block.
 In SCAN_END, can't find: </PP_RELWFC.6> block.
 In SCAN_END, can't find: </PP_RELBETA.1> block.
 In SCAN_END, can't find: </PP_RELBETA.2> block.
 In SCAN_END, can't find: </PP_RELBETA.3> block.
 In SCAN_END, can't find: </PP_RELBETA.4> block.
 In SCAN_END, can't find: </PP_RELBETA.5> block.
 In SCAN_END, can't find: </PP_RELBETA.6> block.
 In SCAN_END, can't find: </PP_RELBETA.7> block.
 In SCAN_END, can't find: </PP_RELBETA.8> block.
 In SCAN_END, can't find: </PP_RELBETA.9> block.
 In SCAN_END, can't find: </PP_RELBETA.10> block.
 In SCAN_END, can't find: </PP_SPIN_ORB> block.
 dft_functional readin is: pbesol
 dft_functional in pseudopot file is: PBE
 Please make sure this is what you need
 In SCAN_END, can't find: </PP_RELWFC.1> block.
 In SCAN_END, can't find: </PP_RELWFC.2> block.
 In SCAN_END, can't find: </PP_RELWFC.3> block.
 In SCAN_END, can't find: </PP_RELBETA.1> block.
 In SCAN_END, can't find: </PP_RELBETA.2> block.
 In SCAN_END, can't find: </PP_RELBETA.3> block.
 In SCAN_END, can't find: </PP_RELBETA.4> block.
 In SCAN_END, can't find: </PP_RELBETA.5> block.
 In SCAN_END, can't find: </PP_RELBETA.6> block.
 In SCAN_END, can't find: </PP_RELBETA.7> block.
 In SCAN_END, can't find: </PP_RELBETA.8> block.
 In SCAN_END, can't find: </PP_SPIN_ORB> block.
 dft_functional readin is: pbesol
 dft_functional in pseudopot file is: PBE
 Please make sure this is what you need
 AUTO_SET NBANDS to 30
 AUTO_SET NBANDS to 30
      Processor           Atom
              1             60
 ModuleIO::read_rhog  warning : Can't open file OUT.POLAR//POLAR-CHARGE-DENSITY.restart
                            startmag_type = 2
                       charge from rho_at = 9.99984
                         charge should be = 10
                            startmag_type = 2
                       charge from rho_at = 12
                         charge should be = 12
                            startmag_type = 2
                       charge from rho_at = 6
                         charge should be = 6

 SETUP ATOMIC RHO FOR SPIN 1
                 Electron number from rho = 40
           total electron number from rho = 40
                                should be = 40
                 charge before normalized = 40
                  charge after normalized = 40
                 charge before normalized = 39.9999992031818
                  charge after normalized = 40.0000000000004
                 charge before normalized = 40
                  charge after normalized = 40
                 charge before normalized = 40.000000039191
                  charge after normalized = 39.9999999999996
                 charge before normalized = 40.0000000000002
                  charge after normalized = 40
                 charge before normalized = 39.9999991816973
                  charge after normalized = 40.0000000000014
                 charge before normalized = 40.0000000000003
                  charge after normalized = 40
                 charge before normalized = 39.9999992900582
                  charge after normalized = 40
                 charge before normalized = 40
                  charge after normalized = 40
                 charge before normalized = 39.9999994549901
                  charge after normalized = 40.0000000000003
                 charge before normalized = 39.9999999999998
                  charge after normalized = 40
                 charge before normalized = 39.9999995108509
                  charge after normalized = 39.9999999999992
                 charge before normalized = 39.9999999999987
                  charge after normalized = 40.0000000000001
                 charge before normalized = 39.9999995028651
                  charge after normalized = 39.9999999999998
                 charge before normalized = 40.0000000000017
                  charge after normalized = 40
                 charge before normalized = 39.9999994988077
                  charge after normalized = 40.0000000000003
                 charge before normalized = 40.000000000001
                  charge after normalized = 40
                 charge before normalized = 39.9999994986892
                  charge after normalized = 40.0000000000006
                 charge before normalized = 39.9999999999995
                  charge after normalized = 40.0000000000001
                 charge before normalized = 39.999999498915
                  charge after normalized = 39.9999999999998
                 charge before normalized = 40.0000000000006
                  charge after normalized = 40
                 charge before normalized = 39.9999994987918
                  charge after normalized = 39.9999999999997
                 charge before normalized = 39.9999999999988
                  charge after normalized = 40.0000000000001
                 charge before normalized = 39.9999994987723
                  charge after normalized = 40
                 charge before normalized = 40.0000000000009
                  charge after normalized = 40
                 charge before normalized = 39.9999994987755
                  charge after normalized = 39.9999999999995
                            startmag_type = 2
                       charge from rho_at = 9.99984437259022
                         charge should be = 10
                            startmag_type = 2
                       charge from rho_at = 11.9999945058124
                         charge should be = 12
                            startmag_type = 2
                       charge from rho_at = 5.99999614925575
                         charge should be = 6

 SETUP ATOMIC RHO FOR SPIN 1
                 Electron number from rho = 39.9999999999995
           total electron number from rho = 39.9999999999995
                                should be = 40
