                                                                                     
                              ABACUS v3.10.0

               Atomic-orbital Based Ab-initio Computation at UStc                    

                     Website: http://abacus.ustc.edu.cn/                             
               Documentation: https://abacus.deepmodeling.com/                       
                  Repository: https://github.com/abacusmodeling/abacus-develop       
                              https://github.com/deepmodeling/abacus-develop         
                      Commit: e84abb4 (Sat Jun 28 13:06:46 2025 +0800)

    Start Time is Fri Sep  4 17:33:29 2026
                                                                                     
 ------------------------------------------------------------------------------------

 READING GENERAL INFORMATION
                           global_out_dir = OUT.CH4/
                           global_in_card = INPUT
                               pseudo_dir = ./
                              orbital_dir = ./
                                    DRANK = 1
                                    DSIZE = 1
                                   DCOLOR = 1
                                    GRANK = 1
                                    GSIZE = 1




 >>>>>>>>>>>>>>>>>>>>>>>>>>>>>>>>>>>>>>>>>>>>>>>>>>>>>>>>>>>>>>>>>>>>>>
 |                                                                    |
 | Reading atom information in unitcell:                              |
 | From the input file and the structure file we know the number of   |
 | different elments in this unitcell, then we list the detail        |
 | information for each element, especially the zeta and polar atomic |
 | orbital number for each element. The total atom number is counted. |
 | We calculate the nearest atom distance for each atom and show the  |
 | Cartesian and Direct coordinates for each atom. We list the file   |
 | address for atomic orbitals. The volume and the lattice vectors    |
 | in real and reciprocal space is also shown.                        |
 |                                                                    |
 <<<<<<<<<<<<<<<<<<<<<<<<<<<<<<<<<<<<<<<<<<<<<<<<<<<<<<<<<<<<<<<<<<<<<<




 READING UNITCELL INFORMATION
                                    ntype = 2
                  lattice constant (Bohr) = 1.88973
              lattice constant (Angstrom) = 1

 READING ATOM TYPE 1
                               atom label = C
                      L=0, number of zeta = 3
                      L=1, number of zeta = 3
                      L=2, number of zeta = 2
             number of atom for this type = 1

 READING ATOM TYPE 2
                               atom label = H
                      L=0, number of zeta = 3
                      L=1, number of zeta = 2
             number of atom for this type = 4

                        TOTAL ATOM NUMBER = 5
DIRECT COORDINATES
    atom                   x                   y                   z     mag                  vx                  vy                  vz
taud_C1            0.5000000002        0.5000000002        0.5000000002  0.0000        0.0000000000        0.0000000000        0.0000000000
taud_H1            0.5315984584        0.5315984584        0.5315984584  0.0000        0.0000000000        0.0000000000        0.0000000000
taud_H2            0.5315984584        0.4684015420        0.4684015420  0.0000        0.0000000000        0.0000000000        0.0000000000
taud_H3            0.4684015420        0.5315984584        0.4684015420  0.0000        0.0000000000        0.0000000000        0.0000000000
taud_H4            0.4684015420        0.4684015420        0.5315984584  0.0000        0.0000000000        0.0000000000        0.0000000000



                          Volume (Bohr^3) = 53986.7
                             Volume (A^3) = 7999.99

 Lattice vectors: (Cartesian coordinate: in unit of a_0)
                  +20                  +0                  +0
                   +0                 +20                  +0
                   +0                  +0                 +20
 Reciprocal vectors: (Cartesian coordinate: in unit of 2 pi/a_0)
                +0.05                  -0                  +0
                   -0               +0.05                  -0
                   +0                  -0               +0.05
 The esolver type has been set to : ksdft_lcao

 RUNNING WITH DEVICE  : CPU / Intel(R) Xeon(R) Gold 6248 CPU @ 2.50GHz




 >>>>>>>>>>>>>>>>>>>>>>>>>>>>>>>>>>>>>>>>>>>>>>>>>>>>>>>>>>>>>>>>>>>>>>
 |                                                                    |
 | Reading pseudopotentials files:                                    |
 | The pseudopotential file is in UPF format. The 'NC' indicates that |
 | the type of pseudopotential is 'norm conserving'. Functional of    |
 | exchange and correlation is decided by 4 given parameters in UPF   |
 | file.  We also read in the 'core correction' if there exists.      |
 | Also we can read the valence electrons number and the maximal      |
 | angular momentum used in this pseudopotential. We also read in the |
 | trail wave function, trail atomic density and local-pseudopotential|
 | on logrithmic grid. The non-local pseudopotential projector is also|
 | read in if there is any.                                           |
 |                                                                    |
 <<<<<<<<<<<<<<<<<<<<<<<<<<<<<<<<<<<<<<<<<<<<<<<<<<<<<<<<<<<<<<<<<<<<<<




                PAO radial cut off (Bohr) = 15

 Read in pseudopotential file is C.upf
                     pseudopotential type = NC
          exchange-correlation functional = PBE
                 nonlocal core correction = 1
                        valence electrons = 4
                                     lmax = 1
                           number of zeta = 2
                     number of projectors = 4
                           L of projector = 0
                           L of projector = 0
                           L of projector = 1
                           L of projector = 1
                PAO radial cut off (Bohr) = 15

 Read in pseudopotential file is H.upf
                     pseudopotential type = NC
          exchange-correlation functional = PBE
                 nonlocal core correction = 0
                        valence electrons = 1
                                     lmax = 1
                           number of zeta = 1
                     number of projectors = 3
                           L of projector = 0
                           L of projector = 0
                           L of projector = 1
     initial pseudo atomic orbital number = 8

 SETUP THE ELECTRONS NUMBER
             electron number of element C = 4
       total electron number of element C = 4
             electron number of element H = 1
       total electron number of element H = 4
            AUTOSET number of electrons:  = 8
                           occupied bands = 4
                                   NLOCAL = 58
                                   NBANDS = 14
                                   NBANDS = 14
                                   NLOCAL = 58




 >>>>>>>>>>>>>>>>>>>>>>>>>>>>>>>>>>>>>>>>>>>>>>>>>>>>>>>>>>>>>>>>>>>>>>
 |                                                                    |
 | Setup plane waves of charge/potential:                             |
 | Use the energy cutoff and the lattice vectors to generate the      |
 | dimensions of FFT grid. The number of FFT grid on each processor   |
 | is 'nrxx'. The number of plane wave basis in reciprocal space is   |
 | different for charege/potential and wave functions. We also set    |
 | the 'sticks' for the parallel of FFT. The number of plane waves    |
 | is 'npw' in each processor.                                        |
 <<<<<<<<<<<<<<<<<<<<<<<<<<<<<<<<<<<<<<<<<<<<<<<<<<<<<<<<<<<<<<<<<<<<<<





 SETUP THE PLANE WAVE BASIS
 energy cutoff for charge/potential (unit:Ry) = 400
            fft grid for charge/potential = [ 243, 243, 243 ]
                        fft grid division = [ 3, 3, 3 ]
        big fft grid for charge/potential = [ 81, 81, 81 ]
                                     nbxx = 531441
                                     nrxx = 14348907

 SETUP PLANE WAVES FOR CHARGE/POTENTIAL
                    number of plane waves = 7292125
                         number of sticks = 45461

 PARALLEL PW FOR CHARGE/POTENTIAL
     PROC   COLUMNS(POT)             PW
        1          45461        7292125
 --------------- sum -------------------
        1          45461        7292125
                            number of |g| = 12063
                                  max |g| = 36.18
                                  min |g| = 0
 DONE : SETUP UNITCELL Time : 2.12766 (SEC)


----------- Double Check Mixing Parameters Begin ------------
mixing_type: pulay
mixing_beta: 0.2
mixing_gg0: 1
mixing_gg0_min: 0.1
mixing_ndim: 20
----------- Double Check Mixing Parameters End ------------




 >>>>>>>>>>>>>>>>>>>>>>>>>>>>>>>>>>>>>>>>>>>>>>>>>>>>>>>>>>>>>>>>>>>>>>
 |                                                                    |
 | Doing symmetry analysis:                                           |
 | We calculate the norm of 3 vectors and the angles between them,    |
 | the type of Bravais lattice is given. We can judge if the unticell |
 | is a primitive cell. Finally we give the point group operation for |
 | this unitcell. We use the point group operations to do symmetry |
 | analysis on given k-point mesh and the charge density.             |
 |                                                                    |
 <<<<<<<<<<<<<<<<<<<<<<<<<<<<<<<<<<<<<<<<<<<<<<<<<<<<<<<<<<<<<<<<<<<<<<




 LATTICE VECTORS: (CARTESIAN COORDINATE: IN UNIT OF A0)
                  +20                  +0                  +0
                   +0                 +20                  +0
                   +0                  +0                 +20
                       right hand lattice = 1
                                   NORM_A = 20
                                   NORM_B = 20
                                   NORM_C = 20
                           ALPHA (DEGREE) = 90
                           BETA  (DEGREE) = 90
                           GAMMA (DEGREE) = 90

 The lattice vectors have been changed (STRU_SIMPLE.cif)

(for optimal symmetric configuration:)
                             BRAVAIS TYPE = 1
                     BRAVAIS LATTICE NAME = 01. Cubic P (simple)
                                    ibrav = 1
                                    IBRAV = 1
                                  BRAVAIS = SIMPLE CUBIC
                       LATTICE CONSTANT A = 20
Original cell was already a primitive cell.
                        ROTATION MATRICES = 48
              PURE POINT GROUP OPERATIONS = 24
                   SPACE GROUP OPERATIONS = 24
                                       C2 = 3
                                       C3 = 8
                                       C4 = 0
                                       C6 = 0
                                       S1 = 6
                                       S3 = 0
                                       S4 = 6
                                       S6 = 0
                              POINT GROUP = T_d
                                       C2 = 3
                                       C3 = 8
                                       C4 = 0
                                       C6 = 0
                                       S1 = 6
                                       S3 = 0
                                       S4 = 6
                                       S6 = 0
               POINT GROUP IN SPACE GROUP = T_d
 DONE : SYMMETRY Time : 2.1526 (SEC)





 >>>>>>>>>>>>>>>>>>>>>>>>>>>>>>>>>>>>>>>>>>>>>>>>>>>>>>>>>>>>>>>>>>>>>>
 |                                                                    |
 | Setup K-points                                                     |
 | We setup the k-points according to input parameters.               |
 | The reduced k-points are set according to symmetry operations.     |
 | We treat the spin as another set of k-points.                      |
 |                                                                    |
 <<<<<<<<<<<<<<<<<<<<<<<<<<<<<<<<<<<<<<<<<<<<<<<<<<<<<<<<<<<<<<<<<<<<<<





 SETUP K-POINTS
                                    nspin = 1
                   Input type of k points = Monkhorst-Pack(Gamma)
                                   nkstot = 1
                       right hand lattice = 1
(for reciprocal lattice: )
                             BRAVAIS TYPE = 1
                     BRAVAIS LATTICE NAME = 01. Cubic P (simple)
                                    ibrav = 1
                       right hand lattice = 1
(for k-lattice: )
                             BRAVAIS TYPE = 1
                     BRAVAIS LATTICE NAME = 01. Cubic P (simple)
                                    ibrav = 1
                       right hand lattice = 1
                        ROTATION MATRICES = 48
                               nkstot_ibz = 1
K-POINTS REDUCTION ACCORDING TO SYMMETRY
     IBZ    DIRECT_X    DIRECT_Y    DIRECT_Z  WEIGHT  ibz2bz
       1  0.00000000  0.00000000  0.00000000  1.0000       0

                               nkstot now = 1
K-POINTS DIRECT COORDINATES
 KPOINTS    DIRECT_X    DIRECT_Y    DIRECT_Z  WEIGHT
       1  0.00000000  0.00000000  0.00000000  1.0000


           k-point number in this process = 1
       minimum distributed K point number = 1
starsize: 1
isym: 0 ks_vec: 0 0 0

K-POINTS CARTESIAN COORDINATES
 KPOINTS CARTESIAN_X CARTESIAN_Y CARTESIAN_Z  WEIGHT
       1  0.00000000  0.00000000  0.00000000  2.0000


K-POINTS DIRECT COORDINATES
 KPOINTS    DIRECT_X    DIRECT_Y    DIRECT_Z  WEIGHT
       1  0.00000000  0.00000000  0.00000000  2.0000

 DONE : INIT K-POINTS Time : 2.22702 (SEC)


 Warning_Memory_Consuming allocated:  PW_B_K::gk2 6.95734 MB

 Warning_Memory_Consuming allocated:  PW_B_K::gcar 20.872 MB




 >>>>>>>>>>>>>>>>>>>>>>>>>>>>>>>>>>>>>>>>>>>>>>>>>>>>>>>>>>>>>>>>>>>>>>
 |                                                                    |
 | Setup plane waves of wave functions:                               |
 | Use the energy cutoff and the lattice vectors to generate the      |
 | dimensions of FFT grid. The number of FFT grid on each processor   |
 | is 'nrxx'. The number of plane wave basis in reciprocal space is   |
 | different for charege/potential and wave functions. We also set    |
 | the 'sticks' for the parallel of FFT. The number of plane wave of  |
 | each k-point is 'npwk[ik]' in each processor                       |
 <<<<<<<<<<<<<<<<<<<<<<<<<<<<<<<<<<<<<<<<<<<<<<<<<<<<<<<<<<<<<<<<<<<<<<





 SETUP PLANE WAVES FOR WAVE FUNCTIONS
     energy cutoff for wavefunc (unit:Ry) = 100
              fft grid for wave functions = [ 243, 243, 243 ]
                    number of plane waves = 911913
                         number of sticks = 11369

 PARALLEL PW FOR WAVE FUNCTIONS
     PROC   COLUMNS(POT)             PW
        1          11369         911913
 --------------- sum -------------------
        1          11369         911913
 DONE : INIT PLANEWAVE Time : 2.37489 (SEC)


 Warning_Memory_Consuming allocated:  SF::strucFac 222.538 MB
 SET NONLOCAL PSEUDOPOTENTIAL PROJECTORS
 SET NONLOCAL PSEUDOPOTENTIAL PROJECTORS
 max number of nonlocal projetors among all species is 4
 DONE : LOCAL POTENTIAL Time : 2.69629 (SEC)


 Warning_Memory_Consuming allocated:  Chg::rho 109.473 MB

 Warning_Memory_Consuming allocated:  Chg::rho_save 109.473 MB

 Warning_Memory_Consuming allocated:  Chg::rhog 55.6345 MB

 Warning_Memory_Consuming allocated:  Chg::rhog_save 55.6345 MB

 Warning_Memory_Consuming allocated:  Chg::rho_core 109.473 MB

 Warning_Memory_Consuming allocated:  Chg::rhog_core 55.6345 MB

 Warning_Memory_Consuming allocated:  Pot::veff_fix 109.473 MB

 Warning_Memory_Consuming allocated:  Pot::veff 109.473 MB

 Warning_Memory_Consuming allocated:  Pot::veff_smooth 109.473 MB

 -------------------------------------------
 SELF-CONSISTENT
 -------------------------------------------




 >>>>>>>>>>>>>>>>>>>>>>>>>>>>>>>>>>>>>>>>>>>>>>>>>>>>>>>>>>>>>>>>>>>>>>
 |                                                                    |
 | Search adjacent atoms:                                             |
 | Set the adjacent atoms for each atom and set the periodic boundary |
 | condition for the atoms on real space FFT grid. For k-dependent    |
 | algorithm, we also need to set the sparse H and S matrix element   |
 | for each atom.                                                     |
 |                                                                    |
 <<<<<<<<<<<<<<<<<<<<<<<<<<<<<<<<<<<<<<<<<<<<<<<<<<<<<<<<<<<<<<<<<<<<<<





 SETUP SEARCHING RADIUS FOR PROGRAM TO SEARCH ADJACENT ATOMS
                  longest orb rcut (Bohr) = 9
   longest nonlocal projector rcut (Bohr) = 1.3
                     search radius (Bohr) = 20.6
              searching radius is (Bohr)) = 20.6
         searching radius unit is (Bohr)) = 1.89
                         PeriodicBoundary = 1
                        Radius(unit:lat0) = 10.9
                                   glayer = [ 2, 2, 2 ]
                             glayer_minus = [ 1, 1, 1 ]

Find the coordinate range of the input atom(unit:lat0).
                                  min_tau = [ -10.6, -10.6, -10.6 ]
                                  max_tau = [ 30.6, 30.6, 30.6 ]
                                BoxNumber = [ 3, 3, 3 ]

 SETUP EXTENDED REAL SPACE GRID FOR GRID INTEGRATION
                          real space grid = [ 243, 243, 243 ]
                 big cell numbers in grid = [ 81, 81, 81 ]
             meshcell numbers in big cell = [ 3, 3, 3 ]
                        extended fft grid = [ 20, 20, 20 ]
                dimension of extened grid = [ 122, 122, 122 ]
                            UnitCellTotal = 27

 Warning_Memory_Consuming allocated:  GT::ind_bigcell 6.93 MB

 Warning_Memory_Consuming allocated:  GT::in_this_processor 6.93 MB

 Warning_Memory_Consuming allocated:  GT::index2normal 6.93 MB

 Warning_Memory_Consuming allocated:  GT::index2ucell 6.93 MB
              Atom number in sub-FFT-grid = 5
    Local orbitals number in sub-FFT-grid = 58
                                ParaV.nnr = 3364
                                 init_chg = auto
 try to read charge from file
!!! Couldn't find the file: OUT.CH4//SPIN1_CHG.cube
 DONE : INIT SCF Time : 6.12502 (SEC)


 LCAO ALGORITHM --------------- ION=   1  ELEC=   1--------------------------------

 Density error is 0.350643341566
----------------------------------------------------------
     Energy           Rydberg                 eV          
----------------------------------------------------------
 E_KohnSham     -16.9135582606       -230.1207657989      
 E_Harris       -12.8582855191       -174.9459495707      
 E_Fermi        -1.0721647041        -14.5875491707       
----------------------------------------------------------


 LCAO ALGORITHM --------------- ION=   1  ELEC=   2--------------------------------

 Density error is 0.254477716645
----------------------------------------------------------
     Energy           Rydberg                 eV          
----------------------------------------------------------
 E_KohnSham     -16.7910504027       -228.4539608819      
 E_Harris       -13.8274008039       -188.1314394622      
 E_Fermi        -0.9707881980        -13.2082510438       
----------------------------------------------------------


 LCAO ALGORITHM --------------- ION=   1  ELEC=   3--------------------------------

 Density error is 0.125202707835
----------------------------------------------------------
     Energy           Rydberg                 eV          
----------------------------------------------------------
 E_KohnSham     -16.8051323042       -228.6455549813      
 E_Harris       -15.8342226168       -215.4356509884      
 E_Fermi        -0.8088217031        -11.0045838283       
----------------------------------------------------------


 LCAO ALGORITHM --------------- ION=   1  ELEC=   4--------------------------------

 Density error is 0.0474578038043
----------------------------------------------------------
     Energy           Rydberg                 eV          
----------------------------------------------------------
 E_KohnSham     -16.8053099624       -228.6479721442      
 E_Harris       -16.3908489843       -223.0089412436      
 E_Fermi        -0.7381609472        -10.0431949231       
----------------------------------------------------------


 LCAO ALGORITHM --------------- ION=   1  ELEC=   5--------------------------------

 Density error is 0.0350894482039
----------------------------------------------------------
     Energy           Rydberg                 eV          
----------------------------------------------------------
 E_KohnSham     -16.8049108506       -228.6425419505      
 E_Harris       -16.5281044468       -224.8763976158      
 E_Fermi        -0.7217220732        -9.8195325679        
----------------------------------------------------------


 LCAO ALGORITHM --------------- ION=   1  ELEC=   6--------------------------------

 Density error is 0.0147175661261
----------------------------------------------------------
     Energy           Rydberg                 eV          
----------------------------------------------------------
 E_KohnSham     -16.8050861917       -228.6449275885      
 E_Harris       -16.7358911530       -227.7034807880      
 E_Fermi        -0.6998935941        -9.5225408737        
----------------------------------------------------------


 LCAO ALGORITHM --------------- ION=   1  ELEC=   7--------------------------------

 Density error is 0.0123688606429
----------------------------------------------------------
     Energy           Rydberg                 eV          
----------------------------------------------------------
 E_KohnSham     -16.8052836596       -228.6476142767      
 E_Harris       -16.7932937666       -228.4844834140      
 E_Fermi        -0.6942926252        -9.4463357827        
----------------------------------------------------------


 LCAO ALGORITHM --------------- ION=   1  ELEC=   8--------------------------------

 Density error is 0.00393199453788
----------------------------------------------------------
     Energy           Rydberg                 eV          
----------------------------------------------------------
 E_KohnSham     -16.8053349652       -228.6483123256      
 E_Harris       -16.7993283152       -228.5665876594      
 E_Fermi        -0.6930761967        -9.4297854227        
----------------------------------------------------------


 LCAO ALGORITHM --------------- ION=   1  ELEC=   9--------------------------------

 Density error is 0.00167869689936
----------------------------------------------------------
     Energy           Rydberg                 eV          
----------------------------------------------------------
 E_KohnSham     -16.8053476276       -228.6484846063      
 E_Harris       -16.8009837676       -228.5891112450      
 E_Fermi        -0.6928578481        -9.4268146376        
----------------------------------------------------------


 LCAO ALGORITHM --------------- ION=   1  ELEC=  10--------------------------------

 Density error is 0.000766225044575
----------------------------------------------------------
     Energy           Rydberg                 eV          
----------------------------------------------------------
 E_KohnSham     -16.8053522526       -228.6485475332      
 E_Harris       -16.8049751843       -228.6434172556      
 E_Fermi        -0.6924379622        -9.4211017973        
----------------------------------------------------------


 LCAO ALGORITHM --------------- ION=   1  ELEC=  11--------------------------------

 Density error is 0.000247751728856
----------------------------------------------------------
     Energy           Rydberg                 eV          
----------------------------------------------------------
 E_KohnSham     -16.8053529625       -228.6485571911      
 E_Harris       -16.8056490115       -228.6525851448      
 E_Fermi        -0.6923758975        -9.4202573644        
----------------------------------------------------------


 LCAO ALGORITHM --------------- ION=   1  ELEC=  12--------------------------------

 Density error is 0.000121794560007
----------------------------------------------------------
     Energy           Rydberg                 eV          
----------------------------------------------------------
 E_KohnSham     -16.8053533107       -228.6485619284      
 E_Harris       -16.8052728386       -228.6474670497      
 E_Fermi        -0.6924139789        -9.4207754879        
----------------------------------------------------------


 LCAO ALGORITHM --------------- ION=   1  ELEC=  13--------------------------------

 Density error is 2.1785559617e-05
----------------------------------------------------------
     Energy           Rydberg                 eV          
----------------------------------------------------------
 E_KohnSham     -16.8053533115       -228.6485619391      
 E_Harris       -16.8053342995       -228.6483032679      
 E_Fermi        -0.6924072709        -9.4206842205        
----------------------------------------------------------


 LCAO ALGORITHM --------------- ION=   1  ELEC=  14--------------------------------

 Density error is 1.97979439118e-05
----------------------------------------------------------
     Energy           Rydberg                 eV          
----------------------------------------------------------
 E_KohnSham     -16.8053533259       -228.6485621358      
 E_Harris       -16.8053427477       -228.6484182121      
 E_Fermi        -0.6924066116        -9.4206752511        
----------------------------------------------------------


 LCAO ALGORITHM --------------- ION=   1  ELEC=  15--------------------------------

 Density error is 3.0301342847e-06
----------------------------------------------------------
     Energy           Rydberg                 eV          
----------------------------------------------------------
 E_KohnSham     -16.8053533262       -228.6485621390      
 E_Harris       -16.8053525915       -228.6485521436      
 E_Fermi        -0.6924056642        -9.4206623603        
----------------------------------------------------------


 LCAO ALGORITHM --------------- ION=   1  ELEC=  16--------------------------------

 Density error is 7.88373793521e-07
----------------------------------------------------------
     Energy           Rydberg                 eV          
----------------------------------------------------------
 E_KohnSham     -16.8053533262       -228.6485621395      
 E_Harris       -16.8053549482       -228.6485842082      
 E_Fermi        -0.6924054864        -9.4206599413        
----------------------------------------------------------


 LCAO ALGORITHM --------------- ION=   1  ELEC=  17--------------------------------

 Density error is 4.2626520028e-07
----------------------------------------------------------
     Energy           Rydberg                 eV          
----------------------------------------------------------
 E_KohnSham     -16.8053533262       -228.6485621398      
 E_Harris       -16.8053531540       -228.6485597972      
 E_Fermi        -0.6924055849        -9.4206612818        
----------------------------------------------------------


 LCAO ALGORITHM --------------- ION=   1  ELEC=  18--------------------------------

 Density error is 8.14488884546e-08
----------------------------------------------------------
     Energy           Rydberg                 eV          
----------------------------------------------------------
 E_KohnSham     -16.8053533263       -228.6485621403      
 E_Harris       -16.8053532597       -228.6485612348      
 E_Fermi        -0.6924055928        -9.4206613893        
----------------------------------------------------------


 LCAO ALGORITHM --------------- ION=   1  ELEC=  19--------------------------------

 Density error is 5.77886281245e-08
----------------------------------------------------------
     Energy           Rydberg                 eV          
----------------------------------------------------------
 E_KohnSham     -16.8053533262       -228.6485621402      
 E_Harris       -16.8053532549       -228.6485611700      
 E_Fermi        -0.6924055898        -9.4206613488        
----------------------------------------------------------


 LCAO ALGORITHM --------------- ION=   1  ELEC=  20--------------------------------

 Density error is 1.16421124523e-08
----------------------------------------------------------
     Energy           Rydberg                 eV          
----------------------------------------------------------
 E_KohnSham     -16.8053533263       -228.6485621405      
 E_Harris       -16.8053533473       -228.6485624268      
 E_Fermi        -0.6924055826        -9.4206612502        
----------------------------------------------------------


 LCAO ALGORITHM --------------- ION=   1  ELEC=  21--------------------------------

 Density error is 2.17219814088e-09
----------------------------------------------------------
     Energy           Rydberg                 eV          
----------------------------------------------------------
 E_KohnSham     -16.8053533263       -228.6485621405      
 E_KS(sigma->0) -16.8053533263       -228.6485621405      
 E_Harris       -16.8053533178       -228.6485620254      
 E_band         -6.6566444524        -90.5682941126       
 E_one_elec     -49.4953107530       -673.4182505214      
 E_Hartree      25.5906209988        348.1782609418       
 E_xc           -7.1293823660        -97.0002233988       
 E_Ewald        14.2287187940        193.5916508379       
 E_entropy(-TS) 0.0000000000         0.0000000000         
 E_descf        0.0000000000         0.0000000000         
 E_exx          0.0000000000         0.0000000000         
 E_Fermi        -0.6924055851        -9.4206612840        
----------------------------------------------------------


 charge density convergence is achieved
 final etot is -228.64856214 eV
 EFERMI = -9.420661284 eV

 STATE ENERGY(eV) AND OCCUPATIONS    NSPIN == 1
 1/1 kpoint (Cartesian) = 0.0000 0.0000 0.0000 (911913 pws)
       1       -17.0222        2.00000
       2       -9.42066        2.00000
       3       -9.42066        2.00000
       4       -9.42066        2.00000
       5       0.639516        0.00000
       6        2.08164        0.00000
       7        2.08164        0.00000
       8        2.08164        0.00000
       9        3.10483        0.00000
      10        3.10483        0.00000
      11        3.10483        0.00000
      12        4.52360        0.00000
      13        4.52360        0.00000
      14        8.74169        0.00000


 Warning_Memory_Consuming allocated:  ORB::Jl(x) 737.494 MB
 correction force for each atom along direction 1 is -2.17370e-08
 correction force for each atom along direction 2 is -2.17370e-08
 correction force for each atom along direction 3 is -2.17370e-08
------------------------------------------------------------------------------------------
 TOTAL-FORCE (eV/Angstrom)                                                                
------------------------------------------------------------------------------------------
                        C1         0.0000000000         0.0000000000         0.0000000000 
                        H1        -0.0000210720        -0.0000210720        -0.0000210720 
                        H2        -0.0000210720         0.0000210720         0.0000210720 
                        H3         0.0000210720        -0.0000210720         0.0000210720 
                        H4         0.0000210720         0.0000210720        -0.0000210720 
------------------------------------------------------------------------------------------



 --------------------------------------------
 !FINAL_ETOT_IS -228.6485621404725 eV
 --------------------------------------------


TIME STATISTICS
------------------------------------------------------------------------------------
    CLASS_NAME                    NAME                TIME/s  CALLS   AVG/s  PER/%  
------------------------------------------------------------------------------------
                   total                              72.45  13       5.57   100.00 
 Driver            reading                            0.03   1        0.03   0.05   
 Input_Conv        Convert                            0.00   1        0.00   0.00   
 Driver            driver_line                        72.41  1        72.41  99.95  
 UnitCell          check_tau                          0.00   1        0.00   0.00   
 ESolver_KS_LCAO   before_all_runners                 2.94   1        2.94   4.06   
 PW_Basis_Sup      setuptransform                     0.08   1        0.08   0.11   
 PW_Basis_Sup      distributeg                        0.08   1        0.08   0.11   
 mymath            heapsort                           1.35   441      0.00   1.86   
 Charge_Mixing     init_mixing                        0.00   1        0.00   0.00   
 Symmetry          analy_sys                          0.02   1        0.02   0.03   
 PW_Basis_K        setuptransform                     0.08   1        0.08   0.12   
 PW_Basis_K        distributeg                        0.06   1        0.06   0.08   
 PW_Basis          setup_struc_factor                 0.14   1        0.14   0.20   
 NOrbital_Lm       extra_uniform                      0.59   287      0.00   0.82   
 Mathzone_Add1     SplineD2                           0.00   287      0.00   0.00   
 Mathzone_Add1     Cubic_Spline_Interpolation         0.01   287      0.00   0.01   
 Mathzone_Add1     Uni_Deriv_Phi                      0.57   287      0.00   0.78   
 ppcell_vl         init_vloc                          0.01   1        0.01   0.01   
 Ions              opt_ions                           69.44  1        69.44  95.85  
 ESolver_KS_LCAO   runner                             66.94  1        66.94  92.40  
 ESolver_KS_LCAO   before_scf                         3.14   1        3.14   4.34   
 atom_arrange      search                             0.00   1        0.00   0.00   
 atom_arrange      grid_d.init                        0.00   1        0.00   0.00   
 Grid              Construct_Adjacent_expand          0.00   1        0.00   0.00   
 Grid              Construct_Adjacent_expand_periodic 0.00   5        0.00   0.00   
 Grid_Technique    init                               0.11   1        0.11   0.15   
 Grid_BigCell      grid_expansion_index               0.05   2        0.02   0.07   
 Grid_Driver       Find_atom                          0.00   30       0.00   0.00   
 Record_adj        for_2d                             0.00   1        0.00   0.00   
 LCAO_domain       grid_prepare                       0.00   1        0.00   0.00   
 Veff              initialize_HR                      0.00   1        0.00   0.00   
 OverlapNew        initialize_SR                      0.00   1        0.00   0.00   
 EkineticNew       initialize_HR                      0.00   1        0.00   0.00   
 NonlocalNew       initialize_HR                      0.00   1        0.00   0.00   
 Charge            set_rho_core                       0.28   1        0.28   0.38   
 PW_Basis_Sup      recip2real                         6.95   160      0.04   9.60   
 PW_Basis_Sup      gathers_scatterp                   1.50   160      0.01   2.07   
 ModuleIO          read_rhog                          0.00   1        0.00   0.00   
 Charge            atomic_rho                         0.49   2        0.25   0.68   
 Potential         init_pot                           1.47   1        1.47   2.03   
 Potential         update_from_charge                 27.70  22       1.26   38.23  
 Potential         cal_fixed_v                        0.16   1        0.16   0.22   
 PotLocal          cal_fixed_v                        0.15   1        0.15   0.20   
 Potential         cal_v_eff                          27.03  22       1.23   37.31  
 H_Hartree_pw      v_hartree                          4.76   22       0.22   6.56   
 PW_Basis_Sup      real2recip                         6.20   184      0.03   8.55   
 PW_Basis_Sup      gatherp_scatters                   0.76   184      0.00   1.04   
 PotXC             cal_v_eff                          21.36  22       0.97   29.48  
 XC_Functional     v_xc                               21.84  23       0.95   30.15  
 Potential         interpolate_vrs                    0.51   22       0.02   0.71   
 Symmetry          rhog_symmetry                      6.31   22       0.29   8.71   
 Symmetry          group fft grids                    5.18   22       0.24   7.15   
 H_Ewald_pw        compute_ewald                      0.34   1        0.34   0.47   
 HSolverLCAO       solve                              4.34   21       0.21   5.99   
 HamiltLCAO        updateHk                           1.12   21       0.05   1.54   
 OperatorLCAO      init                               1.11   63       0.02   1.54   
 Veff              contributeHR                       1.10   21       0.05   1.52   
 Gint_interface    cal_gint                           2.37   43       0.06   3.28   
 Gint_interface    cal_gint_vlocal                    1.10   21       0.05   1.52   
 Gint_Tools        cal_psir_ylm                       1.51   42474    0.00   2.09   
 Gint_k            transfer_pvpR                      0.00   21       0.00   0.00   
 OverlapNew        calculate_SR                       0.00   1        0.00   0.00   
 OverlapNew        contributeHk                       0.00   21       0.00   0.00   
 EkineticNew       contributeHR                       0.00   21       0.00   0.00   
 EkineticNew       calculate_HR                       0.00   1        0.00   0.00   
 NonlocalNew       contributeHR                       0.01   21       0.00   0.01   
 NonlocalNew       calculate_HR                       0.01   1        0.01   0.01   
 OperatorLCAO      contributeHk                       0.00   21       0.00   0.00   
 HSolverLCAO       hamiltSolvePsiK                    0.11   21       0.01   0.16   
 DiagoElpa         elpa_solve                         0.10   21       0.00   0.14   
 elecstate         cal_dm                             0.00   22       0.00   0.00   
 psiMulPsiMpi      pdgemm                             0.00   22       0.00   0.00   
 DensityMatrix     cal_DMR                            0.00   22       0.00   0.00   
 ElecStateLCAO     psiToRho                           3.11   21       0.15   4.29   
 Gint              transfer_DMR                       0.00   21       0.00   0.00   
 Gint_interface    cal_gint_rho                       1.20   21       0.06   1.66   
 Charge_Mixing     get_drho                           0.07   21       0.00   0.09   
 Charge            mix_rho                            6.86   20       0.34   9.47   
 Charge            Pulay_mixing                       0.36   20       0.02   0.50   
 ModuleIO          write_rhog                         0.97   1        0.97   1.34   
 ESolver_KS_LCAO   after_scf                          7.93   1        7.93   10.95  
 ModuleIO          output_HSR                         0.01   1        0.01   0.01   
 ModuleIO          save_HSR_sparse                    0.01   1        0.01   0.01   
 cal_r_overlap_R   init                               2.69   1        2.69   3.71   
 ORB_gaunt_table   init_Gaunt_CH                      0.00   1        0.00   0.00   
 ORB_gaunt_table   Calc_Gaunt_CH                      0.00   601      0.00   0.00   
 ORB_gaunt_table   init_Gaunt                         0.00   1        0.00   0.00   
 ORB_gaunt_table   Get_Gaunt_SH                       0.00   6272     0.00   0.00   
 Center2_Orb       cal_ST_Phi12_R                     1.25   601      0.00   1.72   
 cal_r_overlap_R   out_rR_other                       0.02   1        0.02   0.02   
 ESolver_KS_LCAO   cal_force                          2.50   1        2.50   3.45   
 Force_Stress_LCAO getForceStress                     2.50   1        2.50   3.45   
 Forces            cal_force_loc                      0.56   1        0.56   0.78   
 Forces            cal_force_ew                       0.32   1        0.32   0.45   
 Forces            cal_force_cc                       1.38   1        1.38   1.90   
 Forces            cal_force_scc                      0.14   1        0.14   0.19   
 Force_LCAO        ftable                             0.08   1        0.08   0.12   
 Force_LCAO        allocate                           0.01   1        0.01   0.01   
 LCAO_domain       build_ST_new                       0.01   2        0.00   0.01   
 Force_LCAO        cal_pulay_fs_center2               0.00   2        0.00   0.00   
 Gint_interface    cal_gint_force                     0.07   1        0.07   0.10   
 Gint_Tools        cal_dpsir_ylm                      0.04   976      0.00   0.06   
 NonlocalNew       cal_force_stress                   0.00   1        0.00   0.00   
 ESolver_KS_LCAO   after_all_runners                  0.00   1        0.00   0.00   
 ModuleIO          write_istate_info                  0.00   1        0.00   0.00   
------------------------------------------------------------------------------------


 NAME-------------------------|MEMORY(MB)--------
                         total          1860.
                    ORB::Jl(x)          737.5
                  SF::strucFac          222.5
                      Chg::rho          109.5
                 Chg::rho_save          109.5
                 Chg::rho_core          109.5
                 Pot::veff_fix          109.5
                     Pot::veff          109.5
              Pot::veff_smooth          109.5
                     Chg::rhog          55.63
                Chg::rhog_save          55.63
                Chg::rhog_core          55.63
                  PW_B_K::gcar          20.87
                   PW_B_K::gk2          6.957
               GT::ind_bigcell          6.927
         GT::in_this_processor          6.927
              GT::index2normal          6.927
               GT::index2ucell          6.927
       TwoCenterTable: Kinetic          3.071
       TwoCenterTable: Overlap          3.071
                 GT::start_ind          2.027
            GT::how_many_atoms          2.027
               GT::bcell_start          2.027
            GT::how many atoms          2.027
      GT::bigcell_on_processor          1.732
      TwoCenterTable: Nonlocal          1.551
 -------------   < 1.0 MB has been ignored ----------------
 ----------------------------------------------------------

 Start  Time  : Fri Sep  4 17:33:29 2026
 Finish Time  : Fri Sep  4 17:34:41 2026
 Total  Time  : 0 h 1 mins 12 secs 
