program start at Tue Sep  1 11:25:37 2026
processor number is 20

ABACUS CSR matrices were converted to pyatb atom-pair HDF5 files:
 >> HR : /home/zhuxd/abacus/zstar_validation/hfo2_pbesol_tzdp9_20260901/phonon_gamma/raman_low/mode-0007/plus/pyatb/data-HR-sparse_SPIN0_atom_pairs.h5
 >> SR : /home/zhuxd/abacus/zstar_validation/hfo2_pbesol_tzdp9_20260901/phonon_gamma/raman_low/mode-0007/plus/pyatb/data-SR-sparse_SPIN0_atom_pairs.h5
 >> rR : /home/zhuxd/abacus/zstar_validation/hfo2_pbesol_tzdp9_20260901/phonon_gamma/raman_low/mode-0007/plus/pyatb/data-rR-sparse_atom_pairs.h5


------------------------------------------------------
|                                                    |
|                     Structure                      |
|                                                    |
------------------------------------------------------

Lattice Constant : 1.000000 Angstrom
Symmetry Standardization : disabled
Lattice Vector   : 
       3.556519        0.000000        0.000000 
       0.000000        3.556519        0.000000 
       0.000000        0.000000        5.134867 


------------------------------------------------------
|                                                    |
|               Optical Conductivity                 |
|                                                    |
------------------------------------------------------


Parameter setting : 
 >> occ_band                      : 24
 >> static_dielectric_only        : 1

Enter the optical_conductivity calculation module ==> 
 >> Calculated        800 k points, took 2.826716e+00 s
 >> Calculated        800 k points, took 2.810201e+00 s
 >> Calculated        800 k points, took 2.803473e+00 s
 >> Calculated        800 k points, took 2.818591e+00 s
 >> Calculated        800 k points, took 2.803036e+00 s
 >> Calculated        800 k points, took 2.851736e+00 s
 >> Calculated        800 k points, took 2.849712e+00 s
 >> Calculated        800 k points, took 2.854955e+00 s
 >> Calculated        800 k points, took 2.855939e+00 s
 >> Calculated        800 k points, took 2.857644e+00 s
 >> Calculated        800 k points, took 2.856515e+00 s
 >> Calculated        800 k points, took 2.858932e+00 s
 >> Calculated        800 k points, took 2.853782e+00 s
 >> Calculated        800 k points, took 2.860911e+00 s
 >> Calculated        800 k points, took 2.859155e+00 s
 >> Calculated        800 k points, took 2.857268e+00 s
 >> Calculated        800 k points, took 2.861634e+00 s
 >> Calculated        800 k points, took 2.857543e+00 s
 >> Calculated        800 k points, took 2.850501e+00 s
 >> Calculated        800 k points, took 2.852267e+00 s
 >> Calculated        800 k points, took 2.857818e+00 s
 >> Calculated        800 k points, took 2.857062e+00 s
 >> Calculated        800 k points, took 2.860990e+00 s
 >> Calculated        800 k points, took 2.863333e+00 s
 >> Calculated        800 k points, took 2.865660e+00 s
 >> Calculated        800 k points, took 2.862558e+00 s
 >> Calculated        800 k points, took 2.861821e+00 s
 >> Calculated        800 k points, took 2.859480e+00 s
 >> Calculated        800 k points, took 2.856576e+00 s
 >> Calculated        800 k points, took 2.857000e+00 s
 >> Calculated        800 k points, took 2.867143e+00 s
 >> Calculated        800 k points, took 2.862602e+00 s
 >> Calculated        800 k points, took 2.858287e+00 s
 >> Calculated        800 k points, took 2.854174e+00 s
 >> Calculated        800 k points, took 2.854070e+00 s
 >> Calculated        800 k points, took 2.857350e+00 s
 >> Calculated        600 k points, took 2.150194e+00 s


------------------------------------------------------
|                                                    |
|                   Time Statistics                  |
|                                                    |
------------------------------------------------------

read_input : 
 >> Read Input File                :    1.981020e-03 s
optical_conductivity : 
 >> calculate optical conductivity :    1.050417e+02 s
Total time : 0 h 1 m 51 s
