                                                                                     
                              ABACUS v3.10.0

               Atomic-orbital Based Ab-initio Computation at UStc                    

                     Website: http://abacus.ustc.edu.cn/                             
               Documentation: https://abacus.deepmodeling.com/                       
                  Repository: https://github.com/abacusmodeling/abacus-develop       
                              https://github.com/deepmodeling/abacus-develop         
                      Commit: e84abb4 (Sat Jun 28 13:06:46 2025 +0800)

    Start Time is Wed Sep  2 21:54:49 2026
                                                                                     
 ------------------------------------------------------------------------------------

 READING GENERAL INFORMATION
                           global_out_dir = OUT.MOLAPT_HSE/
                           global_in_card = INPUT
                               pseudo_dir = ./
                              orbital_dir = ./
                                    DRANK = 1
                                    DSIZE = 1
                                   DCOLOR = 1
                                    GRANK = 1
                                    GSIZE = 1




 >>>>>>>>>>>>>>>>>>>>>>>>>>>>>>>>>>>>>>>>>>>>>>>>>>>>>>>>>>>>>>>>>>>>>>
 |                                                                    |
 | Reading atom information in unitcell:                              |
 | From the input file and the structure file we know the number of   |
 | different elments in this unitcell, then we list the detail        |
 | information for each element, especially the zeta and polar atomic |
 | orbital number for each element. The total atom number is counted. |
 | We calculate the nearest atom distance for each atom and show the  |
 | Cartesian and Direct coordinates for each atom. We list the file   |
 | address for atomic orbitals. The volume and the lattice vectors    |
 | in real and reciprocal space is also shown.                        |
 |                                                                    |
 <<<<<<<<<<<<<<<<<<<<<<<<<<<<<<<<<<<<<<<<<<<<<<<<<<<<<<<<<<<<<<<<<<<<<<




 READING UNITCELL INFORMATION
                                    ntype = 2
                  lattice constant (Bohr) = 1.88973
              lattice constant (Angstrom) = 1

 READING ATOM TYPE 1
                               atom label = C
                      L=0, number of zeta = 3
                      L=1, number of zeta = 3
                      L=2, number of zeta = 2
             number of atom for this type = 1

 READING ATOM TYPE 2
                               atom label = H
                      L=0, number of zeta = 3
                      L=1, number of zeta = 2
             number of atom for this type = 4

                        TOTAL ATOM NUMBER = 5
DIRECT COORDINATES
    atom                   x                   y                   z     mag                  vx                  vy                  vz
taud_C1            0.5000000000        0.5000000000        0.4995000000  0.0000        0.0000000000        0.0000000000        0.0000000000
taud_H1            0.5313789500        0.5313789500        0.5313789500  0.0000        0.0000000000        0.0000000000        0.0000000000
taud_H2            0.4686210500        0.4686210500        0.5313789500  0.0000        0.0000000000        0.0000000000        0.0000000000
taud_H3            0.4686210500        0.5313789500        0.4686210500  0.0000        0.0000000000        0.0000000000        0.0000000000
taud_H4            0.5313789500        0.4686210500        0.4686210500  0.0000        0.0000000000        0.0000000000        0.0000000000



                          Volume (Bohr^3) = 53986.7
                             Volume (A^3) = 7999.99

 Lattice vectors: (Cartesian coordinate: in unit of a_0)
                  +20                  +0                  +0
                   +0                 +20                  +0
                   +0                  +0                 +20
 Reciprocal vectors: (Cartesian coordinate: in unit of 2 pi/a_0)
                +0.05                  -0                  +0
                   -0               +0.05                  -0
                   +0                  -0               +0.05
 The esolver type has been set to : ksdft_lcao

 RUNNING WITH DEVICE  : CPU / Intel(R) Xeon(R) Gold 6248 CPU @ 2.50GHz




 >>>>>>>>>>>>>>>>>>>>>>>>>>>>>>>>>>>>>>>>>>>>>>>>>>>>>>>>>>>>>>>>>>>>>>
 |                                                                    |
 | Reading pseudopotentials files:                                    |
 | The pseudopotential file is in UPF format. The 'NC' indicates that |
 | the type of pseudopotential is 'norm conserving'. Functional of    |
 | exchange and correlation is decided by 4 given parameters in UPF   |
 | file.  We also read in the 'core correction' if there exists.      |
 | Also we can read the valence electrons number and the maximal      |
 | angular momentum used in this pseudopotential. We also read in the |
 | trail wave function, trail atomic density and local-pseudopotential|
 | on logrithmic grid. The non-local pseudopotential projector is also|
 | read in if there is any.                                           |
 |                                                                    |
 <<<<<<<<<<<<<<<<<<<<<<<<<<<<<<<<<<<<<<<<<<<<<<<<<<<<<<<<<<<<<<<<<<<<<<




                PAO radial cut off (Bohr) = 15

 Read in pseudopotential file is C.upf
                     pseudopotential type = NC
          exchange-correlation functional = PBE
                 nonlocal core correction = 1
                        valence electrons = 4
                                     lmax = 1
                           number of zeta = 2
                     number of projectors = 4
                           L of projector = 0
                           L of projector = 0
                           L of projector = 1
                           L of projector = 1
 XC functional updated to : hse
          exchange-correlation functional = HSE
                PAO radial cut off (Bohr) = 15

 Read in pseudopotential file is H.upf
                     pseudopotential type = NC
          exchange-correlation functional = PBE
                 nonlocal core correction = 0
                        valence electrons = 1
                                     lmax = 1
                           number of zeta = 1
                     number of projectors = 3
                           L of projector = 0
                           L of projector = 0
                           L of projector = 1
 XC functional updated to : hse
          exchange-correlation functional = HSE
     initial pseudo atomic orbital number = 8

 SETUP THE ELECTRONS NUMBER
             electron number of element C = 4
       total electron number of element C = 4
             electron number of element H = 1
       total electron number of element H = 4
            AUTOSET number of electrons:  = 8
                           occupied bands = 4
                                   NLOCAL = 58
                                   NBANDS = 14
                                   NBANDS = 14
                                   NLOCAL = 58




 >>>>>>>>>>>>>>>>>>>>>>>>>>>>>>>>>>>>>>>>>>>>>>>>>>>>>>>>>>>>>>>>>>>>>>
 |                                                                    |
 | Setup plane waves of charge/potential:                             |
 | Use the energy cutoff and the lattice vectors to generate the      |
 | dimensions of FFT grid. The number of FFT grid on each processor   |
 | is 'nrxx'. The number of plane wave basis in reciprocal space is   |
 | different for charege/potential and wave functions. We also set    |
 | the 'sticks' for the parallel of FFT. The number of plane waves    |
 | is 'npw' in each processor.                                        |
 <<<<<<<<<<<<<<<<<<<<<<<<<<<<<<<<<<<<<<<<<<<<<<<<<<<<<<<<<<<<<<<<<<<<<<





 SETUP THE PLANE WAVE BASIS
 energy cutoff for charge/potential (unit:Ry) = 400
            fft grid for charge/potential = [ 243, 243, 243 ]
                        fft grid division = [ 3, 3, 3 ]
        big fft grid for charge/potential = [ 81, 81, 81 ]
                                     nbxx = 531441
                                     nrxx = 14348907

 SETUP PLANE WAVES FOR CHARGE/POTENTIAL
                    number of plane waves = 7292125
                         number of sticks = 45461

 PARALLEL PW FOR CHARGE/POTENTIAL
     PROC   COLUMNS(POT)             PW
        1          45461        7292125
 --------------- sum -------------------
        1          45461        7292125
                            number of |g| = 12063
                                  max |g| = 36.18
                                  min |g| = 0
 DONE : SETUP UNITCELL Time : 2.40146 (SEC)


----------- Double Check Mixing Parameters Begin ------------
mixing_type: pulay
mixing_beta: 0.4
mixing_gg0: 1
mixing_gg0_min: 0.1
mixing_ndim: 20
----------- Double Check Mixing Parameters End ------------




 >>>>>>>>>>>>>>>>>>>>>>>>>>>>>>>>>>>>>>>>>>>>>>>>>>>>>>>>>>>>>>>>>>>>>>
 |                                                                    |
 | Setup K-points                                                     |
 | We setup the k-points according to input parameters.               |
 | The reduced k-points are set according to symmetry operations.     |
 | We treat the spin as another set of k-points.                      |
 |                                                                    |
 <<<<<<<<<<<<<<<<<<<<<<<<<<<<<<<<<<<<<<<<<<<<<<<<<<<<<<<<<<<<<<<<<<<<<<





 SETUP K-POINTS
                                    nspin = 1
                   Input type of k points = Monkhorst-Pack(Gamma)
                                   nkstot = 1
                               nkstot_ibz = 1
K-POINTS REDUCTION ACCORDING TO SYMMETRY
     IBZ    DIRECT_X    DIRECT_Y    DIRECT_Z  WEIGHT  ibz2bz
       1  0.00000000  0.00000000  0.00000000  1.0000       0

                               nkstot now = 1
K-POINTS DIRECT COORDINATES
 KPOINTS    DIRECT_X    DIRECT_Y    DIRECT_Z  WEIGHT
       1  0.00000000  0.00000000  0.00000000  1.0000


           k-point number in this process = 1
       minimum distributed K point number = 1

K-POINTS CARTESIAN COORDINATES
 KPOINTS CARTESIAN_X CARTESIAN_Y CARTESIAN_Z  WEIGHT
       1  0.00000000  0.00000000  0.00000000  2.0000


K-POINTS DIRECT COORDINATES
 KPOINTS    DIRECT_X    DIRECT_Y    DIRECT_Z  WEIGHT
       1  0.00000000  0.00000000  0.00000000  2.0000

 DONE : INIT K-POINTS Time : 2.4042 (SEC)


 Warning_Memory_Consuming allocated:  PW_B_K::gk2 6.95734 MB

 Warning_Memory_Consuming allocated:  PW_B_K::gcar 20.872 MB




 >>>>>>>>>>>>>>>>>>>>>>>>>>>>>>>>>>>>>>>>>>>>>>>>>>>>>>>>>>>>>>>>>>>>>>
 |                                                                    |
 | Setup plane waves of wave functions:                               |
 | Use the energy cutoff and the lattice vectors to generate the      |
 | dimensions of FFT grid. The number of FFT grid on each processor   |
 | is 'nrxx'. The number of plane wave basis in reciprocal space is   |
 | different for charege/potential and wave functions. We also set    |
 | the 'sticks' for the parallel of FFT. The number of plane wave of  |
 | each k-point is 'npwk[ik]' in each processor                       |
 <<<<<<<<<<<<<<<<<<<<<<<<<<<<<<<<<<<<<<<<<<<<<<<<<<<<<<<<<<<<<<<<<<<<<<





 SETUP PLANE WAVES FOR WAVE FUNCTIONS
     energy cutoff for wavefunc (unit:Ry) = 100
              fft grid for wave functions = [ 243, 243, 243 ]
                    number of plane waves = 911913
                         number of sticks = 11369

 PARALLEL PW FOR WAVE FUNCTIONS
     PROC   COLUMNS(POT)             PW
        1          11369         911913
 --------------- sum -------------------
        1          11369         911913
 DONE : INIT PLANEWAVE Time : 2.55748 (SEC)


 Warning_Memory_Consuming allocated:  SF::strucFac 222.538 MB
 SET NONLOCAL PSEUDOPOTENTIAL PROJECTORS
 SET NONLOCAL PSEUDOPOTENTIAL PROJECTORS
 max number of nonlocal projetors among all species is 4

 Warning_Memory_Consuming allocated:  ORB::Jl(x) 921.868 MB
 Auxiliary basis functions
		C		8 s		7 p		6 d		4 f		3 g		
		H		6 s		4 p		3 d		

 Warning_Memory_Consuming allocated:  ORB::Jl(x) 5063.37 MB
 DONE : LOCAL POTENTIAL Time : 63.527 (SEC)


 Warning_Memory_Consuming allocated:  Chg::rho 109.473 MB

 Warning_Memory_Consuming allocated:  Chg::rho_save 109.473 MB

 Warning_Memory_Consuming allocated:  Chg::rhog 55.6345 MB

 Warning_Memory_Consuming allocated:  Chg::rhog_save 55.6345 MB

 Warning_Memory_Consuming allocated:  Chg::rho_core 109.473 MB

 Warning_Memory_Consuming allocated:  Chg::rhog_core 55.6345 MB

 Warning_Memory_Consuming allocated:  Pot::veff_fix 109.473 MB

 Warning_Memory_Consuming allocated:  Pot::veff 109.473 MB

 Warning_Memory_Consuming allocated:  Pot::veff_smooth 109.473 MB

 -------------------------------------------
 SELF-CONSISTENT
 -------------------------------------------




 >>>>>>>>>>>>>>>>>>>>>>>>>>>>>>>>>>>>>>>>>>>>>>>>>>>>>>>>>>>>>>>>>>>>>>
 |                                                                    |
 | Search adjacent atoms:                                             |
 | Set the adjacent atoms for each atom and set the periodic boundary |
 | condition for the atoms on real space FFT grid. For k-dependent    |
 | algorithm, we also need to set the sparse H and S matrix element   |
 | for each atom.                                                     |
 |                                                                    |
 <<<<<<<<<<<<<<<<<<<<<<<<<<<<<<<<<<<<<<<<<<<<<<<<<<<<<<<<<<<<<<<<<<<<<<





 SETUP SEARCHING RADIUS FOR PROGRAM TO SEARCH ADJACENT ATOMS
                  longest orb rcut (Bohr) = 9
   longest nonlocal projector rcut (Bohr) = 1.3
                     search radius (Bohr) = 20.6
              searching radius is (Bohr)) = 20.6
         searching radius unit is (Bohr)) = 1.89
                         PeriodicBoundary = 1
                        Radius(unit:lat0) = 10.9
                                   glayer = [ 2, 2, 2 ]
                             glayer_minus = [ 1, 1, 1 ]

Find the coordinate range of the input atom(unit:lat0).
                                  min_tau = [ -10.6, -10.6, -10.6 ]
                                  max_tau = [ 30.6, 30.6, 30.6 ]
                                BoxNumber = [ 3, 3, 3 ]

 SETUP EXTENDED REAL SPACE GRID FOR GRID INTEGRATION
                          real space grid = [ 243, 243, 243 ]
                 big cell numbers in grid = [ 81, 81, 81 ]
             meshcell numbers in big cell = [ 3, 3, 3 ]
                        extended fft grid = [ 20, 20, 20 ]
                dimension of extened grid = [ 122, 122, 122 ]
                            UnitCellTotal = 27

 Warning_Memory_Consuming allocated:  GT::ind_bigcell 6.93 MB

 Warning_Memory_Consuming allocated:  GT::in_this_processor 6.93 MB

 Warning_Memory_Consuming allocated:  GT::index2normal 6.93 MB

 Warning_Memory_Consuming allocated:  GT::index2ucell 6.93 MB
              Atom number in sub-FFT-grid = 5
    Local orbitals number in sub-FFT-grid = 58
                                ParaV.nnr = 3364
                                 init_chg = file
 try to read charge from file
 Read in the charge density: OUT.MOLAPT_HSE//MOLAPT_HSE-CHARGE-DENSITY.restart
 DONE : INIT SCF Time : 68.2602 (SEC)


 LCAO ALGORITHM --------------- ION=   1  ELEC=   1--------------------------------

 Density error is 0.0202679044857
----------------------------------------------------------
     Energy           Rydberg                 eV          
----------------------------------------------------------
 E_KohnSham     -16.8048960135       -228.6423400806      
 E_Harris       -16.7290641415       -227.6105945323      
 E_Fermi        -0.6851292376        -9.3216614976        
----------------------------------------------------------


 LCAO ALGORITHM --------------- ION=   1  ELEC=   2--------------------------------

 Density error is 0.0100317884489
----------------------------------------------------------
     Energy           Rydberg                 eV          
----------------------------------------------------------
 E_KohnSham     -16.8048234373       -228.6413526313      
 E_Harris       -16.8142930247       -228.7701929779      
 E_Fermi        -0.6849265259        -9.3189034639        
----------------------------------------------------------


 LCAO ALGORITHM --------------- ION=   1  ELEC=   3--------------------------------

 Density error is 0.00444848121959
----------------------------------------------------------
     Energy           Rydberg                 eV          
----------------------------------------------------------
 E_KohnSham     -16.8048771641       -228.6420836215      
 E_Harris       -16.8258949528       -228.9280453077      
 E_Fermi        -0.6874051325        -9.3526266369        
----------------------------------------------------------


 LCAO ALGORITHM --------------- ION=   1  ELEC=   4--------------------------------

 Density error is 0.00286031296789
----------------------------------------------------------
     Energy           Rydberg                 eV          
----------------------------------------------------------
 E_KohnSham     -16.8048849295       -228.6421892759      
 E_Harris       -16.8124172231       -228.7446713869      
 E_Fermi        -0.6889552845        -9.3737175363        
----------------------------------------------------------


 LCAO ALGORITHM --------------- ION=   1  ELEC=   5--------------------------------

 Density error is 0.00161751298471
----------------------------------------------------------
     Energy           Rydberg                 eV          
----------------------------------------------------------
 E_KohnSham     -16.8048845395       -228.6421839687      
 E_Harris       -16.8080442355       -228.6851738394      
 E_Fermi        -0.6894044855        -9.3798292291        
----------------------------------------------------------


 LCAO ALGORITHM --------------- ION=   1  ELEC=   6--------------------------------

 Density error is 0.00103592210645
----------------------------------------------------------
     Energy           Rydberg                 eV          
----------------------------------------------------------
 E_KohnSham     -16.8048834511       -228.6421691602      
 E_Harris       -16.8063789409       -228.6625163440      
 E_Fermi        -0.6896540778        -9.3832251068        
----------------------------------------------------------


 LCAO ALGORITHM --------------- ION=   1  ELEC=   7--------------------------------

 Density error is 0.000774422657251
----------------------------------------------------------
     Energy           Rydberg                 eV          
----------------------------------------------------------
 E_KohnSham     -16.8048821386       -228.6421513030      
 E_Harris       -16.8056599901       -228.6527345166      
 E_Fermi        -0.6897400476        -9.3843947860        
----------------------------------------------------------


 LCAO ALGORITHM --------------- ION=   1  ELEC=   8--------------------------------

 Density error is 0.000457287461082
----------------------------------------------------------
     Energy           Rydberg                 eV          
----------------------------------------------------------
 E_KohnSham     -16.8048813516       -228.6421405952      
 E_Harris       -16.8051476846       -228.6457642420      
 E_Fermi        -0.6898133964        -9.3853927473        
----------------------------------------------------------


 LCAO ALGORITHM --------------- ION=   1  ELEC=   9--------------------------------

 Density error is 0.000228333659832
----------------------------------------------------------
     Energy           Rydberg                 eV          
----------------------------------------------------------
 E_KohnSham     -16.8048812589       -228.6421393342      
 E_Harris       -16.8049601049       -228.6432120898      
 E_Fermi        -0.6898352040        -9.3856894557        
----------------------------------------------------------


 LCAO ALGORITHM --------------- ION=   1  ELEC=  10--------------------------------

 Density error is 0.000156877542942
----------------------------------------------------------
     Energy           Rydberg                 eV          
----------------------------------------------------------
 E_KohnSham     -16.8048812373       -228.6421390412      
 E_Harris       -16.8049244206       -228.6427265801      
 E_Fermi        -0.6898417381        -9.3857783567        
----------------------------------------------------------


 LCAO ALGORITHM --------------- ION=   1  ELEC=  11--------------------------------

 Density error is 7.77290997413e-05
----------------------------------------------------------
     Energy           Rydberg                 eV          
----------------------------------------------------------
 E_KohnSham     -16.8048812423       -228.6421391086      
 E_Harris       -16.8048998734       -228.6423925977      
 E_Fermi        -0.6898444745        -9.3858155865        
----------------------------------------------------------


 LCAO ALGORITHM --------------- ION=   1  ELEC=  12--------------------------------

 Density error is 3.65484549195e-05
----------------------------------------------------------
     Energy           Rydberg                 eV          
----------------------------------------------------------
 E_KohnSham     -16.8048812444       -228.6421391372      
 E_Harris       -16.8048903911       -228.6422635839      
 E_Fermi        -0.6898458653        -9.3858345092        
----------------------------------------------------------


 LCAO ALGORITHM --------------- ION=   1  ELEC=  13--------------------------------

 Density error is 2.39064610721e-05
----------------------------------------------------------
     Energy           Rydberg                 eV          
----------------------------------------------------------
 E_KohnSham     -16.8048812445       -228.6421391384      
 E_Harris       -16.8048880661       -228.6422319514      
 E_Fermi        -0.6898462133        -9.3858392443        
----------------------------------------------------------


 LCAO ALGORITHM --------------- ION=   1  ELEC=  14--------------------------------

 Density error is 7.61070580557e-06
----------------------------------------------------------
     Energy           Rydberg                 eV          
----------------------------------------------------------
 E_KohnSham     -16.8048812442       -228.6421391344      
 E_Harris       -16.8048822976       -228.6421534673      
 E_Fermi        -0.6898471227        -9.3858516175        
----------------------------------------------------------


 LCAO ALGORITHM --------------- ION=   1  ELEC=  15--------------------------------

 Density error is 2.8957174326e-06
----------------------------------------------------------
     Energy           Rydberg                 eV          
----------------------------------------------------------
 E_KohnSham     -16.8048812439       -228.6421391298      
 E_Harris       -16.8048818287       -228.6421470865      
 E_Fermi        -0.6898471352        -9.3858517880        
----------------------------------------------------------


 LCAO ALGORITHM --------------- ION=   1  ELEC=  16--------------------------------

 Density error is 1.84104695253e-06
----------------------------------------------------------
     Energy           Rydberg                 eV          
----------------------------------------------------------
 E_KohnSham     -16.8048812438       -228.6421391296      
 E_Harris       -16.8048811529       -228.6421378917      
 E_Fermi        -0.6898472396        -9.3858532080        
----------------------------------------------------------


 LCAO ALGORITHM --------------- ION=   1  ELEC=  17--------------------------------

 Density error is 9.00155650938e-07
----------------------------------------------------------
     Energy           Rydberg                 eV          
----------------------------------------------------------
 E_KohnSham     -16.8048812442       -228.6421391345      
 E_Harris       -16.8048813219       -228.6421401914      
 E_Fermi        -0.6898472229        -9.3858529808        
----------------------------------------------------------


 LCAO ALGORITHM --------------- ION=   1  ELEC=  18--------------------------------

 Density error is 6.11674567199e-07
----------------------------------------------------------
     Energy           Rydberg                 eV          
----------------------------------------------------------
 E_KohnSham     -16.8048812442       -228.6421391340      
 E_Harris       -16.8048814080       -228.6421413634      
 E_Fermi        -0.6898472106        -9.3858528137        
----------------------------------------------------------


 LCAO ALGORITHM --------------- ION=   1  ELEC=  19--------------------------------

 Density error is 2.36257962989e-07
----------------------------------------------------------
     Energy           Rydberg                 eV          
----------------------------------------------------------
 E_KohnSham     -16.8048812441       -228.6421391336      
 E_Harris       -16.8048812430       -228.6421391184      
 E_Fermi        -0.6898472311        -9.3858530922        
----------------------------------------------------------


 LCAO ALGORITHM --------------- ION=   1  ELEC=  20--------------------------------

 Density error is 1.261625641e-07
----------------------------------------------------------
     Energy           Rydberg                 eV          
----------------------------------------------------------
 E_KohnSham     -16.8048812438       -228.6421391289      
 E_Harris       -16.8048812532       -228.6421392572      
 E_Fermi        -0.6898472301        -9.3858530787        
----------------------------------------------------------


 LCAO ALGORITHM --------------- ION=   1  ELEC=  21--------------------------------

 Density error is 6.161257527e-08
----------------------------------------------------------
     Energy           Rydberg                 eV          
----------------------------------------------------------
 E_KohnSham     -16.8048812438       -228.6421391289      
 E_KS(sigma->0) -16.8048812438       -228.6421391289      
 E_Harris       -16.8048812373       -228.6421390405      
 E_band         -6.6780229547        -90.8591635584       
 E_one_elec     -49.7233803727       -676.5212968899      
 E_Hartree      25.7077054938        349.7712772216       
 E_xc           -7.1508507678        -97.2923159898       
 E_Ewald        14.3616444029        195.4001965293       
 E_entropy(-TS) 0.0000000000         0.0000000000         
 E_descf        0.0000000000         0.0000000000         
 E_exx          0.0000000000         0.0000000000         
 E_Fermi        -0.6898472302        -9.3858530798        
----------------------------------------------------------


 LCAO ALGORITHM --------------- ION=   1  ELEC=   1--------------------------------

 Density error is 0.0696022920045
----------------------------------------------------------
     Energy           Rydberg                 eV          
----------------------------------------------------------
 E_KohnSham     -16.5993358127       -225.8455500684      
 E_Harris       -18.1521800099       -246.9730792564      
 E_Fermi        -0.9818878599        -13.3592696919       
----------------------------------------------------------


 LCAO ALGORITHM --------------- ION=   1  ELEC=   2--------------------------------

 Density error is 0.0558694487763
----------------------------------------------------------
     Energy           Rydberg                 eV          
----------------------------------------------------------
 E_KohnSham     -16.6457140585       -226.4765584736      
 E_Harris       -17.3500582590       -236.0596529549      
 E_Fermi        -0.7351495156        -10.0022222939       
----------------------------------------------------------


 LCAO ALGORITHM --------------- ION=   1  ELEC=   3--------------------------------

 Density error is 0.0340968869802
----------------------------------------------------------
     Energy           Rydberg                 eV          
----------------------------------------------------------
 E_KohnSham     -16.6435202032       -226.4467095419      
 E_Harris       -17.0688634346       -232.2338010945      
 E_Fermi        -0.7486478645        -10.1858767524       
----------------------------------------------------------


 LCAO ALGORITHM --------------- ION=   1  ELEC=   4--------------------------------

 Density error is 0.0141498915548
----------------------------------------------------------
     Energy           Rydberg                 eV          
----------------------------------------------------------
 E_KohnSham     -16.6434577857       -226.4458603077      
 E_Harris       -16.8135234236       -228.7597220168      
 E_Fermi        -0.7619832692        -10.3673142414       
----------------------------------------------------------


 LCAO ALGORITHM --------------- ION=   1  ELEC=   5--------------------------------

 Density error is 0.000699855594588
----------------------------------------------------------
     Energy           Rydberg                 eV          
----------------------------------------------------------
 E_KohnSham     -16.6436685222       -226.4487275249      
 E_Harris       -16.6519544487       -226.5614633383      
 E_Fermi        -0.7718372090        -10.5013839711       
----------------------------------------------------------


 LCAO ALGORITHM --------------- ION=   1  ELEC=   6--------------------------------

 Density error is 0.00142488948744
----------------------------------------------------------
     Energy           Rydberg                 eV          
----------------------------------------------------------
 E_KohnSham     -16.6436709851       -226.4487610345      
 E_Harris       -16.6317538843       -226.2866205599      
 E_Fermi        -0.7730878136        -10.5183993190       
----------------------------------------------------------


 LCAO ALGORITHM --------------- ION=   1  ELEC=   7--------------------------------

 Density error is 0.000249117378193
----------------------------------------------------------
     Energy           Rydberg                 eV          
----------------------------------------------------------
 E_KohnSham     -16.6436745936       -226.4488101309      
 E_Harris       -16.6464954642       -226.4871900443      
 E_Fermi        -0.7722884226        -10.5075230462       
----------------------------------------------------------


 LCAO ALGORITHM --------------- ION=   1  ELEC=   8--------------------------------

 Density error is 9.0666197715e-05
----------------------------------------------------------
     Energy           Rydberg                 eV          
----------------------------------------------------------
 E_KohnSham     -16.6436750836       -226.4488167981      
 E_Harris       -16.6438795495       -226.4515986988      
 E_Fermi        -0.7724774439        -10.5100948141       
----------------------------------------------------------


 LCAO ALGORITHM --------------- ION=   1  ELEC=   9--------------------------------

 Density error is 7.14236579953e-05
----------------------------------------------------------
     Energy           Rydberg                 eV          
----------------------------------------------------------
 E_KohnSham     -16.6436751710       -226.4488179872      
 E_Harris       -16.6436076724       -226.4478996208      
 E_Fermi        -0.7725036221        -10.5104509869       
----------------------------------------------------------


 LCAO ALGORITHM --------------- ION=   1  ELEC=  10--------------------------------

 Density error is 4.10508761143e-05
----------------------------------------------------------
     Energy           Rydberg                 eV          
----------------------------------------------------------
 E_KohnSham     -16.6436751745       -226.4488180349      
 E_Harris       -16.6436716997       -226.4487707574      
 E_Fermi        -0.7725023046        -10.5104330605       
----------------------------------------------------------


 LCAO ALGORITHM --------------- ION=   1  ELEC=  11--------------------------------

 Density error is 1.79893127172e-05
----------------------------------------------------------
     Energy           Rydberg                 eV          
----------------------------------------------------------
 E_KohnSham     -16.6436751225       -226.4488173265      
 E_Harris       -16.6437249780       -226.4494956451      
 E_Fermi        -0.7725017705        -10.5104257936       
----------------------------------------------------------


 LCAO ALGORITHM --------------- ION=   1  ELEC=  12--------------------------------

 Density error is 8.23204316361e-06
----------------------------------------------------------
     Energy           Rydberg                 eV          
----------------------------------------------------------
 E_KohnSham     -16.6436751084       -226.4488171350      
 E_Harris       -16.6436820907       -226.4489121344      
 E_Fermi        -0.7725048551        -10.5104677620       
----------------------------------------------------------


 LCAO ALGORITHM --------------- ION=   1  ELEC=  13--------------------------------

 Density error is 4.80544798709e-06
----------------------------------------------------------
     Energy           Rydberg                 eV          
----------------------------------------------------------
 E_KohnSham     -16.6436751013       -226.4488170391      
 E_Harris       -16.6436766758       -226.4488384601      
 E_Fermi        -0.7725053173        -10.5104740512       
----------------------------------------------------------


 LCAO ALGORITHM --------------- ION=   1  ELEC=  14--------------------------------

 Density error is 1.97368774696e-06
----------------------------------------------------------
     Energy           Rydberg                 eV          
----------------------------------------------------------
 E_KohnSham     -16.6436751024       -226.4488170527      
 E_Harris       -16.6436741734       -226.4488044131      
 E_Fermi        -0.7725056082        -10.5104780079       
----------------------------------------------------------


 LCAO ALGORITHM --------------- ION=   1  ELEC=  15--------------------------------

 Density error is 1.05105256928e-06
----------------------------------------------------------
     Energy           Rydberg                 eV          
----------------------------------------------------------
 E_KohnSham     -16.6436751024       -226.4488170528      
 E_Harris       -16.6436758844       -226.4488276925      
 E_Fermi        -0.7725055455        -10.5104771558       
----------------------------------------------------------


 LCAO ALGORITHM --------------- ION=   1  ELEC=  16--------------------------------

 Density error is 6.00640858679e-07
----------------------------------------------------------
     Energy           Rydberg                 eV          
----------------------------------------------------------
 E_KohnSham     -16.6436751024       -226.4488170527      
 E_Harris       -16.6436756596       -226.4488246340      
 E_Fermi        -0.7725055797        -10.5104776206       
----------------------------------------------------------


 LCAO ALGORITHM --------------- ION=   1  ELEC=  17--------------------------------

 Density error is 3.14798244148e-07
----------------------------------------------------------
     Energy           Rydberg                 eV          
----------------------------------------------------------
 E_KohnSham     -16.6436751024       -226.4488170528      
 E_Harris       -16.6436751216       -226.4488173144      
 E_Fermi        -0.7725056167        -10.5104781241       
----------------------------------------------------------


 LCAO ALGORITHM --------------- ION=   1  ELEC=  18--------------------------------

 Density error is 1.96581824436e-07
----------------------------------------------------------
     Energy           Rydberg                 eV          
----------------------------------------------------------
 E_KohnSham     -16.6436751024       -226.4488170527      
 E_Harris       -16.6436749728       -226.4488152905      
 E_Fermi        -0.7725056260        -10.5104782503       
----------------------------------------------------------


 LCAO ALGORITHM --------------- ION=   1  ELEC=  19--------------------------------

 Density error is 8.18211952407e-08
----------------------------------------------------------
     Energy           Rydberg                 eV          
----------------------------------------------------------
 E_KohnSham     -16.6436751024       -226.4488170527      
 E_KS(sigma->0) -16.6436751024       -226.4488170527      
 E_Harris       -16.6436750723       -226.4488166441      
 E_band         -7.4721771432        -101.6641856131      
 E_one_elec     -49.7169878502       -676.4343221589      
 E_Hartree      25.6973935444        349.6309759528       
 E_xc           -5.7543360179        -78.2917580504       
 E_Ewald        14.3616444029        195.4001965293       
 E_entropy(-TS) 0.0000000000         0.0000000000         
 E_descf        0.0000000000         0.0000000000         
 E_exx          -1.2313891816        -16.7539093256       
 E_Fermi        -0.7725056185        -10.5104781492       
----------------------------------------------------------


 LCAO ALGORITHM --------------- ION=   1  ELEC=   1--------------------------------

 Density error is 0.00101764232089
----------------------------------------------------------
     Energy           Rydberg                 eV          
----------------------------------------------------------
 E_KohnSham     -16.6437697946       -226.4501054070      
 E_Harris       -16.6538749812       -226.5875935233      
 E_Fermi        -0.7727750100        -10.5141434075       
----------------------------------------------------------


 LCAO ALGORITHM --------------- ION=   1  ELEC=   2--------------------------------

 Density error is 0.000386419752362
----------------------------------------------------------
     Energy           Rydberg                 eV          
----------------------------------------------------------
 E_KohnSham     -16.6437703367       -226.4501127820      
 E_Harris       -16.6436575678       -226.4485784831      
 E_Fermi        -0.7730127674        -10.5173782628       
----------------------------------------------------------


 LCAO ALGORITHM --------------- ION=   1  ELEC=   3--------------------------------

 Density error is 0.000138615737531
----------------------------------------------------------
     Energy           Rydberg                 eV          
----------------------------------------------------------
 E_KohnSham     -16.6437704515       -226.4501143438      
 E_Harris       -16.6424237529       -226.4317915704      
 E_Fermi        -0.7730064083        -10.5172917430       
----------------------------------------------------------


 LCAO ALGORITHM --------------- ION=   1  ELEC=   4--------------------------------

 Density error is 3.61554856172e-05
----------------------------------------------------------
     Energy           Rydberg                 eV          
----------------------------------------------------------
 E_KohnSham     -16.6437702787       -226.4501119928      
 E_Harris       -16.6434586477       -226.4458720367      
 E_Fermi        -0.7729129027        -10.5160195342       
----------------------------------------------------------


 LCAO ALGORITHM --------------- ION=   1  ELEC=   5--------------------------------

 Density error is 1.5706580887e-05
----------------------------------------------------------
     Energy           Rydberg                 eV          
----------------------------------------------------------
 E_KohnSham     -16.6437701478       -226.4501102127      
 E_Harris       -16.6436200847       -226.4480684992      
 E_Fermi        -0.7728946222        -10.5157708153       
----------------------------------------------------------


 LCAO ALGORITHM --------------- ION=   1  ELEC=   6--------------------------------

 Density error is 9.67335587553e-06
----------------------------------------------------------
     Energy           Rydberg                 eV          
----------------------------------------------------------
 E_KohnSham     -16.6437701428       -226.4501101441      
 E_Harris       -16.6437111622       -226.4493076723      
 E_Fermi        -0.7728837884        -10.5156234139       
----------------------------------------------------------


 LCAO ALGORITHM --------------- ION=   1  ELEC=   7--------------------------------

 Density error is 5.74235887392e-06
----------------------------------------------------------
     Energy           Rydberg                 eV          
----------------------------------------------------------
 E_KohnSham     -16.6437701418       -226.4501101303      
 E_Harris       -16.6437411665       -226.4497159011      
 E_Fermi        -0.7728800852        -10.5155730292       
----------------------------------------------------------


 LCAO ALGORITHM --------------- ION=   1  ELEC=   8--------------------------------

 Density error is 4.8780329497e-06
----------------------------------------------------------
     Energy           Rydberg                 eV          
----------------------------------------------------------
 E_KohnSham     -16.6437701640       -226.4501104327      
 E_Harris       -16.6437492566       -226.4498259728      
 E_Fermi        -0.7728792893        -10.5155622008       
----------------------------------------------------------


 LCAO ALGORITHM --------------- ION=   1  ELEC=   9--------------------------------

 Density error is 2.47248826485e-06
----------------------------------------------------------
     Energy           Rydberg                 eV          
----------------------------------------------------------
 E_KohnSham     -16.6437701721       -226.4501105426      
 E_Harris       -16.6437620526       -226.4500000716      
 E_Fermi        -0.7728779090        -10.5155434204       
----------------------------------------------------------


 LCAO ALGORITHM --------------- ION=   1  ELEC=  10--------------------------------

 Density error is 1.50813467932e-06
----------------------------------------------------------
     Energy           Rydberg                 eV          
----------------------------------------------------------
 E_KohnSham     -16.6437701741       -226.4501105700      
 E_Harris       -16.6437660509       -226.4500544708      
 E_Fermi        -0.7728774768        -10.5155375402       
----------------------------------------------------------


 LCAO ALGORITHM --------------- ION=   1  ELEC=  11--------------------------------

 Density error is 1.14316476863e-06
----------------------------------------------------------
     Energy           Rydberg                 eV          
----------------------------------------------------------
 E_KohnSham     -16.6437701791       -226.4501106385      
 E_Harris       -16.6437671446       -226.4500693515      
 E_Fermi        -0.7728773463        -10.5155357650       
----------------------------------------------------------


 LCAO ALGORITHM --------------- ION=   1  ELEC=  12--------------------------------

 Density error is 5.91131353042e-07
----------------------------------------------------------
     Energy           Rydberg                 eV          
----------------------------------------------------------
 E_KohnSham     -16.6437701811       -226.4501106660      
 E_Harris       -16.6437689033       -226.4500932803      
 E_Fermi        -0.7728771555        -10.5155331688       
----------------------------------------------------------


 LCAO ALGORITHM --------------- ION=   1  ELEC=  13--------------------------------

 Density error is 4.08529498712e-07
----------------------------------------------------------
     Energy           Rydberg                 eV          
----------------------------------------------------------
 E_KohnSham     -16.6437701811       -226.4501106659      
 E_Harris       -16.6437693598       -226.4500994917      
 E_Fermi        -0.7728771013        -10.5155324313       
----------------------------------------------------------


 LCAO ALGORITHM --------------- ION=   1  ELEC=  14--------------------------------

 Density error is 2.42087698234e-07
----------------------------------------------------------
     Energy           Rydberg                 eV          
----------------------------------------------------------
 E_KohnSham     -16.6437701811       -226.4501106659      
 E_Harris       -16.6437697171       -226.4501043525      
 E_Fermi        -0.7728770612        -10.5155318860       
----------------------------------------------------------


 LCAO ALGORITHM --------------- ION=   1  ELEC=  15--------------------------------

 Density error is 1.11348390643e-07
----------------------------------------------------------
     Energy           Rydberg                 eV          
----------------------------------------------------------
 E_KohnSham     -16.6437701811       -226.4501106659      
 E_Harris       -16.6437699724       -226.4501078264      
 E_Fermi        -0.7728770293        -10.5155314517       
----------------------------------------------------------


 LCAO ALGORITHM --------------- ION=   1  ELEC=  16--------------------------------

 Density error is 3.98166426506e-08
----------------------------------------------------------
     Energy           Rydberg                 eV          
----------------------------------------------------------
 E_KohnSham     -16.6437701811       -226.4501106659      
 E_KS(sigma->0) -16.6437701811       -226.4501106659      
 E_Harris       -16.6437701349       -226.4501100370      
 E_band         -7.4751382097        -101.7044729894      
 E_one_elec     -49.7142191253       -676.3966517248      
 E_Hartree      25.6964298405        349.6178640878       
 E_xc           -5.7544524481        -78.2933421643       
 E_Ewald        14.3616444029        195.4001965293       
 E_entropy(-TS) 0.0000000000         0.0000000000         
 E_descf        0.0000000000         0.0000000000         
 E_exx          -1.2331728511        -16.7781773939       
 E_Fermi        -0.7728770107        -10.5155311989       
----------------------------------------------------------


 LCAO ALGORITHM --------------- ION=   1  ELEC=   1--------------------------------

 Density error is 0.000121502554649
----------------------------------------------------------
     Energy           Rydberg                 eV          
----------------------------------------------------------
 E_KohnSham     -16.6437708273       -226.4501194580      
 E_Harris       -16.6448946104       -226.4654093110      
 E_Fermi        -0.7729108530        -10.5159916464       
----------------------------------------------------------


 LCAO ALGORITHM --------------- ION=   1  ELEC=   2--------------------------------

 Density error is 4.81079438154e-05
----------------------------------------------------------
     Energy           Rydberg                 eV          
----------------------------------------------------------
 E_KohnSham     -16.6437708469       -226.4501197242      
 E_Harris       -16.6437786262       -226.4502255674      
 E_Fermi        -0.7729345022        -10.5163134101       
----------------------------------------------------------


 LCAO ALGORITHM --------------- ION=   1  ELEC=   3--------------------------------

 Density error is 1.52907997048e-05
----------------------------------------------------------
     Energy           Rydberg                 eV          
----------------------------------------------------------
 E_KohnSham     -16.6437708584       -226.4501198811      
 E_Harris       -16.6436451540       -226.4484095841      
 E_Fermi        -0.7729327712        -10.5162898589       
----------------------------------------------------------


 LCAO ALGORITHM --------------- ION=   1  ELEC=   4--------------------------------

 Density error is 3.62142888032e-06
----------------------------------------------------------
     Energy           Rydberg                 eV          
----------------------------------------------------------
 E_KohnSham     -16.6437708414       -226.4501196496      
 E_Harris       -16.6437491555       -226.4498245971      
 E_Fermi        -0.7729231233        -10.5161585923       
----------------------------------------------------------


 LCAO ALGORITHM --------------- ION=   1  ELEC=   5--------------------------------

 Density error is 1.23098410812e-06
----------------------------------------------------------
     Energy           Rydberg                 eV          
----------------------------------------------------------
 E_KohnSham     -16.6437708344       -226.4501195538      
 E_Harris       -16.6437620493       -226.4500000263      
 E_Fermi        -0.7729215974        -10.5161378316       
----------------------------------------------------------


 LCAO ALGORITHM --------------- ION=   1  ELEC=   6--------------------------------

 Density error is 6.60514917478e-07
----------------------------------------------------------
     Energy           Rydberg                 eV          
----------------------------------------------------------
 E_KohnSham     -16.6437708334       -226.4501195401      
 E_Harris       -16.6437669269       -226.4500663902      
 E_Fermi        -0.7729209987        -10.5161296858       
----------------------------------------------------------


 LCAO ALGORITHM --------------- ION=   1  ELEC=   7--------------------------------

 Density error is 5.25369122459e-07
----------------------------------------------------------
     Energy           Rydberg                 eV          
----------------------------------------------------------
 E_KohnSham     -16.6437708324       -226.4501195264      
 E_Harris       -16.6437680110       -226.4500811402      
 E_Fermi        -0.7729208728        -10.5161279730       
----------------------------------------------------------


 LCAO ALGORITHM --------------- ION=   1  ELEC=   8--------------------------------

 Density error is 3.17169951227e-07
----------------------------------------------------------
     Energy           Rydberg                 eV          
----------------------------------------------------------
 E_KohnSham     -16.6437708334       -226.4501195401      
 E_Harris       -16.6437695240       -226.4501017252      
 E_Fermi        -0.7729206950        -10.5161255540       
----------------------------------------------------------


 LCAO ALGORITHM --------------- ION=   1  ELEC=   9--------------------------------

 Density error is 2.69657869195e-07
----------------------------------------------------------
     Energy           Rydberg                 eV          
----------------------------------------------------------
 E_KohnSham     -16.6437708354       -226.4501195675      
 E_Harris       -16.6437697843       -226.4501052673      
 E_Fermi        -0.7729206679        -10.5161251849       
----------------------------------------------------------


 LCAO ALGORITHM --------------- ION=   1  ELEC=  10--------------------------------

 Density error is 1.66382820346e-07
----------------------------------------------------------
     Energy           Rydberg                 eV          
----------------------------------------------------------
 E_KohnSham     -16.6437708354       -226.4501195675      
 E_Harris       -16.6437703082       -226.4501123953      
 E_Fermi        -0.7729206122        -10.5161244270       
----------------------------------------------------------


 LCAO ALGORITHM --------------- ION=   1  ELEC=  11--------------------------------

 Density error is 9.3554396067e-08
----------------------------------------------------------
     Energy           Rydberg                 eV          
----------------------------------------------------------
 E_KohnSham     -16.6437708354       -226.4501195675      
 E_KS(sigma->0) -16.6437708354       -226.4501195675      
 E_Harris       -16.6437705713       -226.4501159749      
 E_band         -7.4754538274        -101.7087671883      
 E_one_elec     -49.7138805316       -676.3920449213      
 E_Hartree      25.6963359062        349.6165860464       
 E_xc           -5.7544927402        -78.2938903661       
 E_Ewald        14.3616444029        195.4001965293       
 E_entropy(-TS) 0.0000000000         0.0000000000         
 E_descf        0.0000000000         0.0000000000         
 E_exx          -1.2333778727        -16.7809668557       
 E_Fermi        -0.7729205811        -10.5161240050       
----------------------------------------------------------


 LCAO ALGORITHM --------------- ION=   1  ELEC=   1--------------------------------

 Density error is 1.62906636159e-05
----------------------------------------------------------
     Energy           Rydberg                 eV          
----------------------------------------------------------
 E_KohnSham     -16.6437708418       -226.4501196542      
 E_Harris       -16.6439120353       -226.4520406914      
 E_Fermi        -0.7729251939        -10.5161867649       
----------------------------------------------------------


 LCAO ALGORITHM --------------- ION=   1  ELEC=   2--------------------------------

 Density error is 6.87411529524e-06
----------------------------------------------------------
     Energy           Rydberg                 eV          
----------------------------------------------------------
 E_KohnSham     -16.6437708428       -226.4501196687      
 E_Harris       -16.6437732952       -226.4501530345      
 E_Fermi        -0.7729279003        -10.5162235872       
----------------------------------------------------------


 LCAO ALGORITHM --------------- ION=   1  ELEC=   3--------------------------------

 Density error is 2.37281822822e-06
----------------------------------------------------------
     Energy           Rydberg                 eV          
----------------------------------------------------------
 E_KohnSham     -16.6437708438       -226.4501196825      
 E_Harris       -16.6437569107       -226.4499301120      
 E_Fermi        -0.7729276020        -10.5162195288       
----------------------------------------------------------


 LCAO ALGORITHM --------------- ION=   1  ELEC=   4--------------------------------

 Density error is 5.51779074951e-07
----------------------------------------------------------
     Energy           Rydberg                 eV          
----------------------------------------------------------
 E_KohnSham     -16.6437708449       -226.4501196962      
 E_Harris       -16.6437694703       -226.4501009946      
 E_Fermi        -0.7729264337        -10.5162036333       
----------------------------------------------------------


 LCAO ALGORITHM --------------- ION=   1  ELEC=   5--------------------------------

 Density error is 1.65715578992e-07
----------------------------------------------------------
     Energy           Rydberg                 eV          
----------------------------------------------------------
 E_KohnSham     -16.6437708449       -226.4501196963      
 E_Harris       -16.6437703685       -226.4501132148      
 E_Fermi        -0.7729263198        -10.5162020836       
----------------------------------------------------------


 LCAO ALGORITHM --------------- ION=   1  ELEC=   6--------------------------------

 Density error is 1.17368103847e-07
----------------------------------------------------------
     Energy           Rydberg                 eV          
----------------------------------------------------------
 E_KohnSham     -16.6437708428       -226.4501196688      
 E_Harris       -16.6437704641       -226.4501145165      
 E_Fermi        -0.7729263053        -10.5162018856       
----------------------------------------------------------


 LCAO ALGORITHM --------------- ION=   1  ELEC=   7--------------------------------

 Density error is 6.51007967927e-08
----------------------------------------------------------
     Energy           Rydberg                 eV          
----------------------------------------------------------
 E_KohnSham     -16.6437708438       -226.4501196825      
 E_KS(sigma->0) -16.6437708438       -226.4501196825      
 E_Harris       -16.6437706062       -226.4501164496      
 E_band         -7.4754935725        -101.7093079484      
 E_one_elec     -49.7138359584       -676.3914384720      
 E_Hartree      25.6963253912        349.6164429826       
 E_xc           -5.7544997428        -78.2939856415       
 E_Ewald        14.3616444029        195.4001965293       
 E_entropy(-TS) 0.0000000000         0.0000000000         
 E_descf        0.0000000000         0.0000000000         
 E_exx          -1.2334049367        -16.7813350808       
 E_Fermi        -0.7729262815        -10.5162015619       
----------------------------------------------------------


 LCAO ALGORITHM --------------- ION=   1  ELEC=   1--------------------------------

 Density error is 2.26464631971e-06
----------------------------------------------------------
     Energy           Rydberg                 eV          
----------------------------------------------------------
 E_KohnSham     -16.6437708430       -226.4501196712      
 E_Harris       -16.6437898019       -226.4503776197      
 E_Fermi        -0.7729268907        -10.5162098513       
----------------------------------------------------------


 LCAO ALGORITHM --------------- ION=   1  ELEC=   2--------------------------------

 Density error is 9.92410172661e-07
----------------------------------------------------------
     Energy           Rydberg                 eV          
----------------------------------------------------------
 E_KohnSham     -16.6437708440       -226.4501196849      
 E_Harris       -16.6437713165       -226.4501261128      
 E_Fermi        -0.7729272361        -10.5162145507       
----------------------------------------------------------


 LCAO ALGORITHM --------------- ION=   1  ELEC=   3--------------------------------

 Density error is 3.58334893293e-07
----------------------------------------------------------
     Energy           Rydberg                 eV          
----------------------------------------------------------
 E_KohnSham     -16.6437708450       -226.4501196986      
 E_Harris       -16.6437691674       -226.4500968733      
 E_Fermi        -0.7729271925        -10.5162139572       
----------------------------------------------------------


 LCAO ALGORITHM --------------- ION=   1  ELEC=   4--------------------------------

 Density error is 8.61139650179e-08
----------------------------------------------------------
     Energy           Rydberg                 eV          
----------------------------------------------------------
 E_KohnSham     -16.6437708430       -226.4501196712      
 E_KS(sigma->0) -16.6437708430       -226.4501196712      
 E_Harris       -16.6437707893       -226.4501189404      
 E_band         -7.4754988369        -101.7093795739      
 E_one_elec     -49.7138297627       -676.3913541750      
 E_Hartree      25.6963239649        349.6164235760       
 E_xc           -5.7545007921        -78.2939999180       
 E_Ewald        14.3616444029        195.4001965293       
 E_entropy(-TS) 0.0000000000         0.0000000000         
 E_descf        0.0000000000         0.0000000000         
 E_exx          -1.2334086559        -16.7813856834       
 E_Fermi        -0.7729270439        -10.5162119350       
----------------------------------------------------------


 LCAO ALGORITHM --------------- ION=   1  ELEC=   1--------------------------------

 Density error is 3.16544705864e-07
----------------------------------------------------------
     Energy           Rydberg                 eV          
----------------------------------------------------------
 E_KohnSham     -16.6437708430       -226.4501196712      
 E_Harris       -16.6437733737       -226.4501541028      
 E_Fermi        -0.7729271211        -10.5162129856       
----------------------------------------------------------


 LCAO ALGORITHM --------------- ION=   1  ELEC=   2--------------------------------

 Density error is 1.4189612537e-07
----------------------------------------------------------
     Energy           Rydberg                 eV          
----------------------------------------------------------
 E_KohnSham     -16.6437708430       -226.4501196712      
 E_Harris       -16.6437708956       -226.4501203864      
 E_Fermi        -0.7729271645        -10.5162135757       
----------------------------------------------------------


 LCAO ALGORITHM --------------- ION=   1  ELEC=   3--------------------------------

 Density error is 5.18557206758e-08
----------------------------------------------------------
     Energy           Rydberg                 eV          
----------------------------------------------------------
 E_KohnSham     -16.6437708430       -226.4501196712      
 E_KS(sigma->0) -16.6437708430       -226.4501196712      
 E_Harris       -16.6437706086       -226.4501164822      
 E_band         -7.4754996437        -101.7093905508      
 E_one_elec     -49.7138290438       -676.3913443937      
 E_Hartree      25.6963239415        349.6164232583       
 E_xc           -5.7545009734        -78.2940023841       
 E_Ewald        14.3616444029        195.4001965293       
 E_entropy(-TS) 0.0000000000         0.0000000000         
 E_descf        0.0000000000         0.0000000000         
 E_exx          -1.2334091703        -16.7813926810       
 E_Fermi        -0.7729271570        -10.5162134739       
----------------------------------------------------------


 LCAO ALGORITHM --------------- ION=   1  ELEC=   1--------------------------------

 Density error is 4.91627817242e-08
----------------------------------------------------------
     Energy           Rydberg                 eV          
----------------------------------------------------------
 E_KohnSham     -16.6437708430       -226.4501196712      
 E_KS(sigma->0) -16.6437708430       -226.4501196712      
 E_Harris       -16.6437714091       -226.4501273738      
 E_band         -7.4754994278        -101.7093876144      
 E_one_elec     -49.7138285592       -676.3913378002      
 E_Hartree      25.6963235014        349.6164172710       
 E_xc           -5.7545009364        -78.2940018811       
 E_Ewald        14.3616444029        195.4001965293       
 E_entropy(-TS) 0.0000000000         0.0000000000         
 E_descf        0.0000000000         0.0000000000         
 E_exx          -1.2334092518        -16.7813937902       
 E_Fermi        -0.7729271339        -10.5162131595       
----------------------------------------------------------


 charge density convergence is achieved
 final etot is -226.45011967 eV
 EFERMI = -10.51621316 eV

 STATE ENERGY(eV) AND OCCUPATIONS    NSPIN == 1
 1/1 kpoint (Cartesian) = 0.0000 0.0000 0.0000 (911913 pws)
       1       -19.0895        2.00000
       2       -10.6613        2.00000
       3       -10.5877        2.00000
       4       -10.5162        2.00000
       5        1.06813        0.00000
       6        2.43773        0.00000
       7        2.44439        0.00000
       8        2.45013        0.00000
       9        3.56049        0.00000
      10        3.58790        0.00000
      11        3.61594        0.00000
      12        4.92312        0.00000
      13        4.92328        0.00000
      14        9.17886        0.00000



 --------------------------------------------
 !FINAL_ETOT_IS -226.4501196712220 eV
 --------------------------------------------


TIME STATISTICS
--------------------------------------------------------------------------------------
     CLASS_NAME                     NAME                TIME/s  CALLS   AVG/s  PER/%  
--------------------------------------------------------------------------------------
                     total                              422.91 11       38.45  100.00 
 Driver              reading                            0.03   1        0.03   0.01   
 Input_Conv          Convert                            0.00   1        0.00   0.00   
 Driver              driver_line                        422.88 1        422.88 99.99  
 UnitCell            check_tau                          0.00   1        0.00   0.00   
 ESolver_KS_LCAO     before_all_runners                 64.01  1        64.01  15.13  
 PW_Basis_Sup        setuptransform                     0.09   1        0.09   0.02   
 PW_Basis_Sup        distributeg                        0.09   1        0.09   0.02   
 mymath              heapsort                           1.42   3        0.47   0.34   
 Charge_Mixing       init_mixing                        0.00   1        0.00   0.00   
 PW_Basis_K          setuptransform                     0.08   1        0.08   0.02   
 PW_Basis_K          distributeg                        0.06   1        0.06   0.01   
 PW_Basis            setup_struc_factor                 0.25   1        0.25   0.06   
 NOrbital_Lm         extra_uniform                      3.31   13839    0.00   0.78   
 Mathzone_Add1       SplineD2                           0.24   13839    0.00   0.06   
 Mathzone_Add1       Cubic_Spline_Interpolation         0.60   13839    0.00   0.14   
 Exx_LRI             init                               60.58  1        60.58  14.32  
 Matrix_Orbs21       init                               2.44   2        1.22   0.58   
 ORB_gaunt_table     init_Gaunt_CH                      0.15   3        0.05   0.04   
 ORB_gaunt_table     Calc_Gaunt_CH                      0.08   82305    0.00   0.02   
 ORB_gaunt_table     init_Gaunt                         1.47   3        0.49   0.35   
 ORB_gaunt_table     Get_Gaunt_SH                       28.78  3635313  0.00   6.80   
 Matrix_Orbs21       init_radial                        0.00   2        0.00   0.00   
 Matrix_Orbs21       init_radial_table                  24.78  2        12.39  5.86   
 Center2_Orb         cal_ST_Phi12_R                     43.71  24298    0.00   10.33  
 LRI_CV              set_orbitals                       49.00  1        49.00  11.59  
 Matrix_Orbs11       init                               2.40   1        2.40   0.57   
 Matrix_Orbs11       init_radial                        0.00   1        0.00   0.00   
 Matrix_Orbs11       init_radial_table                  27.96  1        27.96  6.61   
 ppcell_vl           init_vloc                          0.01   1        0.01   0.00   
 Ions                opt_ions                           358.34 1        358.34 84.73  
 ESolver_KS_LCAO     runner                             358.34 1        358.34 84.73  
 ESolver_KS_LCAO     before_scf                         4.22   1        4.22   1.00   
 atom_arrange        search                             0.00   1        0.00   0.00   
 atom_arrange        grid_d.init                        0.00   1        0.00   0.00   
 Grid                Construct_Adjacent_expand          0.00   1        0.00   0.00   
 Grid                Construct_Adjacent_expand_periodic 0.00   5        0.00   0.00   
 Grid_Technique      init                               0.10   1        0.10   0.02   
 Grid_BigCell        grid_expansion_index               0.04   2        0.02   0.01   
 Grid_Driver         Find_atom                          0.00   30       0.00   0.00   
 Record_adj          for_2d                             0.00   1        0.00   0.00   
 LCAO_domain         grid_prepare                       0.00   1        0.00   0.00   
 Veff                initialize_HR                      0.00   1        0.00   0.00   
 OverlapNew          initialize_SR                      0.00   1        0.00   0.00   
 EkineticNew         initialize_HR                      0.00   1        0.00   0.00   
 NonlocalNew         initialize_HR                      0.00   1        0.00   0.00   
 Exx_LRI             cal_exx_ions                       0.28   1        0.28   0.07   
 LRI_CV              cal_datas                          0.19   2        0.10   0.05   
 Charge              set_rho_core                       0.28   1        0.28   0.07   
 PW_Basis_Sup        recip2real                         19.62  493      0.04   4.64   
 PW_Basis_Sup        gathers_scatterp                   3.93   493      0.01   0.93   
 ModuleIO            read_rhog                          1.02   1        1.02   0.24   
 Potential           init_pot                           2.03   1        2.03   0.48   
 Potential           update_from_charge                 269.45 83       3.25   63.71  
 Potential           cal_fixed_v                        0.21   1        0.21   0.05   
 PotLocal            cal_fixed_v                        0.19   1        0.19   0.05   
 Potential           cal_v_eff                          267.10 83       3.22   63.16  
 H_Hartree_pw        v_hartree                          26.31  83       0.32   6.22   
 PW_Basis_Sup        real2recip                         16.25  520      0.03   3.84   
 PW_Basis_Sup        gatherp_scatters                   2.07   520      0.00   0.49   
 PotXC               cal_v_eff                          234.79 83       2.83   55.52  
 XC_Functional       v_xc                               174.10 53       3.28   41.17  
 Potential           interpolate_vrs                    2.14   83       0.03   0.51   
 H_Ewald_pw          compute_ewald                      0.33   1        0.33   0.08   
 HSolverLCAO         solve                              17.16  82       0.21   4.06   
 HamiltLCAO          updateHk                           4.69   82       0.06   1.11   
 OperatorLCAO        init                               4.68   328      0.01   1.11   
 Veff                contributeHR                       4.66   82       0.06   1.10   
 Gint_interface      cal_gint                           9.24   164      0.06   2.18   
 Gint_interface      cal_gint_vlocal                    4.65   82       0.06   1.10   
 Gint_Tools          cal_psir_ylm                       6.19   170756   0.00   1.46   
 Gint_k              transfer_pvpR                      0.00   82       0.00   0.00   
 OverlapNew          calculate_SR                       0.00   1        0.00   0.00   
 OverlapNew          contributeHk                       0.00   82       0.00   0.00   
 EkineticNew         contributeHR                       0.00   82       0.00   0.00   
 EkineticNew         calculate_HR                       0.00   1        0.00   0.00   
 NonlocalNew         contributeHR                       0.01   82       0.00   0.00   
 NonlocalNew         calculate_HR                       0.01   1        0.01   0.00   
 OperatorLCAO        contributeHk                       0.00   82       0.00   0.00   
 HSolverLCAO         hamiltSolvePsiK                    0.41   82       0.00   0.10   
 DiagoElpa           elpa_solve                         0.38   82       0.00   0.09   
 elecstate           cal_dm                             0.01   82       0.00   0.00   
 psiMulPsiMpi        pdgemm                             0.01   82       0.00   0.00   
 DensityMatrix       cal_DMR                            0.01   82       0.00   0.00   
 ElecStateLCAO       psiToRho                           12.04  82       0.15   2.85   
 Gint                transfer_DMR                       0.01   82       0.00   0.00   
 Gint_interface      cal_gint_rho                       4.58   82       0.06   1.08   
 Charge_Mixing       get_drho                           0.32   82       0.00   0.08   
 Charge              mix_rho                            35.67  74       0.48   8.43   
 Charge              Pulay_mixing                       1.95   74       0.03   0.46   
 ModuleIO            write_rhog                         8.56   8        1.07   2.02   
 RI_2D_Comm          split_m2D_ktoR                     0.00   7        0.00   0.00   
 Exx_LRI             cal_exx_elec                       0.81   7        0.12   0.19   
 RI_2D_Comm          add_HexxR                          0.00   61       0.00   0.00   
 XC_Functional_Libxc v_xc_libxc                         201.26 61       3.30   47.59  
 ESolver_KS_LCAO     after_scf                          4.56   1        4.56   1.08   
 Charge              atomic_rho                         0.27   1        0.27   0.06   
 ModuleIO            save_sparse                        0.01   1        0.01   0.00   
 ESolver_KS_LCAO     after_all_runners                  0.00   1        0.00   0.00   
 ModuleIO            write_istate_info                  0.00   1        0.00   0.00   
--------------------------------------------------------------------------------------


 NAME-------------------------|MEMORY(MB)--------
                         total          6187.
                    ORB::Jl(x)          5063.
                  SF::strucFac          222.5
                      Chg::rho          109.5
                 Chg::rho_save          109.5
                 Chg::rho_core          109.5
                 Pot::veff_fix          109.5
                     Pot::veff          109.5
              Pot::veff_smooth          109.5
                     Chg::rhog          55.63
                Chg::rhog_save          55.63
                Chg::rhog_core          55.63
                  PW_B_K::gcar          20.87
                   PW_B_K::gk2          6.957
               GT::ind_bigcell          6.927
         GT::in_this_processor          6.927
              GT::index2normal          6.927
               GT::index2ucell          6.927
       TwoCenterTable: Kinetic          3.071
       TwoCenterTable: Overlap          3.071
                 GT::start_ind          2.027
            GT::how_many_atoms          2.027
               GT::bcell_start          2.027
            GT::how many atoms          2.027
      GT::bigcell_on_processor          1.732
      TwoCenterTable: Nonlocal          1.551
 -------------   < 1.0 MB has been ignored ----------------
 ----------------------------------------------------------

 Start  Time  : Wed Sep  2 21:54:49 2026
 Finish Time  : Wed Sep  2 22:01:51 2026
 Total  Time  : 0 h 7 mins 2 secs 
