program start at Tue Sep  1 11:47:14 2026
processor number is 20

ABACUS CSR matrices were converted to pyatb atom-pair HDF5 files:
 >> HR : /home/zhuxd/abacus/zstar_validation/hfo2_pbesol_tzdp9_20260901/phonon_gamma/raman_high/mode-0016/plus/pyatb/data-HR-sparse_SPIN0_atom_pairs.h5
 >> SR : /home/zhuxd/abacus/zstar_validation/hfo2_pbesol_tzdp9_20260901/phonon_gamma/raman_high/mode-0016/plus/pyatb/data-SR-sparse_SPIN0_atom_pairs.h5
 >> rR : /home/zhuxd/abacus/zstar_validation/hfo2_pbesol_tzdp9_20260901/phonon_gamma/raman_high/mode-0016/plus/pyatb/data-rR-sparse_atom_pairs.h5


------------------------------------------------------
|                                                    |
|                     Structure                      |
|                                                    |
------------------------------------------------------

Lattice Constant : 1.000000 Angstrom
Symmetry Standardization : disabled
Lattice Vector   : 
       3.556519        0.000000        0.000000 
       0.000000        3.556519        0.000000 
       0.000000        0.000000        5.134867 


------------------------------------------------------
|                                                    |
|               Optical Conductivity                 |
|                                                    |
------------------------------------------------------


Parameter setting : 
 >> occ_band                      : 24
 >> static_dielectric_only        : 1

Enter the optical_conductivity calculation module ==> 
 >> Calculated        800 k points, took 2.865612e+00 s
 >> Calculated        800 k points, took 2.821717e+00 s
 >> Calculated        800 k points, took 2.816636e+00 s
 >> Calculated        800 k points, took 2.829437e+00 s
 >> Calculated        800 k points, took 2.819635e+00 s
 >> Calculated        800 k points, took 2.828904e+00 s
 >> Calculated        800 k points, took 2.867220e+00 s
 >> Calculated        800 k points, took 2.866444e+00 s
 >> Calculated        800 k points, took 2.859097e+00 s
 >> Calculated        800 k points, took 2.860301e+00 s
 >> Calculated        800 k points, took 2.865818e+00 s
 >> Calculated        800 k points, took 2.859171e+00 s
 >> Calculated        800 k points, took 2.859523e+00 s
 >> Calculated        800 k points, took 2.857527e+00 s
 >> Calculated        800 k points, took 2.857975e+00 s
 >> Calculated        800 k points, took 2.851767e+00 s
 >> Calculated        800 k points, took 2.861892e+00 s
 >> Calculated        800 k points, took 2.860237e+00 s
 >> Calculated        800 k points, took 2.857301e+00 s
 >> Calculated        800 k points, took 2.853216e+00 s
 >> Calculated        800 k points, took 2.862431e+00 s
 >> Calculated        800 k points, took 2.859034e+00 s
 >> Calculated        800 k points, took 2.863276e+00 s
 >> Calculated        800 k points, took 2.858420e+00 s
 >> Calculated        800 k points, took 2.861557e+00 s
 >> Calculated        800 k points, took 2.863328e+00 s
 >> Calculated        800 k points, took 2.856929e+00 s
 >> Calculated        800 k points, took 2.868497e+00 s
 >> Calculated        800 k points, took 2.860700e+00 s
 >> Calculated        800 k points, took 2.862418e+00 s
 >> Calculated        800 k points, took 2.877305e+00 s
 >> Calculated        800 k points, took 2.853688e+00 s
 >> Calculated        800 k points, took 2.854878e+00 s
 >> Calculated        800 k points, took 2.855378e+00 s
 >> Calculated        800 k points, took 2.853804e+00 s
 >> Calculated        800 k points, took 2.855817e+00 s
 >> Calculated        600 k points, took 2.144764e+00 s


------------------------------------------------------
|                                                    |
|                   Time Statistics                  |
|                                                    |
------------------------------------------------------

read_input : 
 >> Read Input File                :    1.914978e-03 s
optical_conductivity : 
 >> calculate optical conductivity :    1.051677e+02 s
Total time : 0 h 1 m 51 s
