                                                                                     
                              ABACUS v3.10.0

               Atomic-orbital Based Ab-initio Computation at UStc                    

                     Website: http://abacus.ustc.edu.cn/                             
               Documentation: https://abacus.deepmodeling.com/                       
                  Repository: https://github.com/abacusmodeling/abacus-develop       
                              https://github.com/deepmodeling/abacus-develop         
                      Commit: e84abb4 (Sat Jun 28 13:06:46 2025 +0800)

    Start Time is Fri Sep  4 21:55:49 2026
                                                                                     
 ------------------------------------------------------------------------------------

 READING GENERAL INFORMATION
                           global_out_dir = OUT.H2O/
                           global_in_card = INPUT
                               pseudo_dir = ./
                              orbital_dir = ./
                                    DRANK = 1
                                    DSIZE = 1
                                   DCOLOR = 1
                                    GRANK = 1
                                    GSIZE = 1




 >>>>>>>>>>>>>>>>>>>>>>>>>>>>>>>>>>>>>>>>>>>>>>>>>>>>>>>>>>>>>>>>>>>>>>
 |                                                                    |
 | Reading atom information in unitcell:                              |
 | From the input file and the structure file we know the number of   |
 | different elments in this unitcell, then we list the detail        |
 | information for each element, especially the zeta and polar atomic |
 | orbital number for each element. The total atom number is counted. |
 | We calculate the nearest atom distance for each atom and show the  |
 | Cartesian and Direct coordinates for each atom. We list the file   |
 | address for atomic orbitals. The volume and the lattice vectors    |
 | in real and reciprocal space is also shown.                        |
 |                                                                    |
 <<<<<<<<<<<<<<<<<<<<<<<<<<<<<<<<<<<<<<<<<<<<<<<<<<<<<<<<<<<<<<<<<<<<<<




 READING UNITCELL INFORMATION
                                    ntype = 2
                  lattice constant (Bohr) = 1.88973
              lattice constant (Angstrom) = 1

 READING ATOM TYPE 1
                               atom label = O
                      L=0, number of zeta = 2
                      L=1, number of zeta = 2
                      L=2, number of zeta = 1
             number of atom for this type = 1

 READING ATOM TYPE 2
                               atom label = H
                      L=0, number of zeta = 3
                      L=1, number of zeta = 2
             number of atom for this type = 2

                        TOTAL ATOM NUMBER = 3
DIRECT COORDINATES
    atom                   x                   y                   z     mag                  vx                  vy                  vz
taud_O1            0.5000000000        0.5000000000        0.5060620626  0.0000        0.0000000000        0.0000000000        0.0000000000
taud_H1            0.5000000000        0.5381341294        0.4758264915  0.0000        0.0000000000        0.0000000000        0.0000000000
taud_H2            0.5000000000        0.4618658706        0.4763556687  0.0000        0.0000000000        0.0000000000        0.0000000000



                          Volume (Bohr^3) = 53986.7
                             Volume (A^3) = 7999.99

 Lattice vectors: (Cartesian coordinate: in unit of a_0)
                  +20                  +0                  +0
                   +0                 +20                  +0
                   +0                  +0                 +20
 Reciprocal vectors: (Cartesian coordinate: in unit of 2 pi/a_0)
                +0.05                  -0                  +0
                   -0               +0.05                  -0
                   +0                  -0               +0.05
 The esolver type has been set to : ksdft_lcao

 RUNNING WITH DEVICE  : CPU / Intel(R) Xeon(R) Gold 6248 CPU @ 2.50GHz




 >>>>>>>>>>>>>>>>>>>>>>>>>>>>>>>>>>>>>>>>>>>>>>>>>>>>>>>>>>>>>>>>>>>>>>
 |                                                                    |
 | Reading pseudopotentials files:                                    |
 | The pseudopotential file is in UPF format. The 'NC' indicates that |
 | the type of pseudopotential is 'norm conserving'. Functional of    |
 | exchange and correlation is decided by 4 given parameters in UPF   |
 | file.  We also read in the 'core correction' if there exists.      |
 | Also we can read the valence electrons number and the maximal      |
 | angular momentum used in this pseudopotential. We also read in the |
 | trail wave function, trail atomic density and local-pseudopotential|
 | on logrithmic grid. The non-local pseudopotential projector is also|
 | read in if there is any.                                           |
 |                                                                    |
 <<<<<<<<<<<<<<<<<<<<<<<<<<<<<<<<<<<<<<<<<<<<<<<<<<<<<<<<<<<<<<<<<<<<<<




                PAO radial cut off (Bohr) = 15

 Read in pseudopotential file is O.upf
                     pseudopotential type = NC
          exchange-correlation functional = PBE
                 nonlocal core correction = 1
                        valence electrons = 6
                                     lmax = 2
                           number of zeta = 2
                     number of projectors = 5
                           L of projector = 0
                           L of projector = 0
                           L of projector = 1
                           L of projector = 1
                           L of projector = 2
                PAO radial cut off (Bohr) = 15

 Read in pseudopotential file is H.upf
                     pseudopotential type = NC
          exchange-correlation functional = PBE
                 nonlocal core correction = 0
                        valence electrons = 1
                                     lmax = 1
                           number of zeta = 1
                     number of projectors = 3
                           L of projector = 0
                           L of projector = 0
                           L of projector = 1
     initial pseudo atomic orbital number = 6

 SETUP THE ELECTRONS NUMBER
             electron number of element O = 6
       total electron number of element O = 6
             electron number of element H = 1
       total electron number of element H = 2
            AUTOSET number of electrons:  = 8
                           occupied bands = 4
                                   NLOCAL = 31
                                   NBANDS = 14
                                   NBANDS = 14
                                   NLOCAL = 31




 >>>>>>>>>>>>>>>>>>>>>>>>>>>>>>>>>>>>>>>>>>>>>>>>>>>>>>>>>>>>>>>>>>>>>>
 |                                                                    |
 | Setup plane waves of charge/potential:                             |
 | Use the energy cutoff and the lattice vectors to generate the      |
 | dimensions of FFT grid. The number of FFT grid on each processor   |
 | is 'nrxx'. The number of plane wave basis in reciprocal space is   |
 | different for charege/potential and wave functions. We also set    |
 | the 'sticks' for the parallel of FFT. The number of plane waves    |
 | is 'npw' in each processor.                                        |
 <<<<<<<<<<<<<<<<<<<<<<<<<<<<<<<<<<<<<<<<<<<<<<<<<<<<<<<<<<<<<<<<<<<<<<





 SETUP THE PLANE WAVE BASIS
 energy cutoff for charge/potential (unit:Ry) = 400
            fft grid for charge/potential = [ 243, 243, 243 ]
                        fft grid division = [ 3, 3, 3 ]
        big fft grid for charge/potential = [ 81, 81, 81 ]
                                     nbxx = 531441
                                     nrxx = 14348907

 SETUP PLANE WAVES FOR CHARGE/POTENTIAL
                    number of plane waves = 7292125
                         number of sticks = 45461

 PARALLEL PW FOR CHARGE/POTENTIAL
     PROC   COLUMNS(POT)             PW
        1          45461        7292125
 --------------- sum -------------------
        1          45461        7292125
                            number of |g| = 12063
                                  max |g| = 36.18
                                  min |g| = 0
 DONE : SETUP UNITCELL Time : 2.40634 (SEC)


----------- Double Check Mixing Parameters Begin ------------
mixing_type: pulay
mixing_beta: 0.2
mixing_gg0: 1
mixing_gg0_min: 0.1
mixing_ndim: 20
----------- Double Check Mixing Parameters End ------------




 >>>>>>>>>>>>>>>>>>>>>>>>>>>>>>>>>>>>>>>>>>>>>>>>>>>>>>>>>>>>>>>>>>>>>>
 |                                                                    |
 | Doing symmetry analysis:                                           |
 | We calculate the norm of 3 vectors and the angles between them,    |
 | the type of Bravais lattice is given. We can judge if the unticell |
 | is a primitive cell. Finally we give the point group operation for |
 | this unitcell. We use the point group operations to do symmetry |
 | analysis on given k-point mesh and the charge density.             |
 |                                                                    |
 <<<<<<<<<<<<<<<<<<<<<<<<<<<<<<<<<<<<<<<<<<<<<<<<<<<<<<<<<<<<<<<<<<<<<<




 LATTICE VECTORS: (CARTESIAN COORDINATE: IN UNIT OF A0)
                  +20                  +0                  +0
                   +0                 +20                  +0
                   +0                  +0                 +20
                       right hand lattice = 1
                                   NORM_A = 20
                                   NORM_B = 20
                                   NORM_C = 20
                           ALPHA (DEGREE) = 90
                           BETA  (DEGREE) = 90
                           GAMMA (DEGREE) = 90

 The lattice vectors have been changed (STRU_SIMPLE.cif)

(for optimal symmetric configuration:)
                             BRAVAIS TYPE = 1
                     BRAVAIS LATTICE NAME = 01. Cubic P (simple)
                                    ibrav = 1
                                    IBRAV = 1
                                  BRAVAIS = SIMPLE CUBIC
                       LATTICE CONSTANT A = 20
Original cell was already a primitive cell.
                        ROTATION MATRICES = 48
              PURE POINT GROUP OPERATIONS = 2
                   SPACE GROUP OPERATIONS = 2
                                       C2 = 0
                                       C3 = 0
                                       C4 = 0
                                       C6 = 0
                                       S1 = 1
                                       S3 = 0
                                       S4 = 0
                                       S6 = 0
                              POINT GROUP = C_1h
                                       C2 = 0
                                       C3 = 0
                                       C4 = 0
                                       C6 = 0
                                       S1 = 1
                                       S3 = 0
                                       S4 = 0
                                       S6 = 0
               POINT GROUP IN SPACE GROUP = C_1h
 DONE : SYMMETRY Time : 2.43115 (SEC)





 >>>>>>>>>>>>>>>>>>>>>>>>>>>>>>>>>>>>>>>>>>>>>>>>>>>>>>>>>>>>>>>>>>>>>>
 |                                                                    |
 | Setup K-points                                                     |
 | We setup the k-points according to input parameters.               |
 | The reduced k-points are set according to symmetry operations.     |
 | We treat the spin as another set of k-points.                      |
 |                                                                    |
 <<<<<<<<<<<<<<<<<<<<<<<<<<<<<<<<<<<<<<<<<<<<<<<<<<<<<<<<<<<<<<<<<<<<<<





 SETUP K-POINTS
                                    nspin = 1
                   Input type of k points = Monkhorst-Pack(Gamma)
                                   nkstot = 1
                       right hand lattice = 1
(for reciprocal lattice: )
                             BRAVAIS TYPE = 1
                     BRAVAIS LATTICE NAME = 01. Cubic P (simple)
                                    ibrav = 1
                       right hand lattice = 1
(for k-lattice: )
                             BRAVAIS TYPE = 1
                     BRAVAIS LATTICE NAME = 01. Cubic P (simple)
                                    ibrav = 1
                       right hand lattice = 1
                        ROTATION MATRICES = 48
                               nkstot_ibz = 1
K-POINTS REDUCTION ACCORDING TO SYMMETRY
     IBZ    DIRECT_X    DIRECT_Y    DIRECT_Z  WEIGHT  ibz2bz
       1  0.00000000  0.00000000  0.00000000  1.0000       0

                               nkstot now = 1
K-POINTS DIRECT COORDINATES
 KPOINTS    DIRECT_X    DIRECT_Y    DIRECT_Z  WEIGHT
       1  0.00000000  0.00000000  0.00000000  1.0000


           k-point number in this process = 1
       minimum distributed K point number = 1
starsize: 1
isym: 0 ks_vec: 0 0 0

K-POINTS CARTESIAN COORDINATES
 KPOINTS CARTESIAN_X CARTESIAN_Y CARTESIAN_Z  WEIGHT
       1  0.00000000  0.00000000  0.00000000  2.0000


K-POINTS DIRECT COORDINATES
 KPOINTS    DIRECT_X    DIRECT_Y    DIRECT_Z  WEIGHT
       1  0.00000000  0.00000000  0.00000000  2.0000

 DONE : INIT K-POINTS Time : 2.50608 (SEC)


 Warning_Memory_Consuming allocated:  PW_B_K::gk2 6.95734 MB

 Warning_Memory_Consuming allocated:  PW_B_K::gcar 20.872 MB




 >>>>>>>>>>>>>>>>>>>>>>>>>>>>>>>>>>>>>>>>>>>>>>>>>>>>>>>>>>>>>>>>>>>>>>
 |                                                                    |
 | Setup plane waves of wave functions:                               |
 | Use the energy cutoff and the lattice vectors to generate the      |
 | dimensions of FFT grid. The number of FFT grid on each processor   |
 | is 'nrxx'. The number of plane wave basis in reciprocal space is   |
 | different for charege/potential and wave functions. We also set    |
 | the 'sticks' for the parallel of FFT. The number of plane wave of  |
 | each k-point is 'npwk[ik]' in each processor                       |
 <<<<<<<<<<<<<<<<<<<<<<<<<<<<<<<<<<<<<<<<<<<<<<<<<<<<<<<<<<<<<<<<<<<<<<





 SETUP PLANE WAVES FOR WAVE FUNCTIONS
     energy cutoff for wavefunc (unit:Ry) = 100
              fft grid for wave functions = [ 243, 243, 243 ]
                    number of plane waves = 911913
                         number of sticks = 11369

 PARALLEL PW FOR WAVE FUNCTIONS
     PROC   COLUMNS(POT)             PW
        1          11369         911913
 --------------- sum -------------------
        1          11369         911913
 DONE : INIT PLANEWAVE Time : 2.65936 (SEC)


 Warning_Memory_Consuming allocated:  SF::strucFac 222.538 MB
 SET NONLOCAL PSEUDOPOTENTIAL PROJECTORS
 SET NONLOCAL PSEUDOPOTENTIAL PROJECTORS
 max number of nonlocal projetors among all species is 5
 DONE : LOCAL POTENTIAL Time : 3.01737 (SEC)


 Warning_Memory_Consuming allocated:  Chg::rho 109.473 MB

 Warning_Memory_Consuming allocated:  Chg::rho_save 109.473 MB

 Warning_Memory_Consuming allocated:  Chg::rhog 55.6345 MB

 Warning_Memory_Consuming allocated:  Chg::rhog_save 55.6345 MB

 Warning_Memory_Consuming allocated:  Chg::rho_core 109.473 MB

 Warning_Memory_Consuming allocated:  Chg::rhog_core 55.6345 MB

 Warning_Memory_Consuming allocated:  Pot::veff_fix 109.473 MB

 Warning_Memory_Consuming allocated:  Pot::veff 109.473 MB

 Warning_Memory_Consuming allocated:  Pot::veff_smooth 109.473 MB

 -------------------------------------------
 SELF-CONSISTENT
 -------------------------------------------




 >>>>>>>>>>>>>>>>>>>>>>>>>>>>>>>>>>>>>>>>>>>>>>>>>>>>>>>>>>>>>>>>>>>>>>
 |                                                                    |
 | Search adjacent atoms:                                             |
 | Set the adjacent atoms for each atom and set the periodic boundary |
 | condition for the atoms on real space FFT grid. For k-dependent    |
 | algorithm, we also need to set the sparse H and S matrix element   |
 | for each atom.                                                     |
 |                                                                    |
 <<<<<<<<<<<<<<<<<<<<<<<<<<<<<<<<<<<<<<<<<<<<<<<<<<<<<<<<<<<<<<<<<<<<<<





 SETUP SEARCHING RADIUS FOR PROGRAM TO SEARCH ADJACENT ATOMS
                  longest orb rcut (Bohr) = 9
   longest nonlocal projector rcut (Bohr) = 1.5
                     search radius (Bohr) = 21
              searching radius is (Bohr)) = 21
         searching radius unit is (Bohr)) = 1.89
                         PeriodicBoundary = 1
                        Radius(unit:lat0) = 11.1
                                   glayer = [ 2, 2, 2 ]
                             glayer_minus = [ 1, 1, 1 ]

Find the coordinate range of the input atom(unit:lat0).
                                  min_tau = [ -10, -10.8, -10.5 ]
                                  max_tau = [ 30, 30.8, 30.1 ]
                                BoxNumber = [ 3, 3, 3 ]

 SETUP EXTENDED REAL SPACE GRID FOR GRID INTEGRATION
                          real space grid = [ 243, 243, 243 ]
                 big cell numbers in grid = [ 81, 81, 81 ]
             meshcell numbers in big cell = [ 3, 3, 3 ]
                        extended fft grid = [ 20, 20, 20 ]
                dimension of extened grid = [ 122, 122, 122 ]
                            UnitCellTotal = 27

 Warning_Memory_Consuming allocated:  GT::ind_bigcell 6.93 MB

 Warning_Memory_Consuming allocated:  GT::in_this_processor 6.93 MB

 Warning_Memory_Consuming allocated:  GT::index2normal 6.93 MB

 Warning_Memory_Consuming allocated:  GT::index2ucell 6.93 MB
              Atom number in sub-FFT-grid = 3
    Local orbitals number in sub-FFT-grid = 31
                                ParaV.nnr = 961
                                 init_chg = auto
 try to read charge from file
!!! Couldn't find the file: OUT.H2O//SPIN1_CHG.cube
 DONE : INIT SCF Time : 8.38144 (SEC)


 LCAO ALGORITHM --------------- ION=   1  ELEC=   1--------------------------------

 Density error is 0.225487155101
----------------------------------------------------------
     Energy           Rydberg                 eV          
----------------------------------------------------------
 E_KohnSham     -35.4655113160       -482.5330363806      
 E_Harris       -30.9006951839       -420.4255266627      
 E_Fermi        -0.8723805432        -11.8693462116       
----------------------------------------------------------


 LCAO ALGORITHM --------------- ION=   1  ELEC=   2--------------------------------

 Density error is 0.156671075572
----------------------------------------------------------
     Energy           Rydberg                 eV          
----------------------------------------------------------
 E_KohnSham     -35.4141705430       -481.8345093291      
 E_Harris       -32.4962471277       -442.1341245530      
 E_Fermi        -0.7479304715        -10.1761161196       
----------------------------------------------------------


 LCAO ALGORITHM --------------- ION=   1  ELEC=   3--------------------------------

 Density error is 0.0981638703057
----------------------------------------------------------
     Energy           Rydberg                 eV          
----------------------------------------------------------
 E_KohnSham     -35.4254712539       -481.9882633878      
 E_Harris       -34.6136915172       -470.9434334486      
 E_Fermi        -0.6077457942        -8.2688057371        
----------------------------------------------------------


 LCAO ALGORITHM --------------- ION=   1  ELEC=   4--------------------------------

 Density error is 0.044084777617
----------------------------------------------------------
     Energy           Rydberg                 eV          
----------------------------------------------------------
 E_KohnSham     -35.4228740914       -481.9529271800      
 E_Harris       -34.7466990072       -472.7530931883      
 E_Fermi        -0.5748851467        -7.8217136904        
----------------------------------------------------------


 LCAO ALGORITHM --------------- ION=   1  ELEC=   5--------------------------------

 Density error is 0.0272158472036
----------------------------------------------------------
     Energy           Rydberg                 eV          
----------------------------------------------------------
 E_KohnSham     -35.4238221598       -481.9658263123      
 E_Harris       -35.2467622991       -479.5568033192      
 E_Fermi        -0.5431499146        -7.3899337065        
----------------------------------------------------------


 LCAO ALGORITHM --------------- ION=   1  ELEC=   6--------------------------------

 Density error is 0.0134275423232
----------------------------------------------------------
     Energy           Rydberg                 eV          
----------------------------------------------------------
 E_KohnSham     -35.4238884907       -481.9667287901      
 E_Harris       -35.3815362156       -481.3904965253      
 E_Fermi        -0.5315697606        -7.2323776288        
----------------------------------------------------------


 LCAO ALGORITHM --------------- ION=   1  ELEC=   7--------------------------------

 Density error is 0.0123243539891
----------------------------------------------------------
     Energy           Rydberg                 eV          
----------------------------------------------------------
 E_KohnSham     -35.4240689616       -481.9691842230      
 E_Harris       -35.4100412795       -481.7783278164      
 E_Fermi        -0.5292841505        -7.2012803078        
----------------------------------------------------------


 LCAO ALGORITHM --------------- ION=   1  ELEC=   8--------------------------------

 Density error is 0.00445727949864
----------------------------------------------------------
     Energy           Rydberg                 eV          
----------------------------------------------------------
 E_KohnSham     -35.4241393741       -481.9701422332      
 E_Harris       -35.4161858950       -481.8619295992      
 E_Fermi        -0.5276747143        -7.1793828048        
----------------------------------------------------------


 LCAO ALGORITHM --------------- ION=   1  ELEC=   9--------------------------------

 Density error is 0.00152461207986
----------------------------------------------------------
     Energy           Rydberg                 eV          
----------------------------------------------------------
 E_KohnSham     -35.4241409944       -481.9701642792      
 E_Harris       -35.4210302699       -481.9278407016      
 E_Fermi        -0.5270560438        -7.1709653605        
----------------------------------------------------------


 LCAO ALGORITHM --------------- ION=   1  ELEC=  10--------------------------------

 Density error is 0.00133779340061
----------------------------------------------------------
     Energy           Rydberg                 eV          
----------------------------------------------------------
 E_KohnSham     -35.4241531954       -481.9703302821      
 E_Harris       -35.4224251192       -481.9468185995      
 E_Fermi        -0.5270030161        -7.1702438824        
----------------------------------------------------------


 LCAO ALGORITHM --------------- ION=   1  ELEC=  11--------------------------------

 Density error is 0.000376548916631
----------------------------------------------------------
     Energy           Rydberg                 eV          
----------------------------------------------------------
 E_KohnSham     -35.4241541752       -481.9703436137      
 E_Harris       -35.4242900286       -481.9721919940      
 E_Fermi        -0.5268519392        -7.1681883757        
----------------------------------------------------------


 LCAO ALGORITHM --------------- ION=   1  ELEC=  12--------------------------------

 Density error is 0.000212228529632
----------------------------------------------------------
     Energy           Rydberg                 eV          
----------------------------------------------------------
 E_KohnSham     -35.4241546907       -481.9703506274      
 E_Harris       -35.4243640818       -481.9731995386      
 E_Fermi        -0.5268478429        -7.1681326421        
----------------------------------------------------------


 LCAO ALGORITHM --------------- ION=   1  ELEC=  13--------------------------------

 Density error is 7.00146283413e-05
----------------------------------------------------------
     Energy           Rydberg                 eV          
----------------------------------------------------------
 E_KohnSham     -35.4241547430       -481.9703513383      
 E_Harris       -35.4241789095       -481.9706801406      
 E_Fermi        -0.5268618521        -7.1683232468        
----------------------------------------------------------


 LCAO ALGORITHM --------------- ION=   1  ELEC=  14--------------------------------

 Density error is 2.76423711013e-05
----------------------------------------------------------
     Energy           Rydberg                 eV          
----------------------------------------------------------
 E_KohnSham     -35.4241547495       -481.9703514273      
 E_Harris       -35.4241170781       -481.9698388810      
 E_Fermi        -0.5268655152        -7.1683730871        
----------------------------------------------------------


 LCAO ALGORITHM --------------- ION=   1  ELEC=  15--------------------------------

 Density error is 1.61109677463e-05
----------------------------------------------------------
     Energy           Rydberg                 eV          
----------------------------------------------------------
 E_KohnSham     -35.4241547521       -481.9703514621      
 E_Harris       -35.4241545927       -481.9703492934      
 E_Fermi        -0.5268630057        -7.1683389428        
----------------------------------------------------------


 LCAO ALGORITHM --------------- ION=   1  ELEC=  16--------------------------------

 Density error is 5.00660667772e-06
----------------------------------------------------------
     Energy           Rydberg                 eV          
----------------------------------------------------------
 E_KohnSham     -35.4241547528       -481.9703514724      
 E_Harris       -35.4241528269       -481.9703252693      
 E_Fermi        -0.5268631608        -7.1683410537        
----------------------------------------------------------


 LCAO ALGORITHM --------------- ION=   1  ELEC=  17--------------------------------

 Density error is 1.98315785924e-06
----------------------------------------------------------
     Energy           Rydberg                 eV          
----------------------------------------------------------
 E_KohnSham     -35.4241547533       -481.9703514783      
 E_Harris       -35.4241555649       -481.9703625213      
 E_Fermi        -0.5268631008        -7.1683402367        
----------------------------------------------------------


 LCAO ALGORITHM --------------- ION=   1  ELEC=  18--------------------------------

 Density error is 8.08838537349e-07
----------------------------------------------------------
     Energy           Rydberg                 eV          
----------------------------------------------------------
 E_KohnSham     -35.4241547533       -481.9703514783      
 E_Harris       -35.4241557980       -481.9703656919      
 E_Fermi        -0.5268630224        -7.1683391705        
----------------------------------------------------------


 LCAO ALGORITHM --------------- ION=   1  ELEC=  19--------------------------------

 Density error is 1.85537964038e-07
----------------------------------------------------------
     Energy           Rydberg                 eV          
----------------------------------------------------------
 E_KohnSham     -35.4241547532       -481.9703514768      
 E_Harris       -35.4241544773       -481.9703477229      
 E_Fermi        -0.5268631047        -7.1683402901        
----------------------------------------------------------


 LCAO ALGORITHM --------------- ION=   1  ELEC=  20--------------------------------

 Density error is 1.26304958272e-07
----------------------------------------------------------
     Energy           Rydberg                 eV          
----------------------------------------------------------
 E_KohnSham     -35.4241547532       -481.9703514767      
 E_Harris       -35.4241547364       -481.9703512481      
 E_Fermi        -0.5268630882        -7.1683400652        
----------------------------------------------------------


 LCAO ALGORITHM --------------- ION=   1  ELEC=  21--------------------------------

 Density error is 2.96243566057e-08
----------------------------------------------------------
     Energy           Rydberg                 eV          
----------------------------------------------------------
 E_KohnSham     -35.4241547531       -481.9703514765      
 E_Harris       -35.4241547682       -481.9703516814      
 E_Fermi        -0.5268630878        -7.1683400603        
----------------------------------------------------------


 LCAO ALGORITHM --------------- ION=   1  ELEC=  22--------------------------------

 Density error is 1.08891136184e-08
----------------------------------------------------------
     Energy           Rydberg                 eV          
----------------------------------------------------------
 E_KohnSham     -35.4241547531       -481.9703514765      
 E_Harris       -35.4241547864       -481.9703519286      
 E_Fermi        -0.5268630872        -7.1683400522        
----------------------------------------------------------


 LCAO ALGORITHM --------------- ION=   1  ELEC=  23--------------------------------

 Density error is 4.88209560631e-09
----------------------------------------------------------
     Energy           Rydberg                 eV          
----------------------------------------------------------
 E_KohnSham     -35.4241547531       -481.9703514765      
 E_KS(sigma->0) -35.4241547531       -481.9703514765      
 E_Harris       -35.4241547583       -481.9703515473      
 E_band         -8.0713305813        -109.8160863469      
 E_one_elec     -72.3851540175       -984.8505452459      
 E_Hartree      37.7174447767        513.1721629630       
 E_xc           -9.7419125424        -132.5455199946      
 E_Ewald        8.9854670301         122.2535508010       
 E_entropy(-TS) 0.0000000000         0.0000000000         
 E_descf        0.0000000000         0.0000000000         
 E_exx          0.0000000000         0.0000000000         
 E_Fermi        -0.5268630889        -7.1683400753        
----------------------------------------------------------


 charge density convergence is achieved
 final etot is -481.97035148 eV
 EFERMI = -7.1683400753 eV

 STATE ENERGY(eV) AND OCCUPATIONS    NSPIN == 1
 1/1 kpoint (Cartesian) = 0.0000 0.0000 0.0000 (911913 pws)
       1       -25.2967        2.00000
       2       -13.1328        2.00000
       3       -9.31020        2.00000
       4       -7.16834        2.00000
       5      -0.392394        0.00000
       6        1.30440        0.00000
       7        3.05832        0.00000
       8        3.08991        0.00000
       9        5.65323        0.00000
      10        5.91578        0.00000
      11        7.07942        0.00000
      12        9.99009        0.00000
      13        10.1004        0.00000
      14        16.0960        0.00000

 correction force for each atom along direction 1 is 4.96501e-13
 correction force for each atom along direction 2 is -7.71530e-08
 correction force for each atom along direction 3 is 3.41002e-06
------------------------------------------------------------------------------------------
 TOTAL-FORCE (eV/Angstrom)                                                                
------------------------------------------------------------------------------------------
                        O1         0.0000000000         0.2527165149        -0.2204625562 
                        H1         0.0000000000        -0.2215850318         0.2102017081 
                        H2         0.0000000000        -0.0311314831         0.0102608481 
------------------------------------------------------------------------------------------



 --------------------------------------------
 !FINAL_ETOT_IS -481.9703514764710 eV
 --------------------------------------------


TIME STATISTICS
------------------------------------------------------------------------------------
    CLASS_NAME                    NAME                TIME/s  CALLS   AVG/s  PER/%  
------------------------------------------------------------------------------------
                   total                              108.84 13       8.37   100.00 
 Driver            reading                            0.04   1        0.04   0.03   
 Input_Conv        Convert                            0.00   1        0.00   0.00   
 Driver            driver_line                        108.80 1        108.80 99.97  
 UnitCell          check_tau                          0.00   1        0.00   0.00   
 ESolver_KS_LCAO   before_all_runners                 3.50   1        3.50   3.22   
 PW_Basis_Sup      setuptransform                     0.09   1        0.09   0.08   
 PW_Basis_Sup      distributeg                        0.09   1        0.09   0.08   
 mymath            heapsort                           1.43   231      0.01   1.32   
 Charge_Mixing     init_mixing                        0.00   1        0.00   0.00   
 Symmetry          analy_sys                          0.02   1        0.02   0.02   
 PW_Basis_K        setuptransform                     0.08   1        0.08   0.08   
 PW_Basis_K        distributeg                        0.06   1        0.06   0.05   
 PW_Basis          setup_struc_factor                 0.23   1        0.23   0.21   
 NOrbital_Lm       extra_uniform                      0.02   10       0.00   0.02   
 Mathzone_Add1     SplineD2                           0.00   10       0.00   0.00   
 Mathzone_Add1     Cubic_Spline_Interpolation         0.00   10       0.00   0.00   
 Mathzone_Add1     Uni_Deriv_Phi                      0.02   10       0.00   0.02   
 ppcell_vl         init_vloc                          0.01   1        0.01   0.01   
 Ions              opt_ions                           104.56 1        104.56 96.08  
 ESolver_KS_LCAO   runner                             101.31 1        101.31 93.08  
 ESolver_KS_LCAO   before_scf                         4.84   1        4.84   4.45   
 atom_arrange      search                             0.00   1        0.00   0.00   
 atom_arrange      grid_d.init                        0.00   1        0.00   0.00   
 Grid              Construct_Adjacent_expand          0.00   1        0.00   0.00   
 Grid              Construct_Adjacent_expand_periodic 0.00   3        0.00   0.00   
 Grid_Technique    init                               0.10   1        0.10   0.09   
 Grid_BigCell      grid_expansion_index               0.04   2        0.02   0.04   
 Grid_Driver       Find_atom                          0.00   19       0.00   0.00   
 Record_adj        for_2d                             0.00   1        0.00   0.00   
 LCAO_domain       grid_prepare                       0.00   1        0.00   0.00   
 Veff              initialize_HR                      0.00   1        0.00   0.00   
 OverlapNew        initialize_SR                      0.00   1        0.00   0.00   
 EkineticNew       initialize_HR                      0.00   1        0.00   0.00   
 NonlocalNew       initialize_HR                      0.00   1        0.00   0.00   
 Charge            set_rho_core                       0.26   1        0.26   0.24   
 PW_Basis_Sup      recip2real                         7.08   174      0.04   6.51   
 PW_Basis_Sup      gathers_scatterp                   1.44   174      0.01   1.32   
 ModuleIO          read_rhog                          0.00   1        0.00   0.00   
 Charge            atomic_rho                         0.52   2        0.26   0.48   
 Potential         init_pot                           2.30   1        2.30   2.11   
 Potential         update_from_charge                 43.50  24       1.81   39.97  
 Potential         cal_fixed_v                        0.22   1        0.22   0.21   
 PotLocal          cal_fixed_v                        0.21   1        0.21   0.19   
 Potential         cal_v_eff                          42.51  24       1.77   39.06  
 H_Hartree_pw      v_hartree                          7.74   24       0.32   7.11   
 PW_Basis_Sup      real2recip                         6.54   199      0.03   6.01   
 PW_Basis_Sup      gatherp_scatters                   0.85   199      0.00   0.78   
 PotXC             cal_v_eff                          32.84  24       1.37   30.17  
 XC_Functional     v_xc                               33.29  25       1.33   30.59  
 Potential         interpolate_vrs                    0.76   24       0.03   0.70   
 Symmetry          rhog_symmetry                      23.64  24       0.98   21.72  
 Symmetry          group fft grids                    17.35  24       0.72   15.94  
 H_Ewald_pw        compute_ewald                      0.37   1        0.37   0.34   
 HSolverLCAO       solve                              4.43   23       0.19   4.07   
 HamiltLCAO        updateHk                           0.77   23       0.03   0.71   
 OperatorLCAO      init                               0.77   69       0.01   0.71   
 Veff              contributeHR                       0.76   23       0.03   0.70   
 Gint_interface    cal_gint                           2.18   47       0.05   2.00   
 Gint_interface    cal_gint_vlocal                    0.76   23       0.03   0.70   
 Gint_Tools        cal_psir_ylm                       0.95   39650    0.00   0.87   
 Gint_k            transfer_pvpR                      0.00   23       0.00   0.00   
 OverlapNew        calculate_SR                       0.00   1        0.00   0.00   
 OverlapNew        contributeHk                       0.00   23       0.00   0.00   
 EkineticNew       contributeHR                       0.00   23       0.00   0.00   
 EkineticNew       calculate_HR                       0.00   1        0.00   0.00   
 NonlocalNew       contributeHR                       0.01   23       0.00   0.01   
 NonlocalNew       calculate_HR                       0.01   1        0.01   0.01   
 OperatorLCAO      contributeHk                       0.00   23       0.00   0.00   
 HSolverLCAO       hamiltSolvePsiK                    0.05   23       0.00   0.04   
 DiagoElpa         elpa_solve                         0.04   23       0.00   0.03   
 elecstate         cal_dm                             0.00   24       0.00   0.00   
 psiMulPsiMpi      pdgemm                             0.00   24       0.00   0.00   
 DensityMatrix     cal_DMR                            0.00   24       0.00   0.00   
 ElecStateLCAO     psiToRho                           3.61   23       0.16   3.32   
 Gint              transfer_DMR                       0.00   23       0.00   0.00   
 Gint_interface    cal_gint_rho                       1.37   23       0.06   1.25   
 Charge_Mixing     get_drho                           0.06   23       0.00   0.05   
 Charge            mix_rho                            11.06  22       0.50   10.16  
 Charge            Pulay_mixing                       0.95   22       0.04   0.87   
 ModuleIO          write_rhog                         1.04   1        1.04   0.96   
 ESolver_KS_LCAO   after_scf                          0.30   1        0.30   0.28   
 ESolver_KS_LCAO   cal_force                          3.26   1        3.26   2.99   
 Force_Stress_LCAO getForceStress                     3.26   1        3.26   2.99   
 Forces            cal_force_loc                      0.65   1        0.65   0.60   
 Forces            cal_force_ew                       0.41   1        0.41   0.38   
 Forces            cal_force_cc                       1.89   1        1.89   1.74   
 Forces            cal_force_scc                      0.16   1        0.16   0.15   
 Force_LCAO        ftable                             0.06   1        0.06   0.05   
 Force_LCAO        allocate                           0.00   1        0.00   0.00   
 LCAO_domain       build_ST_new                       0.00   2        0.00   0.00   
 Force_LCAO        cal_pulay_fs_center2               0.00   2        0.00   0.00   
 Gint_interface    cal_gint_force                     0.06   1        0.06   0.05   
 Gint_Tools        cal_dpsir_ylm                      0.02   848      0.00   0.02   
 NonlocalNew       cal_force_stress                   0.00   1        0.00   0.00   
 ESolver_KS_LCAO   after_all_runners                  0.00   1        0.00   0.00   
 ModuleIO          write_istate_info                  0.00   1        0.00   0.00   
------------------------------------------------------------------------------------


 NAME-------------------------|MEMORY(MB)--------
                         total          1119.
                  SF::strucFac          222.5
                      Chg::rho          109.5
                 Chg::rho_save          109.5
                 Chg::rho_core          109.5
                 Pot::veff_fix          109.5
                     Pot::veff          109.5
              Pot::veff_smooth          109.5
                     Chg::rhog          55.63
                Chg::rhog_save          55.63
                Chg::rhog_core          55.63
                  PW_B_K::gcar          20.87
                   PW_B_K::gk2          6.957
               GT::ind_bigcell          6.927
         GT::in_this_processor          6.927
              GT::index2normal          6.927
               GT::index2ucell          6.927
                 GT::start_ind          2.027
            GT::how_many_atoms          2.027
               GT::bcell_start          2.027
            GT::how many atoms          2.027
       TwoCenterTable: Kinetic          1.752
       TwoCenterTable: Overlap          1.752
      GT::bigcell_on_processor          1.732
      TwoCenterTable: Nonlocal          1.404
 -------------   < 1.0 MB has been ignored ----------------
 ----------------------------------------------------------

 Start  Time  : Fri Sep  4 21:55:49 2026
 Finish Time  : Fri Sep  4 21:57:38 2026
 Total  Time  : 0 h 1 mins 49 secs 
