                                                                                     
                              ABACUS v3.10.0

               Atomic-orbital Based Ab-initio Computation at UStc                    

                     Website: http://abacus.ustc.edu.cn/                             
               Documentation: https://abacus.deepmodeling.com/                       
                  Repository: https://github.com/abacusmodeling/abacus-develop       
                              https://github.com/deepmodeling/abacus-develop         
                      Commit: e84abb4 (Sat Jun 28 13:06:46 2025 +0800)

    Start Time is Wed Sep  2 22:10:40 2026
                                                                                     
 ------------------------------------------------------------------------------------

 READING GENERAL INFORMATION
                           global_out_dir = OUT.MOLAPT_HSE/
                           global_in_card = INPUT
                               pseudo_dir = ./
                              orbital_dir = ./
                                    DRANK = 1
                                    DSIZE = 1
                                   DCOLOR = 1
                                    GRANK = 1
                                    GSIZE = 1




 >>>>>>>>>>>>>>>>>>>>>>>>>>>>>>>>>>>>>>>>>>>>>>>>>>>>>>>>>>>>>>>>>>>>>>
 |                                                                    |
 | Reading atom information in unitcell:                              |
 | From the input file and the structure file we know the number of   |
 | different elments in this unitcell, then we list the detail        |
 | information for each element, especially the zeta and polar atomic |
 | orbital number for each element. The total atom number is counted. |
 | We calculate the nearest atom distance for each atom and show the  |
 | Cartesian and Direct coordinates for each atom. We list the file   |
 | address for atomic orbitals. The volume and the lattice vectors    |
 | in real and reciprocal space is also shown.                        |
 |                                                                    |
 <<<<<<<<<<<<<<<<<<<<<<<<<<<<<<<<<<<<<<<<<<<<<<<<<<<<<<<<<<<<<<<<<<<<<<




 READING UNITCELL INFORMATION
                                    ntype = 2
                  lattice constant (Bohr) = 1.88973
              lattice constant (Angstrom) = 1

 READING ATOM TYPE 1
                               atom label = C
                      L=0, number of zeta = 3
                      L=1, number of zeta = 3
                      L=2, number of zeta = 2
             number of atom for this type = 1

 READING ATOM TYPE 2
                               atom label = H
                      L=0, number of zeta = 3
                      L=1, number of zeta = 2
             number of atom for this type = 4

                        TOTAL ATOM NUMBER = 5
DIRECT COORDINATES
    atom                   x                   y                   z     mag                  vx                  vy                  vz
taud_C1            0.5000000000        0.5000000000        0.5000000000  0.0000        0.0000000000        0.0000000000        0.0000000000
taud_H1            0.5313789500        0.5313789500        0.5313789500  0.0000        0.0000000000        0.0000000000        0.0000000000
taud_H2            0.4681210500        0.4686210500        0.5313789500  0.0000        0.0000000000        0.0000000000        0.0000000000
taud_H3            0.4686210500        0.5313789500        0.4686210500  0.0000        0.0000000000        0.0000000000        0.0000000000
taud_H4            0.5313789500        0.4686210500        0.4686210500  0.0000        0.0000000000        0.0000000000        0.0000000000



                          Volume (Bohr^3) = 53986.7
                             Volume (A^3) = 7999.99

 Lattice vectors: (Cartesian coordinate: in unit of a_0)
                  +20                  +0                  +0
                   +0                 +20                  +0
                   +0                  +0                 +20
 Reciprocal vectors: (Cartesian coordinate: in unit of 2 pi/a_0)
                +0.05                  -0                  +0
                   -0               +0.05                  -0
                   +0                  -0               +0.05
 The esolver type has been set to : ksdft_lcao

 RUNNING WITH DEVICE  : CPU / Intel(R) Xeon(R) Gold 6248 CPU @ 2.50GHz




 >>>>>>>>>>>>>>>>>>>>>>>>>>>>>>>>>>>>>>>>>>>>>>>>>>>>>>>>>>>>>>>>>>>>>>
 |                                                                    |
 | Reading pseudopotentials files:                                    |
 | The pseudopotential file is in UPF format. The 'NC' indicates that |
 | the type of pseudopotential is 'norm conserving'. Functional of    |
 | exchange and correlation is decided by 4 given parameters in UPF   |
 | file.  We also read in the 'core correction' if there exists.      |
 | Also we can read the valence electrons number and the maximal      |
 | angular momentum used in this pseudopotential. We also read in the |
 | trail wave function, trail atomic density and local-pseudopotential|
 | on logrithmic grid. The non-local pseudopotential projector is also|
 | read in if there is any.                                           |
 |                                                                    |
 <<<<<<<<<<<<<<<<<<<<<<<<<<<<<<<<<<<<<<<<<<<<<<<<<<<<<<<<<<<<<<<<<<<<<<




                PAO radial cut off (Bohr) = 15

 Read in pseudopotential file is C.upf
                     pseudopotential type = NC
          exchange-correlation functional = PBE
                 nonlocal core correction = 1
                        valence electrons = 4
                                     lmax = 1
                           number of zeta = 2
                     number of projectors = 4
                           L of projector = 0
                           L of projector = 0
                           L of projector = 1
                           L of projector = 1
 XC functional updated to : hse
          exchange-correlation functional = HSE
                PAO radial cut off (Bohr) = 15

 Read in pseudopotential file is H.upf
                     pseudopotential type = NC
          exchange-correlation functional = PBE
                 nonlocal core correction = 0
                        valence electrons = 1
                                     lmax = 1
                           number of zeta = 1
                     number of projectors = 3
                           L of projector = 0
                           L of projector = 0
                           L of projector = 1
 XC functional updated to : hse
          exchange-correlation functional = HSE
     initial pseudo atomic orbital number = 8

 SETUP THE ELECTRONS NUMBER
             electron number of element C = 4
       total electron number of element C = 4
             electron number of element H = 1
       total electron number of element H = 4
            AUTOSET number of electrons:  = 8
                           occupied bands = 4
                                   NLOCAL = 58
                                   NBANDS = 14
                                   NBANDS = 14
                                   NLOCAL = 58




 >>>>>>>>>>>>>>>>>>>>>>>>>>>>>>>>>>>>>>>>>>>>>>>>>>>>>>>>>>>>>>>>>>>>>>
 |                                                                    |
 | Setup plane waves of charge/potential:                             |
 | Use the energy cutoff and the lattice vectors to generate the      |
 | dimensions of FFT grid. The number of FFT grid on each processor   |
 | is 'nrxx'. The number of plane wave basis in reciprocal space is   |
 | different for charege/potential and wave functions. We also set    |
 | the 'sticks' for the parallel of FFT. The number of plane waves    |
 | is 'npw' in each processor.                                        |
 <<<<<<<<<<<<<<<<<<<<<<<<<<<<<<<<<<<<<<<<<<<<<<<<<<<<<<<<<<<<<<<<<<<<<<





 SETUP THE PLANE WAVE BASIS
 energy cutoff for charge/potential (unit:Ry) = 400
            fft grid for charge/potential = [ 243, 243, 243 ]
                        fft grid division = [ 3, 3, 3 ]
        big fft grid for charge/potential = [ 81, 81, 81 ]
                                     nbxx = 531441
                                     nrxx = 14348907

 SETUP PLANE WAVES FOR CHARGE/POTENTIAL
                    number of plane waves = 7292125
                         number of sticks = 45461

 PARALLEL PW FOR CHARGE/POTENTIAL
     PROC   COLUMNS(POT)             PW
        1          45461        7292125
 --------------- sum -------------------
        1          45461        7292125
                            number of |g| = 12063
                                  max |g| = 36.18
                                  min |g| = 0
 DONE : SETUP UNITCELL Time : 2.15974 (SEC)


----------- Double Check Mixing Parameters Begin ------------
mixing_type: pulay
mixing_beta: 0.4
mixing_gg0: 1
mixing_gg0_min: 0.1
mixing_ndim: 20
----------- Double Check Mixing Parameters End ------------




 >>>>>>>>>>>>>>>>>>>>>>>>>>>>>>>>>>>>>>>>>>>>>>>>>>>>>>>>>>>>>>>>>>>>>>
 |                                                                    |
 | Setup K-points                                                     |
 | We setup the k-points according to input parameters.               |
 | The reduced k-points are set according to symmetry operations.     |
 | We treat the spin as another set of k-points.                      |
 |                                                                    |
 <<<<<<<<<<<<<<<<<<<<<<<<<<<<<<<<<<<<<<<<<<<<<<<<<<<<<<<<<<<<<<<<<<<<<<





 SETUP K-POINTS
                                    nspin = 1
                   Input type of k points = Monkhorst-Pack(Gamma)
                                   nkstot = 1
                               nkstot_ibz = 1
K-POINTS REDUCTION ACCORDING TO SYMMETRY
     IBZ    DIRECT_X    DIRECT_Y    DIRECT_Z  WEIGHT  ibz2bz
       1  0.00000000  0.00000000  0.00000000  1.0000       0

                               nkstot now = 1
K-POINTS DIRECT COORDINATES
 KPOINTS    DIRECT_X    DIRECT_Y    DIRECT_Z  WEIGHT
       1  0.00000000  0.00000000  0.00000000  1.0000


           k-point number in this process = 1
       minimum distributed K point number = 1

K-POINTS CARTESIAN COORDINATES
 KPOINTS CARTESIAN_X CARTESIAN_Y CARTESIAN_Z  WEIGHT
       1  0.00000000  0.00000000  0.00000000  2.0000


K-POINTS DIRECT COORDINATES
 KPOINTS    DIRECT_X    DIRECT_Y    DIRECT_Z  WEIGHT
       1  0.00000000  0.00000000  0.00000000  2.0000

 DONE : INIT K-POINTS Time : 2.16364 (SEC)


 Warning_Memory_Consuming allocated:  PW_B_K::gk2 6.95734 MB

 Warning_Memory_Consuming allocated:  PW_B_K::gcar 20.872 MB




 >>>>>>>>>>>>>>>>>>>>>>>>>>>>>>>>>>>>>>>>>>>>>>>>>>>>>>>>>>>>>>>>>>>>>>
 |                                                                    |
 | Setup plane waves of wave functions:                               |
 | Use the energy cutoff and the lattice vectors to generate the      |
 | dimensions of FFT grid. The number of FFT grid on each processor   |
 | is 'nrxx'. The number of plane wave basis in reciprocal space is   |
 | different for charege/potential and wave functions. We also set    |
 | the 'sticks' for the parallel of FFT. The number of plane wave of  |
 | each k-point is 'npwk[ik]' in each processor                       |
 <<<<<<<<<<<<<<<<<<<<<<<<<<<<<<<<<<<<<<<<<<<<<<<<<<<<<<<<<<<<<<<<<<<<<<





 SETUP PLANE WAVES FOR WAVE FUNCTIONS
     energy cutoff for wavefunc (unit:Ry) = 100
              fft grid for wave functions = [ 243, 243, 243 ]
                    number of plane waves = 911913
                         number of sticks = 11369

 PARALLEL PW FOR WAVE FUNCTIONS
     PROC   COLUMNS(POT)             PW
        1          11369         911913
 --------------- sum -------------------
        1          11369         911913
 DONE : INIT PLANEWAVE Time : 2.32646 (SEC)


 Warning_Memory_Consuming allocated:  SF::strucFac 222.538 MB
 SET NONLOCAL PSEUDOPOTENTIAL PROJECTORS
 SET NONLOCAL PSEUDOPOTENTIAL PROJECTORS
 max number of nonlocal projetors among all species is 4

 Warning_Memory_Consuming allocated:  ORB::Jl(x) 921.868 MB
 Auxiliary basis functions
		C		8 s		7 p		6 d		4 f		3 g		
		H		6 s		4 p		3 d		

 Warning_Memory_Consuming allocated:  ORB::Jl(x) 5063.37 MB
 DONE : LOCAL POTENTIAL Time : 56.0177 (SEC)


 Warning_Memory_Consuming allocated:  Chg::rho 109.473 MB

 Warning_Memory_Consuming allocated:  Chg::rho_save 109.473 MB

 Warning_Memory_Consuming allocated:  Chg::rhog 55.6345 MB

 Warning_Memory_Consuming allocated:  Chg::rhog_save 55.6345 MB

 Warning_Memory_Consuming allocated:  Chg::rho_core 109.473 MB

 Warning_Memory_Consuming allocated:  Chg::rhog_core 55.6345 MB

 Warning_Memory_Consuming allocated:  Pot::veff_fix 109.473 MB

 Warning_Memory_Consuming allocated:  Pot::veff 109.473 MB

 Warning_Memory_Consuming allocated:  Pot::veff_smooth 109.473 MB

 -------------------------------------------
 SELF-CONSISTENT
 -------------------------------------------




 >>>>>>>>>>>>>>>>>>>>>>>>>>>>>>>>>>>>>>>>>>>>>>>>>>>>>>>>>>>>>>>>>>>>>>
 |                                                                    |
 | Search adjacent atoms:                                             |
 | Set the adjacent atoms for each atom and set the periodic boundary |
 | condition for the atoms on real space FFT grid. For k-dependent    |
 | algorithm, we also need to set the sparse H and S matrix element   |
 | for each atom.                                                     |
 |                                                                    |
 <<<<<<<<<<<<<<<<<<<<<<<<<<<<<<<<<<<<<<<<<<<<<<<<<<<<<<<<<<<<<<<<<<<<<<





 SETUP SEARCHING RADIUS FOR PROGRAM TO SEARCH ADJACENT ATOMS
                  longest orb rcut (Bohr) = 9
   longest nonlocal projector rcut (Bohr) = 1.3
                     search radius (Bohr) = 20.6
              searching radius is (Bohr)) = 20.6
         searching radius unit is (Bohr)) = 1.89
                         PeriodicBoundary = 1
                        Radius(unit:lat0) = 10.9
                                   glayer = [ 2, 2, 2 ]
                             glayer_minus = [ 1, 1, 1 ]

Find the coordinate range of the input atom(unit:lat0).
                                  min_tau = [ -10.6, -10.6, -10.6 ]
                                  max_tau = [ 30.6, 30.6, 30.6 ]
                                BoxNumber = [ 3, 3, 3 ]

 SETUP EXTENDED REAL SPACE GRID FOR GRID INTEGRATION
                          real space grid = [ 243, 243, 243 ]
                 big cell numbers in grid = [ 81, 81, 81 ]
             meshcell numbers in big cell = [ 3, 3, 3 ]
                        extended fft grid = [ 20, 20, 20 ]
                dimension of extened grid = [ 122, 122, 122 ]
                            UnitCellTotal = 27

 Warning_Memory_Consuming allocated:  GT::ind_bigcell 6.93 MB

 Warning_Memory_Consuming allocated:  GT::in_this_processor 6.93 MB

 Warning_Memory_Consuming allocated:  GT::index2normal 6.93 MB

 Warning_Memory_Consuming allocated:  GT::index2ucell 6.93 MB
              Atom number in sub-FFT-grid = 5
    Local orbitals number in sub-FFT-grid = 58
                                ParaV.nnr = 3364
                                 init_chg = file
 try to read charge from file
 Read in the charge density: OUT.MOLAPT_HSE//MOLAPT_HSE-CHARGE-DENSITY.restart
 DONE : INIT SCF Time : 59.7385 (SEC)


 LCAO ALGORITHM --------------- ION=   1  ELEC=   1--------------------------------

 Density error is 0.0124323189352
----------------------------------------------------------
     Energy           Rydberg                 eV          
----------------------------------------------------------
 E_KohnSham     -16.8051092186       -228.6452408851      
 E_Harris       -16.7718592303       -228.1928515862      
 E_Fermi        -0.6909105419        -9.4003201776        
----------------------------------------------------------


 LCAO ALGORITHM --------------- ION=   1  ELEC=   2--------------------------------

 Density error is 0.00652074156309
----------------------------------------------------------
     Energy           Rydberg                 eV          
----------------------------------------------------------
 E_KohnSham     -16.8051299808       -228.6455233693      
 E_Harris       -16.8257266164       -228.9257549734      
 E_Fermi        -0.6893031330        -9.3784502584        
----------------------------------------------------------


 LCAO ALGORITHM --------------- ION=   1  ELEC=   3--------------------------------

 Density error is 0.00269885711885
----------------------------------------------------------
     Energy           Rydberg                 eV          
----------------------------------------------------------
 E_KohnSham     -16.8051328343       -228.6455621938      
 E_Harris       -16.8272783368       -228.9468672126      
 E_Fermi        -0.6902060214        -9.3907346851        
----------------------------------------------------------


 LCAO ALGORITHM --------------- ION=   1  ELEC=   4--------------------------------

 Density error is 0.0010370575326
----------------------------------------------------------
     Energy           Rydberg                 eV          
----------------------------------------------------------
 E_KohnSham     -16.8051341689       -228.6455803517      
 E_Harris       -16.8115876717       -228.7333847623      
 E_Fermi        -0.6915592463        -9.4091462545        
----------------------------------------------------------


 LCAO ALGORITHM --------------- ION=   1  ELEC=   5--------------------------------

 Density error is 0.000606825310455
----------------------------------------------------------
     Energy           Rydberg                 eV          
----------------------------------------------------------
 E_KohnSham     -16.8051327479       -228.6455610184      
 E_Harris       -16.8088612995       -228.6962905652      
 E_Fermi        -0.6918578043        -9.4132083445        
----------------------------------------------------------


 LCAO ALGORITHM --------------- ION=   1  ELEC=   6--------------------------------

 Density error is 0.000408000147437
----------------------------------------------------------
     Energy           Rydberg                 eV          
----------------------------------------------------------
 E_KohnSham     -16.8051310701       -228.6455381897      
 E_Harris       -16.8072497046       -228.6743636909      
 E_Fermi        -0.6920374590        -9.4156526719        
----------------------------------------------------------


 LCAO ALGORITHM --------------- ION=   1  ELEC=   7--------------------------------

 Density error is 0.000284660587191
----------------------------------------------------------
     Energy           Rydberg                 eV          
----------------------------------------------------------
 E_KohnSham     -16.8051302487       -228.6455270150      
 E_Harris       -16.8061909374       -228.6599584250      
 E_Fermi        -0.6921495215        -9.4171773603        
----------------------------------------------------------


 LCAO ALGORITHM --------------- ION=   1  ELEC=   8--------------------------------

 Density error is 0.000216112741843
----------------------------------------------------------
     Energy           Rydberg                 eV          
----------------------------------------------------------
 E_KohnSham     -16.8051291528       -228.6455121036      
 E_Harris       -16.8057958600       -228.6545831212      
 E_Fermi        -0.6921969626        -9.4178228293        
----------------------------------------------------------


 LCAO ALGORITHM --------------- ION=   1  ELEC=   9--------------------------------

 Density error is 0.000111513652172
----------------------------------------------------------
     Energy           Rydberg                 eV          
----------------------------------------------------------
 E_KohnSham     -16.8051288574       -228.6455080853      
 E_Harris       -16.8053633013       -228.6486978577      
 E_Fermi        -0.6922421295        -9.4184373574        
----------------------------------------------------------


 LCAO ALGORITHM --------------- ION=   1  ELEC=  10--------------------------------

 Density error is 5.98619906422e-05
----------------------------------------------------------
     Energy           Rydberg                 eV          
----------------------------------------------------------
 E_KohnSham     -16.8051287947       -228.6455072321      
 E_Harris       -16.8052445460       -228.6470821084      
 E_Fermi        -0.6922543130        -9.4186031225        
----------------------------------------------------------


 LCAO ALGORITHM --------------- ION=   1  ELEC=  11--------------------------------

 Density error is 4.32434999793e-05
----------------------------------------------------------
     Energy           Rydberg                 eV          
----------------------------------------------------------
 E_KohnSham     -16.8051287300       -228.6455063512      
 E_Harris       -16.8051980654       -228.6464497077      
 E_Fermi        -0.6922589948        -9.4186668214        
----------------------------------------------------------


 LCAO ALGORITHM --------------- ION=   1  ELEC=  12--------------------------------

 Density error is 1.9809647023e-05
----------------------------------------------------------
     Energy           Rydberg                 eV          
----------------------------------------------------------
 E_KohnSham     -16.8051287186       -228.6455061964      
 E_Harris       -16.8051479462       -228.6457678009      
 E_Fermi        -0.6922641002        -9.4187362840        
----------------------------------------------------------


 LCAO ALGORITHM --------------- ION=   1  ELEC=  13--------------------------------

 Density error is 7.49068981093e-06
----------------------------------------------------------
     Energy           Rydberg                 eV          
----------------------------------------------------------
 E_KohnSham     -16.8051287177       -228.6455061841      
 E_Harris       -16.8051367116       -228.6456149462      
 E_Fermi        -0.6922653797        -9.4187536918        
----------------------------------------------------------


 LCAO ALGORITHM --------------- ION=   1  ELEC=  14--------------------------------

 Density error is 5.69841202278e-06
----------------------------------------------------------
     Energy           Rydberg                 eV          
----------------------------------------------------------
 E_KohnSham     -16.8051287151       -228.6455061484      
 E_Harris       -16.8051344194       -228.6455837597      
 E_Fermi        -0.6922656005        -9.4187566961        
----------------------------------------------------------


 LCAO ALGORITHM --------------- ION=   1  ELEC=  15--------------------------------

 Density error is 1.89102080276e-06
----------------------------------------------------------
     Energy           Rydberg                 eV          
----------------------------------------------------------
 E_KohnSham     -16.8051287145       -228.6455061408      
 E_Harris       -16.8051299460       -228.6455228958      
 E_Fermi        -0.6922660829        -9.4187632594        
----------------------------------------------------------


 LCAO ALGORITHM --------------- ION=   1  ELEC=  16--------------------------------

 Density error is 1.15253226835e-06
----------------------------------------------------------
     Energy           Rydberg                 eV          
----------------------------------------------------------
 E_KohnSham     -16.8051287143       -228.6455061381      
 E_Harris       -16.8051289790       -228.6455097393      
 E_Fermi        -0.6922661804        -9.4187645864        
----------------------------------------------------------


 LCAO ALGORITHM --------------- ION=   1  ELEC=  17--------------------------------

 Density error is 5.58439019789e-07
----------------------------------------------------------
     Energy           Rydberg                 eV          
----------------------------------------------------------
 E_KohnSham     -16.8051287144       -228.6455061392      
 E_Harris       -16.8051289070       -228.6455087599      
 E_Fermi        -0.6922661960        -9.4187647984        
----------------------------------------------------------


 LCAO ALGORITHM --------------- ION=   1  ELEC=  18--------------------------------

 Density error is 2.43187863697e-07
----------------------------------------------------------
     Energy           Rydberg                 eV          
----------------------------------------------------------
 E_KohnSham     -16.8051287143       -228.6455061385      
 E_Harris       -16.8051287973       -228.6455072666      
 E_Fermi        -0.6922662104        -9.4187649947        
----------------------------------------------------------


 LCAO ALGORITHM --------------- ION=   1  ELEC=  19--------------------------------

 Density error is 1.37083522574e-07
----------------------------------------------------------
     Energy           Rydberg                 eV          
----------------------------------------------------------
 E_KohnSham     -16.8051287143       -228.6455061385      
 E_Harris       -16.8051287234       -228.6455062623      
 E_Fermi        -0.6922662176        -9.4187650921        
----------------------------------------------------------


 LCAO ALGORITHM --------------- ION=   1  ELEC=  20--------------------------------

 Density error is 7.93406678064e-08
----------------------------------------------------------
     Energy           Rydberg                 eV          
----------------------------------------------------------
 E_KohnSham     -16.8051287143       -228.6455061385      
 E_KS(sigma->0) -16.8051287143       -228.6455061385      
 E_Harris       -16.8051287629       -228.6455067986      
 E_band         -6.6738900537        -90.8029325557       
 E_one_elec     -49.6801336063       -675.9328944469      
 E_Hartree      25.6855392045        349.4696893837       
 E_xc           -7.1467712767        -97.2368116658       
 E_Ewald        14.3362369641        195.0545105905       
 E_entropy(-TS) 0.0000000000         0.0000000000         
 E_descf        0.0000000000         0.0000000000         
 E_exx          0.0000000000         0.0000000000         
 E_Fermi        -0.6922662133        -9.4187650336        
----------------------------------------------------------


 LCAO ALGORITHM --------------- ION=   1  ELEC=   1--------------------------------

 Density error is 0.0696130369904
----------------------------------------------------------
     Energy           Rydberg                 eV          
----------------------------------------------------------
 E_KohnSham     -16.5995347968       -225.8482573862      
 E_Harris       -18.1507785685       -246.9540116683      
 E_Fermi        -0.9849149277        -13.4004550623       
----------------------------------------------------------


 LCAO ALGORITHM --------------- ION=   1  ELEC=   2--------------------------------

 Density error is 0.0559240497714
----------------------------------------------------------
     Energy           Rydberg                 eV          
----------------------------------------------------------
 E_KohnSham     -16.6459029077       -226.4791278990      
 E_Harris       -17.3504879891       -236.0654997320      
 E_Fermi        -0.7377278427        -10.0373022334       
----------------------------------------------------------


 LCAO ALGORITHM --------------- ION=   1  ELEC=   3--------------------------------

 Density error is 0.0341282456065
----------------------------------------------------------
     Energy           Rydberg                 eV          
----------------------------------------------------------
 E_KohnSham     -16.6437081528       -226.4492667274      
 E_Harris       -17.0691833513       -232.2381537842      
 E_Fermi        -0.7512870880        -10.2217852302       
----------------------------------------------------------


 LCAO ALGORITHM --------------- ION=   1  ELEC=   4--------------------------------

 Density error is 0.014176486957
----------------------------------------------------------
     Energy           Rydberg                 eV          
----------------------------------------------------------
 E_KohnSham     -16.6436439394       -226.4483930595      
 E_Harris       -16.8139246582       -228.7651810944      
 E_Fermi        -0.7646637962        -10.4037846831       
----------------------------------------------------------


 LCAO ALGORITHM --------------- ION=   1  ELEC=   5--------------------------------

 Density error is 0.000700768498135
----------------------------------------------------------
     Energy           Rydberg                 eV          
----------------------------------------------------------
 E_KohnSham     -16.6438555110       -226.4512716384      
 E_Harris       -16.6521466968       -226.5640790082      
 E_Fermi        -0.7745520054        -10.5383206703       
----------------------------------------------------------


 LCAO ALGORITHM --------------- ION=   1  ELEC=   6--------------------------------

 Density error is 0.00142611267267
----------------------------------------------------------
     Energy           Rydberg                 eV          
----------------------------------------------------------
 E_KohnSham     -16.6438578614       -226.4513036169      
 E_Harris       -16.6319432775       -226.2891973863      
 E_Fermi        -0.7758081353        -10.5554111953       
----------------------------------------------------------


 LCAO ALGORITHM --------------- ION=   1  ELEC=   7--------------------------------

 Density error is 0.000250308992813
----------------------------------------------------------
     Energy           Rydberg                 eV          
----------------------------------------------------------
 E_KohnSham     -16.6438616337       -226.4513549420      
 E_Harris       -16.6466956614       -226.4899138674      
 E_Fermi        -0.7750064495        -10.5445036995       
----------------------------------------------------------


 LCAO ALGORITHM --------------- ION=   1  ELEC=   8--------------------------------

 Density error is 9.91102085545e-05
----------------------------------------------------------
     Energy           Rydberg                 eV          
----------------------------------------------------------
 E_KohnSham     -16.6438619967       -226.4513598812      
 E_Harris       -16.6438683834       -226.4514467766      
 E_Fermi        -0.7752096427        -10.5472682857       
----------------------------------------------------------


 LCAO ALGORITHM --------------- ION=   1  ELEC=   9--------------------------------

 Density error is 7.7356931659e-05
----------------------------------------------------------
     Energy           Rydberg                 eV          
----------------------------------------------------------
 E_KohnSham     -16.6438621257       -226.4513616359      
 E_Harris       -16.6437551405       -226.4499060271      
 E_Fermi        -0.7752240419        -10.5474641962       
----------------------------------------------------------


 LCAO ALGORITHM --------------- ION=   1  ELEC=  10--------------------------------

 Density error is 2.99850124501e-05
----------------------------------------------------------
     Energy           Rydberg                 eV          
----------------------------------------------------------
 E_KohnSham     -16.6438620925       -226.4513611838      
 E_Harris       -16.6439124989       -226.4520469978      
 E_Fermi        -0.7752188781        -10.5473939400       
----------------------------------------------------------


 LCAO ALGORITHM --------------- ION=   1  ELEC=  11--------------------------------

 Density error is 1.62801182412e-05
----------------------------------------------------------
     Energy           Rydberg                 eV          
----------------------------------------------------------
 E_KohnSham     -16.6438620448       -226.4513605356      
 E_Harris       -16.6439023486       -226.4519088968      
 E_Fermi        -0.7752211252        -10.5474245132       
----------------------------------------------------------


 LCAO ALGORITHM --------------- ION=   1  ELEC=  12--------------------------------

 Density error is 7.5393081271e-06
----------------------------------------------------------
     Energy           Rydberg                 eV          
----------------------------------------------------------
 E_KohnSham     -16.6438620312       -226.4513603508      
 E_Harris       -16.6438729431       -226.4515088138      
 E_Fermi        -0.7752232544        -10.5474534816       
----------------------------------------------------------


 LCAO ALGORITHM --------------- ION=   1  ELEC=  13--------------------------------

 Density error is 4.71478117792e-06
----------------------------------------------------------
     Energy           Rydberg                 eV          
----------------------------------------------------------
 E_KohnSham     -16.6438620267       -226.4513602891      
 E_Harris       -16.6438620141       -226.4513601180      
 E_Fermi        -0.7752241002        -10.5474649901       
----------------------------------------------------------


 LCAO ALGORITHM --------------- ION=   1  ELEC=  14--------------------------------

 Density error is 1.83117113733e-06
----------------------------------------------------------
     Energy           Rydberg                 eV          
----------------------------------------------------------
 E_KohnSham     -16.6438620262       -226.4513602823      
 E_Harris       -16.6438616208       -226.4513547660      
 E_Fermi        -0.7752242650        -10.5474672315       
----------------------------------------------------------


 LCAO ALGORITHM --------------- ION=   1  ELEC=  15--------------------------------

 Density error is 9.27698160349e-07
----------------------------------------------------------
     Energy           Rydberg                 eV          
----------------------------------------------------------
 E_KohnSham     -16.6438620262       -226.4513602823      
 E_Harris       -16.6438630435       -226.4513741229      
 E_Fermi        -0.7752242165        -10.5474665724       
----------------------------------------------------------


 LCAO ALGORITHM --------------- ION=   1  ELEC=  16--------------------------------

 Density error is 5.51542888581e-07
----------------------------------------------------------
     Energy           Rydberg                 eV          
----------------------------------------------------------
 E_KohnSham     -16.6438620257       -226.4513602754      
 E_Harris       -16.6438622297       -226.4513630516      
 E_Fermi        -0.7752242797        -10.5474674313       
----------------------------------------------------------


 LCAO ALGORITHM --------------- ION=   1  ELEC=  17--------------------------------

 Density error is 3.08532456079e-07
----------------------------------------------------------
     Energy           Rydberg                 eV          
----------------------------------------------------------
 E_KohnSham     -16.6438620257       -226.4513602754      
 E_Harris       -16.6438621706       -226.4513622465      
 E_Fermi        -0.7752242856        -10.5474675127       
----------------------------------------------------------


 LCAO ALGORITHM --------------- ION=   1  ELEC=  18--------------------------------

 Density error is 2.26700790962e-07
----------------------------------------------------------
     Energy           Rydberg                 eV          
----------------------------------------------------------
 E_KohnSham     -16.6438620262       -226.4513602823      
 E_Harris       -16.6438619265       -226.4513589257      
 E_Fermi        -0.7752243013        -10.5474677254       
----------------------------------------------------------


 LCAO ALGORITHM --------------- ION=   1  ELEC=  19--------------------------------

 Density error is 9.4329985483e-08
----------------------------------------------------------
     Energy           Rydberg                 eV          
----------------------------------------------------------
 E_KohnSham     -16.6438620257       -226.4513602754      
 E_KS(sigma->0) -16.6438620257       -226.4513602754      
 E_Harris       -16.6438619826       -226.4513596884      
 E_band         -7.4673179522        -101.5980729271      
 E_one_elec     -49.6736743642       -675.8450119491      
 E_Hartree      25.6751275376        349.3280313876       
 E_xc           -5.7511934133        -78.2490007206       
 E_Ewald        14.3362369641        195.0545105905       
 E_entropy(-TS) 0.0000000000         0.0000000000         
 E_descf        0.0000000000         0.0000000000         
 E_exx          -1.2303587500        -16.7398895837       
 E_Fermi        -0.7752242979        -10.5474676792       
----------------------------------------------------------


 LCAO ALGORITHM --------------- ION=   1  ELEC=   1--------------------------------

 Density error is 0.00101896966099
----------------------------------------------------------
     Energy           Rydberg                 eV          
----------------------------------------------------------
 E_KohnSham     -16.6439568611       -226.4526505766      
 E_Harris       -16.6540720490       -226.5902747692      
 E_Fermi        -0.7754957355        -10.5511607774       
----------------------------------------------------------


 LCAO ALGORITHM --------------- ION=   1  ELEC=   2--------------------------------

 Density error is 0.000386160823214
----------------------------------------------------------
     Energy           Rydberg                 eV          
----------------------------------------------------------
 E_KohnSham     -16.6439574112       -226.4526580622      
 E_Harris       -16.6438435662       -226.4511091215      
 E_Fermi        -0.7757364925        -10.5544364443       
----------------------------------------------------------


 LCAO ALGORITHM --------------- ION=   1  ELEC=   3--------------------------------

 Density error is 0.000138827239055
----------------------------------------------------------
     Energy           Rydberg                 eV          
----------------------------------------------------------
 E_KohnSham     -16.6439575237       -226.4526595926      
 E_Harris       -16.6426112878       -226.4343431133      
 E_Fermi        -0.7757306346        -10.5543567431       
----------------------------------------------------------


 LCAO ALGORITHM --------------- ION=   1  ELEC=   4--------------------------------

 Density error is 3.61377804647e-05
----------------------------------------------------------
     Energy           Rydberg                 eV          
----------------------------------------------------------
 E_KohnSham     -16.6439573500       -226.4526572290      
 E_Harris       -16.6436460195       -226.4484213605      
 E_Fermi        -0.7756369292        -10.5530818163       
----------------------------------------------------------


 LCAO ALGORITHM --------------- ION=   1  ELEC=   5--------------------------------

 Density error is 1.56979310528e-05
----------------------------------------------------------
     Energy           Rydberg                 eV          
----------------------------------------------------------
 E_KohnSham     -16.6439572069       -226.4526552818      
 E_Harris       -16.6438069655       -226.4506111423      
 E_Fermi        -0.7756187335        -10.5528342507       
----------------------------------------------------------


 LCAO ALGORITHM --------------- ION=   1  ELEC=   6--------------------------------

 Density error is 9.68374334568e-06
----------------------------------------------------------
     Energy           Rydberg                 eV          
----------------------------------------------------------
 E_KohnSham     -16.6439571970       -226.4526551479      
 E_Harris       -16.6438971202       -226.4518377610      
 E_Fermi        -0.7756079901        -10.5526880796       
----------------------------------------------------------


 LCAO ALGORITHM --------------- ION=   1  ELEC=   7--------------------------------

 Density error is 6.9788200825e-06
----------------------------------------------------------
     Energy           Rydberg                 eV          
----------------------------------------------------------
 E_KohnSham     -16.6439571950       -226.4526551203      
 E_Harris       -16.6439174125       -226.4521138517      
 E_Fermi        -0.7756054958        -10.5526541424       
----------------------------------------------------------


 LCAO ALGORITHM --------------- ION=   1  ELEC=   8--------------------------------

 Density error is 4.86025900965e-06
----------------------------------------------------------
     Energy           Rydberg                 eV          
----------------------------------------------------------
 E_KohnSham     -16.6439572221       -226.4526554882      
 E_Harris       -16.6439363898       -226.4523720514      
 E_Fermi        -0.7756033731        -10.5526252623       
----------------------------------------------------------


 LCAO ALGORITHM --------------- ION=   1  ELEC=   9--------------------------------

 Density error is 2.46901564735e-06
----------------------------------------------------------
     Energy           Rydberg                 eV          
----------------------------------------------------------
 E_KohnSham     -16.6439572291       -226.4526555842      
 E_Harris       -16.6439490376       -226.4525441332      
 E_Fermi        -0.7756020002        -10.5526065829       
----------------------------------------------------------


 LCAO ALGORITHM --------------- ION=   1  ELEC=  10--------------------------------

 Density error is 1.79496744126e-06
----------------------------------------------------------
     Energy           Rydberg                 eV          
----------------------------------------------------------
 E_KohnSham     -16.6439572357       -226.4526556734      
 E_Harris       -16.6439519436       -226.4525836705      
 E_Fermi        -0.7756016825        -10.5526022602       
----------------------------------------------------------


 LCAO ALGORITHM --------------- ION=   1  ELEC=  11--------------------------------

 Density error is 1.04531162144e-06
----------------------------------------------------------
     Energy           Rydberg                 eV          
----------------------------------------------------------
 E_KohnSham     -16.6439572384       -226.4526557111      
 E_Harris       -16.6439546037       -226.4526198631      
 E_Fermi        -0.7756013917        -10.5525983040       
----------------------------------------------------------


 LCAO ALGORITHM --------------- ION=   1  ELEC=  12--------------------------------

 Density error is 6.40834990721e-07
----------------------------------------------------------
     Energy           Rydberg                 eV          
----------------------------------------------------------
 E_KohnSham     -16.6439572394       -226.4526557248      
 E_Harris       -16.6439556988       -226.4526347637      
 E_Fermi        -0.7756012680        -10.5525966204       
----------------------------------------------------------


 LCAO ALGORITHM --------------- ION=   1  ELEC=  13--------------------------------

 Density error is 3.9183051606e-07
----------------------------------------------------------
     Energy           Rydberg                 eV          
----------------------------------------------------------
 E_KohnSham     -16.6439572402       -226.4526557351      
 E_Harris       -16.6439564211       -226.4526445903      
 E_Fermi        -0.7756011841        -10.5525954797       
----------------------------------------------------------


 LCAO ALGORITHM --------------- ION=   1  ELEC=  14--------------------------------

 Density error is 2.30641402524e-07
----------------------------------------------------------
     Energy           Rydberg                 eV          
----------------------------------------------------------
 E_KohnSham     -16.6439572402       -226.4526557351      
 E_Harris       -16.6439567837       -226.4526495245      
 E_Fermi        -0.7756011426        -10.5525949143       
----------------------------------------------------------


 LCAO ALGORITHM --------------- ION=   1  ELEC=  15--------------------------------

 Density error is 1.30721765031e-07
----------------------------------------------------------
     Energy           Rydberg                 eV          
----------------------------------------------------------
 E_KohnSham     -16.6439572402       -226.4526557351      
 E_Harris       -16.6439570385       -226.4526529904      
 E_Fermi        -0.7756011121        -10.5525945001       
----------------------------------------------------------


 LCAO ALGORITHM --------------- ION=   1  ELEC=  16--------------------------------

 Density error is 6.94700048656e-08
----------------------------------------------------------
     Energy           Rydberg                 eV          
----------------------------------------------------------
 E_KohnSham     -16.6439572402       -226.4526557351      
 E_KS(sigma->0) -16.6439572402       -226.4526557351      
 E_Harris       -16.6439571414       -226.4526543909      
 E_band         -7.4702800796        -101.6383747383      
 E_one_elec     -49.6709065495       -675.8073538990      
 E_Hartree      25.6741566807        349.3148222022       
 E_xc           -5.7513076891        -78.2505555225       
 E_Ewald        14.3362369641        195.0545105905       
 E_entropy(-TS) 0.0000000000         0.0000000000         
 E_descf        0.0000000000         0.0000000000         
 E_exx          -1.2321366465        -16.7640791063       
 E_Fermi        -0.7756011007        -10.5525943441       
----------------------------------------------------------


 LCAO ALGORITHM --------------- ION=   1  ELEC=   1--------------------------------

 Density error is 0.000121600467345
----------------------------------------------------------
     Energy           Rydberg                 eV          
----------------------------------------------------------
 E_KohnSham     -16.6439578907       -226.4526645851      
 E_Harris       -16.6450828181       -226.4679700074      
 E_Fermi        -0.7756352928        -10.5530595516       
----------------------------------------------------------


 LCAO ALGORITHM --------------- ION=   1  ELEC=   2--------------------------------

 Density error is 4.80291308897e-05
----------------------------------------------------------
     Energy           Rydberg                 eV          
----------------------------------------------------------
 E_KohnSham     -16.6439579073       -226.4526648112      
 E_Harris       -16.6439657240       -226.4527711631      
 E_Fermi        -0.7756592975        -10.5533861524       
----------------------------------------------------------


 LCAO ALGORITHM --------------- ION=   1  ELEC=   3--------------------------------

 Density error is 1.52736136383e-05
----------------------------------------------------------
     Energy           Rydberg                 eV          
----------------------------------------------------------
 E_KohnSham     -16.6439579183       -226.4526649609      
 E_Harris       -16.6438322208       -226.4509547590      
 E_Fermi        -0.7756576543        -10.5533637960       
----------------------------------------------------------


 LCAO ALGORITHM --------------- ION=   1  ELEC=   4--------------------------------

 Density error is 3.59284371651e-06
----------------------------------------------------------
     Energy           Rydberg                 eV          
----------------------------------------------------------
 E_KohnSham     -16.6439579008       -226.4526647226      
 E_Harris       -16.6439362262       -226.4523698246      
 E_Fermi        -0.7756479881        -10.5532322804       
----------------------------------------------------------


 LCAO ALGORITHM --------------- ION=   1  ELEC=   5--------------------------------

 Density error is 1.21131627726e-06
----------------------------------------------------------
     Energy           Rydberg                 eV          
----------------------------------------------------------
 E_KohnSham     -16.6439578932       -226.4526646199      
 E_Harris       -16.6439490393       -226.4525441556      
 E_Fermi        -0.7756464722        -10.5532116550       
----------------------------------------------------------


 LCAO ALGORITHM --------------- ION=   1  ELEC=   6--------------------------------

 Density error is 6.68669724441e-07
----------------------------------------------------------
     Energy           Rydberg                 eV          
----------------------------------------------------------
 E_KohnSham     -16.6439578922       -226.4526646063      
 E_Harris       -16.6439538980       -226.4526102617      
 E_Fermi        -0.7756458924        -10.5532037669       
----------------------------------------------------------


 LCAO ALGORITHM --------------- ION=   1  ELEC=   7--------------------------------

 Density error is 5.51691928471e-07
----------------------------------------------------------
     Energy           Rydberg                 eV          
----------------------------------------------------------
 E_KohnSham     -16.6439578912       -226.4526645925      
 E_Harris       -16.6439548051       -226.4526226045      
 E_Fermi        -0.7756457800        -10.5532022378       
----------------------------------------------------------


 LCAO ALGORITHM --------------- ION=   1  ELEC=   8--------------------------------

 Density error is 3.30448369937e-07
----------------------------------------------------------
     Energy           Rydberg                 eV          
----------------------------------------------------------
 E_KohnSham     -16.6439578912       -226.4526645926      
 E_Harris       -16.6439563694       -226.4526438877      
 E_Fermi        -0.7756455965        -10.5531997409       
----------------------------------------------------------


 LCAO ALGORITHM --------------- ION=   1  ELEC=   9--------------------------------

 Density error is 2.54179725211e-07
----------------------------------------------------------
     Energy           Rydberg                 eV          
----------------------------------------------------------
 E_KohnSham     -16.6439578922       -226.4526646062      
 E_Harris       -16.6439568767       -226.4526507891      
 E_Fermi        -0.7756455393        -10.5531989629       
----------------------------------------------------------


 LCAO ALGORITHM --------------- ION=   1  ELEC=  10--------------------------------

 Density error is 1.45833542488e-07
----------------------------------------------------------
     Energy           Rydberg                 eV          
----------------------------------------------------------
 E_KohnSham     -16.6439578922       -226.4526646063      
 E_Harris       -16.6439574489       -226.4526585744      
 E_Fermi        -0.7756454769        -10.5531981144       
----------------------------------------------------------


 LCAO ALGORITHM --------------- ION=   1  ELEC=  11--------------------------------

 Density error is 1.14776421663e-07
----------------------------------------------------------
     Energy           Rydberg                 eV          
----------------------------------------------------------
 E_KohnSham     -16.6439578932       -226.4526646200      
 E_Harris       -16.6439575436       -226.4526598637      
 E_Fermi        -0.7756454652        -10.5531979549       
----------------------------------------------------------


 LCAO ALGORITHM --------------- ION=   1  ELEC=  12--------------------------------

 Density error is 6.61872599732e-08
----------------------------------------------------------
     Energy           Rydberg                 eV          
----------------------------------------------------------
 E_KohnSham     -16.6439578937       -226.4526646268      
 E_KS(sigma->0) -16.6439578937       -226.4526646268      
 E_Harris       -16.6439577439       -226.4526625882      
 E_band         -7.4705956622        -101.6426684602      
 E_one_elec     -49.6705679529       -675.8027470561      
 E_Hartree      25.6740620544        349.3135347460       
 E_xc           -5.7513477972        -78.2511012218       
 E_Ewald        14.3362369641        195.0545105905       
 E_entropy(-TS) 0.0000000000         0.0000000000         
 E_descf        0.0000000000         0.0000000000         
 E_exx          -1.2323411622        -16.7668616855       
 E_Fermi        -0.7756454453        -10.5531976833       
----------------------------------------------------------


 LCAO ALGORITHM --------------- ION=   1  ELEC=   1--------------------------------

 Density error is 1.62998217897e-05
----------------------------------------------------------
     Energy           Rydberg                 eV          
----------------------------------------------------------
 E_KohnSham     -16.6439579016       -226.4526647338      
 E_Harris       -16.6440992130       -226.4545873747      
 E_Fermi        -0.7756501310        -10.5532614360       
----------------------------------------------------------


 LCAO ALGORITHM --------------- ION=   1  ELEC=   2--------------------------------

 Density error is 6.86308511949e-06
----------------------------------------------------------
     Energy           Rydberg                 eV          
----------------------------------------------------------
 E_KohnSham     -16.6439579022       -226.4526647414      
 E_Harris       -16.6439603796       -226.4526984487      
 E_Fermi        -0.7756528853        -10.5532989099       
----------------------------------------------------------


 LCAO ALGORITHM --------------- ION=   1  ELEC=   3--------------------------------

 Density error is 2.3699475554e-06
----------------------------------------------------------
     Energy           Rydberg                 eV          
----------------------------------------------------------
 E_KohnSham     -16.6439579037       -226.4526647621      
 E_Harris       -16.6439439675       -226.4524751504      
 E_Fermi        -0.7756526038        -10.5532950798       
----------------------------------------------------------


 LCAO ALGORITHM --------------- ION=   1  ELEC=   4--------------------------------

 Density error is 5.46129135629e-07
----------------------------------------------------------
     Energy           Rydberg                 eV          
----------------------------------------------------------
 E_KohnSham     -16.6439579022       -226.4526647416      
 E_Harris       -16.6439565556       -226.4526464211      
 E_Fermi        -0.7756514348        -10.5532791753       
----------------------------------------------------------


 LCAO ALGORITHM --------------- ION=   1  ELEC=   5--------------------------------

 Density error is 1.59820846881e-07
----------------------------------------------------------
     Energy           Rydberg                 eV          
----------------------------------------------------------
 E_KohnSham     -16.6439579022       -226.4526647415      
 E_Harris       -16.6439573189       -226.4526568062      
 E_Fermi        -0.7756513258        -10.5532776921       
----------------------------------------------------------


 LCAO ALGORITHM --------------- ION=   1  ELEC=   6--------------------------------

 Density error is 1.0648219661e-07
----------------------------------------------------------
     Energy           Rydberg                 eV          
----------------------------------------------------------
 E_KohnSham     -16.6439579012       -226.4526647278      
 E_Harris       -16.6439575821       -226.4526603867      
 E_Fermi        -0.7756512982        -10.5532773164       
----------------------------------------------------------


 LCAO ALGORITHM --------------- ION=   1  ELEC=   7--------------------------------

 Density error is 6.1977616286e-08
----------------------------------------------------------
     Energy           Rydberg                 eV          
----------------------------------------------------------
 E_KohnSham     -16.6439579017       -226.4526647347      
 E_KS(sigma->0) -16.6439579017       -226.4526647347      
 E_Harris       -16.6439576904       -226.4526618601      
 E_band         -7.4706355113        -101.6432106344      
 E_one_elec     -49.6705233806       -675.8021406183      
 E_Hartree      25.6740514672        349.3133906991       
 E_xc           -5.7513547824        -78.2511962608       
 E_Ewald        14.3362369641        195.0545105905       
 E_entropy(-TS) 0.0000000000         0.0000000000         
 E_descf        0.0000000000         0.0000000000         
 E_exx          -1.2323681699        -16.7672291451       
 E_Fermi        -0.7756512804        -10.5532770741       
----------------------------------------------------------


 LCAO ALGORITHM --------------- ION=   1  ELEC=   1--------------------------------

 Density error is 2.26509430664e-06
----------------------------------------------------------
     Energy           Rydberg                 eV          
----------------------------------------------------------
 E_KohnSham     -16.6439579013       -226.4526647302      
 E_Harris       -16.6439768427       -226.4529224403      
 E_Fermi        -0.7756519039        -10.5532855569       
----------------------------------------------------------


 LCAO ALGORITHM --------------- ION=   1  ELEC=   2--------------------------------

 Density error is 9.90722662719e-07
----------------------------------------------------------
     Energy           Rydberg                 eV          
----------------------------------------------------------
 E_KohnSham     -16.6439579013       -226.4526647302      
 E_Harris       -16.6439583664       -226.4526710573      
 E_Fermi        -0.7756522551        -10.5532903355       
----------------------------------------------------------


 LCAO ALGORITHM --------------- ION=   1  ELEC=   3--------------------------------

 Density error is 3.58016727687e-07
----------------------------------------------------------
     Energy           Rydberg                 eV          
----------------------------------------------------------
 E_KohnSham     -16.6439579013       -226.4526647302      
 E_Harris       -16.6439561913       -226.4526414637      
 E_Fermi        -0.7756522136        -10.5532897714       
----------------------------------------------------------


 LCAO ALGORITHM --------------- ION=   1  ELEC=   4--------------------------------

 Density error is 8.45649030491e-08
----------------------------------------------------------
     Energy           Rydberg                 eV          
----------------------------------------------------------
 E_KohnSham     -16.6439579018       -226.4526647371      
 E_KS(sigma->0) -16.6439579018       -226.4526647371      
 E_Harris       -16.6439578297       -226.4526637562      
 E_band         -7.4706407683        -101.6432821595      
 E_one_elec     -49.6705172348       -675.8020569999      
 E_Hartree      25.6740500915        349.3133719817       
 E_xc           -5.7513558402        -78.2512106524       
 E_Ewald        14.3362369641        195.0545105905       
 E_entropy(-TS) 0.0000000000         0.0000000000         
 E_descf        0.0000000000         0.0000000000         
 E_exx          -1.2323718825        -16.7672796570       
 E_Fermi        -0.7756520612        -10.5532876974       
----------------------------------------------------------


 LCAO ALGORITHM --------------- ION=   1  ELEC=   1--------------------------------

 Density error is 3.17183038046e-07
----------------------------------------------------------
     Energy           Rydberg                 eV          
----------------------------------------------------------
 E_KohnSham     -16.6439579018       -226.4526647371      
 E_Harris       -16.6439605160       -226.4527003045      
 E_Fermi        -0.7756521395        -10.5532887628       
----------------------------------------------------------


 LCAO ALGORITHM --------------- ION=   1  ELEC=   2--------------------------------

 Density error is 1.41927793426e-07
----------------------------------------------------------
     Energy           Rydberg                 eV          
----------------------------------------------------------
 E_KohnSham     -16.6439579018       -226.4526647371      
 E_Harris       -16.6439579933       -226.4526659820      
 E_Fermi        -0.7756521867        -10.5532894055       
----------------------------------------------------------


 LCAO ALGORITHM --------------- ION=   1  ELEC=   3--------------------------------

 Density error is 5.27733966721e-08
----------------------------------------------------------
     Energy           Rydberg                 eV          
----------------------------------------------------------
 E_KohnSham     -16.6439579018       -226.4526647371      
 E_KS(sigma->0) -16.6439579018       -226.4526647371      
 E_Harris       -16.6439576886       -226.4526618358      
 E_band         -7.4706415977        -101.6432934444      
 E_one_elec     -49.6705164604       -675.8020464639      
 E_Hartree      25.6740500056        349.3133708127       
 E_xc           -5.7513560120        -78.2512129891       
 E_Ewald        14.3362369641        195.0545105905       
 E_entropy(-TS) 0.0000000000         0.0000000000         
 E_descf        0.0000000000         0.0000000000         
 E_exx          -1.2323723992        -16.7672866874       
 E_Fermi        -0.7756521817        -10.5532893372       
----------------------------------------------------------


 LCAO ALGORITHM --------------- ION=   1  ELEC=   1--------------------------------

 Density error is 4.88581589052e-08
----------------------------------------------------------
     Energy           Rydberg                 eV          
----------------------------------------------------------
 E_KohnSham     -16.6439579018       -226.4526647372      
 E_KS(sigma->0) -16.6439579018       -226.4526647372      
 E_Harris       -16.6439584577       -226.4526722995      
 E_band         -7.4706414014        -101.6432907732      
 E_one_elec     -49.6705159826       -675.8020399633      
 E_Hartree      25.6740495693        349.3133648772       
 E_xc           -5.7513559754        -78.2512124924       
 E_Ewald        14.3362369641        195.0545105905       
 E_entropy(-TS) 0.0000000000         0.0000000000         
 E_descf        0.0000000000         0.0000000000         
 E_exx          -1.2323724773        -16.7672877491       
 E_Fermi        -0.7756521609        -10.5532890545       
----------------------------------------------------------


 charge density convergence is achieved
 final etot is -226.45266474 eV
 EFERMI = -10.553289055 eV

 STATE ENERGY(eV) AND OCCUPATIONS    NSPIN == 1
 1/1 kpoint (Cartesian) = 0.0000 0.0000 0.0000 (911913 pws)
       1       -19.0768        2.00000
       2       -10.6014        2.00000
       3       -10.5901        2.00000
       4       -10.5533        2.00000
       5        1.06277        0.00000
       6        2.44013        0.00000
       7        2.44369        0.00000
       8        2.44721        0.00000
       9        3.56439        0.00000
      10        3.57994        0.00000
      11        3.59552        0.00000
      12        4.91129        0.00000
      13        4.92487        0.00000
      14        9.17226        0.00000



 --------------------------------------------
 !FINAL_ETOT_IS -226.4526647371531 eV
 --------------------------------------------


TIME STATISTICS
--------------------------------------------------------------------------------------
     CLASS_NAME                     NAME                TIME/s  CALLS   AVG/s  PER/%  
--------------------------------------------------------------------------------------
                     total                              326.13 11       29.65  100.00 
 Driver              reading                            0.04   1        0.04   0.01   
 Input_Conv          Convert                            0.00   1        0.00   0.00   
 Driver              driver_line                        326.09 1        326.09 99.99  
 UnitCell            check_tau                          0.00   1        0.00   0.00   
 ESolver_KS_LCAO     before_all_runners                 56.27  1        56.27  17.25  
 PW_Basis_Sup        setuptransform                     0.08   1        0.08   0.03   
 PW_Basis_Sup        distributeg                        0.08   1        0.08   0.02   
 mymath              heapsort                           1.35   3        0.45   0.42   
 Charge_Mixing       init_mixing                        0.00   1        0.00   0.00   
 PW_Basis_K          setuptransform                     0.08   1        0.08   0.03   
 PW_Basis_K          distributeg                        0.06   1        0.06   0.02   
 PW_Basis            setup_struc_factor                 0.15   1        0.15   0.05   
 NOrbital_Lm         extra_uniform                      3.19   13839    0.00   0.98   
 Mathzone_Add1       SplineD2                           0.24   13839    0.00   0.07   
 Mathzone_Add1       Cubic_Spline_Interpolation         0.60   13839    0.00   0.18   
 Exx_LRI             init                               53.40  1        53.40  16.37  
 Matrix_Orbs21       init                               2.19   2        1.10   0.67   
 ORB_gaunt_table     init_Gaunt_CH                      0.15   3        0.05   0.05   
 ORB_gaunt_table     Calc_Gaunt_CH                      0.07   82305    0.00   0.02   
 ORB_gaunt_table     init_Gaunt                         1.25   3        0.42   0.38   
 ORB_gaunt_table     Get_Gaunt_SH                       22.93  3635313  0.00   7.03   
 Matrix_Orbs21       init_radial                        0.00   2        0.00   0.00   
 Matrix_Orbs21       init_radial_table                  23.67  2        11.83  7.26   
 Center2_Orb         cal_ST_Phi12_R                     36.84  24298    0.00   11.30  
 LRI_CV              set_orbitals                       42.27  1        42.27  12.96  
 Matrix_Orbs11       init                               2.41   1        2.41   0.74   
 Matrix_Orbs11       init_radial                        0.00   1        0.00   0.00   
 Matrix_Orbs11       init_radial_table                  22.23  1        22.23  6.82   
 ppcell_vl           init_vloc                          0.01   1        0.01   0.00   
 Ions                opt_ions                           269.68 1        269.68 82.69  
 ESolver_KS_LCAO     runner                             269.68 1        269.68 82.69  
 ESolver_KS_LCAO     before_scf                         3.42   1        3.42   1.05   
 atom_arrange        search                             0.00   1        0.00   0.00   
 atom_arrange        grid_d.init                        0.00   1        0.00   0.00   
 Grid                Construct_Adjacent_expand          0.00   1        0.00   0.00   
 Grid                Construct_Adjacent_expand_periodic 0.00   5        0.00   0.00   
 Grid_Technique      init                               0.10   1        0.10   0.03   
 Grid_BigCell        grid_expansion_index               0.04   2        0.02   0.01   
 Grid_Driver         Find_atom                          0.00   31       0.00   0.00   
 Record_adj          for_2d                             0.00   1        0.00   0.00   
 LCAO_domain         grid_prepare                       0.00   1        0.00   0.00   
 Veff                initialize_HR                      0.00   1        0.00   0.00   
 OverlapNew          initialize_SR                      0.00   1        0.00   0.00   
 EkineticNew         initialize_HR                      0.00   1        0.00   0.00   
 NonlocalNew         initialize_HR                      0.00   1        0.00   0.00   
 Exx_LRI             cal_exx_ions                       0.25   1        0.25   0.08   
 LRI_CV              cal_datas                          0.16   2        0.08   0.05   
 Charge              set_rho_core                       0.28   1        0.28   0.09   
 PW_Basis_Sup        recip2real                         21.25  493      0.04   6.52   
 PW_Basis_Sup        gathers_scatterp                   4.42   493      0.01   1.35   
 ModuleIO            read_rhog                          0.91   1        0.91   0.28   
 Potential           init_pot                           1.42   1        1.42   0.43   
 Potential           update_from_charge                 195.16 83       2.35   59.84  
 Potential           cal_fixed_v                        0.15   1        0.15   0.05   
 PotLocal            cal_fixed_v                        0.14   1        0.14   0.04   
 Potential           cal_v_eff                          193.08 83       2.33   59.20  
 H_Hartree_pw        v_hartree                          18.09  83       0.22   5.55   
 PW_Basis_Sup        real2recip                         17.69  519      0.03   5.42   
 PW_Basis_Sup        gatherp_scatters                   2.03   519      0.00   0.62   
 PotXC               cal_v_eff                          171.51 83       2.07   52.59  
 XC_Functional       v_xc                               131.33 52       2.53   40.27  
 Potential           interpolate_vrs                    1.93   83       0.02   0.59   
 H_Ewald_pw          compute_ewald                      0.31   1        0.31   0.10   
 HSolverLCAO         solve                              16.89  82       0.21   5.18   
 HamiltLCAO          updateHk                           4.58   82       0.06   1.41   
 OperatorLCAO        init                               4.57   328      0.01   1.40   
 Veff                contributeHR                       4.56   82       0.06   1.40   
 Gint_interface      cal_gint                           9.13   164      0.06   2.80   
 Gint_interface      cal_gint_vlocal                    4.54   82       0.06   1.39   
 Gint_Tools          cal_psir_ylm                       6.07   168230   0.00   1.86   
 Gint_k              transfer_pvpR                      0.00   82       0.00   0.00   
 OverlapNew          calculate_SR                       0.00   1        0.00   0.00   
 OverlapNew          contributeHk                       0.00   82       0.00   0.00   
 EkineticNew         contributeHR                       0.00   82       0.00   0.00   
 EkineticNew         calculate_HR                       0.00   1        0.00   0.00   
 NonlocalNew         contributeHR                       0.01   82       0.00   0.00   
 NonlocalNew         calculate_HR                       0.01   1        0.01   0.00   
 OperatorLCAO        contributeHk                       0.00   82       0.00   0.00   
 HSolverLCAO         hamiltSolvePsiK                    0.38   82       0.00   0.12   
 DiagoElpa           elpa_solve                         0.35   82       0.00   0.11   
 elecstate           cal_dm                             0.01   82       0.00   0.00   
 psiMulPsiMpi        pdgemm                             0.01   82       0.00   0.00   
 DensityMatrix       cal_DMR                            0.01   82       0.00   0.00   
 ElecStateLCAO       psiToRho                           11.91  82       0.15   3.65   
 Gint                transfer_DMR                       0.01   82       0.00   0.00   
 Gint_interface      cal_gint_rho                       4.57   82       0.06   1.40   
 Charge_Mixing       get_drho                           0.31   82       0.00   0.09   
 Charge              mix_rho                            23.83  74       0.32   7.31   
 Charge              Pulay_mixing                       1.07   74       0.01   0.33   
 ModuleIO            write_rhog                         8.20   8        1.02   2.51   
 RI_2D_Comm          split_m2D_ktoR                     0.00   7        0.00   0.00   
 Exx_LRI             cal_exx_elec                       0.64   7        0.09   0.20   
 RI_2D_Comm          add_HexxR                          0.00   62       0.00   0.00   
 XC_Functional_Libxc v_xc_libxc                         149.35 62       2.41   45.79  
 ESolver_KS_LCAO     after_scf                          4.23   1        4.23   1.30   
 Charge              atomic_rho                         0.26   1        0.26   0.08   
 ModuleIO            save_sparse                        0.01   1        0.01   0.00   
 ESolver_KS_LCAO     after_all_runners                  0.00   1        0.00   0.00   
 ModuleIO            write_istate_info                  0.00   1        0.00   0.00   
--------------------------------------------------------------------------------------


 NAME-------------------------|MEMORY(MB)--------
                         total          6187.
                    ORB::Jl(x)          5063.
                  SF::strucFac          222.5
                      Chg::rho          109.5
                 Chg::rho_save          109.5
                 Chg::rho_core          109.5
                 Pot::veff_fix          109.5
                     Pot::veff          109.5
              Pot::veff_smooth          109.5
                     Chg::rhog          55.63
                Chg::rhog_save          55.63
                Chg::rhog_core          55.63
                  PW_B_K::gcar          20.87
                   PW_B_K::gk2          6.957
               GT::ind_bigcell          6.927
         GT::in_this_processor          6.927
              GT::index2normal          6.927
               GT::index2ucell          6.927
       TwoCenterTable: Kinetic          3.071
       TwoCenterTable: Overlap          3.071
                 GT::start_ind          2.027
            GT::how_many_atoms          2.027
               GT::bcell_start          2.027
            GT::how many atoms          2.027
      GT::bigcell_on_processor          1.732
      TwoCenterTable: Nonlocal          1.551
 -------------   < 1.0 MB has been ignored ----------------
 ----------------------------------------------------------

 Start  Time  : Wed Sep  2 22:10:39 2026
 Finish Time  : Wed Sep  2 22:16:06 2026
 Total  Time  : 0 h 5 mins 27 secs 
