                                                                                     
                              ABACUS v3.10.0

               Atomic-orbital Based Ab-initio Computation at UStc                    

                     Website: http://abacus.ustc.edu.cn/                             
               Documentation: https://abacus.deepmodeling.com/                       
                  Repository: https://github.com/abacusmodeling/abacus-develop       
                              https://github.com/deepmodeling/abacus-develop         
                      Commit: e84abb4 (Sat Jun 28 13:06:46 2025 +0800)

    Start Time is Wed Sep  2 21:17:08 2026
                                                                                     
 ------------------------------------------------------------------------------------

 READING GENERAL INFORMATION
                           global_out_dir = OUT.MOLAPT_HSE/
                           global_in_card = INPUT
                               pseudo_dir = ./
                              orbital_dir = ./
                                    DRANK = 1
                                    DSIZE = 1
                                   DCOLOR = 1
                                    GRANK = 1
                                    GSIZE = 1




 >>>>>>>>>>>>>>>>>>>>>>>>>>>>>>>>>>>>>>>>>>>>>>>>>>>>>>>>>>>>>>>>>>>>>>
 |                                                                    |
 | Reading atom information in unitcell:                              |
 | From the input file and the structure file we know the number of   |
 | different elments in this unitcell, then we list the detail        |
 | information for each element, especially the zeta and polar atomic |
 | orbital number for each element. The total atom number is counted. |
 | We calculate the nearest atom distance for each atom and show the  |
 | Cartesian and Direct coordinates for each atom. We list the file   |
 | address for atomic orbitals. The volume and the lattice vectors    |
 | in real and reciprocal space is also shown.                        |
 |                                                                    |
 <<<<<<<<<<<<<<<<<<<<<<<<<<<<<<<<<<<<<<<<<<<<<<<<<<<<<<<<<<<<<<<<<<<<<<




 READING UNITCELL INFORMATION
                                    ntype = 2
                  lattice constant (Bohr) = 1.88973
              lattice constant (Angstrom) = 1

 READING ATOM TYPE 1
                               atom label = O
                      L=0, number of zeta = 3
                      L=1, number of zeta = 3
                      L=2, number of zeta = 2
             number of atom for this type = 1

 READING ATOM TYPE 2
                               atom label = H
                      L=0, number of zeta = 3
                      L=1, number of zeta = 2
             number of atom for this type = 2

                        TOTAL ATOM NUMBER = 3
DIRECT COORDINATES
    atom                   x                   y                   z     mag                  vx                  vy                  vz
taud_O1            0.5000000000        0.5000000000        0.5053895000  0.0000        0.0000000000        0.0000000000        0.0000000000
taud_H1            0.5000000000        0.5377726500        0.4764419500  0.0000        0.0000000000        0.0000000000        0.0000000000
taud_H2            0.5000000000        0.4622273500        0.4764419500  0.0000        0.0000000000        0.0000000000        0.0000000000



                          Volume (Bohr^3) = 53986.7
                             Volume (A^3) = 7999.99

 Lattice vectors: (Cartesian coordinate: in unit of a_0)
                  +20                  +0                  +0
                   +0                 +20                  +0
                   +0                  +0                 +20
 Reciprocal vectors: (Cartesian coordinate: in unit of 2 pi/a_0)
                +0.05                  -0                  +0
                   -0               +0.05                  -0
                   +0                  -0               +0.05
 The esolver type has been set to : ksdft_lcao

 RUNNING WITH DEVICE  : CPU / Intel(R) Xeon(R) Gold 6248 CPU @ 2.50GHz




 >>>>>>>>>>>>>>>>>>>>>>>>>>>>>>>>>>>>>>>>>>>>>>>>>>>>>>>>>>>>>>>>>>>>>>
 |                                                                    |
 | Reading pseudopotentials files:                                    |
 | The pseudopotential file is in UPF format. The 'NC' indicates that |
 | the type of pseudopotential is 'norm conserving'. Functional of    |
 | exchange and correlation is decided by 4 given parameters in UPF   |
 | file.  We also read in the 'core correction' if there exists.      |
 | Also we can read the valence electrons number and the maximal      |
 | angular momentum used in this pseudopotential. We also read in the |
 | trail wave function, trail atomic density and local-pseudopotential|
 | on logrithmic grid. The non-local pseudopotential projector is also|
 | read in if there is any.                                           |
 |                                                                    |
 <<<<<<<<<<<<<<<<<<<<<<<<<<<<<<<<<<<<<<<<<<<<<<<<<<<<<<<<<<<<<<<<<<<<<<




                PAO radial cut off (Bohr) = 15

 Read in pseudopotential file is O.upf
                     pseudopotential type = NC
          exchange-correlation functional = PBE
                 nonlocal core correction = 1
                        valence electrons = 6
                                     lmax = 2
                           number of zeta = 2
                     number of projectors = 5
                           L of projector = 0
                           L of projector = 0
                           L of projector = 1
                           L of projector = 1
                           L of projector = 2
 XC functional updated to : hse
          exchange-correlation functional = HSE
                PAO radial cut off (Bohr) = 15

 Read in pseudopotential file is H.upf
                     pseudopotential type = NC
          exchange-correlation functional = PBE
                 nonlocal core correction = 0
                        valence electrons = 1
                                     lmax = 1
                           number of zeta = 1
                     number of projectors = 3
                           L of projector = 0
                           L of projector = 0
                           L of projector = 1
 XC functional updated to : hse
          exchange-correlation functional = HSE
     initial pseudo atomic orbital number = 6

 SETUP THE ELECTRONS NUMBER
             electron number of element O = 6
       total electron number of element O = 6
             electron number of element H = 1
       total electron number of element H = 2
            AUTOSET number of electrons:  = 8
                           occupied bands = 4
                                   NLOCAL = 40
                                   NBANDS = 14
                                   NBANDS = 14
                                   NLOCAL = 40




 >>>>>>>>>>>>>>>>>>>>>>>>>>>>>>>>>>>>>>>>>>>>>>>>>>>>>>>>>>>>>>>>>>>>>>
 |                                                                    |
 | Setup plane waves of charge/potential:                             |
 | Use the energy cutoff and the lattice vectors to generate the      |
 | dimensions of FFT grid. The number of FFT grid on each processor   |
 | is 'nrxx'. The number of plane wave basis in reciprocal space is   |
 | different for charege/potential and wave functions. We also set    |
 | the 'sticks' for the parallel of FFT. The number of plane waves    |
 | is 'npw' in each processor.                                        |
 <<<<<<<<<<<<<<<<<<<<<<<<<<<<<<<<<<<<<<<<<<<<<<<<<<<<<<<<<<<<<<<<<<<<<<





 SETUP THE PLANE WAVE BASIS
 energy cutoff for charge/potential (unit:Ry) = 400
            fft grid for charge/potential = [ 243, 243, 243 ]
                        fft grid division = [ 3, 3, 3 ]
        big fft grid for charge/potential = [ 81, 81, 81 ]
                                     nbxx = 531441
                                     nrxx = 14348907

 SETUP PLANE WAVES FOR CHARGE/POTENTIAL
                    number of plane waves = 7292125
                         number of sticks = 45461

 PARALLEL PW FOR CHARGE/POTENTIAL
     PROC   COLUMNS(POT)             PW
        1          45461        7292125
 --------------- sum -------------------
        1          45461        7292125
                            number of |g| = 12063
                                  max |g| = 36.18
                                  min |g| = 0
 DONE : SETUP UNITCELL Time : 2.1922 (SEC)


----------- Double Check Mixing Parameters Begin ------------
mixing_type: pulay
mixing_beta: 0.4
mixing_gg0: 1
mixing_gg0_min: 0.1
mixing_ndim: 20
----------- Double Check Mixing Parameters End ------------




 >>>>>>>>>>>>>>>>>>>>>>>>>>>>>>>>>>>>>>>>>>>>>>>>>>>>>>>>>>>>>>>>>>>>>>
 |                                                                    |
 | Setup K-points                                                     |
 | We setup the k-points according to input parameters.               |
 | The reduced k-points are set according to symmetry operations.     |
 | We treat the spin as another set of k-points.                      |
 |                                                                    |
 <<<<<<<<<<<<<<<<<<<<<<<<<<<<<<<<<<<<<<<<<<<<<<<<<<<<<<<<<<<<<<<<<<<<<<





 SETUP K-POINTS
                                    nspin = 1
                   Input type of k points = Monkhorst-Pack(Gamma)
                                   nkstot = 1
                               nkstot_ibz = 1
K-POINTS REDUCTION ACCORDING TO SYMMETRY
     IBZ    DIRECT_X    DIRECT_Y    DIRECT_Z  WEIGHT  ibz2bz
       1  0.00000000  0.00000000  0.00000000  1.0000       0

                               nkstot now = 1
K-POINTS DIRECT COORDINATES
 KPOINTS    DIRECT_X    DIRECT_Y    DIRECT_Z  WEIGHT
       1  0.00000000  0.00000000  0.00000000  1.0000


           k-point number in this process = 1
       minimum distributed K point number = 1

K-POINTS CARTESIAN COORDINATES
 KPOINTS CARTESIAN_X CARTESIAN_Y CARTESIAN_Z  WEIGHT
       1  0.00000000  0.00000000  0.00000000  2.0000


K-POINTS DIRECT COORDINATES
 KPOINTS    DIRECT_X    DIRECT_Y    DIRECT_Z  WEIGHT
       1  0.00000000  0.00000000  0.00000000  2.0000

 DONE : INIT K-POINTS Time : 2.19725 (SEC)


 Warning_Memory_Consuming allocated:  PW_B_K::gk2 6.95734 MB

 Warning_Memory_Consuming allocated:  PW_B_K::gcar 20.872 MB




 >>>>>>>>>>>>>>>>>>>>>>>>>>>>>>>>>>>>>>>>>>>>>>>>>>>>>>>>>>>>>>>>>>>>>>
 |                                                                    |
 | Setup plane waves of wave functions:                               |
 | Use the energy cutoff and the lattice vectors to generate the      |
 | dimensions of FFT grid. The number of FFT grid on each processor   |
 | is 'nrxx'. The number of plane wave basis in reciprocal space is   |
 | different for charege/potential and wave functions. We also set    |
 | the 'sticks' for the parallel of FFT. The number of plane wave of  |
 | each k-point is 'npwk[ik]' in each processor                       |
 <<<<<<<<<<<<<<<<<<<<<<<<<<<<<<<<<<<<<<<<<<<<<<<<<<<<<<<<<<<<<<<<<<<<<<





 SETUP PLANE WAVES FOR WAVE FUNCTIONS
     energy cutoff for wavefunc (unit:Ry) = 100
              fft grid for wave functions = [ 243, 243, 243 ]
                    number of plane waves = 911913
                         number of sticks = 11369

 PARALLEL PW FOR WAVE FUNCTIONS
     PROC   COLUMNS(POT)             PW
        1          11369         911913
 --------------- sum -------------------
        1          11369         911913
 DONE : INIT PLANEWAVE Time : 2.34569 (SEC)


 Warning_Memory_Consuming allocated:  SF::strucFac 222.538 MB
 SET NONLOCAL PSEUDOPOTENTIAL PROJECTORS
 SET NONLOCAL PSEUDOPOTENTIAL PROJECTORS
 max number of nonlocal projetors among all species is 5

 Warning_Memory_Consuming allocated:  ORB::Jl(x) 921.868 MB
 Auxiliary basis functions
		O		9 s		7 p		7 d		5 f		3 g		
		H		6 s		4 p		3 d		

 Warning_Memory_Consuming allocated:  ORB::Jl(x) 5063.37 MB
 DONE : LOCAL POTENTIAL Time : 63.167 (SEC)


 Warning_Memory_Consuming allocated:  Chg::rho 109.473 MB

 Warning_Memory_Consuming allocated:  Chg::rho_save 109.473 MB

 Warning_Memory_Consuming allocated:  Chg::rhog 55.6345 MB

 Warning_Memory_Consuming allocated:  Chg::rhog_save 55.6345 MB

 Warning_Memory_Consuming allocated:  Chg::rho_core 109.473 MB

 Warning_Memory_Consuming allocated:  Chg::rhog_core 55.6345 MB

 Warning_Memory_Consuming allocated:  Pot::veff_fix 109.473 MB

 Warning_Memory_Consuming allocated:  Pot::veff 109.473 MB

 Warning_Memory_Consuming allocated:  Pot::veff_smooth 109.473 MB

 -------------------------------------------
 SELF-CONSISTENT
 -------------------------------------------




 >>>>>>>>>>>>>>>>>>>>>>>>>>>>>>>>>>>>>>>>>>>>>>>>>>>>>>>>>>>>>>>>>>>>>>
 |                                                                    |
 | Search adjacent atoms:                                             |
 | Set the adjacent atoms for each atom and set the periodic boundary |
 | condition for the atoms on real space FFT grid. For k-dependent    |
 | algorithm, we also need to set the sparse H and S matrix element   |
 | for each atom.                                                     |
 |                                                                    |
 <<<<<<<<<<<<<<<<<<<<<<<<<<<<<<<<<<<<<<<<<<<<<<<<<<<<<<<<<<<<<<<<<<<<<<





 SETUP SEARCHING RADIUS FOR PROGRAM TO SEARCH ADJACENT ATOMS
                  longest orb rcut (Bohr) = 9
   longest nonlocal projector rcut (Bohr) = 1.5
                     search radius (Bohr) = 21
              searching radius is (Bohr)) = 21
         searching radius unit is (Bohr)) = 1.89
                         PeriodicBoundary = 1
                        Radius(unit:lat0) = 11.1
                                   glayer = [ 2, 2, 2 ]
                             glayer_minus = [ 1, 1, 1 ]

Find the coordinate range of the input atom(unit:lat0).
                                  min_tau = [ -10, -10.8, -10.5 ]
                                  max_tau = [ 30, 30.8, 30.1 ]
                                BoxNumber = [ 3, 3, 3 ]

 SETUP EXTENDED REAL SPACE GRID FOR GRID INTEGRATION
                          real space grid = [ 243, 243, 243 ]
                 big cell numbers in grid = [ 81, 81, 81 ]
             meshcell numbers in big cell = [ 3, 3, 3 ]
                        extended fft grid = [ 20, 20, 20 ]
                dimension of extened grid = [ 122, 122, 122 ]
                            UnitCellTotal = 27

 Warning_Memory_Consuming allocated:  GT::ind_bigcell 6.93 MB

 Warning_Memory_Consuming allocated:  GT::in_this_processor 6.93 MB

 Warning_Memory_Consuming allocated:  GT::index2normal 6.93 MB

 Warning_Memory_Consuming allocated:  GT::index2ucell 6.93 MB
              Atom number in sub-FFT-grid = 3
    Local orbitals number in sub-FFT-grid = 40
                                ParaV.nnr = 1600
                                 init_chg = file
 try to read charge from file
 Read in the charge density: OUT.MOLAPT_HSE//MOLAPT_HSE-CHARGE-DENSITY.restart
 DONE : INIT SCF Time : 66.9243 (SEC)


 LCAO ALGORITHM --------------- ION=   1  ELEC=   1--------------------------------

 Density error is 0.0309000224199
----------------------------------------------------------
     Energy           Rydberg                 eV          
----------------------------------------------------------
 E_KohnSham     -35.4273238376       -482.0134690830      
 E_Harris       -35.4584659628       -482.4371794337      
 E_Fermi        -0.5278605672        -7.1819114634        
----------------------------------------------------------


 LCAO ALGORITHM --------------- ION=   1  ELEC=   2--------------------------------

 Density error is 0.0174734891591
----------------------------------------------------------
     Energy           Rydberg                 eV          
----------------------------------------------------------
 E_KohnSham     -35.4263819796       -482.0006544464      
 E_Harris       -35.4126331438       -481.8135919396      
 E_Fermi        -0.5288595481        -7.1955032958        
----------------------------------------------------------


 LCAO ALGORITHM --------------- ION=   1  ELEC=   3--------------------------------

 Density error is 0.00661972973587
----------------------------------------------------------
     Energy           Rydberg                 eV          
----------------------------------------------------------
 E_KohnSham     -35.4267076927       -482.0050860013      
 E_Harris       -35.4437549959       -482.2370264599      
 E_Fermi        -0.5270599917        -7.1710190749        
----------------------------------------------------------


 LCAO ALGORITHM --------------- ION=   1  ELEC=   4--------------------------------

 Density error is 0.0048431030965
----------------------------------------------------------
     Energy           Rydberg                 eV          
----------------------------------------------------------
 E_KohnSham     -35.4267111537       -482.0051330911      
 E_Harris       -35.4358633290       -482.1296548237      
 E_Fermi        -0.5278596810        -7.1818994057        
----------------------------------------------------------


 LCAO ALGORITHM --------------- ION=   1  ELEC=   5--------------------------------

 Density error is 0.00334373711069
----------------------------------------------------------
     Energy           Rydberg                 eV          
----------------------------------------------------------
 E_KohnSham     -35.4267164724       -482.0052054550      
 E_Harris       -35.4313433214       -482.0681569652      
 E_Fermi        -0.5284426530        -7.1898311472        
----------------------------------------------------------


 LCAO ALGORITHM --------------- ION=   1  ELEC=   6--------------------------------

 Density error is 0.00215773654869
----------------------------------------------------------
     Energy           Rydberg                 eV          
----------------------------------------------------------
 E_KohnSham     -35.4267174156       -482.0052182886      
 E_Harris       -35.4287158102       -482.0324078416      
 E_Fermi        -0.5287408208        -7.1938879283        
----------------------------------------------------------


 LCAO ALGORITHM --------------- ION=   1  ELEC=   7--------------------------------

 Density error is 0.00143892488314
----------------------------------------------------------
     Energy           Rydberg                 eV          
----------------------------------------------------------
 E_KohnSham     -35.4267176705       -482.0052217567      
 E_Harris       -35.4271633158       -482.0112850710      
 E_Fermi        -0.5288710914        -7.1956603506        
----------------------------------------------------------


 LCAO ALGORITHM --------------- ION=   1  ELEC=   8--------------------------------

 Density error is 0.0010636405741
----------------------------------------------------------
     Energy           Rydberg                 eV          
----------------------------------------------------------
 E_KohnSham     -35.4267176322       -482.0052212351      
 E_Harris       -35.4271844513       -482.0115726350      
 E_Fermi        -0.5288875494        -7.1958842731        
----------------------------------------------------------


 LCAO ALGORITHM --------------- ION=   1  ELEC=   9--------------------------------

 Density error is 0.000515389106908
----------------------------------------------------------
     Energy           Rydberg                 eV          
----------------------------------------------------------
 E_KohnSham     -35.4267180860       -482.0052274087      
 E_Harris       -35.4268439258       -482.0069395478      
 E_Fermi        -0.5289131635        -7.1962327714        
----------------------------------------------------------


 LCAO ALGORITHM --------------- ION=   1  ELEC=  10--------------------------------

 Density error is 0.000257991643139
----------------------------------------------------------
     Energy           Rydberg                 eV          
----------------------------------------------------------
 E_KohnSham     -35.4267182316       -482.0052293908      
 E_Harris       -35.4268055717       -482.0064177135      
 E_Fermi        -0.5289183161        -7.1963028752        
----------------------------------------------------------


 LCAO ALGORITHM --------------- ION=   1  ELEC=  11--------------------------------

 Density error is 0.000176010542682
----------------------------------------------------------
     Energy           Rydberg                 eV          
----------------------------------------------------------
 E_KohnSham     -35.4267183294       -482.0052307207      
 E_Harris       -35.4267595204       -482.0057911532      
 E_Fermi        -0.5289224856        -7.1963596049        
----------------------------------------------------------


 LCAO ALGORITHM --------------- ION=   1  ELEC=  12--------------------------------

 Density error is 6.8506792307e-05
----------------------------------------------------------
     Energy           Rydberg                 eV          
----------------------------------------------------------
 E_KohnSham     -35.4267183331       -482.0052307717      
 E_Harris       -35.4267252468       -482.0053248366      
 E_Fermi        -0.5289259996        -7.1964074143        
----------------------------------------------------------


 LCAO ALGORITHM --------------- ION=   1  ELEC=  13--------------------------------

 Density error is 5.35581606901e-05
----------------------------------------------------------
     Energy           Rydberg                 eV          
----------------------------------------------------------
 E_KohnSham     -35.4267183441       -482.0052309214      
 E_Harris       -35.4267248545       -482.0053194988      
 E_Fermi        -0.5289260307        -7.1964078382        
----------------------------------------------------------


 LCAO ALGORITHM --------------- ION=   1  ELEC=  14--------------------------------

 Density error is 1.67673589455e-05
----------------------------------------------------------
     Energy           Rydberg                 eV          
----------------------------------------------------------
 E_KohnSham     -35.4267183426       -482.0052309000      
 E_Harris       -35.4267225422       -482.0052880395      
 E_Fermi        -0.5289266557        -7.1964163420        
----------------------------------------------------------


 LCAO ALGORITHM --------------- ION=   1  ELEC=  15--------------------------------

 Density error is 5.63270687878e-06
----------------------------------------------------------
     Energy           Rydberg                 eV          
----------------------------------------------------------
 E_KohnSham     -35.4267183424       -482.0052308978      
 E_Harris       -35.4267175870       -482.0052206206      
 E_Fermi        -0.5289269946        -7.1964209531        
----------------------------------------------------------


 LCAO ALGORITHM --------------- ION=   1  ELEC=  16--------------------------------

 Density error is 4.41068506404e-06
----------------------------------------------------------
     Energy           Rydberg                 eV          
----------------------------------------------------------
 E_KohnSham     -35.4267183426       -482.0052309004      
 E_Harris       -35.4267180486       -482.0052268999      
 E_Fermi        -0.5289269687        -7.1964206004        
----------------------------------------------------------


 LCAO ALGORITHM --------------- ION=   1  ELEC=  17--------------------------------

 Density error is 1.79107761318e-06
----------------------------------------------------------
     Energy           Rydberg                 eV          
----------------------------------------------------------
 E_KohnSham     -35.4267183425       -482.0052308995      
 E_Harris       -35.4267186384       -482.0052349253      
 E_Fermi        -0.5289269405        -7.1964202169        
----------------------------------------------------------


 LCAO ALGORITHM --------------- ION=   1  ELEC=  18--------------------------------

 Density error is 6.96520665027e-07
----------------------------------------------------------
     Energy           Rydberg                 eV          
----------------------------------------------------------
 E_KohnSham     -35.4267183424       -482.0052308978      
 E_Harris       -35.4267184468       -482.0052323181      
 E_Fermi        -0.5289269523        -7.1964203769        
----------------------------------------------------------


 LCAO ALGORITHM --------------- ION=   1  ELEC=  19--------------------------------

 Density error is 4.00438145004e-07
----------------------------------------------------------
     Energy           Rydberg                 eV          
----------------------------------------------------------
 E_KohnSham     -35.4267183424       -482.0052308974      
 E_Harris       -35.4267183300       -482.0052307291      
 E_Fermi        -0.5289269611        -7.1964204969        
----------------------------------------------------------


 LCAO ALGORITHM --------------- ION=   1  ELEC=  20--------------------------------

 Density error is 1.44125474557e-07
----------------------------------------------------------
     Energy           Rydberg                 eV          
----------------------------------------------------------
 E_KohnSham     -35.4267183424       -482.0052308974      
 E_Harris       -35.4267183574       -482.0052311025      
 E_Fermi        -0.5289269613        -7.1964204994        
----------------------------------------------------------


 LCAO ALGORITHM --------------- ION=   1  ELEC=  21--------------------------------

 Density error is 5.02581277306e-08
----------------------------------------------------------
     Energy           Rydberg                 eV          
----------------------------------------------------------
 E_KohnSham     -35.4267183424       -482.0052308975      
 E_KS(sigma->0) -35.4267183424       -482.0052308975      
 E_Harris       -35.4267183399       -482.0052308641      
 E_band         -8.1235021312        -110.5259167000      
 E_one_elec     -72.8275132534       -990.8691514168      
 E_Hartree      37.9355700633        516.1399097385       
 E_xc           -9.7779381682        -133.0356737788      
 E_Ewald        9.2431630159         125.7596845596       
 E_entropy(-TS) 0.0000000000         0.0000000000         
 E_descf        0.0000000000         0.0000000000         
 E_exx          0.0000000000         0.0000000000         
 E_Fermi        -0.5289269621        -7.1964205108        
----------------------------------------------------------


 LCAO ALGORITHM --------------- ION=   1  ELEC=   1--------------------------------

 Density error is 0.09983317491
----------------------------------------------------------
     Energy           Rydberg                 eV          
----------------------------------------------------------
 E_KohnSham     -35.0004527491       -476.2055899682      
 E_Harris       -36.2062172484       -492.6108576036      
 E_Fermi        -0.9434063478        -12.8357018596       
----------------------------------------------------------


 LCAO ALGORITHM --------------- ION=   1  ELEC=   2--------------------------------

 Density error is 0.0958120072286
----------------------------------------------------------
     Energy           Rydberg                 eV          
----------------------------------------------------------
 E_KohnSham     -35.1184678242       -477.8112674390      
 E_Harris       -37.2433706677       -506.7220538067      
 E_Fermi        -0.5307213760        -7.2208347643        
----------------------------------------------------------


 LCAO ALGORITHM --------------- ION=   1  ELEC=   3--------------------------------

 Density error is 0.049994894276
----------------------------------------------------------
     Energy           Rydberg                 eV          
----------------------------------------------------------
 E_KohnSham     -35.1132924575       -477.7408529618      
 E_Harris       -36.1934067067       -492.4365612420      
 E_Fermi        -0.5786644722        -7.8731340515        
----------------------------------------------------------


 LCAO ALGORITHM --------------- ION=   1  ELEC=   4--------------------------------

 Density error is 0.0171315702893
----------------------------------------------------------
     Energy           Rydberg                 eV          
----------------------------------------------------------
 E_KohnSham     -35.1145594761       -477.7580916344      
 E_Harris       -35.4696951403       -482.5899602316      
 E_Fermi        -0.6140387991        -8.3544264605        
----------------------------------------------------------


 LCAO ALGORITHM --------------- ION=   1  ELEC=   5--------------------------------

 Density error is 0.00713851730474
----------------------------------------------------------
     Energy           Rydberg                 eV          
----------------------------------------------------------
 E_KohnSham     -35.1145211751       -477.7575705224      
 E_Harris       -35.2538304206       -479.6529700463      
 E_Fermi        -0.6247062034        -8.4995639419        
----------------------------------------------------------


 LCAO ALGORITHM --------------- ION=   1  ELEC=   6--------------------------------

 Density error is 0.000734630379342
----------------------------------------------------------
     Energy           Rydberg                 eV          
----------------------------------------------------------
 E_KohnSham     -35.1146177960       -477.7588851174      
 E_Harris       -35.1092846820       -477.6863243798      
 E_Fermi        -0.6320408922        -8.5993575035        
----------------------------------------------------------


 LCAO ALGORITHM --------------- ION=   1  ELEC=   7--------------------------------

 Density error is 0.00046292767526
----------------------------------------------------------
     Energy           Rydberg                 eV          
----------------------------------------------------------
 E_KohnSham     -35.1146184157       -477.7588935497      
 E_Harris       -35.1138257748       -477.7481091167      
 E_Fermi        -0.6317787764        -8.5957912347        
----------------------------------------------------------


 LCAO ALGORITHM --------------- ION=   1  ELEC=   8--------------------------------

 Density error is 0.000382629232233
----------------------------------------------------------
     Energy           Rydberg                 eV          
----------------------------------------------------------
 E_KohnSham     -35.1146189093       -477.7589002655      
 E_Harris       -35.1116907220       -477.7190602332      
 E_Fermi        -0.6318635858        -8.5969451258        
----------------------------------------------------------


 LCAO ALGORITHM --------------- ION=   1  ELEC=   9--------------------------------

 Density error is 0.000286643459665
----------------------------------------------------------
     Energy           Rydberg                 eV          
----------------------------------------------------------
 E_KohnSham     -35.1146196571       -477.7589104391      
 E_Harris       -35.1143659530       -477.7554586178      
 E_Fermi        -0.6317109505        -8.5948684158        
----------------------------------------------------------


 LCAO ALGORITHM --------------- ION=   1  ELEC=  10--------------------------------

 Density error is 0.000155802207264
----------------------------------------------------------
     Energy           Rydberg                 eV          
----------------------------------------------------------
 E_KohnSham     -35.1146201621       -477.7589173106      
 E_Harris       -35.1144807458       -477.7570204539      
 E_Fermi        -0.6316779799        -8.5944198274        
----------------------------------------------------------


 LCAO ALGORITHM --------------- ION=   1  ELEC=  11--------------------------------

 Density error is 7.93333541232e-05
----------------------------------------------------------
     Energy           Rydberg                 eV          
----------------------------------------------------------
 E_KohnSham     -35.1146202848       -477.7589189793      
 E_Harris       -35.1143949600       -477.7558532784      
 E_Fermi        -0.6316715032        -8.5943317079        
----------------------------------------------------------


 LCAO ALGORITHM --------------- ION=   1  ELEC=  12--------------------------------

 Density error is 4.68392576402e-05
----------------------------------------------------------
     Energy           Rydberg                 eV          
----------------------------------------------------------
 E_KohnSham     -35.1146203851       -477.7589203437      
 E_Harris       -35.1145165678       -477.7575078377      
 E_Fermi        -0.6316624898        -8.5942090746        
----------------------------------------------------------


 LCAO ALGORITHM --------------- ION=   1  ELEC=  13--------------------------------

 Density error is 2.70798004451e-05
----------------------------------------------------------
     Energy           Rydberg                 eV          
----------------------------------------------------------
 E_KohnSham     -35.1146204172       -477.7589207810      
 E_Harris       -35.1146530318       -477.7593645256      
 E_Fermi        -0.6316538877        -8.5940920365        
----------------------------------------------------------


 LCAO ALGORITHM --------------- ION=   1  ELEC=  14--------------------------------

 Density error is 1.19994566333e-05
----------------------------------------------------------
     Energy           Rydberg                 eV          
----------------------------------------------------------
 E_KohnSham     -35.1146204222       -477.7589208496      
 E_Harris       -35.1145770761       -477.7583310948      
 E_Fermi        -0.6316567116        -8.5941304573        
----------------------------------------------------------


 LCAO ALGORITHM --------------- ION=   1  ELEC=  15--------------------------------

 Density error is 6.58296639681e-06
----------------------------------------------------------
     Energy           Rydberg                 eV          
----------------------------------------------------------
 E_KohnSham     -35.1146204313       -477.7589209729      
 E_Harris       -35.1146046969       -477.7587068956      
 E_Fermi        -0.6316551007        -8.5941085405        
----------------------------------------------------------


 LCAO ALGORITHM --------------- ION=   1  ELEC=  16--------------------------------

 Density error is 2.29175040371e-06
----------------------------------------------------------
     Energy           Rydberg                 eV          
----------------------------------------------------------
 E_KohnSham     -35.1146204313       -477.7589209729      
 E_Harris       -35.1146252950       -477.7589871466      
 E_Fermi        -0.6316538206        -8.5940911231        
----------------------------------------------------------


 LCAO ALGORITHM --------------- ION=   1  ELEC=  17--------------------------------

 Density error is 1.16739889878e-06
----------------------------------------------------------
     Energy           Rydberg                 eV          
----------------------------------------------------------
 E_KohnSham     -35.1146204313       -477.7589209729      
 E_Harris       -35.1146245057       -477.7589764079      
 E_Fermi        -0.6316538188        -8.5940910985        
----------------------------------------------------------


 LCAO ALGORITHM --------------- ION=   1  ELEC=  18--------------------------------

 Density error is 6.2039673814e-07
----------------------------------------------------------
     Energy           Rydberg                 eV          
----------------------------------------------------------
 E_KohnSham     -35.1146204313       -477.7589209729      
 E_Harris       -35.1146188685       -477.7588997096      
 E_Fermi        -0.6316540853        -8.5940947251        
----------------------------------------------------------


 LCAO ALGORITHM --------------- ION=   1  ELEC=  19--------------------------------

 Density error is 2.29586981202e-07
----------------------------------------------------------
     Energy           Rydberg                 eV          
----------------------------------------------------------
 E_KohnSham     -35.1146204313       -477.7589209729      
 E_Harris       -35.1146205665       -477.7589228129      
 E_Fermi        -0.6316539856        -8.5940933682        
----------------------------------------------------------


 LCAO ALGORITHM --------------- ION=   1  ELEC=  20--------------------------------

 Density error is 9.26644576399e-08
----------------------------------------------------------
     Energy           Rydberg                 eV          
----------------------------------------------------------
 E_KohnSham     -35.1146204313       -477.7589209729      
 E_KS(sigma->0) -35.1146204313       -477.7589209729      
 E_Harris       -35.1146204121       -477.7589207118      
 E_band         -9.1453886407        -124.4293959384      
 E_one_elec     -72.8834564928       -991.6302982369      
 E_Hartree      37.9948959685        516.9470800891       
 E_xc           -7.7488370533        -105.4283367986      
 E_Ewald        9.2431630159         125.7596845596       
 E_entropy(-TS) 0.0000000000         0.0000000000         
 E_descf        0.0000000000         0.0000000000         
 E_exx          -1.7203858697        -23.4070505861       
 E_Fermi        -0.6316539910        -8.5940934423        
----------------------------------------------------------


 LCAO ALGORITHM --------------- ION=   1  ELEC=   1--------------------------------

 Density error is 0.0005834127014
----------------------------------------------------------
     Energy           Rydberg                 eV          
----------------------------------------------------------
 E_KohnSham     -35.1147093986       -477.7601314353      
 E_Harris       -35.1175569894       -477.7988748954      
 E_Fermi        -0.6324996032        -8.6055985866        
----------------------------------------------------------


 LCAO ALGORITHM --------------- ION=   1  ELEC=   2--------------------------------

 Density error is 0.000359579112177
----------------------------------------------------------
     Energy           Rydberg                 eV          
----------------------------------------------------------
 E_KohnSham     -35.1147092544       -477.7601294737      
 E_Harris       -35.1114607236       -477.7159309445      
 E_Fermi        -0.6323113992        -8.6030379401        
----------------------------------------------------------


 LCAO ALGORITHM --------------- ION=   1  ELEC=   3--------------------------------

 Density error is 8.6268920727e-05
----------------------------------------------------------
     Energy           Rydberg                 eV          
----------------------------------------------------------
 E_KohnSham     -35.1147090252       -477.7601263545      
 E_Harris       -35.1138955468       -477.7490584128      
 E_Fermi        -0.6320391080        -8.5993332277        
----------------------------------------------------------


 LCAO ALGORITHM --------------- ION=   1  ELEC=   4--------------------------------

 Density error is 6.29070726601e-05
----------------------------------------------------------
     Energy           Rydberg                 eV          
----------------------------------------------------------
 E_KohnSham     -35.1147087652       -477.7601228169      
 E_Harris       -35.1140742771       -477.7514901644      
 E_Fermi        -0.6320157422        -8.5990153194        
----------------------------------------------------------


 LCAO ALGORITHM --------------- ION=   1  ELEC=   5--------------------------------

 Density error is 4.69136673184e-05
----------------------------------------------------------
     Energy           Rydberg                 eV          
----------------------------------------------------------
 E_KohnSham     -35.1147084754       -477.7601188749      
 E_Harris       -35.1143297281       -477.7549657528      
 E_Fermi        -0.6319865812        -8.5986185634        
----------------------------------------------------------


 LCAO ALGORITHM --------------- ION=   1  ELEC=   6--------------------------------

 Density error is 3.0563259643e-05
----------------------------------------------------------
     Energy           Rydberg                 eV          
----------------------------------------------------------
 E_KohnSham     -35.1147084006       -477.7601178569      
 E_Harris       -35.1145439456       -477.7578803322      
 E_Fermi        -0.6319611848        -8.5982730280        
----------------------------------------------------------


 LCAO ALGORITHM --------------- ION=   1  ELEC=   7--------------------------------

 Density error is 1.99629126238e-05
----------------------------------------------------------
     Energy           Rydberg                 eV          
----------------------------------------------------------
 E_KohnSham     -35.1147084659       -477.7601187450      
 E_Harris       -35.1146244392       -477.7589755036      
 E_Fermi        -0.6319516461        -8.5981432474        
----------------------------------------------------------


 LCAO ALGORITHM --------------- ION=   1  ELEC=   8--------------------------------

 Density error is 1.33692109958e-05
----------------------------------------------------------
     Energy           Rydberg                 eV          
----------------------------------------------------------
 E_KohnSham     -35.1147085037       -477.7601192598      
 E_Harris       -35.1146726358       -477.7596312511      
 E_Fermi        -0.6319466952        -8.5980758869        
----------------------------------------------------------


 LCAO ALGORITHM --------------- ION=   1  ELEC=   9--------------------------------

 Density error is 8.3399190041e-06
----------------------------------------------------------
     Energy           Rydberg                 eV          
----------------------------------------------------------
 E_KohnSham     -35.1147085503       -477.7601198928      
 E_Harris       -35.1146885395       -477.7598476322      
 E_Fermi        -0.6319449524        -8.5980521747        
----------------------------------------------------------


 LCAO ALGORITHM --------------- ION=   1  ELEC=  10--------------------------------

 Density error is 4.32818288587e-06
----------------------------------------------------------
     Energy           Rydberg                 eV          
----------------------------------------------------------
 E_KohnSham     -35.1147085164       -477.7601194319      
 E_Harris       -35.1147016632       -477.7600261889      
 E_Fermi        -0.6319437379        -8.5980356509        
----------------------------------------------------------


 LCAO ALGORITHM --------------- ION=   1  ELEC=  11--------------------------------

 Density error is 2.96338749254e-06
----------------------------------------------------------
     Energy           Rydberg                 eV          
----------------------------------------------------------
 E_KohnSham     -35.1147085174       -477.7601194457      
 E_Harris       -35.1147036074       -477.7600526416      
 E_Fermi        -0.6319435378        -8.5980329289        
----------------------------------------------------------


 LCAO ALGORITHM --------------- ION=   1  ELEC=  12--------------------------------

 Density error is 1.40073129837e-06
----------------------------------------------------------
     Energy           Rydberg                 eV          
----------------------------------------------------------
 E_KohnSham     -35.1147085184       -477.7601194594      
 E_Harris       -35.1147058081       -477.7600825839      
 E_Fermi        -0.6319432552        -8.5980290832        
----------------------------------------------------------


 LCAO ALGORITHM --------------- ION=   1  ELEC=  13--------------------------------

 Density error is 1.21398060819e-06
----------------------------------------------------------
     Energy           Rydberg                 eV          
----------------------------------------------------------
 E_KohnSham     -35.1147085204       -477.7601194869      
 E_Harris       -35.1147066339       -477.7600938189      
 E_Fermi        -0.6319431745        -8.5980279849        
----------------------------------------------------------


 LCAO ALGORITHM --------------- ION=   1  ELEC=  14--------------------------------

 Density error is 4.99839848287e-07
----------------------------------------------------------
     Energy           Rydberg                 eV          
----------------------------------------------------------
 E_KohnSham     -35.1147085214       -477.7601195005      
 E_Harris       -35.1147080768       -477.7601134515      
 E_Fermi        -0.6319430289        -8.5980260047        
----------------------------------------------------------


 LCAO ALGORITHM --------------- ION=   1  ELEC=  15--------------------------------

 Density error is 3.54821400349e-07
----------------------------------------------------------
     Energy           Rydberg                 eV          
----------------------------------------------------------
 E_KohnSham     -35.1147085214       -477.7601195005      
 E_Harris       -35.1147083243       -477.7601168188      
 E_Fermi        -0.6319430097        -8.5980257426        
----------------------------------------------------------


 LCAO ALGORITHM --------------- ION=   1  ELEC=  16--------------------------------

 Density error is 1.39861402273e-07
----------------------------------------------------------
     Energy           Rydberg                 eV          
----------------------------------------------------------
 E_KohnSham     -35.1147085214       -477.7601195005      
 E_Harris       -35.1147084742       -477.7601188574      
 E_Fermi        -0.6319429873        -8.5980254383        
----------------------------------------------------------


 LCAO ALGORITHM --------------- ION=   1  ELEC=  17--------------------------------

 Density error is 8.6242729245e-08
----------------------------------------------------------
     Energy           Rydberg                 eV          
----------------------------------------------------------
 E_KohnSham     -35.1147085224       -477.7601195142      
 E_KS(sigma->0) -35.1147085224       -477.7601195142      
 E_Harris       -35.1147084633       -477.7601187092      
 E_band         -9.1452755833        -124.4278577130      
 E_one_elec     -72.8834589086       -991.6303311056      
 E_Hartree      37.9992708917        517.0066039733       
 E_xc           -7.7493150184        -105.4348398479      
 E_Ewald        9.2431630159         125.7596845596       
 E_entropy(-TS) 0.0000000000         0.0000000000         
 E_descf        0.0000000000         0.0000000000         
 E_exx          -1.7243685031        -23.4612370937       
 E_Fermi        -0.6319429874        -8.5980254400        
----------------------------------------------------------


 LCAO ALGORITHM --------------- ION=   1  ELEC=   1--------------------------------

 Density error is 4.61297709225e-05
----------------------------------------------------------
     Energy           Rydberg                 eV          
----------------------------------------------------------
 E_KohnSham     -35.1147089565       -477.7601254207      
 E_Harris       -35.1148685338       -477.7622965804      
 E_Fermi        -0.6320192209        -8.5990626492        
----------------------------------------------------------


 LCAO ALGORITHM --------------- ION=   1  ELEC=   2--------------------------------

 Density error is 2.79747542518e-05
----------------------------------------------------------
     Energy           Rydberg                 eV          
----------------------------------------------------------
 E_KohnSham     -35.1147089612       -477.7601254846      
 E_Harris       -35.1144654019       -477.7568116897      
 E_Fermi        -0.6320030718        -8.5988429302        
----------------------------------------------------------


 LCAO ALGORITHM --------------- ION=   1  ELEC=   3--------------------------------

 Density error is 6.60949282795e-06
----------------------------------------------------------
     Energy           Rydberg                 eV          
----------------------------------------------------------
 E_KohnSham     -35.1147089433       -477.7601252406      
 E_Harris       -35.1146450970       -477.7592565669      
 E_Fermi        -0.6319827964        -8.5985670694        
----------------------------------------------------------


 LCAO ALGORITHM --------------- ION=   1  ELEC=   4--------------------------------

 Density error is 4.86174630566e-06
----------------------------------------------------------
     Energy           Rydberg                 eV          
----------------------------------------------------------
 E_KohnSham     -35.1147089192       -477.7601249125      
 E_Harris       -35.1146583742       -477.7594372130      
 E_Fermi        -0.6319809604        -8.5985420883        
----------------------------------------------------------


 LCAO ALGORITHM --------------- ION=   1  ELEC=   5--------------------------------

 Density error is 3.50949558043e-06
----------------------------------------------------------
     Energy           Rydberg                 eV          
----------------------------------------------------------
 E_KohnSham     -35.1147088951       -477.7601245843      
 E_Harris       -35.1146793550       -477.7597226715      
 E_Fermi        -0.6319785698        -8.5985095632        
----------------------------------------------------------


 LCAO ALGORITHM --------------- ION=   1  ELEC=   6--------------------------------

 Density error is 2.28260504086e-06
----------------------------------------------------------
     Energy           Rydberg                 eV          
----------------------------------------------------------
 E_KohnSham     -35.1147088900       -477.7601245159      
 E_Harris       -35.1146963611       -477.7599540506      
 E_Fermi        -0.6319765694        -8.5984823465        
----------------------------------------------------------


 LCAO ALGORITHM --------------- ION=   1  ELEC=   7--------------------------------

 Density error is 1.69912506378e-06
----------------------------------------------------------
     Energy           Rydberg                 eV          
----------------------------------------------------------
 E_KohnSham     -35.1147088921       -477.7601245435      
 E_Harris       -35.1147003846       -477.7600087934      
 E_Fermi        -0.6319760692        -8.5984755403        
----------------------------------------------------------


 LCAO ALGORITHM --------------- ION=   1  ELEC=   8--------------------------------

 Density error is 1.23987902662e-06
----------------------------------------------------------
     Energy           Rydberg                 eV          
----------------------------------------------------------
 E_KohnSham     -35.1147088961       -477.7601245984      
 E_Harris       -35.1147044636       -477.7600642904      
 E_Fermi        -0.6319756412        -8.5984697174        
----------------------------------------------------------


 LCAO ALGORITHM --------------- ION=   1  ELEC=   9--------------------------------

 Density error is 7.30204773024e-07
----------------------------------------------------------
     Energy           Rydberg                 eV          
----------------------------------------------------------
 E_KohnSham     -35.1147088991       -477.7601246395      
 E_Harris       -35.1147062614       -477.7600887519      
 E_Fermi        -0.6319754450        -8.5984670474        
----------------------------------------------------------


 LCAO ALGORITHM --------------- ION=   1  ELEC=  10--------------------------------

 Density error is 5.42661425762e-07
----------------------------------------------------------
     Energy           Rydberg                 eV          
----------------------------------------------------------
 E_KohnSham     -35.1147089011       -477.7601246669      
 E_Harris       -35.1147078449       -477.7601102965      
 E_Fermi        -0.6319752992        -8.5984650643        
----------------------------------------------------------


 LCAO ALGORITHM --------------- ION=   1  ELEC=  11--------------------------------

 Density error is 2.8421964667e-07
----------------------------------------------------------
     Energy           Rydberg                 eV          
----------------------------------------------------------
 E_KohnSham     -35.1147089022       -477.7601246806      
 E_Harris       -35.1147083065       -477.7601165760      
 E_Fermi        -0.6319752510        -8.5984644085        
----------------------------------------------------------


 LCAO ALGORITHM --------------- ION=   1  ELEC=  12--------------------------------

 Density error is 2.00068578606e-07
----------------------------------------------------------
     Energy           Rydberg                 eV          
----------------------------------------------------------
 E_KohnSham     -35.1147089022       -477.7601246807      
 E_Harris       -35.1147085614       -477.7601200439      
 E_Fermi        -0.6319752268        -8.5984640787        
----------------------------------------------------------


 LCAO ALGORITHM --------------- ION=   1  ELEC=  13--------------------------------

 Density error is 1.21245604434e-07
----------------------------------------------------------
     Energy           Rydberg                 eV          
----------------------------------------------------------
 E_KohnSham     -35.1147089032       -477.7601246944      
 E_Harris       -35.1147087328       -477.7601223768      
 E_Fermi        -0.6319752074        -8.5984638154        
----------------------------------------------------------


 LCAO ALGORITHM --------------- ION=   1  ELEC=  14--------------------------------

 Density error is 6.52667896189e-08
----------------------------------------------------------
     Energy           Rydberg                 eV          
----------------------------------------------------------
 E_KohnSham     -35.1147089052       -477.7601247217      
 E_KS(sigma->0) -35.1147089052       -477.7601247217      
 E_Harris       -35.1147088599       -477.7601241053      
 E_band         -9.1452294546        -124.4272300997      
 E_one_elec     -72.8834745104       -991.6305433791      
 E_Hartree      37.9996212759        517.0113711939       
 E_xc           -7.7493629592        -105.4354921146      
 E_Ewald        9.2431630159         125.7596845596       
 E_entropy(-TS) 0.0000000000         0.0000000000         
 E_descf        0.0000000000         0.0000000000         
 E_exx          -1.7246557274        -23.4651449814       
 E_Fermi        -0.6319751986        -8.5984636957        
----------------------------------------------------------


 LCAO ALGORITHM --------------- ION=   1  ELEC=   1--------------------------------

 Density error is 5.11823557566e-06
----------------------------------------------------------
     Energy           Rydberg                 eV          
----------------------------------------------------------
 E_KohnSham     -35.1147089088       -477.7601247711      
 E_Harris       -35.1147244511       -477.7603362354      
 E_Fermi        -0.6319833804        -8.5985750148        
----------------------------------------------------------


 LCAO ALGORITHM --------------- ION=   1  ELEC=   2--------------------------------

 Density error is 3.06165456142e-06
----------------------------------------------------------
     Energy           Rydberg                 eV          
----------------------------------------------------------
 E_KohnSham     -35.1147089088       -477.7601247708      
 E_Harris       -35.1146881699       -477.7598426041      
 E_Fermi        -0.6319820863        -8.5985574080        
----------------------------------------------------------


 LCAO ALGORITHM --------------- ION=   1  ELEC=   3--------------------------------

 Density error is 6.12159809448e-07
----------------------------------------------------------
     Energy           Rydberg                 eV          
----------------------------------------------------------
 E_KohnSham     -35.1147089068       -477.7601247434      
 E_Harris       -35.1147032595       -477.7600479078      
 E_Fermi        -0.6319802990        -8.5985330902        
----------------------------------------------------------


 LCAO ALGORITHM --------------- ION=   1  ELEC=   4--------------------------------

 Density error is 3.72500716783e-07
----------------------------------------------------------
     Energy           Rydberg                 eV          
----------------------------------------------------------
 E_KohnSham     -35.1147089058       -477.7601247297      
 E_Harris       -35.1147054488       -477.7600776954      
 E_Fermi        -0.6319800371        -8.5985295273        
----------------------------------------------------------


 LCAO ALGORITHM --------------- ION=   1  ELEC=   5--------------------------------

 Density error is 2.94166454965e-07
----------------------------------------------------------
     Energy           Rydberg                 eV          
----------------------------------------------------------
 E_KohnSham     -35.1147089048       -477.7601247160      
 E_Harris       -35.1147065882       -477.7600931977      
 E_Fermi        -0.6319799129        -8.5985278376        
----------------------------------------------------------


 LCAO ALGORITHM --------------- ION=   1  ELEC=   6--------------------------------

 Density error is 1.86467339732e-07
----------------------------------------------------------
     Energy           Rydberg                 eV          
----------------------------------------------------------
 E_KohnSham     -35.1147089038       -477.7601247024      
 E_Harris       -35.1147078322       -477.7601101229      
 E_Fermi        -0.6319797678        -8.5985258625        
----------------------------------------------------------


 LCAO ALGORITHM --------------- ION=   1  ELEC=   7--------------------------------

 Density error is 1.34763015371e-07
----------------------------------------------------------
     Energy           Rydberg                 eV          
----------------------------------------------------------
 E_KohnSham     -35.1147089037       -477.7601247023      
 E_Harris       -35.1147082401       -477.7601156729      
 E_Fermi        -0.6319797172        -8.5985251739        
----------------------------------------------------------


 LCAO ALGORITHM --------------- ION=   1  ELEC=   8--------------------------------

 Density error is 1.06427870832e-07
----------------------------------------------------------
     Energy           Rydberg                 eV          
----------------------------------------------------------
 E_KohnSham     -35.1147089037       -477.7601247023      
 E_Harris       -35.1147084888       -477.7601190569      
 E_Fermi        -0.6319796909        -8.5985248164        
----------------------------------------------------------


 LCAO ALGORITHM --------------- ION=   1  ELEC=   9--------------------------------

 Density error is 8.03674252206e-08
----------------------------------------------------------
     Energy           Rydberg                 eV          
----------------------------------------------------------
 E_KohnSham     -35.1147089048       -477.7601247161      
 E_KS(sigma->0) -35.1147089048       -477.7601247161      
 E_Harris       -35.1147085764       -477.7601202491      
 E_band         -9.1452251028        -124.4271708902      
 E_one_elec     -72.8834756298       -991.6305586091      
 E_Hartree      37.9996513931        517.0117809593       
 E_xc           -7.7493680976        -105.4355620267      
 E_Ewald        9.2431630159         125.7596845596       
 E_entropy(-TS) 0.0000000000         0.0000000000         
 E_descf        0.0000000000         0.0000000000         
 E_exx          -1.7246795864        -23.4654695994       
 E_Fermi        -0.6319796802        -8.5985246713        
----------------------------------------------------------


 LCAO ALGORITHM --------------- ION=   1  ELEC=   1--------------------------------

 Density error is 7.31050856457e-07
----------------------------------------------------------
     Energy           Rydberg                 eV          
----------------------------------------------------------
 E_KohnSham     -35.1147089048       -477.7601247168      
 E_Harris       -35.1147112702       -477.7601568993      
 E_Fermi        -0.6319806564        -8.5985379532        
----------------------------------------------------------


 LCAO ALGORITHM --------------- ION=   1  ELEC=   2--------------------------------

 Density error is 4.39654273446e-07
----------------------------------------------------------
     Energy           Rydberg                 eV          
----------------------------------------------------------
 E_KohnSham     -35.1147089048       -477.7601247168      
 E_Harris       -35.1147068851       -477.7600972371      
 E_Fermi        -0.6319805678        -8.5985367477        
----------------------------------------------------------


 LCAO ALGORITHM --------------- ION=   1  ELEC=   3--------------------------------

 Density error is 7.74589261993e-08
----------------------------------------------------------
     Energy           Rydberg                 eV          
----------------------------------------------------------
 E_KohnSham     -35.1147089048       -477.7601247168      
 E_KS(sigma->0) -35.1147089048       -477.7601247168      
 E_Harris       -35.1147082943       -477.7601164099      
 E_band         -9.1452249892        -124.4271693450      
 E_one_elec     -72.8834756228       -991.6305585136      
 E_Hartree      37.9996542680        517.0118200754       
 E_xc           -7.7493687119        -105.4355703850      
 E_Ewald        9.2431630159         125.7596845596       
 E_entropy(-TS) 0.0000000000         0.0000000000         
 E_descf        0.0000000000         0.0000000000         
 E_exx          -1.7246818541        -23.4655004533       
 E_Fermi        -0.6319803825        -8.5985342260        
----------------------------------------------------------


 LCAO ALGORITHM --------------- ION=   1  ELEC=   1--------------------------------

 Density error is 1.12392492617e-07
----------------------------------------------------------
     Energy           Rydberg                 eV          
----------------------------------------------------------
 E_KohnSham     -35.1147089048       -477.7601247168      
 E_Harris       -35.1147095447       -477.7601334222      
 E_Fermi        -0.6319804446        -8.5985350709        
----------------------------------------------------------


 LCAO ALGORITHM --------------- ION=   1  ELEC=   2--------------------------------

 Density error is 6.84484557986e-08
----------------------------------------------------------
     Energy           Rydberg                 eV          
----------------------------------------------------------
 E_KohnSham     -35.1147089038       -477.7601247031      
 E_KS(sigma->0) -35.1147089038       -477.7601247031      
 E_Harris       -35.1147087163       -477.7601221522      
 E_band         -9.1452246359        -124.4271645388      
 E_one_elec     -72.8834754974       -991.6305568076      
 E_Hartree      37.9996544619        517.0118227132       
 E_xc           -7.7493687792        -105.4355713011      
 E_Ewald        9.2431630159         125.7596845596       
 E_entropy(-TS) 0.0000000000         0.0000000000         
 E_descf        0.0000000000         0.0000000000         
 E_exx          -1.7246821050        -23.4655038672       
 E_Fermi        -0.6319804511        -8.5985351593        
----------------------------------------------------------


 LCAO ALGORITHM --------------- ION=   1  ELEC=   1--------------------------------

 Density error is 1.25326337683e-08
----------------------------------------------------------
     Energy           Rydberg                 eV          
----------------------------------------------------------
 E_KohnSham     -35.1147089038       -477.7601247032      
 E_KS(sigma->0) -35.1147089038       -477.7601247032      
 E_Harris       -35.1147089411       -477.7601252106      
 E_band         -9.1452244316        -124.4271617580      
 E_one_elec     -72.8834754874       -991.6305566725      
 E_Hartree      37.9996544855        517.0118230346       
 E_xc           -7.7493687855        -105.4355713855      
 E_Ewald        9.2431630159         125.7596845596       
 E_entropy(-TS) 0.0000000000         0.0000000000         
 E_descf        0.0000000000         0.0000000000         
 E_exx          -1.7246821324        -23.4655042395       
 E_Fermi        -0.6319804421        -8.5985350375        
----------------------------------------------------------


 charge density convergence is achieved
 final etot is -477.7601247 eV
 EFERMI = -8.5985350375 eV

 STATE ENERGY(eV) AND OCCUPATIONS    NSPIN == 1
 1/1 kpoint (Cartesian) = 0.0000 0.0000 0.0000 (911913 pws)
       1       -28.1447        2.00000
       2       -14.7495        2.00000
       3       -10.7209        2.00000
       4       -8.59854        2.00000
       5      0.0323439        0.00000
       6        1.79778        0.00000
       7        3.07689        0.00000
       8        3.29015        0.00000
       9        5.82102        0.00000
      10        6.33311        0.00000
      11        7.63034        0.00000
      12        10.2557        0.00000
      13        10.4611        0.00000
      14        13.2146        0.00000



 --------------------------------------------
 !FINAL_ETOT_IS -477.7601247032002 eV
 --------------------------------------------


TIME STATISTICS
--------------------------------------------------------------------------------------
     CLASS_NAME                     NAME                TIME/s  CALLS   AVG/s  PER/%  
--------------------------------------------------------------------------------------
                     total                              353.55 11       32.14  100.00 
 Driver              reading                            0.05   1        0.05   0.01   
 Input_Conv          Convert                            0.00   1        0.00   0.00   
 Driver              driver_line                        353.50 1        353.50 99.99  
 UnitCell            check_tau                          0.00   1        0.00   0.00   
 ESolver_KS_LCAO     before_all_runners                 63.41  1        63.41  17.93  
 PW_Basis_Sup        setuptransform                     0.08   1        0.08   0.02   
 PW_Basis_Sup        distributeg                        0.08   1        0.08   0.02   
 mymath              heapsort                           1.39   3        0.46   0.39   
 Charge_Mixing       init_mixing                        0.00   1        0.00   0.00   
 PW_Basis_K          setuptransform                     0.08   1        0.08   0.02   
 PW_Basis_K          distributeg                        0.06   1        0.06   0.02   
 PW_Basis            setup_struc_factor                 0.13   1        0.13   0.04   
 NOrbital_Lm         extra_uniform                      3.42   14339    0.00   0.97   
 Mathzone_Add1       SplineD2                           0.25   14339    0.00   0.07   
 Mathzone_Add1       Cubic_Spline_Interpolation         0.63   14339    0.00   0.18   
 Exx_LRI             init                               60.54  1        60.54  17.12  
 Matrix_Orbs21       init                               2.21   2        1.10   0.62   
 ORB_gaunt_table     init_Gaunt_CH                      0.15   3        0.05   0.04   
 ORB_gaunt_table     Calc_Gaunt_CH                      0.07   82305    0.00   0.02   
 ORB_gaunt_table     init_Gaunt                         1.23   3        0.41   0.35   
 ORB_gaunt_table     Get_Gaunt_SH                       25.68  3635313  0.00   7.26   
 Matrix_Orbs21       init_radial                        0.00   2        0.00   0.00   
 Matrix_Orbs21       init_radial_table                  27.80  2        13.90  7.86   
 Center2_Orb         cal_ST_Phi12_R                     43.37  25523    0.00   12.27  
 LRI_CV              set_orbitals                       49.22  1        49.22  13.92  
 Matrix_Orbs11       init                               2.64   1        2.64   0.75   
 Matrix_Orbs11       init_radial                        0.00   1        0.00   0.00   
 Matrix_Orbs11       init_radial_table                  24.99  1        24.99  7.07   
 ppcell_vl           init_vloc                          0.01   1        0.01   0.00   
 Ions                opt_ions                           289.96 1        289.96 82.01  
 ESolver_KS_LCAO     runner                             289.96 1        289.96 82.01  
 ESolver_KS_LCAO     before_scf                         3.46   1        3.46   0.98   
 atom_arrange        search                             0.00   1        0.00   0.00   
 atom_arrange        grid_d.init                        0.00   1        0.00   0.00   
 Grid                Construct_Adjacent_expand          0.00   1        0.00   0.00   
 Grid                Construct_Adjacent_expand_periodic 0.00   3        0.00   0.00   
 Grid_Technique      init                               0.10   1        0.10   0.03   
 Grid_BigCell        grid_expansion_index               0.04   2        0.02   0.01   
 Grid_Driver         Find_atom                          0.00   18       0.00   0.00   
 Record_adj          for_2d                             0.00   1        0.00   0.00   
 LCAO_domain         grid_prepare                       0.00   1        0.00   0.00   
 Veff                initialize_HR                      0.00   1        0.00   0.00   
 OverlapNew          initialize_SR                      0.00   1        0.00   0.00   
 EkineticNew         initialize_HR                      0.00   1        0.00   0.00   
 NonlocalNew         initialize_HR                      0.00   1        0.00   0.00   
 Exx_LRI             cal_exx_ions                       0.24   1        0.24   0.07   
 LRI_CV              cal_datas                          0.18   2        0.09   0.05   
 Charge              set_rho_core                       0.28   1        0.28   0.08   
 PW_Basis_Sup        recip2real                         23.02  523      0.04   6.51   
 PW_Basis_Sup        gathers_scatterp                   5.27   523      0.01   1.49   
 ModuleIO            read_rhog                          0.98   1        0.98   0.28   
 Potential           init_pot                           1.42   1        1.42   0.40   
 Potential           update_from_charge                 209.75 88       2.38   59.33  
 Potential           cal_fixed_v                        0.16   1        0.16   0.04   
 PotLocal            cal_fixed_v                        0.14   1        0.14   0.04   
 Potential           cal_v_eff                          207.55 88       2.36   58.70  
 H_Hartree_pw        v_hartree                          19.38  88       0.22   5.48   
 PW_Basis_Sup        real2recip                         18.87  550      0.03   5.34   
 PW_Basis_Sup        gatherp_scatters                   2.38   550      0.00   0.67   
 PotXC               cal_v_eff                          184.37 88       2.10   52.15  
 XC_Functional       v_xc                               141.26 55       2.57   39.95  
 Potential           interpolate_vrs                    2.04   88       0.02   0.58   
 H_Ewald_pw          compute_ewald                      0.31   1        0.31   0.09   
 HSolverLCAO         solve                              18.58  87       0.21   5.25   
 HamiltLCAO          updateHk                           3.34   87       0.04   0.95   
 OperatorLCAO        init                               3.34   348      0.01   0.94   
 Veff                contributeHR                       3.32   87       0.04   0.94   
 Gint_interface      cal_gint                           10.27  174      0.06   2.91   
 Gint_interface      cal_gint_vlocal                    3.31   87       0.04   0.94   
 Gint_Tools          cal_psir_ylm                       4.50   151299   0.00   1.27   
 Gint_k              transfer_pvpR                      0.00   87       0.00   0.00   
 OverlapNew          calculate_SR                       0.00   1        0.00   0.00   
 OverlapNew          contributeHk                       0.00   87       0.00   0.00   
 EkineticNew         contributeHR                       0.00   87       0.00   0.00   
 EkineticNew         calculate_HR                       0.00   1        0.00   0.00   
 NonlocalNew         contributeHR                       0.01   87       0.00   0.00   
 NonlocalNew         calculate_HR                       0.01   1        0.01   0.00   
 OperatorLCAO        contributeHk                       0.00   87       0.00   0.00   
 HSolverLCAO         hamiltSolvePsiK                    0.26   87       0.00   0.07   
 DiagoElpa           elpa_solve                         0.23   87       0.00   0.07   
 elecstate           cal_dm                             0.00   87       0.00   0.00   
 psiMulPsiMpi        pdgemm                             0.00   87       0.00   0.00   
 DensityMatrix       cal_DMR                            0.00   87       0.00   0.00   
 ElecStateLCAO       psiToRho                           14.96  87       0.17   4.23   
 Gint                transfer_DMR                       0.01   87       0.00   0.00   
 Gint_interface      cal_gint_rho                       6.95   87       0.08   1.97   
 Charge_Mixing       get_drho                           0.33   87       0.00   0.09   
 Charge              mix_rho                            25.86  79       0.33   7.32   
 Charge              Pulay_mixing                       1.32   79       0.02   0.37   
 ModuleIO            write_rhog                         8.59   8        1.07   2.43   
 RI_2D_Comm          split_m2D_ktoR                     0.00   7        0.00   0.00   
 Exx_LRI             cal_exx_elec                       0.80   7        0.11   0.23   
 RI_2D_Comm          add_HexxR                          0.00   66       0.00   0.00   
 XC_Functional_Libxc v_xc_libxc                         161.01 66       2.44   45.54  
 ESolver_KS_LCAO     after_scf                          4.08   1        4.08   1.15   
 Charge              atomic_rho                         0.26   1        0.26   0.07   
 ModuleIO            save_sparse                        0.00   1        0.00   0.00   
 ESolver_KS_LCAO     after_all_runners                  0.00   1        0.00   0.00   
 ModuleIO            write_istate_info                  0.00   1        0.00   0.00   
--------------------------------------------------------------------------------------


 NAME-------------------------|MEMORY(MB)--------
                         total          6186.
                    ORB::Jl(x)          5063.
                  SF::strucFac          222.5
                      Chg::rho          109.5
                 Chg::rho_save          109.5
                 Chg::rho_core          109.5
                 Pot::veff_fix          109.5
                     Pot::veff          109.5
              Pot::veff_smooth          109.5
                     Chg::rhog          55.63
                Chg::rhog_save          55.63
                Chg::rhog_core          55.63
                  PW_B_K::gcar          20.87
                   PW_B_K::gk2          6.957
               GT::ind_bigcell          6.927
         GT::in_this_processor          6.927
              GT::index2normal          6.927
               GT::index2ucell          6.927
       TwoCenterTable: Kinetic          3.071
       TwoCenterTable: Overlap          3.071
                 GT::start_ind          2.027
            GT::how_many_atoms          2.027
               GT::bcell_start          2.027
            GT::how many atoms          2.027
      TwoCenterTable: Nonlocal          1.857
      GT::bigcell_on_processor          1.732
 -------------   < 1.0 MB has been ignored ----------------
 ----------------------------------------------------------

 Start  Time  : Wed Sep  2 21:17:08 2026
 Finish Time  : Wed Sep  2 21:23:01 2026
 Total  Time  : 0 h 5 mins 53 secs 
