1000    0.64031  0.03239  0.04034  0.05168  0.44521  0.10475  0.20649  0.39573  0.02930  0.46222  0.10181  0.20884  0.37924  
2000    0.60989  0.04088  0.05172  0.04251  0.41607  0.28565  0.02885  0.27251  0.04123  0.45845  0.18955  0.03489  0.24979  
3000    0.61269  0.04753  0.06055  0.04269  0.41067  0.18943  0.05074  0.27233  0.03814  0.45390  0.12265  0.04995  0.16591  
4000    0.60467  0.05279  0.06787  0.03660  0.40765  0.22713  0.02461  0.14590  0.03210  0.44102  0.18792  0.01803  0.16016  
5000    0.61336  0.05706  0.07357  0.03587  0.40359  0.23346  0.07052  0.12871  0.03267  0.44394  0.22157  0.06729  0.08599  
6000    0.61400  0.06005  0.07825  0.04179  0.40216  0.18952  0.00393  0.12396  0.03794  0.44860  0.12853  0.00252  0.17624  
7000    0.61099  0.06154  0.08057  0.03832  0.40002  0.19220  0.01794  0.09529  0.03279  0.44545  0.12063  0.01439  0.08064  
8000    0.61284  0.06288  0.08260  0.03999  0.39918  0.16337  0.00911  0.10951  0.03467  0.44514  0.13253  0.00799  0.13229  
9000    0.60912  0.06403  0.08404  0.03983  0.39556  0.13874  0.02126  0.09660  0.03103  0.44697  0.15507  0.01640  0.11471  
10000   0.60618  0.06448  0.08479  0.03345  0.39609  0.14373  0.01728  0.11262  0.03198  0.44332  0.17401  0.01467  0.14274  
11000   0.59854  0.06533  0.08600  0.03430  0.39488  0.09451  0.00909  0.07671  0.03140  0.44681  0.16558  0.00716  0.08762  
12000   0.59781  0.06499  0.08592  0.03384  0.39337  0.08400  0.03188  0.08090  0.03163  0.44593  0.17680  0.02670  0.10329  
13000   0.59102  0.06411  0.08443  0.03438  0.39303  0.06415  0.01730  0.06923  0.02860  0.44599  0.20176  0.00517  0.09193  
14000   0.58585  0.06196  0.08171  0.03254  0.39312  0.07560  0.01706  0.07243  0.02789  0.44569  0.24046  0.01103  0.09794  
15000   0.58025  0.06110  0.08043  0.03222  0.39085  0.06438  0.02924  0.06287  0.02892  0.44812  0.23857  0.03494  0.08086  
16000   0.57537  0.05906  0.07799  0.03308  0.39073  0.06958  0.00944  0.06613  0.02858  0.44942  0.23602  0.00651  0.09062  
17000   0.56613  0.05665  0.07480  0.03221  0.38907  0.06808  0.00964  0.05628  0.02861  0.44874  0.24063  0.00316  0.06938  
18000   0.55799  0.05306  0.07047  0.03271  0.38890  0.07023  0.00679  0.05151  0.02990  0.44517  0.23719  0.00842  0.06101  
19000   0.55175  0.05167  0.06873  0.03140  0.38805  0.06425  0.00616  0.04854  0.02712  0.44942  0.28229  0.00582  0.06331  
20000   0.54871  0.04989  0.06652  0.03134  0.38880  0.06123  0.00574  0.05451  0.02806  0.44903  0.28363  0.00448  0.05900  
21000   0.54433  0.04853  0.06463  0.03023  0.38771  0.07706  0.00571  0.04956  0.02818  0.45046  0.31461  0.00575  0.05324  
22000   0.53940  0.04723  0.06332  0.03062  0.38615  0.07200  0.00863  0.04028  0.02570  0.44793  0.33530  0.00397  0.05032  
23000   0.53477  0.04577  0.06144  0.02976  0.38563  0.07510  0.01037  0.03628  0.02722  0.44976  0.32340  0.00660  0.05429  
24000   0.53026  0.04390  0.05921  0.02828  0.38481  0.09505  0.00450  0.04110  0.02513  0.45289  0.36893  0.00332  0.05942  
25000   0.52555  0.04286  0.05778  0.02874  0.38418  0.07815  0.00630  0.03559  0.02589  0.45131  0.36662  0.00629  0.05238  
26000   0.52143  0.04102  0.05607  0.02819  0.38388  0.08193  0.00792  0.03290  0.02538  0.45177  0.37321  0.00370  0.05785  
27000   0.51590  0.03923  0.05395  0.02755  0.38298  0.08288  0.00627  0.03262  0.02547  0.45618  0.39302  0.00623  0.06186  
28000   0.51288  0.03834  0.05285  0.02775  0.38233  0.07735  0.00563  0.03311  0.02504  0.45562  0.42386  0.00769  0.06385  
29000   0.51086  0.03781  0.05211  0.02693  0.38142  0.08008  0.00680  0.03904  0.02350  0.45578  0.44380  0.00294  0.06214  
30000   0.50653  0.03663  0.05088  0.02589  0.38059  0.08993  0.00449  0.03097  0.02395  0.45612  0.48295  0.00410  0.06208  
31000   0.50291  0.03547  0.04975  0.02572  0.37960  0.08387  0.00715  0.03271  0.02385  0.45895  0.50159  0.00176  0.05784  
32000   0.49961  0.03445  0.04850  0.02487  0.37937  0.08751  0.00837  0.02824  0.02387  0.45767  0.52789  0.01009  0.05664  
33000   0.49654  0.03373  0.04770  0.02422  0.37940  0.08271  0.00486  0.02725  0.02307  0.45870  0.58168  0.00470  0.06177  
34000   0.49496  0.03327  0.04725  0.02373  0.37857  0.08707  0.00580  0.02844  0.02435  0.46072  0.59909  0.00586  0.05997  
35000   0.49281  0.03276  0.04654  0.02230  0.37861  0.08786  0.00427  0.03375  0.02243  0.46334  0.67499  0.00261  0.05697  
36000   0.49019  0.03245  0.04612  0.02223  0.37719  0.08937  0.00500  0.02754  0.02254  0.46875  0.67974  0.00164  0.05488  
37000   0.48795  0.03213  0.04576  0.02195  0.37624  0.08345  0.00602  0.02924  0.02279  0.47676  0.69286  0.00684  0.05615  
38000   0.48604  0.03161  0.04514  0.02070  0.37619  0.08640  0.00453  0.03315  0.02129  0.47324  0.75546  0.00590  0.05998  
39000   0.48379  0.03128  0.04453  0.02086  0.37522  0.08786  0.00407  0.02711  0.02134  0.48067  0.75802  0.00293  0.05834  
40000   0.48195  0.03088  0.04410  0.02116  0.37492  0.07805  0.00417  0.02672  0.02210  0.48010  0.73834  0.00308  0.05409  
41000   0.47998  0.03026  0.04365  0.02086  0.37392  0.08399  0.00416  0.02477  0.02295  0.48126  0.75927  0.00269  0.05794  
42000   0.47846  0.03036  0.04347  0.02041  0.37302  0.08071  0.00517  0.02615  0.02179  0.48434  0.78935  0.00575  0.06630  
43000   0.47654  0.02965  0.04281  0.01986  0.37331  0.08047  0.00413  0.02466  0.02135  0.48241  0.78777  0.00537  0.06367  
44000   0.47386  0.02868  0.04197  0.02037  0.37228  0.07529  0.00425  0.02602  0.02249  0.47842  0.77655  0.00303  0.05982  
45000   0.47235  0.02846  0.04165  0.01959  0.37169  0.07885  0.00392  0.02677  0.02218  0.47977  0.86747  0.00577  0.06441  
46000   0.47108  0.02792  0.04116  0.02022  0.37148  0.07016  0.00414  0.02877  0.02208  0.47677  0.80401  0.00664  0.06690  
47000   0.46876  0.02717  0.04044  0.01996  0.37088  0.07526  0.00345  0.02434  0.02165  0.48554  0.85482  0.00304  0.06615  
48000   0.46741  0.02672  0.04002  0.01963  0.37096  0.06801  0.00454  0.02827  0.02200  0.48293  0.86483  0.00555  0.07562  
49000   0.46616  0.02639  0.03973  0.01969  0.37031  0.07081  0.00348  0.02621  0.02237  0.48281  0.85093  0.00341  0.06742  
50000   0.46468  0.02598  0.03934  0.01963  0.36976  0.07395  0.00371  0.02204  0.02176  0.48146  0.85690  0.00585  0.06322  
51000   0.46356  0.02585  0.03915  0.01927  0.36854  0.07929  0.00439  0.02389  0.02145  0.48183  0.84678  0.00688  0.07455  
52000   0.46183  0.02569  0.03895  0.01972  0.36792  0.06383  0.00443  0.02732  0.02222  0.48658  0.86093  0.00542  0.08122  
53000   0.46099  0.02554  0.03880  0.01940  0.36723  0.07065  0.00576  0.02386  0.02188  0.48516  0.86522  0.00440  0.07434  
54000   0.45926  0.02501  0.03833  0.01967  0.36645  0.07079  0.00469  0.02242  0.02230  0.49116  0.85357  0.00404  0.07996  
55000   0.45819  0.02484  0.03812  0.01931  0.36554  0.07238  0.00502  0.02634  0.02135  0.49264  0.86263  0.00470  0.08726  
56000   0.45669  0.02466  0.03800  0.01916  0.36442  0.07625  0.00391  0.02437  0.02135  0.49280  0.88047  0.00422  0.08766  
57000   0.45522  0.02457  0.03789  0.01961  0.36329  0.06935  0.00506  0.02412  0.02173  0.49556  0.85562  0.00608  0.08958  
58000   0.45437  0.02469  0.03782  0.01963  0.36229  0.07098  0.00481  0.02359  0.02170  0.50237  0.87378  0.00467  0.08956  
59000   0.45317  0.02460  0.03777  0.01938  0.36119  0.07109  0.00482  0.02635  0.02152  0.50082  0.89384  0.00612  0.10000  
60000   0.45159  0.02441  0.03756  0.01911  0.36048  0.07483  0.00436  0.02121  0.02058  0.49960  0.91129  0.00539  0.09489  
61000   0.45051  0.02432  0.03752  0.01940  0.35913  0.07265  0.00430  0.02445  0.02156  0.49683  0.90178  0.00580  0.09353  
62000   0.44915  0.02411  0.03737  0.01880  0.35898  0.07299  0.00415  0.02173  0.02098  0.49804  0.91300  0.00478  0.09941  
63000   0.44865  0.02412  0.03732  0.01937  0.35810  0.06990  0.00490  0.02259  0.02192  0.49724  0.89021  0.00673  0.09912  
64000   0.44748  0.02402  0.03723  0.01927  0.35740  0.06945  0.00336  0.02277  0.02171  0.49894  0.92010  0.00460  0.10320  
65000   0.44647  0.02390  0.03712  0.01931  0.35644  0.06830  0.00421  0.02451  0.02173  0.50046  0.91082  0.00595  0.10989  
66000   0.44528  0.02385  0.03697  0.01928  0.35548  0.06782  0.00375  0.02537  0.02149  0.50257  0.92203  0.00407  0.10682  
67000   0.44407  0.02379  0.03690  0.01956  0.35491  0.06267  0.00462  0.02182  0.02171  0.50714  0.91364  0.00415  0.10626  
68000   0.44316  0.02365  0.03680  0.01888  0.35431  0.07020  0.00460  0.02035  0.02111  0.50442  0.93588  0.00612  0.10597  
69000   0.44206  0.02352  0.03673  0.01908  0.35308  0.06809  0.00508  0.02327  0.02169  0.51343  0.93087  0.00449  0.10429  
70000   0.44158  0.02355  0.03672  0.01909  0.35306  0.06585  0.00445  0.02121  0.02153  0.51188  0.92443  0.00605  0.11447  
71000   0.44092  0.02337  0.03659  0.01912  0.35235  0.06928  0.00450  0.02116  0.02140  0.51599  0.93037  0.00553  0.11744  
72000   0.43989  0.02314  0.03643  0.01924  0.35197  0.06672  0.00436  0.01994  0.02124  0.50788  0.92392  0.00617  0.11379  
73000   0.43903  0.02322  0.03643  0.01907  0.35133  0.06503  0.00499  0.01987  0.02117  0.51307  0.92184  0.00763  0.11478  
74000   0.43842  0.02302  0.03629  0.01905  0.35107  0.06711  0.00372  0.01923  0.02117  0.51293  0.92830  0.00582  0.10916  
75000   0.43709  0.02273  0.03613  0.01925  0.35022  0.06479  0.00426  0.01865  0.02221  0.51324  0.91979  0.00550  0.11568  
76000   0.43629  0.02253  0.03599  0.01899  0.34952  0.06956  0.00363  0.01930  0.02099  0.51523  0.94322  0.00524  0.11435  
77000   0.43537  0.02239  0.03588  0.01925  0.34889  0.06554  0.00435  0.01968  0.02134  0.51254  0.93852  0.00621  0.11532  
78000   0.43505  0.02220  0.03573  0.01883  0.34892  0.06992  0.00484  0.01891  0.02133  0.51355  0.95487  0.00743  0.11829  
79000   0.43417  0.02198  0.03561  0.01874  0.34842  0.06988  0.00444  0.01990  0.02080  0.51253  0.95799  0.00542  0.11874  
80000   0.43342  0.02190  0.03558  0.01863  0.34817  0.06964  0.00436  0.01744  0.02083  0.51233  0.94573  0.00526  0.11343  
81000   0.43270  0.02184  0.03554  0.01847  0.34757  0.07027  0.00425  0.01830  0.02082  0.51752  0.96616  0.00505  0.11797  
82000   0.43176  0.02169  0.03547  0.01873  0.34679  0.06741  0.00440  0.01901  0.02106  0.51063  0.96389  0.00603  0.11926  
83000   0.43144  0.02173  0.03546  0.01880  0.34660  0.06603  0.00516  0.01739  0.02116  0.51577  0.95907  0.00556  0.11905  
84000   0.43072  0.02156  0.03536  0.01891  0.34630  0.06248  0.00476  0.01859  0.02156  0.51534  0.94466  0.00561  0.12204  
85000   0.43018  0.02141  0.03528  0.01907  0.34600  0.06246  0.00442  0.01735  0.02157  0.51713  0.94552  0.00545  0.11756  
86000   0.42961  0.02138  0.03521  0.01902  0.34551  0.06412  0.00424  0.01646  0.02157  0.51700  0.95037  0.00557  0.11652  
87000   0.42887  0.02126  0.03515  0.01903  0.34489  0.06443  0.00470  0.01619  0.02139  0.52075  0.95765  0.00590  0.11858  
88000   0.42831  0.02121  0.03511  0.01904  0.34455  0.06271  0.00441  0.01695  0.02122  0.52082  0.95248  0.00628  0.12048  
89000   0.42755  0.02100  0.03500  0.01875  0.34409  0.06598  0.00478  0.01636  0.02116  0.51845  0.96400  0.00624  0.12352  
90000   0.42715  0.02097  0.03495  0.01904  0.34394  0.06134  0.00486  0.01620  0.02186  0.52282  0.95206  0.00568  0.11797  
91000   0.42635  0.02076  0.03483  0.01884  0.34377  0.06054  0.00498  0.01600  0.02153  0.52304  0.95203  0.00722  0.12029  
92000   0.42590  0.02069  0.03478  0.01906  0.34322  0.06041  0.00494  0.01609  0.02182  0.52145  0.95127  0.00558  0.12804  
93000   0.42508  0.02064  0.03475  0.01912  0.34257  0.05912  0.00504  0.01586  0.02213  0.52109  0.94785  0.00627  0.12555  
94000   0.42451  0.02050  0.03470  0.01882  0.34218  0.06160  0.00531  0.01621  0.02094  0.52277  0.95730  0.00826  0.12600  
95000   0.42380  0.02038  0.03464  0.01873  0.34168  0.06232  0.00532  0.01609  0.02107  0.52269  0.96627  0.00766  0.12332  
96000   0.42334  0.02029  0.03457  0.01900  0.34138  0.05981  0.00535  0.01583  0.02151  0.52035  0.94803  0.00724  0.12960  
97000   0.42263  0.02022  0.03455  0.01893  0.34074  0.06085  0.00532  0.01568  0.02135  0.52294  0.95091  0.00728  0.12540  
98000   0.42220  0.02014  0.03448  0.01904  0.34061  0.05741  0.00593  0.01596  0.02152  0.52463  0.94613  0.00736  0.12995  
99000   0.42167  0.02012  0.03444  0.01902  0.33996  0.05989  0.00564  0.01574  0.02138  0.52574  0.95918  0.00768  0.12757  
100000  0.42107  0.02000  0.03438  0.01891  0.33965  0.06055  0.00530  0.01542  0.02157  0.52500  0.95993  0.00754  0.12452  
